[2026-02-13T13:33:35.197+0000] {local_task_job_runner.py:120} INFO - ::group::Pre task execution logs
[2026-02-13T13:33:35.275+0000] {taskinstance.py:2076} INFO - Dependencies all met for dep_context=non-requeueable deps ti=<TaskInstance: product_price_pipeline.clean_refrigerators manual__2026-02-13T13:33:33.951442+00:00 [queued]>
[2026-02-13T13:33:35.292+0000] {taskinstance.py:2076} INFO - Dependencies all met for dep_context=requeueable deps ti=<TaskInstance: product_price_pipeline.clean_refrigerators manual__2026-02-13T13:33:33.951442+00:00 [queued]>
[2026-02-13T13:33:35.298+0000] {taskinstance.py:2306} INFO - Starting attempt 1 of 2
[2026-02-13T13:33:35.337+0000] {taskinstance.py:2330} INFO - Executing <Task(BashOperator): clean_refrigerators> on 2026-02-13 13:33:33.951442+00:00
[2026-02-13T13:33:35.360+0000] {logging_mixin.py:188} WARNING - /home/***/.local/lib/python3.12/site-packages/***/task/task_runner/standard_task_runner.py:62 DeprecationWarning: This process (pid=367) is multi-threaded, use of fork() may lead to deadlocks in the child.
[2026-02-13T13:33:35.356+0000] {standard_task_runner.py:90} INFO - Running: ['***', 'tasks', 'run', 'product_price_pipeline', 'clean_refrigerators', 'manual__2026-02-13T13:33:33.951442+00:00', '--job-id', '119', '--raw', '--subdir', 'DAGS_FOLDER/product_pipeline_dag.py', '--cfg-path', '/tmp/tmp4z29e6so']
[2026-02-13T13:33:35.363+0000] {standard_task_runner.py:64} INFO - Started process 370 to run task
[2026-02-13T13:33:35.363+0000] {standard_task_runner.py:91} INFO - Job 119: Subtask clean_refrigerators
[2026-02-13T13:33:35.687+0000] {task_command.py:426} INFO - Running <TaskInstance: product_price_pipeline.clean_refrigerators manual__2026-02-13T13:33:33.951442+00:00 [running]> on host c65c0f674c92
[2026-02-13T13:33:35.919+0000] {taskinstance.py:2648} INFO - Exporting env vars: AIRFLOW_CTX_DAG_OWNER='***' AIRFLOW_CTX_DAG_ID='product_price_pipeline' AIRFLOW_CTX_TASK_ID='clean_refrigerators' AIRFLOW_CTX_EXECUTION_DATE='2026-02-13T13:33:33.951442+00:00' AIRFLOW_CTX_TRY_NUMBER='1' AIRFLOW_CTX_DAG_RUN_ID='manual__2026-02-13T13:33:33.951442+00:00'
[2026-02-13T13:33:35.924+0000] {taskinstance.py:430} INFO - ::endgroup::
[2026-02-13T13:33:35.968+0000] {subprocess.py:63} INFO - Tmp dir root location: /tmp
[2026-02-13T13:33:35.974+0000] {subprocess.py:75} INFO - Running command: ['/usr/bin/bash', '-c', 'python /opt/***/dags/scripts/cleaning/clean_refrigerators.py']
[2026-02-13T13:33:36.008+0000] {subprocess.py:86} INFO - Output:
[2026-02-13T13:33:38.632+0000] {subprocess.py:93} INFO - 🔥 clean_refrigerators.py STARTED 🔥
[2026-02-13T13:33:38.634+0000] {subprocess.py:93} INFO - 📥 INPUT FILE: /opt/***/dags/data/raw/refrigerators/refrigerator_2026-02-11.csv
[2026-02-13T13:33:38.636+0000] {subprocess.py:93} INFO - 📊 Rows loaded: 180
[2026-02-13T13:33:38.637+0000] {subprocess.py:93} INFO - ✅ CLEAN FILE SAVED: /opt/***/dags/data/clean/refrigerators_cleaned_refrigerator_2026-02-11.csv
[2026-02-13T13:33:38.640+0000] {subprocess.py:93} INFO - 🔥 clean_refrigerators.py FINISHED 🔥
[2026-02-13T13:33:38.966+0000] {subprocess.py:97} INFO - Command exited with return code 0
[2026-02-13T13:33:38.976+0000] {taskinstance.py:441} INFO - ::group::Post task execution logs
[2026-02-13T13:33:39.055+0000] {taskinstance.py:1206} INFO - Marking task as SUCCESS. dag_id=product_price_pipeline, task_id=clean_refrigerators, run_id=manual__2026-02-13T13:33:33.951442+00:00, execution_date=20260213T133333, start_date=20260213T133335, end_date=20260213T133339
[2026-02-13T13:33:39.171+0000] {local_task_job_runner.py:243} INFO - Task exited with return code 0
[2026-02-13T13:33:39.222+0000] {taskinstance.py:3503} INFO - 1 downstream tasks scheduled from follow-on schedule check
[2026-02-13T13:33:39.236+0000] {local_task_job_runner.py:222} INFO - ::endgroup::
