[2026-02-10T15:07:29.774+0000] {local_task_job_runner.py:120} INFO - ::group::Pre task execution logs
[2026-02-10T15:07:29.817+0000] {taskinstance.py:2076} INFO - Dependencies all met for dep_context=non-requeueable deps ti=<TaskInstance: product_price_pipeline.create_main_table scheduled__2026-02-08T21:00:00+00:00 [queued]>
[2026-02-10T15:07:29.830+0000] {taskinstance.py:2076} INFO - Dependencies all met for dep_context=requeueable deps ti=<TaskInstance: product_price_pipeline.create_main_table scheduled__2026-02-08T21:00:00+00:00 [queued]>
[2026-02-10T15:07:29.831+0000] {taskinstance.py:2306} INFO - Starting attempt 1 of 2
[2026-02-10T15:07:29.850+0000] {taskinstance.py:2330} INFO - Executing <Task(BashOperator): create_main_table> on 2026-02-08 21:00:00+00:00
[2026-02-10T15:07:29.869+0000] {standard_task_runner.py:90} INFO - Running: ['***', 'tasks', 'run', 'product_price_pipeline', 'create_main_table', 'scheduled__2026-02-08T21:00:00+00:00', '--job-id', '98', '--raw', '--subdir', 'DAGS_FOLDER/product_pipeline_dag.py', '--cfg-path', '/tmp/tmp9fqi6l_t']
[2026-02-10T15:07:29.873+0000] {logging_mixin.py:188} WARNING - /home/***/.local/lib/python3.12/site-packages/***/task/task_runner/standard_task_runner.py:62 DeprecationWarning: This process (pid=241) is multi-threaded, use of fork() may lead to deadlocks in the child.
[2026-02-10T15:07:29.874+0000] {standard_task_runner.py:91} INFO - Job 98: Subtask create_main_table
[2026-02-10T15:07:29.875+0000] {standard_task_runner.py:64} INFO - Started process 242 to run task
[2026-02-10T15:07:30.758+0000] {task_command.py:426} INFO - Running <TaskInstance: product_price_pipeline.create_main_table scheduled__2026-02-08T21:00:00+00:00 [running]> on host 0d4fb0100b45
[2026-02-10T15:07:30.896+0000] {taskinstance.py:2648} INFO - Exporting env vars: AIRFLOW_CTX_DAG_OWNER='***' AIRFLOW_CTX_DAG_ID='product_price_pipeline' AIRFLOW_CTX_TASK_ID='create_main_table' AIRFLOW_CTX_EXECUTION_DATE='2026-02-08T21:00:00+00:00' AIRFLOW_CTX_TRY_NUMBER='1' AIRFLOW_CTX_DAG_RUN_ID='scheduled__2026-02-08T21:00:00+00:00'
[2026-02-10T15:07:30.899+0000] {taskinstance.py:430} INFO - ::endgroup::
[2026-02-10T15:07:30.920+0000] {subprocess.py:63} INFO - Tmp dir root location: /tmp
[2026-02-10T15:07:30.922+0000] {subprocess.py:75} INFO - Running command: ['/usr/bin/bash', '-c', 'python /opt/***/dags/scripts/load_to_db.py']
[2026-02-10T15:07:30.938+0000] {subprocess.py:86} INFO - Output:
[2026-02-10T15:07:31.349+0000] {subprocess.py:93} INFO - python: can't open file '/tmp/***tmpbnucznk1/scripts/loaders/load_mobiles.py': [Errno 2] No such file or directory
[2026-02-10T15:07:31.490+0000] {subprocess.py:93} INFO - python: can't open file '/tmp/***tmpbnucznk1/scripts/loaders/load_laptops.py': [Errno 2] No such file or directory
[2026-02-10T15:07:31.597+0000] {subprocess.py:93} INFO - python: can't open file '/tmp/***tmpbnucznk1/scripts/loaders/load_refrigerators.py': [Errno 2] No such file or directory
[2026-02-10T15:07:31.696+0000] {subprocess.py:93} INFO - python: can't open file '/tmp/***tmpbnucznk1/scripts/loaders/load_tvs.py': [Errno 2] No such file or directory
[2026-02-10T15:07:31.810+0000] {subprocess.py:93} INFO - python: can't open file '/tmp/***tmpbnucznk1/scripts/loaders/load_products_main.py': [Errno 2] No such file or directory
[2026-02-10T15:07:31.815+0000] {subprocess.py:93} INFO - Starting loading stage...
[2026-02-10T15:07:31.816+0000] {subprocess.py:93} INFO - Loading stage completed.
[2026-02-10T15:07:31.821+0000] {subprocess.py:97} INFO - Command exited with return code 0
[2026-02-10T15:07:31.832+0000] {taskinstance.py:441} INFO - ::group::Post task execution logs
[2026-02-10T15:07:31.876+0000] {taskinstance.py:1206} INFO - Marking task as SUCCESS. dag_id=product_price_pipeline, task_id=create_main_table, run_id=scheduled__2026-02-08T21:00:00+00:00, execution_date=20260208T210000, start_date=20260210T150729, end_date=20260210T150731
[2026-02-10T15:07:31.918+0000] {local_task_job_runner.py:243} INFO - Task exited with return code 0
[2026-02-10T15:07:31.948+0000] {taskinstance.py:3503} INFO - 1 downstream tasks scheduled from follow-on schedule check
[2026-02-10T15:07:31.965+0000] {local_task_job_runner.py:222} INFO - ::endgroup::
