[2026-02-12T12:35:43.507+0000] {local_task_job_runner.py:120} INFO - ::group::Pre task execution logs
[2026-02-12T12:35:43.778+0000] {taskinstance.py:2076} INFO - Dependencies all met for dep_context=non-requeueable deps ti=<TaskInstance: product_price_pipeline.load_mobiles manual__2026-02-12T12:35:17.753682+00:00 [queued]>
[2026-02-12T12:35:43.827+0000] {taskinstance.py:2076} INFO - Dependencies all met for dep_context=requeueable deps ti=<TaskInstance: product_price_pipeline.load_mobiles manual__2026-02-12T12:35:17.753682+00:00 [queued]>
[2026-02-12T12:35:43.832+0000] {taskinstance.py:2306} INFO - Starting attempt 1 of 2
[2026-02-12T12:35:43.898+0000] {taskinstance.py:2330} INFO - Executing <Task(BashOperator): load_mobiles> on 2026-02-12 12:35:17.753682+00:00
[2026-02-12T12:35:43.959+0000] {standard_task_runner.py:90} INFO - Running: ['***', 'tasks', 'run', 'product_price_pipeline', 'load_mobiles', 'manual__2026-02-12T12:35:17.753682+00:00', '--job-id', '21', '--raw', '--subdir', 'DAGS_FOLDER/product_pipeline_dag.py', '--cfg-path', '/tmp/tmpr1e2rzzt']
[2026-02-12T12:35:43.982+0000] {standard_task_runner.py:91} INFO - Job 21: Subtask load_mobiles
[2026-02-12T12:35:43.966+0000] {logging_mixin.py:188} WARNING - /home/***/.local/lib/python3.12/site-packages/***/task/task_runner/standard_task_runner.py:62 DeprecationWarning: This process (pid=1920) is multi-threaded, use of fork() may lead to deadlocks in the child.
[2026-02-12T12:35:43.986+0000] {standard_task_runner.py:64} INFO - Started process 1949 to run task
[2026-02-12T12:35:44.391+0000] {task_command.py:426} INFO - Running <TaskInstance: product_price_pipeline.load_mobiles manual__2026-02-12T12:35:17.753682+00:00 [running]> on host 3d6faed2cc37
[2026-02-12T12:35:44.797+0000] {taskinstance.py:2648} INFO - Exporting env vars: AIRFLOW_CTX_DAG_OWNER='***' AIRFLOW_CTX_DAG_ID='product_price_pipeline' AIRFLOW_CTX_TASK_ID='load_mobiles' AIRFLOW_CTX_EXECUTION_DATE='2026-02-12T12:35:17.753682+00:00' AIRFLOW_CTX_TRY_NUMBER='1' AIRFLOW_CTX_DAG_RUN_ID='manual__2026-02-12T12:35:17.753682+00:00'
[2026-02-12T12:35:44.804+0000] {taskinstance.py:430} INFO - ::endgroup::
[2026-02-12T12:35:44.855+0000] {subprocess.py:63} INFO - Tmp dir root location: /tmp
[2026-02-12T12:35:44.861+0000] {subprocess.py:75} INFO - Running command: ['/usr/bin/bash', '-c', 'python /opt/***/dags/scripts/loaders/load_mobiles.py']
[2026-02-12T12:35:44.918+0000] {subprocess.py:86} INFO - Output:
[2026-02-12T12:35:57.352+0000] {subprocess.py:93} INFO - 🚀 Loading MOBILES data
[2026-02-12T12:35:57.397+0000] {subprocess.py:93} INFO - ✅ Mobiles table refreshed successfully
[2026-02-12T12:35:57.858+0000] {subprocess.py:97} INFO - Command exited with return code 0
[2026-02-12T12:35:57.868+0000] {taskinstance.py:441} INFO - ::group::Post task execution logs
[2026-02-12T12:35:58.227+0000] {taskinstance.py:1206} INFO - Marking task as SUCCESS. dag_id=product_price_pipeline, task_id=load_mobiles, run_id=manual__2026-02-12T12:35:17.753682+00:00, execution_date=20260212T123517, start_date=20260212T123543, end_date=20260212T123558
[2026-02-12T12:35:58.319+0000] {local_task_job_runner.py:243} INFO - Task exited with return code 0
[2026-02-12T12:35:58.378+0000] {local_task_job_runner.py:222} INFO - ::endgroup::
