[2026-02-12T14:53:50.040+0000] {local_task_job_runner.py:120} INFO - ::group::Pre task execution logs
[2026-02-12T14:53:51.450+0000] {taskinstance.py:2076} INFO - Dependencies all met for dep_context=non-requeueable deps ti=<TaskInstance: product_price_pipeline.clean_refrigerators manual__2026-02-12T14:53:00.088762+00:00 [queued]>
[2026-02-12T14:53:51.548+0000] {taskinstance.py:2076} INFO - Dependencies all met for dep_context=requeueable deps ti=<TaskInstance: product_price_pipeline.clean_refrigerators manual__2026-02-12T14:53:00.088762+00:00 [queued]>
[2026-02-12T14:53:51.560+0000] {taskinstance.py:2306} INFO - Starting attempt 1 of 2
[2026-02-12T14:53:51.799+0000] {taskinstance.py:2330} INFO - Executing <Task(BashOperator): clean_refrigerators> on 2026-02-12 14:53:00.088762+00:00
[2026-02-12T14:53:52.281+0000] {standard_task_runner.py:90} INFO - Running: ['***', 'tasks', 'run', 'product_price_pipeline', 'clean_refrigerators', 'manual__2026-02-12T14:53:00.088762+00:00', '--job-id', '64', '--raw', '--subdir', 'DAGS_FOLDER/product_pipeline_dag.py', '--cfg-path', '/tmp/tmp0xntjg0o']
[2026-02-12T14:53:52.651+0000] {standard_task_runner.py:91} INFO - Job 64: Subtask clean_refrigerators
[2026-02-12T14:53:52.881+0000] {logging_mixin.py:188} WARNING - /home/***/.local/lib/python3.12/site-packages/***/task/task_runner/standard_task_runner.py:62 DeprecationWarning: This process (pid=536) is multi-threaded, use of fork() may lead to deadlocks in the child.
[2026-02-12T14:53:52.912+0000] {standard_task_runner.py:64} INFO - Started process 553 to run task
[2026-02-12T14:53:53.962+0000] {task_command.py:426} INFO - Running <TaskInstance: product_price_pipeline.clean_refrigerators manual__2026-02-12T14:53:00.088762+00:00 [running]> on host 649a5aa52f43
[2026-02-12T14:53:59.525+0000] {taskinstance.py:2648} INFO - Exporting env vars: AIRFLOW_CTX_DAG_OWNER='***' AIRFLOW_CTX_DAG_ID='product_price_pipeline' AIRFLOW_CTX_TASK_ID='clean_refrigerators' AIRFLOW_CTX_EXECUTION_DATE='2026-02-12T14:53:00.088762+00:00' AIRFLOW_CTX_TRY_NUMBER='1' AIRFLOW_CTX_DAG_RUN_ID='manual__2026-02-12T14:53:00.088762+00:00'
[2026-02-12T14:53:59.535+0000] {taskinstance.py:430} INFO - ::endgroup::
[2026-02-12T14:53:59.992+0000] {subprocess.py:63} INFO - Tmp dir root location: /tmp
[2026-02-12T14:54:00.083+0000] {subprocess.py:75} INFO - Running command: ['/usr/bin/bash', '-c', 'python /opt/***/dags/scripts/cleaning/clean_refrigerators.py']
[2026-02-12T14:54:00.299+0000] {subprocess.py:86} INFO - Output:
[2026-02-12T14:54:23.897+0000] {subprocess.py:93} INFO - 🔥 clean_refrigerators.py STARTED 🔥
[2026-02-12T14:54:24.027+0000] {subprocess.py:93} INFO - 📥 INPUT FILE: /opt/***/dags/data/raw/refrigerators/refrigerator_2026-02-11.csv
[2026-02-12T14:54:24.038+0000] {subprocess.py:93} INFO - 📊 Rows loaded: 180
[2026-02-12T14:54:24.049+0000] {subprocess.py:93} INFO - ✅ CLEAN FILE SAVED: /opt/***/dags/data/clean/refrigerators_cleaned_refrigerator_2026-02-11.csv
[2026-02-12T14:54:24.055+0000] {subprocess.py:93} INFO - 🔥 clean_refrigerators.py FINISHED 🔥
[2026-02-12T14:54:25.685+0000] {subprocess.py:97} INFO - Command exited with return code 0
[2026-02-12T14:54:25.762+0000] {taskinstance.py:441} INFO - ::group::Post task execution logs
[2026-02-12T14:54:26.560+0000] {taskinstance.py:1206} INFO - Marking task as SUCCESS. dag_id=product_price_pipeline, task_id=clean_refrigerators, run_id=manual__2026-02-12T14:53:00.088762+00:00, execution_date=20260212T145300, start_date=20260212T145351, end_date=20260212T145426
[2026-02-12T14:54:28.172+0000] {local_task_job_runner.py:243} INFO - Task exited with return code 0
[2026-02-12T14:54:28.826+0000] {local_task_job_runner.py:222} INFO - ::endgroup::
