[2026-02-14T05:35:34.963+0000] {local_task_job_runner.py:120} INFO - ::group::Pre task execution logs
[2026-02-14T05:35:35.566+0000] {taskinstance.py:2076} INFO - Dependencies all met for dep_context=non-requeueable deps ti=<TaskInstance: product_price_pipeline.clean_mobiles scheduled__2026-02-13T00:00:00+00:00 [queued]>
[2026-02-14T05:35:35.639+0000] {taskinstance.py:2076} INFO - Dependencies all met for dep_context=requeueable deps ti=<TaskInstance: product_price_pipeline.clean_mobiles scheduled__2026-02-13T00:00:00+00:00 [queued]>
[2026-02-14T05:35:35.644+0000] {taskinstance.py:2306} INFO - Starting attempt 1 of 2
[2026-02-14T05:35:35.875+0000] {taskinstance.py:2330} INFO - Executing <Task(BashOperator): clean_mobiles> on 2026-02-13 00:00:00+00:00
[2026-02-14T05:35:35.973+0000] {logging_mixin.py:188} WARNING - /home/***/.local/lib/python3.12/site-packages/***/task/task_runner/standard_task_runner.py:62 DeprecationWarning: This process (pid=3622) is multi-threaded, use of fork() may lead to deadlocks in the child.
[2026-02-14T05:35:35.964+0000] {standard_task_runner.py:90} INFO - Running: ['***', 'tasks', 'run', 'product_price_pipeline', 'clean_mobiles', 'scheduled__2026-02-13T00:00:00+00:00', '--job-id', '131', '--raw', '--subdir', 'DAGS_FOLDER/product_pipeline_dag.py', '--cfg-path', '/tmp/tmpq0enzflx']
[2026-02-14T05:35:36.007+0000] {standard_task_runner.py:64} INFO - Started process 3636 to run task
[2026-02-14T05:35:36.009+0000] {standard_task_runner.py:91} INFO - Job 131: Subtask clean_mobiles
[2026-02-14T05:35:40.711+0000] {task_command.py:426} INFO - Running <TaskInstance: product_price_pipeline.clean_mobiles scheduled__2026-02-13T00:00:00+00:00 [running]> on host c65c0f674c92
[2026-02-14T05:35:42.748+0000] {taskinstance.py:2648} INFO - Exporting env vars: AIRFLOW_CTX_DAG_OWNER='***' AIRFLOW_CTX_DAG_ID='product_price_pipeline' AIRFLOW_CTX_TASK_ID='clean_mobiles' AIRFLOW_CTX_EXECUTION_DATE='2026-02-13T00:00:00+00:00' AIRFLOW_CTX_TRY_NUMBER='1' AIRFLOW_CTX_DAG_RUN_ID='scheduled__2026-02-13T00:00:00+00:00'
[2026-02-14T05:35:42.775+0000] {taskinstance.py:430} INFO - ::endgroup::
[2026-02-14T05:35:42.983+0000] {subprocess.py:63} INFO - Tmp dir root location: /tmp
[2026-02-14T05:35:43.000+0000] {subprocess.py:75} INFO - Running command: ['/usr/bin/bash', '-c', 'python /opt/***/dags/scripts/cleaning/clean_mobiles.py']
[2026-02-14T05:35:43.210+0000] {subprocess.py:86} INFO - Output:
[2026-02-14T05:36:03.893+0000] {subprocess.py:93} INFO - 🔥 clean_mobiles.py STARTED 🔥
[2026-02-14T05:36:04.186+0000] {subprocess.py:93} INFO - 📥 INPUT FILE: /opt/***/dags/data/raw/mobiles/mobiles_2026-02-11.csv
[2026-02-14T05:36:04.214+0000] {subprocess.py:93} INFO - 📊 Rows loaded: 750
[2026-02-14T05:36:04.232+0000] {subprocess.py:93} INFO - ✅ CLEANED FILE SAVED AT:
[2026-02-14T05:36:04.238+0000] {subprocess.py:93} INFO - /opt/***/dags/data/clean/mobiles_cleaned_20260214_053603.csv
[2026-02-14T05:36:04.247+0000] {subprocess.py:93} INFO - 🔥 clean_mobiles.py FINISHED 🔥
[2026-02-14T05:36:05.561+0000] {subprocess.py:97} INFO - Command exited with return code 0
[2026-02-14T05:36:05.689+0000] {taskinstance.py:441} INFO - ::group::Post task execution logs
[2026-02-14T05:36:07.169+0000] {taskinstance.py:1206} INFO - Marking task as SUCCESS. dag_id=product_price_pipeline, task_id=clean_mobiles, run_id=scheduled__2026-02-13T00:00:00+00:00, execution_date=20260213T000000, start_date=20260214T053535, end_date=20260214T053607
[2026-02-14T05:36:07.915+0000] {local_task_job_runner.py:243} INFO - Task exited with return code 0
[2026-02-14T05:36:08.222+0000] {local_task_job_runner.py:222} INFO - ::endgroup::
