[2026-02-07T05:42:49.812+0000] {local_task_job_runner.py:120} INFO - ::group::Pre task execution logs
[2026-02-07T05:42:49.925+0000] {taskinstance.py:2076} INFO - Dependencies all met for dep_context=non-requeueable deps ti=<TaskInstance: product_price_pipeline.clean_data manual__2026-02-07T05:40:30.391707+00:00 [queued]>
[2026-02-07T05:42:49.960+0000] {taskinstance.py:2076} INFO - Dependencies all met for dep_context=requeueable deps ti=<TaskInstance: product_price_pipeline.clean_data manual__2026-02-07T05:40:30.391707+00:00 [queued]>
[2026-02-07T05:42:49.964+0000] {taskinstance.py:2306} INFO - Starting attempt 1 of 2
[2026-02-07T05:42:50.014+0000] {taskinstance.py:2330} INFO - Executing <Task(BashOperator): clean_data> on 2026-02-07 05:40:30.391707+00:00
[2026-02-07T05:42:50.046+0000] {standard_task_runner.py:90} INFO - Running: ['***', 'tasks', 'run', 'product_price_pipeline', 'clean_data', 'manual__2026-02-07T05:40:30.391707+00:00', '--job-id', '61', '--raw', '--subdir', 'DAGS_FOLDER/product_pipeline_dag.py', '--cfg-path', '/tmp/tmp2versfi6']
[2026-02-07T05:42:50.051+0000] {logging_mixin.py:188} WARNING - /home/***/.local/lib/python3.12/site-packages/***/task/task_runner/standard_task_runner.py:62 DeprecationWarning: This process (pid=252) is multi-threaded, use of fork() may lead to deadlocks in the child.
[2026-02-07T05:42:50.051+0000] {standard_task_runner.py:91} INFO - Job 61: Subtask clean_data
[2026-02-07T05:42:50.052+0000] {standard_task_runner.py:64} INFO - Started process 253 to run task
[2026-02-07T05:42:50.215+0000] {task_command.py:426} INFO - Running <TaskInstance: product_price_pipeline.clean_data manual__2026-02-07T05:40:30.391707+00:00 [running]> on host 547742345c5a
[2026-02-07T05:42:50.404+0000] {taskinstance.py:2648} INFO - Exporting env vars: AIRFLOW_CTX_DAG_OWNER='***' AIRFLOW_CTX_DAG_ID='product_price_pipeline' AIRFLOW_CTX_TASK_ID='clean_data' AIRFLOW_CTX_EXECUTION_DATE='2026-02-07T05:40:30.391707+00:00' AIRFLOW_CTX_TRY_NUMBER='1' AIRFLOW_CTX_DAG_RUN_ID='manual__2026-02-07T05:40:30.391707+00:00'
[2026-02-07T05:42:50.408+0000] {taskinstance.py:430} INFO - ::endgroup::
[2026-02-07T05:42:50.440+0000] {subprocess.py:63} INFO - Tmp dir root location: /tmp
[2026-02-07T05:42:50.443+0000] {subprocess.py:75} INFO - Running command: ['/usr/bin/bash', '-c', 'python /opt/***/scripts/clean.py']
[2026-02-07T05:42:50.483+0000] {subprocess.py:86} INFO - Output:
[2026-02-07T05:42:50.669+0000] {subprocess.py:93} INFO - python: can't open file '/opt/***/scripts/clean.py': [Errno 2] No such file or directory
[2026-02-07T05:42:50.685+0000] {subprocess.py:97} INFO - Command exited with return code 2
[2026-02-07T05:42:50.688+0000] {taskinstance.py:441} INFO - ::group::Post task execution logs
[2026-02-07T05:42:50.714+0000] {taskinstance.py:2905} ERROR - Task failed with exception
Traceback (most recent call last):
  File "/home/airflow/.local/lib/python3.12/site-packages/airflow/models/taskinstance.py", line 465, in _execute_task
    result = _execute_callable(context=context, **execute_callable_kwargs)
             ^^^^^^^^^^^^^^^^^^^^^^^^^^^^^^^^^^^^^^^^^^^^^^^^^^^^^^^^^^^^^
  File "/home/airflow/.local/lib/python3.12/site-packages/airflow/models/taskinstance.py", line 432, in _execute_callable
    return execute_callable(context=context, **execute_callable_kwargs)
           ^^^^^^^^^^^^^^^^^^^^^^^^^^^^^^^^^^^^^^^^^^^^^^^^^^^^^^^^^^^^
  File "/home/airflow/.local/lib/python3.12/site-packages/airflow/models/baseoperator.py", line 401, in wrapper
    return func(self, *args, **kwargs)
           ^^^^^^^^^^^^^^^^^^^^^^^^^^^
  File "/home/airflow/.local/lib/python3.12/site-packages/airflow/operators/bash.py", line 243, in execute
    raise AirflowException(
airflow.exceptions.AirflowException: Bash command failed. The command returned a non-zero exit code 2.
[2026-02-07T05:42:50.724+0000] {taskinstance.py:1206} INFO - Marking task as UP_FOR_RETRY. dag_id=product_price_pipeline, task_id=clean_data, run_id=manual__2026-02-07T05:40:30.391707+00:00, execution_date=20260207T054030, start_date=20260207T054249, end_date=20260207T054250
[2026-02-07T05:42:50.752+0000] {standard_task_runner.py:110} ERROR - Failed to execute job 61 for task clean_data (Bash command failed. The command returned a non-zero exit code 2.; 253)
[2026-02-07T05:42:50.793+0000] {local_task_job_runner.py:243} INFO - Task exited with return code 1
[2026-02-07T05:42:50.841+0000] {taskinstance.py:3503} INFO - 0 downstream tasks scheduled from follow-on schedule check
[2026-02-07T05:42:50.859+0000] {local_task_job_runner.py:222} INFO - ::endgroup::
