[2026-02-12T12:57:31.943+0000] {local_task_job_runner.py:120} INFO - ::group::Pre task execution logs
[2026-02-12T12:57:32.252+0000] {taskinstance.py:2076} INFO - Dependencies all met for dep_context=non-requeueable deps ti=<TaskInstance: product_price_pipeline.clean_laptops manual__2026-02-12T12:57:27.846504+00:00 [queued]>
[2026-02-12T12:57:32.280+0000] {taskinstance.py:2076} INFO - Dependencies all met for dep_context=requeueable deps ti=<TaskInstance: product_price_pipeline.clean_laptops manual__2026-02-12T12:57:27.846504+00:00 [queued]>
[2026-02-12T12:57:32.282+0000] {taskinstance.py:2306} INFO - Starting attempt 1 of 2
[2026-02-12T12:57:32.359+0000] {taskinstance.py:2330} INFO - Executing <Task(BashOperator): clean_laptops> on 2026-02-12 12:57:27.846504+00:00
[2026-02-12T12:57:32.403+0000] {logging_mixin.py:188} WARNING - /home/***/.local/lib/python3.12/site-packages/***/task/task_runner/standard_task_runner.py:62 DeprecationWarning: This process (pid=337) is multi-threaded, use of fork() may lead to deadlocks in the child.
[2026-02-12T12:57:32.397+0000] {standard_task_runner.py:90} INFO - Running: ['***', 'tasks', 'run', 'product_price_pipeline', 'clean_laptops', 'manual__2026-02-12T12:57:27.846504+00:00', '--job-id', '35', '--raw', '--subdir', 'DAGS_FOLDER/product_pipeline_dag.py', '--cfg-path', '/tmp/tmp1m2edszh']
[2026-02-12T12:57:32.405+0000] {standard_task_runner.py:64} INFO - Started process 361 to run task
[2026-02-12T12:57:32.406+0000] {standard_task_runner.py:91} INFO - Job 35: Subtask clean_laptops
[2026-02-12T12:57:32.757+0000] {task_command.py:426} INFO - Running <TaskInstance: product_price_pipeline.clean_laptops manual__2026-02-12T12:57:27.846504+00:00 [running]> on host c60d58c1c60d
[2026-02-12T12:57:35.178+0000] {taskinstance.py:2648} INFO - Exporting env vars: AIRFLOW_CTX_DAG_OWNER='***' AIRFLOW_CTX_DAG_ID='product_price_pipeline' AIRFLOW_CTX_TASK_ID='clean_laptops' AIRFLOW_CTX_EXECUTION_DATE='2026-02-12T12:57:27.846504+00:00' AIRFLOW_CTX_TRY_NUMBER='1' AIRFLOW_CTX_DAG_RUN_ID='manual__2026-02-12T12:57:27.846504+00:00'
[2026-02-12T12:57:35.183+0000] {taskinstance.py:430} INFO - ::endgroup::
[2026-02-12T12:57:35.470+0000] {subprocess.py:63} INFO - Tmp dir root location: /tmp
[2026-02-12T12:57:35.490+0000] {subprocess.py:75} INFO - Running command: ['/usr/bin/bash', '-c', 'python /opt/***/dags/scripts/cleaning/clean_laptops.py']
[2026-02-12T12:57:35.651+0000] {subprocess.py:86} INFO - Output:
[2026-02-12T12:57:40.834+0000] {subprocess.py:93} INFO - 🔥 clean_laptops.py STARTED 🔥
[2026-02-12T12:57:40.838+0000] {subprocess.py:93} INFO - 📥 INPUT FILE: /opt/***/dags/data/raw/laptops/laptops_2026-02-11.csv
[2026-02-12T12:57:40.845+0000] {subprocess.py:93} INFO - 📊 Rows loaded: 420
[2026-02-12T12:57:40.848+0000] {subprocess.py:93} INFO - ✅ CLEAN FILE SAVED: /opt/***/dags/data/clean/laptops_cleaned_laptops_2026-02-11.csv
[2026-02-12T12:57:40.851+0000] {subprocess.py:93} INFO - 🔥 clean_laptops.py FINISHED 🔥
[2026-02-12T12:57:41.073+0000] {subprocess.py:97} INFO - Command exited with return code 0
[2026-02-12T12:57:41.080+0000] {taskinstance.py:441} INFO - ::group::Post task execution logs
[2026-02-12T12:57:41.165+0000] {taskinstance.py:1206} INFO - Marking task as SUCCESS. dag_id=product_price_pipeline, task_id=clean_laptops, run_id=manual__2026-02-12T12:57:27.846504+00:00, execution_date=20260212T125727, start_date=20260212T125732, end_date=20260212T125741
[2026-02-12T12:57:41.253+0000] {local_task_job_runner.py:243} INFO - Task exited with return code 0
[2026-02-12T12:57:41.278+0000] {local_task_job_runner.py:222} INFO - ::endgroup::
