[2026-02-07T06:42:06.174+0000] {local_task_job_runner.py:120} INFO - ::group::Pre task execution logs
[2026-02-07T06:42:06.298+0000] {taskinstance.py:2076} INFO - Dependencies all met for dep_context=non-requeueable deps ti=<TaskInstance: product_price_pipeline.load_to_postgres manual__2026-02-07T06:35:15.079882+00:00 [queued]>
[2026-02-07T06:42:06.341+0000] {taskinstance.py:2076} INFO - Dependencies all met for dep_context=requeueable deps ti=<TaskInstance: product_price_pipeline.load_to_postgres manual__2026-02-07T06:35:15.079882+00:00 [queued]>
[2026-02-07T06:42:06.344+0000] {taskinstance.py:2306} INFO - Starting attempt 1 of 2
[2026-02-07T06:42:06.390+0000] {taskinstance.py:2330} INFO - Executing <Task(BashOperator): load_to_postgres> on 2026-02-07 06:35:15.079882+00:00
[2026-02-07T06:42:06.416+0000] {standard_task_runner.py:90} INFO - Running: ['***', 'tasks', 'run', 'product_price_pipeline', 'load_to_postgres', 'manual__2026-02-07T06:35:15.079882+00:00', '--job-id', '79', '--raw', '--subdir', 'DAGS_FOLDER/product_pipeline_dag.py', '--cfg-path', '/tmp/tmprjzcgmsp']
[2026-02-07T06:42:06.427+0000] {standard_task_runner.py:91} INFO - Job 79: Subtask load_to_postgres
[2026-02-07T06:42:06.431+0000] {logging_mixin.py:188} WARNING - /home/***/.local/lib/python3.12/site-packages/***/task/task_runner/standard_task_runner.py:62 DeprecationWarning: This process (pid=479) is multi-threaded, use of fork() may lead to deadlocks in the child.
[2026-02-07T06:42:06.434+0000] {standard_task_runner.py:64} INFO - Started process 480 to run task
[2026-02-07T06:42:06.644+0000] {task_command.py:426} INFO - Running <TaskInstance: product_price_pipeline.load_to_postgres manual__2026-02-07T06:35:15.079882+00:00 [running]> on host 19af76d7baae
[2026-02-07T06:42:06.923+0000] {taskinstance.py:2648} INFO - Exporting env vars: AIRFLOW_CTX_DAG_OWNER='***' AIRFLOW_CTX_DAG_ID='product_price_pipeline' AIRFLOW_CTX_TASK_ID='load_to_postgres' AIRFLOW_CTX_EXECUTION_DATE='2026-02-07T06:35:15.079882+00:00' AIRFLOW_CTX_TRY_NUMBER='1' AIRFLOW_CTX_DAG_RUN_ID='manual__2026-02-07T06:35:15.079882+00:00'
[2026-02-07T06:42:06.926+0000] {taskinstance.py:430} INFO - ::endgroup::
[2026-02-07T06:42:06.983+0000] {subprocess.py:63} INFO - Tmp dir root location: /tmp
[2026-02-07T06:42:06.990+0000] {subprocess.py:75} INFO - Running command: ['/usr/bin/bash', '-c', 'python /opt/***/dags/scripts/load_to_db.py']
[2026-02-07T06:42:07.022+0000] {subprocess.py:86} INFO - Output:
[2026-02-07T06:42:09.390+0000] {subprocess.py:93} INFO - python: can't open file '/tmp/***tmpppzr6u5_/scripts/loaders/load_mobiles.py': [Errno 2] No such file or directory
[2026-02-07T06:42:09.617+0000] {subprocess.py:93} INFO - python: can't open file '/tmp/***tmpppzr6u5_/scripts/loaders/load_laptops.py': [Errno 2] No such file or directory
[2026-02-07T06:42:09.852+0000] {subprocess.py:93} INFO - python: can't open file '/tmp/***tmpppzr6u5_/scripts/loaders/load_refrigerators.py': [Errno 2] No such file or directory
[2026-02-07T06:42:09.990+0000] {subprocess.py:93} INFO - python: can't open file '/tmp/***tmpppzr6u5_/scripts/loaders/load_tvs.py': [Errno 2] No such file or directory
[2026-02-07T06:42:10.152+0000] {subprocess.py:93} INFO - python: can't open file '/tmp/***tmpppzr6u5_/scripts/loaders/load_products_main.py': [Errno 2] No such file or directory
[2026-02-07T06:42:10.160+0000] {subprocess.py:93} INFO - Starting loading stage...
[2026-02-07T06:42:10.162+0000] {subprocess.py:93} INFO - Loading stage completed.
[2026-02-07T06:42:10.182+0000] {subprocess.py:97} INFO - Command exited with return code 0
[2026-02-07T06:42:10.187+0000] {taskinstance.py:441} INFO - ::group::Post task execution logs
[2026-02-07T06:42:10.262+0000] {taskinstance.py:1206} INFO - Marking task as SUCCESS. dag_id=product_price_pipeline, task_id=load_to_postgres, run_id=manual__2026-02-07T06:35:15.079882+00:00, execution_date=20260207T063515, start_date=20260207T064206, end_date=20260207T064210
[2026-02-07T06:42:10.357+0000] {local_task_job_runner.py:243} INFO - Task exited with return code 0
[2026-02-07T06:42:10.469+0000] {taskinstance.py:3503} INFO - 0 downstream tasks scheduled from follow-on schedule check
[2026-02-07T06:42:10.476+0000] {local_task_job_runner.py:222} INFO - ::endgroup::
