[2026-02-10T15:06:00.391+0000] {local_task_job_runner.py:120} INFO - ::group::Pre task execution logs
[2026-02-10T15:06:00.569+0000] {taskinstance.py:2076} INFO - Dependencies all met for dep_context=non-requeueable deps ti=<TaskInstance: product_price_pipeline.scrape_data manual__2026-02-10T15:05:58.676835+00:00 [queued]>
[2026-02-10T15:06:00.589+0000] {taskinstance.py:2076} INFO - Dependencies all met for dep_context=requeueable deps ti=<TaskInstance: product_price_pipeline.scrape_data manual__2026-02-10T15:05:58.676835+00:00 [queued]>
[2026-02-10T15:06:00.606+0000] {taskinstance.py:2306} INFO - Starting attempt 1 of 2
[2026-02-10T15:06:00.649+0000] {taskinstance.py:2330} INFO - Executing <Task(BashOperator): scrape_data> on 2026-02-10 15:05:58.676835+00:00
[2026-02-10T15:06:00.698+0000] {standard_task_runner.py:90} INFO - Running: ['***', 'tasks', 'run', 'product_price_pipeline', 'scrape_data', 'manual__2026-02-10T15:05:58.676835+00:00', '--job-id', '96', '--raw', '--subdir', 'DAGS_FOLDER/product_pipeline_dag.py', '--cfg-path', '/tmp/tmpzu5mhbva']
[2026-02-10T15:06:00.706+0000] {logging_mixin.py:188} WARNING - /home/***/.local/lib/python3.12/site-packages/***/task/task_runner/standard_task_runner.py:62 DeprecationWarning: This process (pid=220) is multi-threaded, use of fork() may lead to deadlocks in the child.
[2026-02-10T15:06:00.706+0000] {standard_task_runner.py:91} INFO - Job 96: Subtask scrape_data
[2026-02-10T15:06:00.707+0000] {standard_task_runner.py:64} INFO - Started process 221 to run task
[2026-02-10T15:06:00.882+0000] {task_command.py:426} INFO - Running <TaskInstance: product_price_pipeline.scrape_data manual__2026-02-10T15:05:58.676835+00:00 [running]> on host 0d4fb0100b45
[2026-02-10T15:06:01.091+0000] {taskinstance.py:2648} INFO - Exporting env vars: AIRFLOW_CTX_DAG_OWNER='***' AIRFLOW_CTX_DAG_ID='product_price_pipeline' AIRFLOW_CTX_TASK_ID='scrape_data' AIRFLOW_CTX_EXECUTION_DATE='2026-02-10T15:05:58.676835+00:00' AIRFLOW_CTX_TRY_NUMBER='1' AIRFLOW_CTX_DAG_RUN_ID='manual__2026-02-10T15:05:58.676835+00:00'
[2026-02-10T15:06:01.097+0000] {taskinstance.py:430} INFO - ::endgroup::
[2026-02-10T15:06:01.174+0000] {subprocess.py:63} INFO - Tmp dir root location: /tmp
[2026-02-10T15:06:01.184+0000] {subprocess.py:75} INFO - Running command: ['/usr/bin/bash', '-c', 'python /opt/***/dags/all_data.py']
[2026-02-10T15:06:01.221+0000] {subprocess.py:86} INFO - Output:
[2026-02-10T15:06:02.843+0000] {subprocess.py:93} INFO - 2026-02-10 15:06:02,843 | INFO | ===== SCRAPING STARTED =====
[2026-02-10T15:06:02.845+0000] {subprocess.py:93} INFO - 2026-02-10 15:06:02,843 | INFO | Starting scrape for category: mobiles
[2026-02-10T15:06:04.244+0000] {subprocess.py:93} INFO - 2026-02-10 15:06:04,243 | INFO | mobiles: Page 1/25
[2026-02-10T15:06:05.554+0000] {subprocess.py:93} INFO - 2026-02-10 15:06:05,553 | INFO | mobiles: Page 2/25
[2026-02-10T15:06:06.896+0000] {subprocess.py:93} INFO - 2026-02-10 15:06:06,896 | INFO | mobiles: Page 3/25
[2026-02-10T15:06:09.391+0000] {subprocess.py:93} INFO - 2026-02-10 15:06:09,391 | INFO | mobiles: Page 4/25
[2026-02-10T15:06:13.419+0000] {subprocess.py:93} INFO - 2026-02-10 15:06:13,418 | INFO | mobiles: Page 5/25
[2026-02-10T15:06:14.980+0000] {subprocess.py:93} INFO - 2026-02-10 15:06:14,979 | INFO | mobiles: Page 6/25
[2026-02-10T15:06:16.936+0000] {subprocess.py:93} INFO - 2026-02-10 15:06:16,935 | INFO | mobiles: Page 7/25
[2026-02-10T15:06:19.020+0000] {subprocess.py:93} INFO - 2026-02-10 15:06:19,018 | INFO | mobiles: Page 8/25
[2026-02-10T15:06:28.461+0000] {subprocess.py:93} INFO - 2026-02-10 15:06:28,460 | INFO | mobiles: Page 9/25
[2026-02-10T15:06:30.994+0000] {subprocess.py:93} INFO - 2026-02-10 15:06:30,993 | INFO | mobiles: Page 10/25
[2026-02-10T15:06:34.441+0000] {subprocess.py:93} INFO - 2026-02-10 15:06:34,440 | INFO | mobiles: Page 11/25
[2026-02-10T15:06:36.037+0000] {subprocess.py:93} INFO - 2026-02-10 15:06:36,037 | INFO | mobiles: Page 12/25
[2026-02-10T15:06:37.623+0000] {subprocess.py:93} INFO - 2026-02-10 15:06:37,623 | INFO | mobiles: Page 13/25
[2026-02-10T15:06:55.300+0000] {subprocess.py:93} INFO - 2026-02-10 15:06:55,299 | INFO | mobiles: Page 14/25
[2026-02-10T15:06:57.029+0000] {subprocess.py:93} INFO - 2026-02-10 15:06:57,028 | INFO | mobiles: Page 15/25
[2026-02-10T15:06:57.887+0000] {subprocess.py:93} INFO - 2026-02-10 15:06:57,886 | INFO | mobiles: Page 16/25
[2026-02-10T15:06:59.013+0000] {subprocess.py:93} INFO - 2026-02-10 15:06:59,012 | INFO | mobiles: Page 17/25
[2026-02-10T15:07:04.321+0000] {subprocess.py:93} INFO - 2026-02-10 15:07:04,321 | INFO | mobiles: Page 18/25
[2026-02-10T15:07:09.482+0000] {subprocess.py:93} INFO - 2026-02-10 15:07:09,482 | INFO | mobiles: Page 19/25
[2026-02-10T15:07:09.948+0000] {subprocess.py:93} INFO - 2026-02-10 15:07:09,947 | INFO | mobiles: Page 20/25
[2026-02-10T15:07:10.407+0000] {subprocess.py:93} INFO - 2026-02-10 15:07:10,407 | INFO | mobiles: Page 21/25
[2026-02-10T15:07:10.917+0000] {subprocess.py:93} INFO - 2026-02-10 15:07:10,917 | INFO | mobiles: Page 22/25
[2026-02-10T15:07:11.376+0000] {subprocess.py:93} INFO - 2026-02-10 15:07:11,376 | INFO | mobiles: Page 23/25
[2026-02-10T15:07:11.881+0000] {subprocess.py:93} INFO - 2026-02-10 15:07:11,880 | INFO | mobiles: Page 24/25
[2026-02-10T15:07:12.395+0000] {subprocess.py:93} INFO - 2026-02-10 15:07:12,394 | INFO | mobiles: Page 25/25
[2026-02-10T15:07:12.964+0000] {subprocess.py:93} INFO - 2026-02-10 15:07:12,964 | INFO | mobiles: Fetching reviews
[2026-02-10T15:07:23.713+0000] {subprocess.py:93} INFO - 2026-02-10 15:07:23,713 | INFO | mobiles: Saved 750 rows to /opt/***/dags/data/raw/mobiles/mobiles_2026-02-10.csv
[2026-02-10T15:07:23.715+0000] {subprocess.py:93} INFO - 2026-02-10 15:07:23,714 | INFO | Starting scrape for category: laptops
[2026-02-10T15:07:23.976+0000] {subprocess.py:93} INFO - 2026-02-10 15:07:23,975 | INFO | laptops: Page 1/14
[2026-02-10T15:07:24.553+0000] {subprocess.py:93} INFO - 2026-02-10 15:07:24,553 | INFO | laptops: Page 2/14
[2026-02-10T15:07:25.117+0000] {subprocess.py:93} INFO - 2026-02-10 15:07:25,116 | INFO | laptops: Page 3/14
[2026-02-10T15:07:25.565+0000] {subprocess.py:93} INFO - 2026-02-10 15:07:25,565 | INFO | laptops: Page 4/14
[2026-02-10T15:07:26.020+0000] {subprocess.py:93} INFO - 2026-02-10 15:07:26,019 | INFO | laptops: Page 5/14
[2026-02-10T15:07:26.590+0000] {subprocess.py:93} INFO - 2026-02-10 15:07:26,590 | INFO | laptops: Page 6/14
[2026-02-10T15:07:28.951+0000] {subprocess.py:93} INFO - 2026-02-10 15:07:28,950 | INFO | laptops: Page 7/14
[2026-02-10T15:07:30.786+0000] {subprocess.py:93} INFO - 2026-02-10 15:07:30,786 | INFO | laptops: Page 8/14
[2026-02-10T15:07:32.371+0000] {subprocess.py:93} INFO - 2026-02-10 15:07:32,370 | INFO | laptops: Page 9/14
[2026-02-10T15:07:33.604+0000] {subprocess.py:93} INFO - 2026-02-10 15:07:33,604 | INFO | laptops: Page 10/14
[2026-02-10T15:07:34.115+0000] {subprocess.py:93} INFO - 2026-02-10 15:07:34,115 | INFO | laptops: Page 11/14
[2026-02-10T15:07:34.576+0000] {subprocess.py:93} INFO - 2026-02-10 15:07:34,575 | INFO | laptops: Page 12/14
[2026-02-10T15:07:35.049+0000] {subprocess.py:93} INFO - 2026-02-10 15:07:35,049 | INFO | laptops: Page 13/14
[2026-02-10T15:07:35.923+0000] {subprocess.py:93} INFO - 2026-02-10 15:07:35,921 | INFO | laptops: Page 14/14
[2026-02-10T15:07:37.563+0000] {subprocess.py:93} INFO - 2026-02-10 15:07:37,563 | INFO | laptops: Fetching reviews
[2026-02-10T15:07:48.752+0000] {subprocess.py:93} INFO - 2026-02-10 15:07:48,751 | INFO | laptops: Saved 420 rows to /opt/***/dags/data/raw/laptops/laptops_2026-02-10.csv
[2026-02-10T15:07:48.754+0000] {subprocess.py:93} INFO - 2026-02-10 15:07:48,752 | INFO | Starting scrape for category: television
[2026-02-10T15:07:49.057+0000] {subprocess.py:93} INFO - 2026-02-10 15:07:49,057 | INFO | television: Page 1/7
[2026-02-10T15:07:50.185+0000] {subprocess.py:93} INFO - 2026-02-10 15:07:50,185 | INFO | television: Page 2/7
[2026-02-10T15:07:50.716+0000] {subprocess.py:93} INFO - 2026-02-10 15:07:50,714 | INFO | television: Page 3/7
[2026-02-10T15:07:51.816+0000] {subprocess.py:93} INFO - 2026-02-10 15:07:51,816 | INFO | television: Page 4/7
[2026-02-10T15:07:52.976+0000] {subprocess.py:93} INFO - 2026-02-10 15:07:52,976 | INFO | television: Page 5/7
[2026-02-10T15:07:53.495+0000] {subprocess.py:93} INFO - 2026-02-10 15:07:53,495 | INFO | television: Page 6/7
[2026-02-10T15:07:53.954+0000] {subprocess.py:93} INFO - 2026-02-10 15:07:53,954 | INFO | television: Page 7/7
[2026-02-10T15:07:54.431+0000] {subprocess.py:93} INFO - 2026-02-10 15:07:54,430 | INFO | television: Fetching reviews
[2026-02-10T15:07:58.637+0000] {subprocess.py:93} INFO - 2026-02-10 15:07:58,636 | INFO | television: Saved 210 rows to /opt/***/dags/data/raw/tvs/television_2026-02-10.csv
[2026-02-10T15:07:58.638+0000] {subprocess.py:93} INFO - 2026-02-10 15:07:58,637 | INFO | Starting scrape for category: refrigerator
[2026-02-10T15:07:59.514+0000] {subprocess.py:93} INFO - 2026-02-10 15:07:59,513 | INFO | refrigerator: Page 1/6
[2026-02-10T15:08:00.519+0000] {subprocess.py:93} INFO - 2026-02-10 15:08:00,518 | INFO | refrigerator: Page 2/6
[2026-02-10T15:08:08.294+0000] {subprocess.py:93} INFO - 2026-02-10 15:08:08,294 | INFO | refrigerator: Page 3/6
[2026-02-10T15:08:10.348+0000] {subprocess.py:93} INFO - 2026-02-10 15:08:10,347 | INFO | refrigerator: Page 4/6
[2026-02-10T15:08:18.824+0000] {subprocess.py:93} INFO - 2026-02-10 15:08:18,823 | INFO | refrigerator: Page 5/6
[2026-02-10T15:08:20.434+0000] {subprocess.py:93} INFO - 2026-02-10 15:08:20,434 | INFO | refrigerator: Page 6/6
[2026-02-10T15:08:21.021+0000] {subprocess.py:93} INFO - 2026-02-10 15:08:21,021 | INFO | refrigerator: Fetching reviews
[2026-02-10T15:08:30.902+0000] {subprocess.py:93} INFO - 2026-02-10 15:08:30,902 | INFO | refrigerator: Saved 180 rows to /opt/***/dags/data/raw/refrigerators/refrigerator_2026-02-10.csv
[2026-02-10T15:08:30.904+0000] {subprocess.py:93} INFO - 2026-02-10 15:08:30,902 | INFO | ===== SCRAPING FINISHED =====
[2026-02-10T15:08:30.954+0000] {subprocess.py:97} INFO - Command exited with return code 0
[2026-02-10T15:08:30.965+0000] {taskinstance.py:441} INFO - ::group::Post task execution logs
[2026-02-10T15:08:31.018+0000] {taskinstance.py:1206} INFO - Marking task as SUCCESS. dag_id=product_price_pipeline, task_id=scrape_data, run_id=manual__2026-02-10T15:05:58.676835+00:00, execution_date=20260210T150558, start_date=20260210T150600, end_date=20260210T150831
[2026-02-10T15:08:31.073+0000] {local_task_job_runner.py:243} INFO - Task exited with return code 0
[2026-02-10T15:08:31.112+0000] {taskinstance.py:3503} INFO - 1 downstream tasks scheduled from follow-on schedule check
[2026-02-10T15:08:31.130+0000] {local_task_job_runner.py:222} INFO - ::endgroup::
