[2026-02-12T14:54:41.372+0000] {local_task_job_runner.py:120} INFO - ::group::Pre task execution logs
[2026-02-12T14:54:42.517+0000] {taskinstance.py:2076} INFO - Dependencies all met for dep_context=non-requeueable deps ti=<TaskInstance: product_price_pipeline.load_mobiles manual__2026-02-12T14:53:22.259211+00:00 [queued]>
[2026-02-12T14:54:42.757+0000] {taskinstance.py:2076} INFO - Dependencies all met for dep_context=requeueable deps ti=<TaskInstance: product_price_pipeline.load_mobiles manual__2026-02-12T14:53:22.259211+00:00 [queued]>
[2026-02-12T14:54:42.766+0000] {taskinstance.py:2306} INFO - Starting attempt 1 of 2
[2026-02-12T14:54:43.090+0000] {taskinstance.py:2330} INFO - Executing <Task(BashOperator): load_mobiles> on 2026-02-12 14:53:22.259211+00:00
[2026-02-12T14:54:43.508+0000] {standard_task_runner.py:90} INFO - Running: ['***', 'tasks', 'run', 'product_price_pipeline', 'load_mobiles', 'manual__2026-02-12T14:53:22.259211+00:00', '--job-id', '77', '--raw', '--subdir', 'DAGS_FOLDER/product_pipeline_dag.py', '--cfg-path', '/tmp/tmp3_1q4mxb']
[2026-02-12T14:54:43.563+0000] {standard_task_runner.py:91} INFO - Job 77: Subtask load_mobiles
[2026-02-12T14:54:43.812+0000] {logging_mixin.py:188} WARNING - /home/***/.local/lib/python3.12/site-packages/***/task/task_runner/standard_task_runner.py:62 DeprecationWarning: This process (pid=686) is multi-threaded, use of fork() may lead to deadlocks in the child.
[2026-02-12T14:54:43.828+0000] {standard_task_runner.py:64} INFO - Started process 691 to run task
[2026-02-12T14:54:48.575+0000] {task_command.py:426} INFO - Running <TaskInstance: product_price_pipeline.load_mobiles manual__2026-02-12T14:53:22.259211+00:00 [running]> on host 649a5aa52f43
[2026-02-12T14:54:58.848+0000] {taskinstance.py:2648} INFO - Exporting env vars: AIRFLOW_CTX_DAG_OWNER='***' AIRFLOW_CTX_DAG_ID='product_price_pipeline' AIRFLOW_CTX_TASK_ID='load_mobiles' AIRFLOW_CTX_EXECUTION_DATE='2026-02-12T14:53:22.259211+00:00' AIRFLOW_CTX_TRY_NUMBER='1' AIRFLOW_CTX_DAG_RUN_ID='manual__2026-02-12T14:53:22.259211+00:00'
[2026-02-12T14:54:58.903+0000] {taskinstance.py:430} INFO - ::endgroup::
[2026-02-12T14:54:59.525+0000] {subprocess.py:63} INFO - Tmp dir root location: /tmp
[2026-02-12T14:54:59.666+0000] {subprocess.py:75} INFO - Running command: ['/usr/bin/bash', '-c', 'python /opt/***/dags/scripts/loaders/load_mobiles.py']
[2026-02-12T14:55:00.223+0000] {subprocess.py:86} INFO - Output:
[2026-02-12T14:55:40.863+0000] {subprocess.py:93} INFO - 🚀 Loading MOBILES data
[2026-02-12T14:55:41.096+0000] {subprocess.py:93} INFO - Traceback (most recent call last):
[2026-02-12T14:55:41.104+0000] {subprocess.py:93} INFO -   File "/opt/***/dags/scripts/loaders/load_mobiles.py", line 21, in <module>
[2026-02-12T14:55:41.115+0000] {subprocess.py:93} INFO -     df = pd.read_csv(csv_files[-1])
[2026-02-12T14:55:41.119+0000] {subprocess.py:93} INFO -          ^^^^^^^^^^^^^^^^^^^^^^^^^^
[2026-02-12T14:55:41.123+0000] {subprocess.py:93} INFO -   File "/home/***/.local/lib/python3.12/site-packages/pandas/io/parsers/readers.py", line 948, in read_csv
[2026-02-12T14:55:44.902+0000] {subprocess.py:93} INFO -     return _read(filepath_or_buffer, kwds)
[2026-02-12T14:55:44.946+0000] {subprocess.py:93} INFO -            ^^^^^^^^^^^^^^^^^^^^^^^^^^^^^^^
[2026-02-12T14:55:44.960+0000] {subprocess.py:93} INFO -   File "/home/***/.local/lib/python3.12/site-packages/pandas/io/parsers/readers.py", line 617, in _read
[2026-02-12T14:55:44.975+0000] {subprocess.py:93} INFO -     return parser.read(nrows)
[2026-02-12T14:55:44.989+0000] {subprocess.py:93} INFO -            ^^^^^^^^^^^^^^^^^^
[2026-02-12T14:55:44.997+0000] {subprocess.py:93} INFO -   File "/home/***/.local/lib/python3.12/site-packages/pandas/io/parsers/readers.py", line 1748, in read
[2026-02-12T14:55:45.009+0000] {subprocess.py:93} INFO -     ) = self._engine.read(  # type: ignore[attr-defined]
[2026-02-12T14:55:45.017+0000] {subprocess.py:93} INFO -         ^^^^^^^^^^^^^^^^^^^^^^^^^^^^^^^^^^^^^^^^^^^^^^^^
[2026-02-12T14:55:45.023+0000] {subprocess.py:93} INFO -   File "/home/***/.local/lib/python3.12/site-packages/pandas/io/parsers/c_parser_wrapper.py", line 234, in read
[2026-02-12T14:55:45.035+0000] {subprocess.py:93} INFO -     chunks = self._reader.read_low_memory(nrows)
[2026-02-12T14:55:45.041+0000] {subprocess.py:93} INFO -              ^^^^^^^^^^^^^^^^^^^^^^^^^^^^^^^^^^^
[2026-02-12T14:55:45.065+0000] {subprocess.py:93} INFO -   File "parsers.pyx", line 843, in pandas._libs.parsers.TextReader.read_low_memory
[2026-02-12T14:55:45.069+0000] {subprocess.py:93} INFO -   File "parsers.pyx", line 904, in pandas._libs.parsers.TextReader._read_rows
[2026-02-12T14:55:45.078+0000] {subprocess.py:93} INFO -   File "parsers.pyx", line 879, in pandas._libs.parsers.TextReader._tokenize_rows
[2026-02-12T14:55:45.094+0000] {subprocess.py:93} INFO -   File "parsers.pyx", line 890, in pandas._libs.parsers.TextReader._check_tokenize_status
[2026-02-12T14:55:45.102+0000] {subprocess.py:93} INFO -   File "parsers.pyx", line 2058, in pandas._libs.parsers.raise_parser_error
[2026-02-12T14:55:45.109+0000] {subprocess.py:93} INFO - pandas.errors.ParserError: Error tokenizing data. C error: Expected 18 fields in line 26, saw 35
[2026-02-12T14:55:45.129+0000] {subprocess.py:93} INFO - 
[2026-02-12T14:55:59.951+0000] {subprocess.py:97} INFO - Command exited with return code 1
[2026-02-12T14:56:00.090+0000] {taskinstance.py:441} INFO - ::group::Post task execution logs
[2026-02-12T14:56:02.074+0000] {taskinstance.py:2905} ERROR - Task failed with exception
Traceback (most recent call last):
  File "/home/airflow/.local/lib/python3.12/site-packages/airflow/models/taskinstance.py", line 465, in _execute_task
    result = _execute_callable(context=context, **execute_callable_kwargs)
             ^^^^^^^^^^^^^^^^^^^^^^^^^^^^^^^^^^^^^^^^^^^^^^^^^^^^^^^^^^^^^
  File "/home/airflow/.local/lib/python3.12/site-packages/airflow/models/taskinstance.py", line 432, in _execute_callable
    return execute_callable(context=context, **execute_callable_kwargs)
           ^^^^^^^^^^^^^^^^^^^^^^^^^^^^^^^^^^^^^^^^^^^^^^^^^^^^^^^^^^^^
  File "/home/airflow/.local/lib/python3.12/site-packages/airflow/models/baseoperator.py", line 401, in wrapper
    return func(self, *args, **kwargs)
           ^^^^^^^^^^^^^^^^^^^^^^^^^^^
  File "/home/airflow/.local/lib/python3.12/site-packages/airflow/operators/bash.py", line 243, in execute
    raise AirflowException(
airflow.exceptions.AirflowException: Bash command failed. The command returned a non-zero exit code 1.
[2026-02-12T14:56:02.299+0000] {taskinstance.py:1206} INFO - Marking task as UP_FOR_RETRY. dag_id=product_price_pipeline, task_id=load_mobiles, run_id=manual__2026-02-12T14:53:22.259211+00:00, execution_date=20260212T145322, start_date=20260212T145442, end_date=20260212T145602
[2026-02-12T14:56:03.097+0000] {standard_task_runner.py:110} ERROR - Failed to execute job 77 for task load_mobiles (Bash command failed. The command returned a non-zero exit code 1.; 691)
[2026-02-12T14:56:03.443+0000] {local_task_job_runner.py:243} INFO - Task exited with return code 1
[2026-02-12T14:56:04.037+0000] {local_task_job_runner.py:222} INFO - ::endgroup::
