[2026-02-07T08:49:02.718+0000] {local_task_job_runner.py:120} INFO - ::group::Pre task execution logs
[2026-02-07T08:49:03.174+0000] {taskinstance.py:2076} INFO - Dependencies all met for dep_context=non-requeueable deps ti=<TaskInstance: product_price_pipeline.create_main_table manual__2026-02-07T08:46:20.422466+00:00 [queued]>
[2026-02-07T08:49:03.221+0000] {taskinstance.py:2076} INFO - Dependencies all met for dep_context=requeueable deps ti=<TaskInstance: product_price_pipeline.create_main_table manual__2026-02-07T08:46:20.422466+00:00 [queued]>
[2026-02-07T08:49:03.223+0000] {taskinstance.py:2306} INFO - Starting attempt 1 of 2
[2026-02-07T08:49:03.284+0000] {taskinstance.py:2330} INFO - Executing <Task(BashOperator): create_main_table> on 2026-02-07 08:46:20.422466+00:00
[2026-02-07T08:49:03.338+0000] {standard_task_runner.py:90} INFO - Running: ['***', 'tasks', 'run', 'product_price_pipeline', 'create_main_table', 'manual__2026-02-07T08:46:20.422466+00:00', '--job-id', '92', '--raw', '--subdir', 'DAGS_FOLDER/product_pipeline_dag.py', '--cfg-path', '/tmp/tmp6w6f6_s2']
[2026-02-07T08:49:03.358+0000] {standard_task_runner.py:91} INFO - Job 92: Subtask create_main_table
[2026-02-07T08:49:03.358+0000] {logging_mixin.py:188} WARNING - /home/***/.local/lib/python3.12/site-packages/***/task/task_runner/standard_task_runner.py:62 DeprecationWarning: This process (pid=630) is multi-threaded, use of fork() may lead to deadlocks in the child.
[2026-02-07T08:49:03.362+0000] {standard_task_runner.py:64} INFO - Started process 631 to run task
[2026-02-07T08:49:03.928+0000] {task_command.py:426} INFO - Running <TaskInstance: product_price_pipeline.create_main_table manual__2026-02-07T08:46:20.422466+00:00 [running]> on host 0d4fb0100b45
[2026-02-07T08:49:04.602+0000] {taskinstance.py:2648} INFO - Exporting env vars: AIRFLOW_CTX_DAG_OWNER='***' AIRFLOW_CTX_DAG_ID='product_price_pipeline' AIRFLOW_CTX_TASK_ID='create_main_table' AIRFLOW_CTX_EXECUTION_DATE='2026-02-07T08:46:20.422466+00:00' AIRFLOW_CTX_TRY_NUMBER='1' AIRFLOW_CTX_DAG_RUN_ID='manual__2026-02-07T08:46:20.422466+00:00'
[2026-02-07T08:49:04.607+0000] {taskinstance.py:430} INFO - ::endgroup::
[2026-02-07T08:49:04.724+0000] {subprocess.py:63} INFO - Tmp dir root location: /tmp
[2026-02-07T08:49:04.751+0000] {subprocess.py:75} INFO - Running command: ['/usr/bin/bash', '-c', 'python /opt/***/dags/scripts/load_to_db.py']
[2026-02-07T08:49:04.811+0000] {subprocess.py:86} INFO - Output:
[2026-02-07T08:49:05.803+0000] {subprocess.py:93} INFO - python: can't open file '/tmp/***tmpi21oyk_8/scripts/loaders/load_mobiles.py': [Errno 2] No such file or directory
[2026-02-07T08:49:05.956+0000] {subprocess.py:93} INFO - python: can't open file '/tmp/***tmpi21oyk_8/scripts/loaders/load_laptops.py': [Errno 2] No such file or directory
[2026-02-07T08:49:06.223+0000] {subprocess.py:93} INFO - python: can't open file '/tmp/***tmpi21oyk_8/scripts/loaders/load_refrigerators.py': [Errno 2] No such file or directory
[2026-02-07T08:49:06.599+0000] {subprocess.py:93} INFO - python: can't open file '/tmp/***tmpi21oyk_8/scripts/loaders/load_tvs.py': [Errno 2] No such file or directory
[2026-02-07T08:49:07.000+0000] {subprocess.py:93} INFO - python: can't open file '/tmp/***tmpi21oyk_8/scripts/loaders/load_products_main.py': [Errno 2] No such file or directory
[2026-02-07T08:49:07.024+0000] {subprocess.py:93} INFO - Starting loading stage...
[2026-02-07T08:49:07.027+0000] {subprocess.py:93} INFO - Loading stage completed.
[2026-02-07T08:49:07.053+0000] {subprocess.py:97} INFO - Command exited with return code 0
[2026-02-07T08:49:07.066+0000] {taskinstance.py:441} INFO - ::group::Post task execution logs
[2026-02-07T08:49:07.184+0000] {taskinstance.py:1206} INFO - Marking task as SUCCESS. dag_id=product_price_pipeline, task_id=create_main_table, run_id=manual__2026-02-07T08:46:20.422466+00:00, execution_date=20260207T084620, start_date=20260207T084903, end_date=20260207T084907
[2026-02-07T08:49:07.267+0000] {local_task_job_runner.py:243} INFO - Task exited with return code 0
[2026-02-07T08:49:07.362+0000] {taskinstance.py:3503} INFO - 1 downstream tasks scheduled from follow-on schedule check
[2026-02-07T08:49:07.371+0000] {local_task_job_runner.py:222} INFO - ::endgroup::
