[2026-02-07T06:00:39.562+0000] {local_task_job_runner.py:120} INFO - ::group::Pre task execution logs
[2026-02-07T06:00:39.633+0000] {taskinstance.py:2076} INFO - Dependencies all met for dep_context=non-requeueable deps ti=<TaskInstance: product_price_pipeline.create_main_table scheduled__2026-02-05T21:00:00+00:00 [queued]>
[2026-02-07T06:00:39.655+0000] {taskinstance.py:2076} INFO - Dependencies all met for dep_context=requeueable deps ti=<TaskInstance: product_price_pipeline.create_main_table scheduled__2026-02-05T21:00:00+00:00 [queued]>
[2026-02-07T06:00:39.658+0000] {taskinstance.py:2306} INFO - Starting attempt 1 of 2
[2026-02-07T06:00:39.711+0000] {taskinstance.py:2330} INFO - Executing <Task(BashOperator): create_main_table> on 2026-02-05 21:00:00+00:00
[2026-02-07T06:00:39.732+0000] {standard_task_runner.py:90} INFO - Running: ['***', 'tasks', 'run', 'product_price_pipeline', 'create_main_table', 'scheduled__2026-02-05T21:00:00+00:00', '--job-id', '70', '--raw', '--subdir', 'DAGS_FOLDER/product_pipeline_dag.py', '--cfg-path', '/tmp/tmpc7lozgyq']
[2026-02-07T06:00:39.737+0000] {standard_task_runner.py:91} INFO - Job 70: Subtask create_main_table
[2026-02-07T06:00:39.742+0000] {logging_mixin.py:188} WARNING - /home/***/.local/lib/python3.12/site-packages/***/task/task_runner/standard_task_runner.py:62 DeprecationWarning: This process (pid=294) is multi-threaded, use of fork() may lead to deadlocks in the child.
[2026-02-07T06:00:39.747+0000] {standard_task_runner.py:64} INFO - Started process 296 to run task
[2026-02-07T06:00:39.965+0000] {task_command.py:426} INFO - Running <TaskInstance: product_price_pipeline.create_main_table scheduled__2026-02-05T21:00:00+00:00 [running]> on host 19af76d7baae
[2026-02-07T06:00:40.180+0000] {taskinstance.py:2648} INFO - Exporting env vars: AIRFLOW_CTX_DAG_OWNER='***' AIRFLOW_CTX_DAG_ID='product_price_pipeline' AIRFLOW_CTX_TASK_ID='create_main_table' AIRFLOW_CTX_EXECUTION_DATE='2026-02-05T21:00:00+00:00' AIRFLOW_CTX_TRY_NUMBER='1' AIRFLOW_CTX_DAG_RUN_ID='scheduled__2026-02-05T21:00:00+00:00'
[2026-02-07T06:00:40.182+0000] {taskinstance.py:430} INFO - ::endgroup::
[2026-02-07T06:00:40.208+0000] {subprocess.py:63} INFO - Tmp dir root location: /tmp
[2026-02-07T06:00:40.217+0000] {subprocess.py:75} INFO - Running command: ['/usr/bin/bash', '-c', 'python /opt/***/dags/scripts/load_to_db.py']
[2026-02-07T06:00:40.238+0000] {subprocess.py:86} INFO - Output:
[2026-02-07T06:00:40.819+0000] {subprocess.py:93} INFO - python: can't open file '/tmp/***tmpbhgyj2qx/scripts/loaders/load_mobiles.py': [Errno 2] No such file or directory
[2026-02-07T06:00:40.922+0000] {subprocess.py:93} INFO - python: can't open file '/tmp/***tmpbhgyj2qx/scripts/loaders/load_laptops.py': [Errno 2] No such file or directory
[2026-02-07T06:00:41.054+0000] {subprocess.py:93} INFO - python: can't open file '/tmp/***tmpbhgyj2qx/scripts/loaders/load_refrigerators.py': [Errno 2] No such file or directory
[2026-02-07T06:00:41.185+0000] {subprocess.py:93} INFO - python: can't open file '/tmp/***tmpbhgyj2qx/scripts/loaders/load_tvs.py': [Errno 2] No such file or directory
[2026-02-07T06:00:41.303+0000] {subprocess.py:93} INFO - python: can't open file '/tmp/***tmpbhgyj2qx/scripts/loaders/load_products_main.py': [Errno 2] No such file or directory
[2026-02-07T06:00:41.311+0000] {subprocess.py:93} INFO - Starting loading stage...
[2026-02-07T06:00:41.312+0000] {subprocess.py:93} INFO - Loading stage completed.
[2026-02-07T06:00:41.320+0000] {subprocess.py:97} INFO - Command exited with return code 0
[2026-02-07T06:00:41.333+0000] {taskinstance.py:441} INFO - ::group::Post task execution logs
[2026-02-07T06:00:41.412+0000] {taskinstance.py:1206} INFO - Marking task as SUCCESS. dag_id=product_price_pipeline, task_id=create_main_table, run_id=scheduled__2026-02-05T21:00:00+00:00, execution_date=20260205T210000, start_date=20260207T060039, end_date=20260207T060041
[2026-02-07T06:00:41.465+0000] {local_task_job_runner.py:243} INFO - Task exited with return code 0
[2026-02-07T06:00:41.518+0000] {taskinstance.py:3503} INFO - 1 downstream tasks scheduled from follow-on schedule check
[2026-02-07T06:00:41.534+0000] {local_task_job_runner.py:222} INFO - ::endgroup::
[2026-02-07T06:48:03.237+0000] {local_task_job_runner.py:120} INFO - ::group::Pre task execution logs
[2026-02-07T06:48:03.298+0000] {taskinstance.py:2076} INFO - Dependencies all met for dep_context=non-requeueable deps ti=<TaskInstance: product_price_pipeline.create_main_table scheduled__2026-02-05T21:00:00+00:00 [queued]>
[2026-02-07T06:48:03.313+0000] {taskinstance.py:2076} INFO - Dependencies all met for dep_context=requeueable deps ti=<TaskInstance: product_price_pipeline.create_main_table scheduled__2026-02-05T21:00:00+00:00 [queued]>
[2026-02-07T06:48:03.315+0000] {taskinstance.py:2306} INFO - Starting attempt 1 of 2
[2026-02-07T06:48:03.338+0000] {taskinstance.py:2330} INFO - Executing <Task(BashOperator): create_main_table> on 2026-02-05 21:00:00+00:00
[2026-02-07T06:48:03.353+0000] {standard_task_runner.py:90} INFO - Running: ['***', 'tasks', 'run', 'product_price_pipeline', 'create_main_table', 'scheduled__2026-02-05T21:00:00+00:00', '--job-id', '82', '--raw', '--subdir', 'DAGS_FOLDER/product_pipeline_dag.py', '--cfg-path', '/tmp/tmp1wf20uxm']
[2026-02-07T06:48:03.359+0000] {standard_task_runner.py:91} INFO - Job 82: Subtask create_main_table
[2026-02-07T06:48:03.360+0000] {logging_mixin.py:188} WARNING - /home/***/.local/lib/python3.12/site-packages/***/task/task_runner/standard_task_runner.py:62 DeprecationWarning: This process (pid=553) is multi-threaded, use of fork() may lead to deadlocks in the child.
[2026-02-07T06:48:03.363+0000] {standard_task_runner.py:64} INFO - Started process 554 to run task
[2026-02-07T06:48:03.484+0000] {task_command.py:426} INFO - Running <TaskInstance: product_price_pipeline.create_main_table scheduled__2026-02-05T21:00:00+00:00 [running]> on host 19af76d7baae
[2026-02-07T06:48:03.638+0000] {taskinstance.py:2648} INFO - Exporting env vars: AIRFLOW_CTX_DAG_OWNER='***' AIRFLOW_CTX_DAG_ID='product_price_pipeline' AIRFLOW_CTX_TASK_ID='create_main_table' AIRFLOW_CTX_EXECUTION_DATE='2026-02-05T21:00:00+00:00' AIRFLOW_CTX_TRY_NUMBER='1' AIRFLOW_CTX_DAG_RUN_ID='scheduled__2026-02-05T21:00:00+00:00'
[2026-02-07T06:48:03.639+0000] {taskinstance.py:430} INFO - ::endgroup::
[2026-02-07T06:48:03.673+0000] {subprocess.py:63} INFO - Tmp dir root location: /tmp
[2026-02-07T06:48:03.676+0000] {subprocess.py:75} INFO - Running command: ['/usr/bin/bash', '-c', 'python /opt/***/dags/scripts/load_to_db.py']
[2026-02-07T06:48:03.691+0000] {subprocess.py:86} INFO - Output:
[2026-02-07T06:48:04.131+0000] {subprocess.py:93} INFO - python: can't open file '/tmp/***tmpmj_xnb0h/scripts/loaders/load_mobiles.py': [Errno 2] No such file or directory
[2026-02-07T06:48:04.255+0000] {subprocess.py:93} INFO - python: can't open file '/tmp/***tmpmj_xnb0h/scripts/loaders/load_laptops.py': [Errno 2] No such file or directory
[2026-02-07T06:48:04.357+0000] {subprocess.py:93} INFO - python: can't open file '/tmp/***tmpmj_xnb0h/scripts/loaders/load_refrigerators.py': [Errno 2] No such file or directory
[2026-02-07T06:48:04.465+0000] {subprocess.py:93} INFO - python: can't open file '/tmp/***tmpmj_xnb0h/scripts/loaders/load_tvs.py': [Errno 2] No such file or directory
[2026-02-07T06:48:04.567+0000] {subprocess.py:93} INFO - python: can't open file '/tmp/***tmpmj_xnb0h/scripts/loaders/load_products_main.py': [Errno 2] No such file or directory
[2026-02-07T06:48:04.572+0000] {subprocess.py:93} INFO - Starting loading stage...
[2026-02-07T06:48:04.573+0000] {subprocess.py:93} INFO - Loading stage completed.
[2026-02-07T06:48:04.579+0000] {subprocess.py:97} INFO - Command exited with return code 0
[2026-02-07T06:48:04.581+0000] {taskinstance.py:441} INFO - ::group::Post task execution logs
[2026-02-07T06:48:04.625+0000] {taskinstance.py:1206} INFO - Marking task as SUCCESS. dag_id=product_price_pipeline, task_id=create_main_table, run_id=scheduled__2026-02-05T21:00:00+00:00, execution_date=20260205T210000, start_date=20260207T064803, end_date=20260207T064804
[2026-02-07T06:48:04.663+0000] {local_task_job_runner.py:243} INFO - Task exited with return code 0
[2026-02-07T06:48:04.706+0000] {taskinstance.py:3503} INFO - 1 downstream tasks scheduled from follow-on schedule check
[2026-02-07T06:48:04.711+0000] {local_task_job_runner.py:222} INFO - ::endgroup::
