[2026-02-12T15:14:22.772+0000] {local_task_job_runner.py:120} INFO - ::group::Pre task execution logs
[2026-02-12T15:14:23.117+0000] {taskinstance.py:2076} INFO - Dependencies all met for dep_context=non-requeueable deps ti=<TaskInstance: product_price_pipeline.clean_tvs manual__2026-02-12T15:14:18.073360+00:00 [queued]>
[2026-02-12T15:14:23.151+0000] {taskinstance.py:2076} INFO - Dependencies all met for dep_context=requeueable deps ti=<TaskInstance: product_price_pipeline.clean_tvs manual__2026-02-12T15:14:18.073360+00:00 [queued]>
[2026-02-12T15:14:23.161+0000] {taskinstance.py:2306} INFO - Starting attempt 1 of 2
[2026-02-12T15:14:23.237+0000] {taskinstance.py:2330} INFO - Executing <Task(BashOperator): clean_tvs> on 2026-02-12 15:14:18.073360+00:00
[2026-02-12T15:14:23.291+0000] {standard_task_runner.py:90} INFO - Running: ['***', 'tasks', 'run', 'product_price_pipeline', 'clean_tvs', 'manual__2026-02-12T15:14:18.073360+00:00', '--job-id', '87', '--raw', '--subdir', 'DAGS_FOLDER/product_pipeline_dag.py', '--cfg-path', '/tmp/tmpimo105zn']
[2026-02-12T15:14:23.307+0000] {standard_task_runner.py:91} INFO - Job 87: Subtask clean_tvs
[2026-02-12T15:14:23.321+0000] {logging_mixin.py:188} WARNING - /home/***/.local/lib/python3.12/site-packages/***/task/task_runner/standard_task_runner.py:62 DeprecationWarning: This process (pid=443) is multi-threaded, use of fork() may lead to deadlocks in the child.
[2026-02-12T15:14:23.322+0000] {standard_task_runner.py:64} INFO - Started process 455 to run task
[2026-02-12T15:14:23.726+0000] {task_command.py:426} INFO - Running <TaskInstance: product_price_pipeline.clean_tvs manual__2026-02-12T15:14:18.073360+00:00 [running]> on host 8ede547b0251
[2026-02-12T15:14:25.175+0000] {taskinstance.py:2648} INFO - Exporting env vars: AIRFLOW_CTX_DAG_OWNER='***' AIRFLOW_CTX_DAG_ID='product_price_pipeline' AIRFLOW_CTX_TASK_ID='clean_tvs' AIRFLOW_CTX_EXECUTION_DATE='2026-02-12T15:14:18.073360+00:00' AIRFLOW_CTX_TRY_NUMBER='1' AIRFLOW_CTX_DAG_RUN_ID='manual__2026-02-12T15:14:18.073360+00:00'
[2026-02-12T15:14:25.183+0000] {taskinstance.py:430} INFO - ::endgroup::
[2026-02-12T15:14:25.449+0000] {subprocess.py:63} INFO - Tmp dir root location: /tmp
[2026-02-12T15:14:25.459+0000] {subprocess.py:75} INFO - Running command: ['/usr/bin/bash', '-c', 'python /opt/***/dags/scripts/cleaning/clean_tvs.py']
[2026-02-12T15:14:25.595+0000] {subprocess.py:86} INFO - Output:
[2026-02-12T15:14:30.864+0000] {subprocess.py:93} INFO - 🔥 clean_tvs.py STARTED 🔥
[2026-02-12T15:14:30.866+0000] {subprocess.py:93} INFO - 📥 INPUT FILE: /opt/***/dags/data/raw/tvs/television_2026-02-11.csv
[2026-02-12T15:14:30.869+0000] {subprocess.py:93} INFO - 📊 Rows loaded: 210
[2026-02-12T15:14:30.871+0000] {subprocess.py:93} INFO - ✅ CLEAN FILE SAVED: /opt/***/dags/data/clean/tvs_cleaned_television_2026-02-11.csv
[2026-02-12T15:14:30.875+0000] {subprocess.py:93} INFO - 🔥 clean_tvs.py FINISHED 🔥
[2026-02-12T15:14:31.223+0000] {subprocess.py:97} INFO - Command exited with return code 0
[2026-02-12T15:14:31.230+0000] {taskinstance.py:441} INFO - ::group::Post task execution logs
[2026-02-12T15:14:31.313+0000] {taskinstance.py:1206} INFO - Marking task as SUCCESS. dag_id=product_price_pipeline, task_id=clean_tvs, run_id=manual__2026-02-12T15:14:18.073360+00:00, execution_date=20260212T151418, start_date=20260212T151423, end_date=20260212T151431
[2026-02-12T15:14:31.409+0000] {local_task_job_runner.py:243} INFO - Task exited with return code 0
[2026-02-12T15:14:31.513+0000] {taskinstance.py:3503} INFO - 1 downstream tasks scheduled from follow-on schedule check
[2026-02-12T15:14:31.518+0000] {local_task_job_runner.py:222} INFO - ::endgroup::
