[2026-02-07T07:42:00.463+0000] {local_task_job_runner.py:120} INFO - ::group::Pre task execution logs
[2026-02-07T07:42:00.933+0000] {taskinstance.py:2076} INFO - Dependencies all met for dep_context=non-requeueable deps ti=<TaskInstance: product_price_pipeline.clean_data manual__2026-02-07T07:39:23.394865+00:00 [queued]>
[2026-02-07T07:42:00.973+0000] {taskinstance.py:2076} INFO - Dependencies all met for dep_context=requeueable deps ti=<TaskInstance: product_price_pipeline.clean_data manual__2026-02-07T07:39:23.394865+00:00 [queued]>
[2026-02-07T07:42:00.977+0000] {taskinstance.py:2306} INFO - Starting attempt 1 of 2
[2026-02-07T07:42:01.062+0000] {taskinstance.py:2330} INFO - Executing <Task(BashOperator): clean_data> on 2026-02-07 07:39:23.394865+00:00
[2026-02-07T07:42:01.104+0000] {standard_task_runner.py:90} INFO - Running: ['***', 'tasks', 'run', 'product_price_pipeline', 'clean_data', 'manual__2026-02-07T07:39:23.394865+00:00', '--job-id', '86', '--raw', '--subdir', 'DAGS_FOLDER/product_pipeline_dag.py', '--cfg-path', '/tmp/tmp8_v4x1x0']
[2026-02-07T07:42:01.112+0000] {standard_task_runner.py:91} INFO - Job 86: Subtask clean_data
[2026-02-07T07:42:01.131+0000] {logging_mixin.py:188} WARNING - /home/***/.local/lib/python3.12/site-packages/***/task/task_runner/standard_task_runner.py:62 DeprecationWarning: This process (pid=247) is multi-threaded, use of fork() may lead to deadlocks in the child.
[2026-02-07T07:42:01.138+0000] {standard_task_runner.py:64} INFO - Started process 248 to run task
[2026-02-07T07:42:01.423+0000] {task_command.py:426} INFO - Running <TaskInstance: product_price_pipeline.clean_data manual__2026-02-07T07:39:23.394865+00:00 [running]> on host ed971536d6e0
[2026-02-07T07:42:01.900+0000] {taskinstance.py:2648} INFO - Exporting env vars: AIRFLOW_CTX_DAG_OWNER='***' AIRFLOW_CTX_DAG_ID='product_price_pipeline' AIRFLOW_CTX_TASK_ID='clean_data' AIRFLOW_CTX_EXECUTION_DATE='2026-02-07T07:39:23.394865+00:00' AIRFLOW_CTX_TRY_NUMBER='1' AIRFLOW_CTX_DAG_RUN_ID='manual__2026-02-07T07:39:23.394865+00:00'
[2026-02-07T07:42:01.914+0000] {taskinstance.py:430} INFO - ::endgroup::
[2026-02-07T07:42:02.111+0000] {subprocess.py:63} INFO - Tmp dir root location: /tmp
[2026-02-07T07:42:02.143+0000] {subprocess.py:75} INFO - Running command: ['/usr/bin/bash', '-c', 'python /opt/***/dags/scripts/clean.py']
[2026-02-07T07:42:02.197+0000] {subprocess.py:86} INFO - Output:
[2026-02-07T07:42:03.681+0000] {subprocess.py:93} INFO - python: can't open file '/tmp/***tmp0i48551w/scripts/cleaning/clean_mobiles.py': [Errno 2] No such file or directory
[2026-02-07T07:42:03.835+0000] {subprocess.py:93} INFO - python: can't open file '/tmp/***tmp0i48551w/scripts/cleaning/clean_laptops.py': [Errno 2] No such file or directory
[2026-02-07T07:42:03.961+0000] {subprocess.py:93} INFO - python: can't open file '/tmp/***tmp0i48551w/scripts/cleaning/clean_refrigerators.py': [Errno 2] No such file or directory
[2026-02-07T07:42:04.050+0000] {subprocess.py:93} INFO - python: can't open file '/tmp/***tmp0i48551w/scripts/cleaning/clean_tvs.py': [Errno 2] No such file or directory
[2026-02-07T07:42:04.148+0000] {subprocess.py:93} INFO - python: can't open file '/tmp/***tmp0i48551w/scripts/cleaning/create_main_table.py': [Errno 2] No such file or directory
[2026-02-07T07:42:04.152+0000] {subprocess.py:93} INFO - Starting cleaning stage...
[2026-02-07T07:42:04.153+0000] {subprocess.py:93} INFO - Cleaning stage completed.
[2026-02-07T07:42:04.165+0000] {subprocess.py:97} INFO - Command exited with return code 0
[2026-02-07T07:42:04.170+0000] {taskinstance.py:441} INFO - ::group::Post task execution logs
[2026-02-07T07:42:04.218+0000] {taskinstance.py:1206} INFO - Marking task as SUCCESS. dag_id=product_price_pipeline, task_id=clean_data, run_id=manual__2026-02-07T07:39:23.394865+00:00, execution_date=20260207T073923, start_date=20260207T074200, end_date=20260207T074204
[2026-02-07T07:42:04.287+0000] {local_task_job_runner.py:243} INFO - Task exited with return code 0
[2026-02-07T07:42:04.341+0000] {taskinstance.py:3503} INFO - 1 downstream tasks scheduled from follow-on schedule check
[2026-02-07T07:42:04.348+0000] {local_task_job_runner.py:222} INFO - ::endgroup::
