[2026-02-14T05:36:17.059+0000] {local_task_job_runner.py:120} INFO - ::group::Pre task execution logs
[2026-02-14T05:36:17.734+0000] {taskinstance.py:2076} INFO - Dependencies all met for dep_context=non-requeueable deps ti=<TaskInstance: product_price_pipeline.load_tvs scheduled__2026-02-13T00:00:00+00:00 [queued]>
[2026-02-14T05:36:17.791+0000] {taskinstance.py:2076} INFO - Dependencies all met for dep_context=requeueable deps ti=<TaskInstance: product_price_pipeline.load_tvs scheduled__2026-02-13T00:00:00+00:00 [queued]>
[2026-02-14T05:36:17.798+0000] {taskinstance.py:2306} INFO - Starting attempt 1 of 2
[2026-02-14T05:36:17.921+0000] {taskinstance.py:2330} INFO - Executing <Task(BashOperator): load_tvs> on 2026-02-13 00:00:00+00:00
[2026-02-14T05:36:18.026+0000] {standard_task_runner.py:90} INFO - Running: ['***', 'tasks', 'run', 'product_price_pipeline', 'load_tvs', 'scheduled__2026-02-13T00:00:00+00:00', '--job-id', '133', '--raw', '--subdir', 'DAGS_FOLDER/product_pipeline_dag.py', '--cfg-path', '/tmp/tmp8x1imaze']
[2026-02-14T05:36:18.044+0000] {standard_task_runner.py:91} INFO - Job 133: Subtask load_tvs
[2026-02-14T05:36:18.081+0000] {logging_mixin.py:188} WARNING - /home/***/.local/lib/python3.12/site-packages/***/task/task_runner/standard_task_runner.py:62 DeprecationWarning: This process (pid=3691) is multi-threaded, use of fork() may lead to deadlocks in the child.
[2026-02-14T05:36:18.084+0000] {standard_task_runner.py:64} INFO - Started process 3706 to run task
[2026-02-14T05:36:18.782+0000] {task_command.py:426} INFO - Running <TaskInstance: product_price_pipeline.load_tvs scheduled__2026-02-13T00:00:00+00:00 [running]> on host c65c0f674c92
[2026-02-14T05:36:20.395+0000] {taskinstance.py:2648} INFO - Exporting env vars: AIRFLOW_CTX_DAG_OWNER='***' AIRFLOW_CTX_DAG_ID='product_price_pipeline' AIRFLOW_CTX_TASK_ID='load_tvs' AIRFLOW_CTX_EXECUTION_DATE='2026-02-13T00:00:00+00:00' AIRFLOW_CTX_TRY_NUMBER='1' AIRFLOW_CTX_DAG_RUN_ID='scheduled__2026-02-13T00:00:00+00:00'
[2026-02-14T05:36:20.411+0000] {taskinstance.py:430} INFO - ::endgroup::
[2026-02-14T05:36:22.886+0000] {subprocess.py:63} INFO - Tmp dir root location: /tmp
[2026-02-14T05:36:23.043+0000] {subprocess.py:75} INFO - Running command: ['/usr/bin/bash', '-c', 'python /opt/***/dags/scripts/loaders/load_tvs.py']
[2026-02-14T05:36:23.215+0000] {subprocess.py:86} INFO - Output:
[2026-02-14T05:36:44.720+0000] {subprocess.py:93} INFO - /opt/***/dags/scripts/loaders/load_tvs.py:35: RemovedIn20Warning: Deprecated API features detected! These feature(s) are not compatible with SQLAlchemy 2.0. To prevent incompatible upgrades prior to updating applications, ensure requirements files are pinned to "sqlalchemy<2.0". Set environment variable SQLALCHEMY_WARN_20=1 to show all deprecation warnings.  Set environment variable SQLALCHEMY_SILENCE_UBER_WARNING=1 to silence this message. (Background on SQLAlchemy 2.0 at: https://sqlalche.me/e/b8d9)
[2026-02-14T05:36:44.858+0000] {subprocess.py:93} INFO -   conn.execute("TRUNCATE TABLE televisions RESTART IDENTITY CASCADE")
[2026-02-14T05:36:45.944+0000] {subprocess.py:93} INFO - 🚀 Loading TELEVISIONS data
[2026-02-14T05:36:45.964+0000] {subprocess.py:93} INFO - ✅ Televisions table refreshed successfully
[2026-02-14T05:36:47.473+0000] {subprocess.py:97} INFO - Command exited with return code 0
[2026-02-14T05:36:47.585+0000] {taskinstance.py:441} INFO - ::group::Post task execution logs
[2026-02-14T05:36:50.005+0000] {taskinstance.py:1206} INFO - Marking task as SUCCESS. dag_id=product_price_pipeline, task_id=load_tvs, run_id=scheduled__2026-02-13T00:00:00+00:00, execution_date=20260213T000000, start_date=20260214T053617, end_date=20260214T053649
[2026-02-14T05:36:50.649+0000] {local_task_job_runner.py:243} INFO - Task exited with return code 0
[2026-02-14T05:36:51.342+0000] {local_task_job_runner.py:222} INFO - ::endgroup::
