[2026-02-07T06:35:17.157+0000] {local_task_job_runner.py:120} INFO - ::group::Pre task execution logs
[2026-02-07T06:35:17.514+0000] {taskinstance.py:2076} INFO - Dependencies all met for dep_context=non-requeueable deps ti=<TaskInstance: product_price_pipeline.scrape_data manual__2026-02-07T06:35:15.079882+00:00 [queued]>
[2026-02-07T06:35:17.545+0000] {taskinstance.py:2076} INFO - Dependencies all met for dep_context=requeueable deps ti=<TaskInstance: product_price_pipeline.scrape_data manual__2026-02-07T06:35:15.079882+00:00 [queued]>
[2026-02-07T06:35:17.547+0000] {taskinstance.py:2306} INFO - Starting attempt 1 of 2
[2026-02-07T06:35:17.628+0000] {taskinstance.py:2330} INFO - Executing <Task(BashOperator): scrape_data> on 2026-02-07 06:35:15.079882+00:00
[2026-02-07T06:35:17.679+0000] {standard_task_runner.py:90} INFO - Running: ['***', 'tasks', 'run', 'product_price_pipeline', 'scrape_data', 'manual__2026-02-07T06:35:15.079882+00:00', '--job-id', '76', '--raw', '--subdir', 'DAGS_FOLDER/product_pipeline_dag.py', '--cfg-path', '/tmp/tmprws_ibhz']
[2026-02-07T06:35:17.687+0000] {logging_mixin.py:188} WARNING - /home/***/.local/lib/python3.12/site-packages/***/task/task_runner/standard_task_runner.py:62 DeprecationWarning: This process (pid=393) is multi-threaded, use of fork() may lead to deadlocks in the child.
[2026-02-07T06:35:17.693+0000] {standard_task_runner.py:91} INFO - Job 76: Subtask scrape_data
[2026-02-07T06:35:17.695+0000] {standard_task_runner.py:64} INFO - Started process 395 to run task
[2026-02-07T06:35:17.922+0000] {task_command.py:426} INFO - Running <TaskInstance: product_price_pipeline.scrape_data manual__2026-02-07T06:35:15.079882+00:00 [running]> on host 19af76d7baae
[2026-02-07T06:35:18.283+0000] {taskinstance.py:2648} INFO - Exporting env vars: AIRFLOW_CTX_DAG_OWNER='***' AIRFLOW_CTX_DAG_ID='product_price_pipeline' AIRFLOW_CTX_TASK_ID='scrape_data' AIRFLOW_CTX_EXECUTION_DATE='2026-02-07T06:35:15.079882+00:00' AIRFLOW_CTX_TRY_NUMBER='1' AIRFLOW_CTX_DAG_RUN_ID='manual__2026-02-07T06:35:15.079882+00:00'
[2026-02-07T06:35:18.286+0000] {taskinstance.py:430} INFO - ::endgroup::
[2026-02-07T06:35:18.419+0000] {subprocess.py:63} INFO - Tmp dir root location: /tmp
[2026-02-07T06:35:18.433+0000] {subprocess.py:75} INFO - Running command: ['/usr/bin/bash', '-c', 'python /opt/***/dags/all_data.py']
[2026-02-07T06:35:18.540+0000] {subprocess.py:86} INFO - Output:
[2026-02-07T06:35:25.518+0000] {subprocess.py:93} INFO - 2026-02-07 06:35:25,517 | INFO | ===== SCRAPING STARTED =====
[2026-02-07T06:35:25.524+0000] {subprocess.py:93} INFO - 2026-02-07 06:35:25,518 | INFO | Starting scrape for category: mobiles
[2026-02-07T06:35:27.263+0000] {subprocess.py:93} INFO - 2026-02-07 06:35:27,262 | INFO | mobiles: Page 1/25
[2026-02-07T06:35:31.645+0000] {subprocess.py:93} INFO - 2026-02-07 06:35:31,644 | INFO | mobiles: Page 2/25
[2026-02-07T06:35:33.739+0000] {subprocess.py:93} INFO - 2026-02-07 06:35:33,738 | INFO | mobiles: Page 3/25
[2026-02-07T06:35:36.178+0000] {subprocess.py:93} INFO - 2026-02-07 06:35:36,177 | INFO | mobiles: Page 4/25
[2026-02-07T06:35:36.887+0000] {subprocess.py:93} INFO - 2026-02-07 06:35:36,887 | INFO | mobiles: Page 5/25
[2026-02-07T06:35:37.801+0000] {subprocess.py:93} INFO - 2026-02-07 06:35:37,801 | INFO | mobiles: Page 6/25
[2026-02-07T06:35:51.308+0000] {subprocess.py:93} INFO - 2026-02-07 06:35:51,307 | INFO | mobiles: Page 7/25
[2026-02-07T06:35:51.824+0000] {subprocess.py:93} INFO - 2026-02-07 06:35:51,824 | INFO | mobiles: Page 8/25
[2026-02-07T06:35:58.604+0000] {subprocess.py:93} INFO - 2026-02-07 06:35:58,603 | INFO | mobiles: Page 9/25
[2026-02-07T06:36:00.836+0000] {subprocess.py:93} INFO - 2026-02-07 06:36:00,835 | INFO | mobiles: Page 10/25
[2026-02-07T06:36:03.001+0000] {subprocess.py:93} INFO - 2026-02-07 06:36:03,000 | INFO | mobiles: Page 11/25
[2026-02-07T06:36:03.785+0000] {subprocess.py:93} INFO - 2026-02-07 06:36:03,785 | INFO | mobiles: Page 12/25
[2026-02-07T06:36:07.826+0000] {subprocess.py:93} INFO - 2026-02-07 06:36:07,826 | INFO | mobiles: Page 13/25
[2026-02-07T06:36:08.579+0000] {subprocess.py:93} INFO - 2026-02-07 06:36:08,578 | INFO | mobiles: Page 14/25
[2026-02-07T06:36:12.103+0000] {subprocess.py:93} INFO - 2026-02-07 06:36:12,103 | INFO | mobiles: Page 15/25
[2026-02-07T06:36:31.908+0000] {subprocess.py:93} INFO - 2026-02-07 06:36:31,907 | INFO | mobiles: Page 16/25
[2026-02-07T06:36:33.171+0000] {subprocess.py:93} INFO - 2026-02-07 06:36:33,171 | INFO | mobiles: Page 17/25
[2026-02-07T06:36:41.154+0000] {subprocess.py:93} INFO - 2026-02-07 06:36:41,153 | INFO | mobiles: Page 18/25
[2026-02-07T06:36:42.120+0000] {subprocess.py:93} INFO - 2026-02-07 06:36:42,119 | INFO | mobiles: Page 19/25
[2026-02-07T06:36:44.703+0000] {subprocess.py:93} INFO - 2026-02-07 06:36:44,702 | INFO | mobiles: Page 20/25
[2026-02-07T06:36:45.260+0000] {subprocess.py:93} INFO - 2026-02-07 06:36:45,260 | INFO | mobiles: Page 21/25
[2026-02-07T06:36:48.159+0000] {subprocess.py:93} INFO - 2026-02-07 06:36:48,158 | INFO | mobiles: Page 22/25
[2026-02-07T06:36:50.194+0000] {subprocess.py:93} INFO - 2026-02-07 06:36:50,193 | INFO | mobiles: Page 23/25
[2026-02-07T06:36:58.132+0000] {subprocess.py:93} INFO - 2026-02-07 06:36:58,131 | INFO | mobiles: Page 24/25
[2026-02-07T06:37:00.403+0000] {subprocess.py:93} INFO - 2026-02-07 06:37:00,403 | INFO | mobiles: Page 25/25
[2026-02-07T06:37:01.377+0000] {subprocess.py:93} INFO - 2026-02-07 06:37:01,376 | INFO | mobiles: Fetching reviews
[2026-02-07T06:38:24.163+0000] {subprocess.py:93} INFO - 2026-02-07 06:38:24,163 | INFO | mobiles: Saved 750 rows to /opt/***/dags/data/raw/mobiles/mobiles_2026-02-07.csv
[2026-02-07T06:38:24.175+0000] {subprocess.py:93} INFO - 2026-02-07 06:38:24,166 | INFO | Starting scrape for category: laptops
[2026-02-07T06:38:25.567+0000] {subprocess.py:93} INFO - 2026-02-07 06:38:25,566 | INFO | laptops: Page 1/14
[2026-02-07T06:38:26.848+0000] {subprocess.py:93} INFO - 2026-02-07 06:38:26,848 | INFO | laptops: Page 2/14
[2026-02-07T06:38:27.556+0000] {subprocess.py:93} INFO - 2026-02-07 06:38:27,556 | INFO | laptops: Page 3/14
[2026-02-07T06:38:28.616+0000] {subprocess.py:93} INFO - 2026-02-07 06:38:28,615 | INFO | laptops: Page 4/14
[2026-02-07T06:38:31.347+0000] {subprocess.py:93} INFO - 2026-02-07 06:38:31,347 | INFO | laptops: Page 5/14
[2026-02-07T06:38:32.181+0000] {subprocess.py:93} INFO - 2026-02-07 06:38:32,181 | INFO | laptops: Page 6/14
[2026-02-07T06:38:32.696+0000] {subprocess.py:93} INFO - 2026-02-07 06:38:32,696 | INFO | laptops: Page 7/14
[2026-02-07T06:38:34.188+0000] {subprocess.py:93} INFO - 2026-02-07 06:38:34,187 | INFO | laptops: Page 8/14
[2026-02-07T06:38:35.355+0000] {subprocess.py:93} INFO - 2026-02-07 06:38:35,354 | INFO | laptops: Page 9/14
[2026-02-07T06:38:36.688+0000] {subprocess.py:93} INFO - 2026-02-07 06:38:36,687 | INFO | laptops: Page 10/14
[2026-02-07T06:38:57.187+0000] {subprocess.py:93} INFO - 2026-02-07 06:38:57,186 | INFO | laptops: Page 11/14
[2026-02-07T06:38:57.982+0000] {subprocess.py:93} INFO - 2026-02-07 06:38:57,982 | INFO | laptops: Page 12/14
[2026-02-07T06:38:59.960+0000] {subprocess.py:93} INFO - 2026-02-07 06:38:59,958 | INFO | laptops: Page 13/14
[2026-02-07T06:39:04.040+0000] {subprocess.py:93} INFO - 2026-02-07 06:39:04,039 | INFO | laptops: Page 14/14
[2026-02-07T06:39:07.541+0000] {subprocess.py:93} INFO - 2026-02-07 06:39:07,540 | INFO | laptops: Fetching reviews
[2026-02-07T06:39:42.885+0000] {subprocess.py:93} INFO - 2026-02-07 06:39:42,884 | INFO | laptops: Saved 420 rows to /opt/***/dags/data/raw/laptops/laptops_2026-02-07.csv
[2026-02-07T06:39:42.889+0000] {subprocess.py:93} INFO - 2026-02-07 06:39:42,888 | INFO | Starting scrape for category: television
[2026-02-07T06:39:46.002+0000] {subprocess.py:93} INFO - 2026-02-07 06:39:46,001 | INFO | television: Page 1/7
[2026-02-07T06:40:15.590+0000] {subprocess.py:93} INFO - 2026-02-07 06:40:15,590 | INFO | television: Page 2/7
[2026-02-07T06:40:24.041+0000] {subprocess.py:93} INFO - 2026-02-07 06:40:24,041 | INFO | television: Page 3/7
[2026-02-07T06:40:26.771+0000] {subprocess.py:93} INFO - 2026-02-07 06:40:26,770 | INFO | television: Page 4/7
[2026-02-07T06:40:28.561+0000] {subprocess.py:93} INFO - 2026-02-07 06:40:28,560 | INFO | television: Page 5/7
[2026-02-07T06:40:31.212+0000] {subprocess.py:93} INFO - 2026-02-07 06:40:31,211 | INFO | television: Page 6/7
[2026-02-07T06:40:40.760+0000] {subprocess.py:93} INFO - 2026-02-07 06:40:40,746 | INFO | television: Page 7/7
[2026-02-07T06:40:46.108+0000] {subprocess.py:93} INFO - 2026-02-07 06:40:46,107 | INFO | television: Fetching reviews
[2026-02-07T06:41:19.263+0000] {subprocess.py:93} INFO - 2026-02-07 06:41:19,262 | INFO | television: Saved 210 rows to /opt/***/dags/data/raw/tvs/television_2026-02-07.csv
[2026-02-07T06:41:19.264+0000] {subprocess.py:93} INFO - 2026-02-07 06:41:19,263 | INFO | Starting scrape for category: refrigerator
[2026-02-07T06:41:21.100+0000] {subprocess.py:93} INFO - 2026-02-07 06:41:21,100 | INFO | refrigerator: Page 1/6
[2026-02-07T06:41:23.071+0000] {subprocess.py:93} INFO - 2026-02-07 06:41:23,070 | INFO | refrigerator: Page 2/6
[2026-02-07T06:41:24.871+0000] {subprocess.py:93} INFO - 2026-02-07 06:41:24,871 | INFO | refrigerator: Page 3/6
[2026-02-07T06:41:25.928+0000] {subprocess.py:93} INFO - 2026-02-07 06:41:25,928 | INFO | refrigerator: Page 4/6
[2026-02-07T06:41:29.067+0000] {subprocess.py:93} INFO - 2026-02-07 06:41:29,066 | INFO | refrigerator: Page 5/6
[2026-02-07T06:41:30.917+0000] {subprocess.py:93} INFO - 2026-02-07 06:41:30,917 | INFO | refrigerator: Page 6/6
[2026-02-07T06:41:34.256+0000] {subprocess.py:93} INFO - 2026-02-07 06:41:34,255 | INFO | refrigerator: Fetching reviews
[2026-02-07T06:41:51.236+0000] {subprocess.py:93} INFO - 2026-02-07 06:41:51,235 | INFO | refrigerator: Saved 180 rows to /opt/***/dags/data/raw/refrigerators/refrigerator_2026-02-07.csv
[2026-02-07T06:41:51.238+0000] {subprocess.py:93} INFO - 2026-02-07 06:41:51,236 | INFO | ===== SCRAPING FINISHED =====
[2026-02-07T06:41:51.636+0000] {subprocess.py:97} INFO - Command exited with return code 0
[2026-02-07T06:41:51.661+0000] {taskinstance.py:441} INFO - ::group::Post task execution logs
[2026-02-07T06:41:51.961+0000] {taskinstance.py:1206} INFO - Marking task as SUCCESS. dag_id=product_price_pipeline, task_id=scrape_data, run_id=manual__2026-02-07T06:35:15.079882+00:00, execution_date=20260207T063515, start_date=20260207T063517, end_date=20260207T064151
[2026-02-07T06:41:52.126+0000] {local_task_job_runner.py:243} INFO - Task exited with return code 0
[2026-02-07T06:41:52.296+0000] {taskinstance.py:3503} INFO - 1 downstream tasks scheduled from follow-on schedule check
[2026-02-07T06:41:52.300+0000] {local_task_job_runner.py:222} INFO - ::endgroup::
