[2026-02-07T07:42:08.524+0000] {local_task_job_runner.py:120} INFO - ::group::Pre task execution logs
[2026-02-07T07:42:08.584+0000] {taskinstance.py:2076} INFO - Dependencies all met for dep_context=non-requeueable deps ti=<TaskInstance: product_price_pipeline.load_to_postgres manual__2026-02-07T07:39:23.394865+00:00 [queued]>
[2026-02-07T07:42:08.602+0000] {taskinstance.py:2076} INFO - Dependencies all met for dep_context=requeueable deps ti=<TaskInstance: product_price_pipeline.load_to_postgres manual__2026-02-07T07:39:23.394865+00:00 [queued]>
[2026-02-07T07:42:08.604+0000] {taskinstance.py:2306} INFO - Starting attempt 1 of 2
[2026-02-07T07:42:08.627+0000] {taskinstance.py:2330} INFO - Executing <Task(BashOperator): load_to_postgres> on 2026-02-07 07:39:23.394865+00:00
[2026-02-07T07:42:08.643+0000] {standard_task_runner.py:90} INFO - Running: ['***', 'tasks', 'run', 'product_price_pipeline', 'load_to_postgres', 'manual__2026-02-07T07:39:23.394865+00:00', '--job-id', '88', '--raw', '--subdir', 'DAGS_FOLDER/product_pipeline_dag.py', '--cfg-path', '/tmp/tmp8wg2sf8s']
[2026-02-07T07:42:08.648+0000] {standard_task_runner.py:91} INFO - Job 88: Subtask load_to_postgres
[2026-02-07T07:42:08.649+0000] {logging_mixin.py:188} WARNING - /home/***/.local/lib/python3.12/site-packages/***/task/task_runner/standard_task_runner.py:62 DeprecationWarning: This process (pid=263) is multi-threaded, use of fork() may lead to deadlocks in the child.
[2026-02-07T07:42:08.651+0000] {standard_task_runner.py:64} INFO - Started process 264 to run task
[2026-02-07T07:42:08.824+0000] {task_command.py:426} INFO - Running <TaskInstance: product_price_pipeline.load_to_postgres manual__2026-02-07T07:39:23.394865+00:00 [running]> on host ed971536d6e0
[2026-02-07T07:42:09.019+0000] {taskinstance.py:2648} INFO - Exporting env vars: AIRFLOW_CTX_DAG_OWNER='***' AIRFLOW_CTX_DAG_ID='product_price_pipeline' AIRFLOW_CTX_TASK_ID='load_to_postgres' AIRFLOW_CTX_EXECUTION_DATE='2026-02-07T07:39:23.394865+00:00' AIRFLOW_CTX_TRY_NUMBER='1' AIRFLOW_CTX_DAG_RUN_ID='manual__2026-02-07T07:39:23.394865+00:00'
[2026-02-07T07:42:09.023+0000] {taskinstance.py:430} INFO - ::endgroup::
[2026-02-07T07:42:09.045+0000] {subprocess.py:63} INFO - Tmp dir root location: /tmp
[2026-02-07T07:42:09.052+0000] {subprocess.py:75} INFO - Running command: ['/usr/bin/bash', '-c', 'python /opt/***/dags/scripts/load_to_db.py']
[2026-02-07T07:42:09.081+0000] {subprocess.py:86} INFO - Output:
[2026-02-07T07:42:09.452+0000] {subprocess.py:93} INFO - python: can't open file '/tmp/***tmpmdprfbyf/scripts/loaders/load_mobiles.py': [Errno 2] No such file or directory
[2026-02-07T07:42:09.549+0000] {subprocess.py:93} INFO - python: can't open file '/tmp/***tmpmdprfbyf/scripts/loaders/load_laptops.py': [Errno 2] No such file or directory
[2026-02-07T07:42:09.654+0000] {subprocess.py:93} INFO - python: can't open file '/tmp/***tmpmdprfbyf/scripts/loaders/load_refrigerators.py': [Errno 2] No such file or directory
[2026-02-07T07:42:09.743+0000] {subprocess.py:93} INFO - python: can't open file '/tmp/***tmpmdprfbyf/scripts/loaders/load_tvs.py': [Errno 2] No such file or directory
[2026-02-07T07:42:09.828+0000] {subprocess.py:93} INFO - python: can't open file '/tmp/***tmpmdprfbyf/scripts/loaders/load_products_main.py': [Errno 2] No such file or directory
[2026-02-07T07:42:09.834+0000] {subprocess.py:93} INFO - Starting loading stage...
[2026-02-07T07:42:09.835+0000] {subprocess.py:93} INFO - Loading stage completed.
[2026-02-07T07:42:09.840+0000] {subprocess.py:97} INFO - Command exited with return code 0
[2026-02-07T07:42:09.844+0000] {taskinstance.py:441} INFO - ::group::Post task execution logs
[2026-02-07T07:42:09.882+0000] {taskinstance.py:1206} INFO - Marking task as SUCCESS. dag_id=product_price_pipeline, task_id=load_to_postgres, run_id=manual__2026-02-07T07:39:23.394865+00:00, execution_date=20260207T073923, start_date=20260207T074208, end_date=20260207T074209
[2026-02-07T07:42:09.916+0000] {local_task_job_runner.py:243} INFO - Task exited with return code 0
[2026-02-07T07:42:09.944+0000] {taskinstance.py:3503} INFO - 0 downstream tasks scheduled from follow-on schedule check
[2026-02-07T07:42:09.950+0000] {local_task_job_runner.py:222} INFO - ::endgroup::
