[2026-02-07T06:32:55.433+0000] {local_task_job_runner.py:120} INFO - ::group::Pre task execution logs
[2026-02-07T06:32:56.381+0000] {taskinstance.py:2076} INFO - Dependencies all met for dep_context=non-requeueable deps ti=<TaskInstance: product_price_pipeline.load_to_postgres scheduled__2026-02-05T21:00:00+00:00 [queued]>
[2026-02-07T06:32:56.486+0000] {taskinstance.py:2076} INFO - Dependencies all met for dep_context=requeueable deps ti=<TaskInstance: product_price_pipeline.load_to_postgres scheduled__2026-02-05T21:00:00+00:00 [queued]>
[2026-02-07T06:32:56.490+0000] {taskinstance.py:2306} INFO - Starting attempt 2 of 2
[2026-02-07T06:32:56.728+0000] {taskinstance.py:2330} INFO - Executing <Task(BashOperator): load_to_postgres> on 2026-02-05 21:00:00+00:00
[2026-02-07T06:32:56.884+0000] {logging_mixin.py:188} WARNING - /home/***/.local/lib/python3.12/site-packages/***/task/task_runner/standard_task_runner.py:62 DeprecationWarning: This process (pid=357) is multi-threaded, use of fork() may lead to deadlocks in the child.
[2026-02-07T06:32:56.861+0000] {standard_task_runner.py:90} INFO - Running: ['***', 'tasks', 'run', 'product_price_pipeline', 'load_to_postgres', 'scheduled__2026-02-05T21:00:00+00:00', '--job-id', '74', '--raw', '--subdir', 'DAGS_FOLDER/product_pipeline_dag.py', '--cfg-path', '/tmp/tmphnr72utb']
[2026-02-07T06:32:56.889+0000] {standard_task_runner.py:91} INFO - Job 74: Subtask load_to_postgres
[2026-02-07T06:32:56.887+0000] {standard_task_runner.py:64} INFO - Started process 364 to run task
[2026-02-07T06:32:57.385+0000] {task_command.py:426} INFO - Running <TaskInstance: product_price_pipeline.load_to_postgres scheduled__2026-02-05T21:00:00+00:00 [running]> on host 19af76d7baae
[2026-02-07T06:32:59.220+0000] {taskinstance.py:2648} INFO - Exporting env vars: AIRFLOW_CTX_DAG_OWNER='***' AIRFLOW_CTX_DAG_ID='product_price_pipeline' AIRFLOW_CTX_TASK_ID='load_to_postgres' AIRFLOW_CTX_EXECUTION_DATE='2026-02-05T21:00:00+00:00' AIRFLOW_CTX_TRY_NUMBER='2' AIRFLOW_CTX_DAG_RUN_ID='scheduled__2026-02-05T21:00:00+00:00'
[2026-02-07T06:32:59.226+0000] {taskinstance.py:430} INFO - ::endgroup::
[2026-02-07T06:32:59.480+0000] {subprocess.py:63} INFO - Tmp dir root location: /tmp
[2026-02-07T06:32:59.505+0000] {subprocess.py:75} INFO - Running command: ['/usr/bin/bash', '-c', 'python /opt/***/scripts/load_to_db.py']
[2026-02-07T06:32:59.663+0000] {subprocess.py:86} INFO - Output:
[2026-02-07T06:33:01.813+0000] {subprocess.py:93} INFO - python: can't open file '/opt/***/scripts/load_to_db.py': [Errno 2] No such file or directory
[2026-02-07T06:33:01.852+0000] {subprocess.py:97} INFO - Command exited with return code 2
[2026-02-07T06:33:01.862+0000] {taskinstance.py:441} INFO - ::group::Post task execution logs
[2026-02-07T06:33:01.942+0000] {taskinstance.py:2905} ERROR - Task failed with exception
Traceback (most recent call last):
  File "/home/airflow/.local/lib/python3.12/site-packages/airflow/models/taskinstance.py", line 465, in _execute_task
    result = _execute_callable(context=context, **execute_callable_kwargs)
             ^^^^^^^^^^^^^^^^^^^^^^^^^^^^^^^^^^^^^^^^^^^^^^^^^^^^^^^^^^^^^
  File "/home/airflow/.local/lib/python3.12/site-packages/airflow/models/taskinstance.py", line 432, in _execute_callable
    return execute_callable(context=context, **execute_callable_kwargs)
           ^^^^^^^^^^^^^^^^^^^^^^^^^^^^^^^^^^^^^^^^^^^^^^^^^^^^^^^^^^^^
  File "/home/airflow/.local/lib/python3.12/site-packages/airflow/models/baseoperator.py", line 401, in wrapper
    return func(self, *args, **kwargs)
           ^^^^^^^^^^^^^^^^^^^^^^^^^^^
  File "/home/airflow/.local/lib/python3.12/site-packages/airflow/operators/bash.py", line 243, in execute
    raise AirflowException(
airflow.exceptions.AirflowException: Bash command failed. The command returned a non-zero exit code 2.
[2026-02-07T06:33:01.976+0000] {taskinstance.py:1206} INFO - Marking task as FAILED. dag_id=product_price_pipeline, task_id=load_to_postgres, run_id=scheduled__2026-02-05T21:00:00+00:00, execution_date=20260205T210000, start_date=20260207T063256, end_date=20260207T063301
[2026-02-07T06:33:02.069+0000] {standard_task_runner.py:110} ERROR - Failed to execute job 74 for task load_to_postgres (Bash command failed. The command returned a non-zero exit code 2.; 364)
[2026-02-07T06:33:02.114+0000] {local_task_job_runner.py:243} INFO - Task exited with return code 1
[2026-02-07T06:33:02.213+0000] {taskinstance.py:3503} INFO - 0 downstream tasks scheduled from follow-on schedule check
[2026-02-07T06:33:02.222+0000] {local_task_job_runner.py:222} INFO - ::endgroup::
