[2026-02-07T06:00:42.372+0000] {local_task_job_runner.py:120} INFO - ::group::Pre task execution logs
[2026-02-07T06:00:42.436+0000] {taskinstance.py:2076} INFO - Dependencies all met for dep_context=non-requeueable deps ti=<TaskInstance: product_price_pipeline.load_to_postgres scheduled__2026-02-05T21:00:00+00:00 [queued]>
[2026-02-07T06:00:42.454+0000] {taskinstance.py:2076} INFO - Dependencies all met for dep_context=requeueable deps ti=<TaskInstance: product_price_pipeline.load_to_postgres scheduled__2026-02-05T21:00:00+00:00 [queued]>
[2026-02-07T06:00:42.459+0000] {taskinstance.py:2306} INFO - Starting attempt 1 of 2
[2026-02-07T06:00:42.498+0000] {taskinstance.py:2330} INFO - Executing <Task(BashOperator): load_to_postgres> on 2026-02-05 21:00:00+00:00
[2026-02-07T06:00:42.518+0000] {standard_task_runner.py:90} INFO - Running: ['***', 'tasks', 'run', 'product_price_pipeline', 'load_to_postgres', 'scheduled__2026-02-05T21:00:00+00:00', '--job-id', '72', '--raw', '--subdir', 'DAGS_FOLDER/product_pipeline_dag.py', '--cfg-path', '/tmp/tmpqz6zxnc7']
[2026-02-07T06:00:42.523+0000] {logging_mixin.py:188} WARNING - /home/***/.local/lib/python3.12/site-packages/***/task/task_runner/standard_task_runner.py:62 DeprecationWarning: This process (pid=310) is multi-threaded, use of fork() may lead to deadlocks in the child.
[2026-02-07T06:00:42.525+0000] {standard_task_runner.py:91} INFO - Job 72: Subtask load_to_postgres
[2026-02-07T06:00:42.526+0000] {standard_task_runner.py:64} INFO - Started process 313 to run task
[2026-02-07T06:00:42.691+0000] {task_command.py:426} INFO - Running <TaskInstance: product_price_pipeline.load_to_postgres scheduled__2026-02-05T21:00:00+00:00 [running]> on host 19af76d7baae
[2026-02-07T06:00:42.903+0000] {taskinstance.py:2648} INFO - Exporting env vars: AIRFLOW_CTX_DAG_OWNER='***' AIRFLOW_CTX_DAG_ID='product_price_pipeline' AIRFLOW_CTX_TASK_ID='load_to_postgres' AIRFLOW_CTX_EXECUTION_DATE='2026-02-05T21:00:00+00:00' AIRFLOW_CTX_TRY_NUMBER='1' AIRFLOW_CTX_DAG_RUN_ID='scheduled__2026-02-05T21:00:00+00:00'
[2026-02-07T06:00:42.906+0000] {taskinstance.py:430} INFO - ::endgroup::
[2026-02-07T06:00:42.955+0000] {subprocess.py:63} INFO - Tmp dir root location: /tmp
[2026-02-07T06:00:42.966+0000] {subprocess.py:75} INFO - Running command: ['/usr/bin/bash', '-c', 'python /opt/***/scripts/load_to_db.py']
[2026-02-07T06:00:43.003+0000] {subprocess.py:86} INFO - Output:
[2026-02-07T06:00:43.203+0000] {subprocess.py:93} INFO - python: can't open file '/opt/***/scripts/load_to_db.py': [Errno 2] No such file or directory
[2026-02-07T06:00:43.215+0000] {subprocess.py:97} INFO - Command exited with return code 2
[2026-02-07T06:00:43.226+0000] {taskinstance.py:441} INFO - ::group::Post task execution logs
[2026-02-07T06:00:43.255+0000] {taskinstance.py:2905} ERROR - Task failed with exception
Traceback (most recent call last):
  File "/home/airflow/.local/lib/python3.12/site-packages/airflow/models/taskinstance.py", line 465, in _execute_task
    result = _execute_callable(context=context, **execute_callable_kwargs)
             ^^^^^^^^^^^^^^^^^^^^^^^^^^^^^^^^^^^^^^^^^^^^^^^^^^^^^^^^^^^^^
  File "/home/airflow/.local/lib/python3.12/site-packages/airflow/models/taskinstance.py", line 432, in _execute_callable
    return execute_callable(context=context, **execute_callable_kwargs)
           ^^^^^^^^^^^^^^^^^^^^^^^^^^^^^^^^^^^^^^^^^^^^^^^^^^^^^^^^^^^^
  File "/home/airflow/.local/lib/python3.12/site-packages/airflow/models/baseoperator.py", line 401, in wrapper
    return func(self, *args, **kwargs)
           ^^^^^^^^^^^^^^^^^^^^^^^^^^^
  File "/home/airflow/.local/lib/python3.12/site-packages/airflow/operators/bash.py", line 243, in execute
    raise AirflowException(
airflow.exceptions.AirflowException: Bash command failed. The command returned a non-zero exit code 2.
[2026-02-07T06:00:43.274+0000] {taskinstance.py:1206} INFO - Marking task as UP_FOR_RETRY. dag_id=product_price_pipeline, task_id=load_to_postgres, run_id=scheduled__2026-02-05T21:00:00+00:00, execution_date=20260205T210000, start_date=20260207T060042, end_date=20260207T060043
[2026-02-07T06:00:43.331+0000] {standard_task_runner.py:110} ERROR - Failed to execute job 72 for task load_to_postgres (Bash command failed. The command returned a non-zero exit code 2.; 313)
[2026-02-07T06:00:43.362+0000] {local_task_job_runner.py:243} INFO - Task exited with return code 1
[2026-02-07T06:00:43.412+0000] {taskinstance.py:3503} INFO - 0 downstream tasks scheduled from follow-on schedule check
[2026-02-07T06:00:43.416+0000] {local_task_job_runner.py:222} INFO - ::endgroup::
[2026-02-07T06:48:05.314+0000] {local_task_job_runner.py:120} INFO - ::group::Pre task execution logs
[2026-02-07T06:48:05.371+0000] {taskinstance.py:2076} INFO - Dependencies all met for dep_context=non-requeueable deps ti=<TaskInstance: product_price_pipeline.load_to_postgres scheduled__2026-02-05T21:00:00+00:00 [queued]>
[2026-02-07T06:48:05.385+0000] {taskinstance.py:2076} INFO - Dependencies all met for dep_context=requeueable deps ti=<TaskInstance: product_price_pipeline.load_to_postgres scheduled__2026-02-05T21:00:00+00:00 [queued]>
[2026-02-07T06:48:05.386+0000] {taskinstance.py:2306} INFO - Starting attempt 1 of 2
[2026-02-07T06:48:05.409+0000] {taskinstance.py:2330} INFO - Executing <Task(BashOperator): load_to_postgres> on 2026-02-05 21:00:00+00:00
[2026-02-07T06:48:05.423+0000] {standard_task_runner.py:90} INFO - Running: ['***', 'tasks', 'run', 'product_price_pipeline', 'load_to_postgres', 'scheduled__2026-02-05T21:00:00+00:00', '--job-id', '83', '--raw', '--subdir', 'DAGS_FOLDER/product_pipeline_dag.py', '--cfg-path', '/tmp/tmpt5mt4xjt']
[2026-02-07T06:48:05.428+0000] {standard_task_runner.py:91} INFO - Job 83: Subtask load_to_postgres
[2026-02-07T06:48:05.428+0000] {logging_mixin.py:188} WARNING - /home/***/.local/lib/python3.12/site-packages/***/task/task_runner/standard_task_runner.py:62 DeprecationWarning: This process (pid=561) is multi-threaded, use of fork() may lead to deadlocks in the child.
[2026-02-07T06:48:05.429+0000] {standard_task_runner.py:64} INFO - Started process 562 to run task
[2026-02-07T06:48:05.536+0000] {task_command.py:426} INFO - Running <TaskInstance: product_price_pipeline.load_to_postgres scheduled__2026-02-05T21:00:00+00:00 [running]> on host 19af76d7baae
[2026-02-07T06:48:05.672+0000] {taskinstance.py:2648} INFO - Exporting env vars: AIRFLOW_CTX_DAG_OWNER='***' AIRFLOW_CTX_DAG_ID='product_price_pipeline' AIRFLOW_CTX_TASK_ID='load_to_postgres' AIRFLOW_CTX_EXECUTION_DATE='2026-02-05T21:00:00+00:00' AIRFLOW_CTX_TRY_NUMBER='1' AIRFLOW_CTX_DAG_RUN_ID='scheduled__2026-02-05T21:00:00+00:00'
[2026-02-07T06:48:05.674+0000] {taskinstance.py:430} INFO - ::endgroup::
[2026-02-07T06:48:05.700+0000] {subprocess.py:63} INFO - Tmp dir root location: /tmp
[2026-02-07T06:48:05.703+0000] {subprocess.py:75} INFO - Running command: ['/usr/bin/bash', '-c', 'python /opt/***/dags/scripts/load_to_db.py']
[2026-02-07T06:48:05.724+0000] {subprocess.py:86} INFO - Output:
[2026-02-07T06:48:06.093+0000] {subprocess.py:93} INFO - python: can't open file '/tmp/***tmpyf3o8m1n/scripts/loaders/load_mobiles.py': [Errno 2] No such file or directory
[2026-02-07T06:48:06.201+0000] {subprocess.py:93} INFO - python: can't open file '/tmp/***tmpyf3o8m1n/scripts/loaders/load_laptops.py': [Errno 2] No such file or directory
[2026-02-07T06:48:06.301+0000] {subprocess.py:93} INFO - python: can't open file '/tmp/***tmpyf3o8m1n/scripts/loaders/load_refrigerators.py': [Errno 2] No such file or directory
[2026-02-07T06:48:06.420+0000] {subprocess.py:93} INFO - python: can't open file '/tmp/***tmpyf3o8m1n/scripts/loaders/load_tvs.py': [Errno 2] No such file or directory
[2026-02-07T06:48:06.537+0000] {subprocess.py:93} INFO - python: can't open file '/tmp/***tmpyf3o8m1n/scripts/loaders/load_products_main.py': [Errno 2] No such file or directory
[2026-02-07T06:48:06.543+0000] {subprocess.py:93} INFO - Starting loading stage...
[2026-02-07T06:48:06.545+0000] {subprocess.py:93} INFO - Loading stage completed.
[2026-02-07T06:48:06.552+0000] {subprocess.py:97} INFO - Command exited with return code 0
[2026-02-07T06:48:06.555+0000] {taskinstance.py:441} INFO - ::group::Post task execution logs
[2026-02-07T06:48:06.602+0000] {taskinstance.py:1206} INFO - Marking task as SUCCESS. dag_id=product_price_pipeline, task_id=load_to_postgres, run_id=scheduled__2026-02-05T21:00:00+00:00, execution_date=20260205T210000, start_date=20260207T064805, end_date=20260207T064806
[2026-02-07T06:48:06.649+0000] {local_task_job_runner.py:243} INFO - Task exited with return code 0
[2026-02-07T06:48:06.683+0000] {taskinstance.py:3503} INFO - 0 downstream tasks scheduled from follow-on schedule check
[2026-02-07T06:48:06.687+0000] {local_task_job_runner.py:222} INFO - ::endgroup::
