[2026-02-12T12:57:31.947+0000] {local_task_job_runner.py:120} INFO - ::group::Pre task execution logs
[2026-02-12T12:57:32.252+0000] {taskinstance.py:2076} INFO - Dependencies all met for dep_context=non-requeueable deps ti=<TaskInstance: product_price_pipeline.clean_refrigerators manual__2026-02-12T12:57:27.846504+00:00 [queued]>
[2026-02-12T12:57:32.280+0000] {taskinstance.py:2076} INFO - Dependencies all met for dep_context=requeueable deps ti=<TaskInstance: product_price_pipeline.clean_refrigerators manual__2026-02-12T12:57:27.846504+00:00 [queued]>
[2026-02-12T12:57:32.282+0000] {taskinstance.py:2306} INFO - Starting attempt 1 of 2
[2026-02-12T12:57:32.330+0000] {taskinstance.py:2330} INFO - Executing <Task(BashOperator): clean_refrigerators> on 2026-02-12 12:57:27.846504+00:00
[2026-02-12T12:57:32.398+0000] {standard_task_runner.py:90} INFO - Running: ['***', 'tasks', 'run', 'product_price_pipeline', 'clean_refrigerators', 'manual__2026-02-12T12:57:27.846504+00:00', '--job-id', '34', '--raw', '--subdir', 'DAGS_FOLDER/product_pipeline_dag.py', '--cfg-path', '/tmp/tmpb0g6es4i']
[2026-02-12T12:57:32.404+0000] {logging_mixin.py:188} WARNING - /home/***/.local/lib/python3.12/site-packages/***/task/task_runner/standard_task_runner.py:62 DeprecationWarning: This process (pid=338) is multi-threaded, use of fork() may lead to deadlocks in the child.
[2026-02-12T12:57:32.408+0000] {standard_task_runner.py:91} INFO - Job 34: Subtask clean_refrigerators
[2026-02-12T12:57:32.409+0000] {standard_task_runner.py:64} INFO - Started process 362 to run task
[2026-02-12T12:57:32.994+0000] {task_command.py:426} INFO - Running <TaskInstance: product_price_pipeline.clean_refrigerators manual__2026-02-12T12:57:27.846504+00:00 [running]> on host c60d58c1c60d
[2026-02-12T12:57:35.375+0000] {taskinstance.py:2648} INFO - Exporting env vars: AIRFLOW_CTX_DAG_OWNER='***' AIRFLOW_CTX_DAG_ID='product_price_pipeline' AIRFLOW_CTX_TASK_ID='clean_refrigerators' AIRFLOW_CTX_EXECUTION_DATE='2026-02-12T12:57:27.846504+00:00' AIRFLOW_CTX_TRY_NUMBER='1' AIRFLOW_CTX_DAG_RUN_ID='manual__2026-02-12T12:57:27.846504+00:00'
[2026-02-12T12:57:35.378+0000] {taskinstance.py:430} INFO - ::endgroup::
[2026-02-12T12:57:35.494+0000] {subprocess.py:63} INFO - Tmp dir root location: /tmp
[2026-02-12T12:57:35.506+0000] {subprocess.py:75} INFO - Running command: ['/usr/bin/bash', '-c', 'python /opt/***/dags/scripts/cleaning/clean_refrigerators.py']
[2026-02-12T12:57:35.651+0000] {subprocess.py:86} INFO - Output:
[2026-02-12T12:57:40.638+0000] {subprocess.py:93} INFO - 🔥 clean_refrigerators.py STARTED 🔥
[2026-02-12T12:57:40.640+0000] {subprocess.py:93} INFO - 📥 INPUT FILE: /opt/***/dags/data/raw/refrigerators/refrigerator_2026-02-11.csv
[2026-02-12T12:57:40.643+0000] {subprocess.py:93} INFO - 📊 Rows loaded: 180
[2026-02-12T12:57:40.650+0000] {subprocess.py:93} INFO - ✅ CLEAN FILE SAVED: /opt/***/dags/data/clean/refrigerators_cleaned_refrigerator_2026-02-11.csv
[2026-02-12T12:57:40.652+0000] {subprocess.py:93} INFO - 🔥 clean_refrigerators.py FINISHED 🔥
[2026-02-12T12:57:40.982+0000] {subprocess.py:97} INFO - Command exited with return code 0
[2026-02-12T12:57:40.998+0000] {taskinstance.py:441} INFO - ::group::Post task execution logs
[2026-02-12T12:57:41.123+0000] {taskinstance.py:1206} INFO - Marking task as SUCCESS. dag_id=product_price_pipeline, task_id=clean_refrigerators, run_id=manual__2026-02-12T12:57:27.846504+00:00, execution_date=20260212T125727, start_date=20260212T125732, end_date=20260212T125741
[2026-02-12T12:57:41.225+0000] {local_task_job_runner.py:243} INFO - Task exited with return code 0
[2026-02-12T12:57:41.253+0000] {local_task_job_runner.py:222} INFO - ::endgroup::
