[2026-02-07T06:00:39.549+0000] {local_task_job_runner.py:120} INFO - ::group::Pre task execution logs
[2026-02-07T06:00:39.621+0000] {taskinstance.py:2076} INFO - Dependencies all met for dep_context=non-requeueable deps ti=<TaskInstance: product_price_pipeline.create_main_table manual__2026-02-07T05:58:38.953445+00:00 [queued]>
[2026-02-07T06:00:39.641+0000] {taskinstance.py:2076} INFO - Dependencies all met for dep_context=requeueable deps ti=<TaskInstance: product_price_pipeline.create_main_table manual__2026-02-07T05:58:38.953445+00:00 [queued]>
[2026-02-07T06:00:39.644+0000] {taskinstance.py:2306} INFO - Starting attempt 1 of 2
[2026-02-07T06:00:39.693+0000] {taskinstance.py:2330} INFO - Executing <Task(BashOperator): create_main_table> on 2026-02-07 05:58:38.953445+00:00
[2026-02-07T06:00:39.747+0000] {logging_mixin.py:188} WARNING - /home/***/.local/lib/python3.12/site-packages/***/task/task_runner/standard_task_runner.py:62 DeprecationWarning: This process (pid=295) is multi-threaded, use of fork() may lead to deadlocks in the child.
[2026-02-07T06:00:39.741+0000] {standard_task_runner.py:90} INFO - Running: ['***', 'tasks', 'run', 'product_price_pipeline', 'create_main_table', 'manual__2026-02-07T05:58:38.953445+00:00', '--job-id', '69', '--raw', '--subdir', 'DAGS_FOLDER/product_pipeline_dag.py', '--cfg-path', '/tmp/tmp_ace51f6']
[2026-02-07T06:00:39.750+0000] {standard_task_runner.py:64} INFO - Started process 297 to run task
[2026-02-07T06:00:39.750+0000] {standard_task_runner.py:91} INFO - Job 69: Subtask create_main_table
[2026-02-07T06:00:39.982+0000] {task_command.py:426} INFO - Running <TaskInstance: product_price_pipeline.create_main_table manual__2026-02-07T05:58:38.953445+00:00 [running]> on host 19af76d7baae
[2026-02-07T06:00:40.201+0000] {taskinstance.py:2648} INFO - Exporting env vars: AIRFLOW_CTX_DAG_OWNER='***' AIRFLOW_CTX_DAG_ID='product_price_pipeline' AIRFLOW_CTX_TASK_ID='create_main_table' AIRFLOW_CTX_EXECUTION_DATE='2026-02-07T05:58:38.953445+00:00' AIRFLOW_CTX_TRY_NUMBER='1' AIRFLOW_CTX_DAG_RUN_ID='manual__2026-02-07T05:58:38.953445+00:00'
[2026-02-07T06:00:40.204+0000] {taskinstance.py:430} INFO - ::endgroup::
[2026-02-07T06:00:40.235+0000] {subprocess.py:63} INFO - Tmp dir root location: /tmp
[2026-02-07T06:00:40.243+0000] {subprocess.py:75} INFO - Running command: ['/usr/bin/bash', '-c', 'python /opt/***/dags/scripts/load_to_db.py']
[2026-02-07T06:00:40.259+0000] {subprocess.py:86} INFO - Output:
[2026-02-07T06:00:40.870+0000] {subprocess.py:93} INFO - python: can't open file '/tmp/***tmp0xh2e6rd/scripts/loaders/load_mobiles.py': [Errno 2] No such file or directory
[2026-02-07T06:00:40.978+0000] {subprocess.py:93} INFO - python: can't open file '/tmp/***tmp0xh2e6rd/scripts/loaders/load_laptops.py': [Errno 2] No such file or directory
[2026-02-07T06:00:41.101+0000] {subprocess.py:93} INFO - python: can't open file '/tmp/***tmp0xh2e6rd/scripts/loaders/load_refrigerators.py': [Errno 2] No such file or directory
[2026-02-07T06:00:41.228+0000] {subprocess.py:93} INFO - python: can't open file '/tmp/***tmp0xh2e6rd/scripts/loaders/load_tvs.py': [Errno 2] No such file or directory
[2026-02-07T06:00:41.344+0000] {subprocess.py:93} INFO - python: can't open file '/tmp/***tmp0xh2e6rd/scripts/loaders/load_products_main.py': [Errno 2] No such file or directory
[2026-02-07T06:00:41.352+0000] {subprocess.py:93} INFO - Starting loading stage...
[2026-02-07T06:00:41.354+0000] {subprocess.py:93} INFO - Loading stage completed.
[2026-02-07T06:00:41.360+0000] {subprocess.py:97} INFO - Command exited with return code 0
[2026-02-07T06:00:41.377+0000] {taskinstance.py:441} INFO - ::group::Post task execution logs
[2026-02-07T06:00:41.461+0000] {taskinstance.py:1206} INFO - Marking task as SUCCESS. dag_id=product_price_pipeline, task_id=create_main_table, run_id=manual__2026-02-07T05:58:38.953445+00:00, execution_date=20260207T055838, start_date=20260207T060039, end_date=20260207T060041
[2026-02-07T06:00:41.541+0000] {local_task_job_runner.py:243} INFO - Task exited with return code 0
[2026-02-07T06:00:41.595+0000] {taskinstance.py:3503} INFO - 1 downstream tasks scheduled from follow-on schedule check
[2026-02-07T06:00:41.601+0000] {local_task_job_runner.py:222} INFO - ::endgroup::
