[2026-02-13T03:51:11.474+0000] {local_task_job_runner.py:120} INFO - ::group::Pre task execution logs
[2026-02-13T03:51:12.130+0000] {taskinstance.py:2076} INFO - Dependencies all met for dep_context=non-requeueable deps ti=<TaskInstance: product_price_pipeline.clean_tvs scheduled__2026-02-12T00:00:00+00:00 [queued]>
[2026-02-13T03:51:12.212+0000] {taskinstance.py:2076} INFO - Dependencies all met for dep_context=requeueable deps ti=<TaskInstance: product_price_pipeline.clean_tvs scheduled__2026-02-12T00:00:00+00:00 [queued]>
[2026-02-13T03:51:12.215+0000] {taskinstance.py:2306} INFO - Starting attempt 1 of 2
[2026-02-13T03:51:12.367+0000] {taskinstance.py:2330} INFO - Executing <Task(BashOperator): clean_tvs> on 2026-02-12 00:00:00+00:00
[2026-02-13T03:51:12.612+0000] {standard_task_runner.py:90} INFO - Running: ['***', 'tasks', 'run', 'product_price_pipeline', 'clean_tvs', 'scheduled__2026-02-12T00:00:00+00:00', '--job-id', '97', '--raw', '--subdir', 'DAGS_FOLDER/product_pipeline_dag.py', '--cfg-path', '/tmp/tmpi2kagrn6']
[2026-02-13T03:51:12.643+0000] {standard_task_runner.py:91} INFO - Job 97: Subtask clean_tvs
[2026-02-13T03:51:12.666+0000] {logging_mixin.py:188} WARNING - /home/***/.local/lib/python3.12/site-packages/***/task/task_runner/standard_task_runner.py:62 DeprecationWarning: This process (pid=5950) is multi-threaded, use of fork() may lead to deadlocks in the child.
[2026-02-13T03:51:12.669+0000] {standard_task_runner.py:64} INFO - Started process 5961 to run task
[2026-02-13T03:51:13.863+0000] {task_command.py:426} INFO - Running <TaskInstance: product_price_pipeline.clean_tvs scheduled__2026-02-12T00:00:00+00:00 [running]> on host 8ede547b0251
[2026-02-13T03:51:16.961+0000] {taskinstance.py:2648} INFO - Exporting env vars: AIRFLOW_CTX_DAG_OWNER='***' AIRFLOW_CTX_DAG_ID='product_price_pipeline' AIRFLOW_CTX_TASK_ID='clean_tvs' AIRFLOW_CTX_EXECUTION_DATE='2026-02-12T00:00:00+00:00' AIRFLOW_CTX_TRY_NUMBER='1' AIRFLOW_CTX_DAG_RUN_ID='scheduled__2026-02-12T00:00:00+00:00'
[2026-02-13T03:51:16.978+0000] {taskinstance.py:430} INFO - ::endgroup::
[2026-02-13T03:51:18.203+0000] {subprocess.py:63} INFO - Tmp dir root location: /tmp
[2026-02-13T03:51:18.279+0000] {subprocess.py:75} INFO - Running command: ['/usr/bin/bash', '-c', 'python /opt/***/dags/scripts/cleaning/clean_tvs.py']
[2026-02-13T03:51:18.926+0000] {subprocess.py:86} INFO - Output:
[2026-02-13T03:51:47.517+0000] {subprocess.py:93} INFO - 🔥 clean_tvs.py STARTED 🔥
[2026-02-13T03:51:47.791+0000] {subprocess.py:93} INFO - 📥 INPUT FILE: /opt/***/dags/data/raw/tvs/television_2026-02-11.csv
[2026-02-13T03:51:47.883+0000] {subprocess.py:93} INFO - 📊 Rows loaded: 210
[2026-02-13T03:51:48.006+0000] {subprocess.py:93} INFO - ✅ CLEAN FILE SAVED: /opt/***/dags/data/clean/tvs_cleaned_television_2026-02-11.csv
[2026-02-13T03:51:48.081+0000] {subprocess.py:93} INFO - 🔥 clean_tvs.py FINISHED 🔥
[2026-02-13T03:51:49.520+0000] {subprocess.py:97} INFO - Command exited with return code 0
[2026-02-13T03:51:49.769+0000] {taskinstance.py:441} INFO - ::group::Post task execution logs
[2026-02-13T03:51:52.627+0000] {taskinstance.py:1206} INFO - Marking task as SUCCESS. dag_id=product_price_pipeline, task_id=clean_tvs, run_id=scheduled__2026-02-12T00:00:00+00:00, execution_date=20260212T000000, start_date=20260213T035112, end_date=20260213T035152
[2026-02-13T03:51:53.390+0000] {local_task_job_runner.py:243} INFO - Task exited with return code 0
[2026-02-13T03:51:54.143+0000] {local_task_job_runner.py:222} INFO - ::endgroup::
