[2026-02-12T13:43:51.727+0000] {local_task_job_runner.py:120} INFO - ::group::Pre task execution logs
[2026-02-12T13:43:51.765+0000] {taskinstance.py:2076} INFO - Dependencies all met for dep_context=non-requeueable deps ti=<TaskInstance: product_price_pipeline.load_price_history manual__2026-02-12T13:43:22.725401+00:00 [queued]>
[2026-02-12T13:43:51.776+0000] {taskinstance.py:2076} INFO - Dependencies all met for dep_context=requeueable deps ti=<TaskInstance: product_price_pipeline.load_price_history manual__2026-02-12T13:43:22.725401+00:00 [queued]>
[2026-02-12T13:43:51.777+0000] {taskinstance.py:2306} INFO - Starting attempt 1 of 2
[2026-02-12T13:43:51.791+0000] {taskinstance.py:2330} INFO - Executing <Task(BashOperator): load_price_history> on 2026-02-12 13:43:22.725401+00:00
[2026-02-12T13:43:51.798+0000] {standard_task_runner.py:90} INFO - Running: ['***', 'tasks', 'run', 'product_price_pipeline', 'load_price_history', 'manual__2026-02-12T13:43:22.725401+00:00', '--job-id', '60', '--raw', '--subdir', 'DAGS_FOLDER/product_pipeline_dag.py', '--cfg-path', '/tmp/tmpp57s8qkf']
[2026-02-12T13:43:51.802+0000] {logging_mixin.py:188} WARNING - /home/***/.local/lib/python3.12/site-packages/***/task/task_runner/standard_task_runner.py:62 DeprecationWarning: This process (pid=663) is multi-threaded, use of fork() may lead to deadlocks in the child.
[2026-02-12T13:43:51.802+0000] {standard_task_runner.py:91} INFO - Job 60: Subtask load_price_history
[2026-02-12T13:43:51.803+0000] {standard_task_runner.py:64} INFO - Started process 664 to run task
[2026-02-12T13:43:51.892+0000] {task_command.py:426} INFO - Running <TaskInstance: product_price_pipeline.load_price_history manual__2026-02-12T13:43:22.725401+00:00 [running]> on host 1e385b749bcf
[2026-02-12T13:43:51.991+0000] {taskinstance.py:2648} INFO - Exporting env vars: AIRFLOW_CTX_DAG_OWNER='***' AIRFLOW_CTX_DAG_ID='product_price_pipeline' AIRFLOW_CTX_TASK_ID='load_price_history' AIRFLOW_CTX_EXECUTION_DATE='2026-02-12T13:43:22.725401+00:00' AIRFLOW_CTX_TRY_NUMBER='1' AIRFLOW_CTX_DAG_RUN_ID='manual__2026-02-12T13:43:22.725401+00:00'
[2026-02-12T13:43:51.993+0000] {taskinstance.py:430} INFO - ::endgroup::
[2026-02-12T13:43:52.004+0000] {subprocess.py:63} INFO - Tmp dir root location: /tmp
[2026-02-12T13:43:52.008+0000] {subprocess.py:75} INFO - Running command: ['/usr/bin/bash', '-c', 'python /opt/***/dags/scripts/loaders/load_price_history.py']
[2026-02-12T13:43:52.017+0000] {subprocess.py:86} INFO - Output:
[2026-02-12T13:43:52.342+0000] {subprocess.py:93} INFO - 🚀 Loading PRICE_HISTORY table
[2026-02-12T13:43:52.344+0000] {subprocess.py:93} INFO - ✅ price_history loaded successfully
[2026-02-12T13:43:52.355+0000] {subprocess.py:97} INFO - Command exited with return code 0
[2026-02-12T13:43:52.358+0000] {taskinstance.py:441} INFO - ::group::Post task execution logs
[2026-02-12T13:43:52.389+0000] {taskinstance.py:1206} INFO - Marking task as SUCCESS. dag_id=product_price_pipeline, task_id=load_price_history, run_id=manual__2026-02-12T13:43:22.725401+00:00, execution_date=20260212T134322, start_date=20260212T134351, end_date=20260212T134352
[2026-02-12T13:43:52.420+0000] {local_task_job_runner.py:243} INFO - Task exited with return code 0
[2026-02-12T13:43:52.443+0000] {taskinstance.py:3503} INFO - 0 downstream tasks scheduled from follow-on schedule check
[2026-02-12T13:43:52.447+0000] {local_task_job_runner.py:222} INFO - ::endgroup::
