[2026-02-11T09:11:50.419+0000] {local_task_job_runner.py:120} INFO - ::group::Pre task execution logs
[2026-02-11T09:11:50.532+0000] {taskinstance.py:2076} INFO - Dependencies all met for dep_context=non-requeueable deps ti=<TaskInstance: product_price_pipeline.clean_data manual__2026-02-11T09:09:28.382894+00:00 [queued]>
[2026-02-11T09:11:50.547+0000] {taskinstance.py:2076} INFO - Dependencies all met for dep_context=requeueable deps ti=<TaskInstance: product_price_pipeline.clean_data manual__2026-02-11T09:09:28.382894+00:00 [queued]>
[2026-02-11T09:11:50.548+0000] {taskinstance.py:2306} INFO - Starting attempt 1 of 2
[2026-02-11T09:11:50.595+0000] {taskinstance.py:2330} INFO - Executing <Task(BashOperator): clean_data> on 2026-02-11 09:09:28.382894+00:00
[2026-02-11T09:11:50.614+0000] {standard_task_runner.py:90} INFO - Running: ['***', 'tasks', 'run', 'product_price_pipeline', 'clean_data', 'manual__2026-02-11T09:09:28.382894+00:00', '--job-id', '4', '--raw', '--subdir', 'DAGS_FOLDER/product_pipeline_dag.py', '--cfg-path', '/tmp/tmp0bvptcuc']
[2026-02-11T09:11:50.621+0000] {standard_task_runner.py:91} INFO - Job 4: Subtask clean_data
[2026-02-11T09:11:50.624+0000] {logging_mixin.py:188} WARNING - /home/***/.local/lib/python3.12/site-packages/***/task/task_runner/standard_task_runner.py:62 DeprecationWarning: This process (pid=473) is multi-threaded, use of fork() may lead to deadlocks in the child.
[2026-02-11T09:11:50.627+0000] {standard_task_runner.py:64} INFO - Started process 484 to run task
[2026-02-11T09:11:50.850+0000] {task_command.py:426} INFO - Running <TaskInstance: product_price_pipeline.clean_data manual__2026-02-11T09:09:28.382894+00:00 [running]> on host 44d7ec503a6d
[2026-02-11T09:11:50.979+0000] {taskinstance.py:2648} INFO - Exporting env vars: AIRFLOW_CTX_DAG_OWNER='***' AIRFLOW_CTX_DAG_ID='product_price_pipeline' AIRFLOW_CTX_TASK_ID='clean_data' AIRFLOW_CTX_EXECUTION_DATE='2026-02-11T09:09:28.382894+00:00' AIRFLOW_CTX_TRY_NUMBER='1' AIRFLOW_CTX_DAG_RUN_ID='manual__2026-02-11T09:09:28.382894+00:00'
[2026-02-11T09:11:50.981+0000] {taskinstance.py:430} INFO - ::endgroup::
[2026-02-11T09:11:51.011+0000] {subprocess.py:63} INFO - Tmp dir root location: /tmp
[2026-02-11T09:11:51.021+0000] {subprocess.py:75} INFO - Running command: ['/usr/bin/bash', '-c', 'python /opt/***/dags/scripts/clean.py']
[2026-02-11T09:11:51.036+0000] {subprocess.py:86} INFO - Output:
[2026-02-11T09:11:51.560+0000] {subprocess.py:93} INFO - python: can't open file '/tmp/***tmpaox1s3_l/scripts/cleaning/clean_mobiles.py': [Errno 2] No such file or directory
[2026-02-11T09:11:51.697+0000] {subprocess.py:93} INFO - python: can't open file '/tmp/***tmpaox1s3_l/scripts/cleaning/clean_laptops.py': [Errno 2] No such file or directory
[2026-02-11T09:11:51.795+0000] {subprocess.py:93} INFO - python: can't open file '/tmp/***tmpaox1s3_l/scripts/cleaning/clean_refrigerators.py': [Errno 2] No such file or directory
[2026-02-11T09:11:51.915+0000] {subprocess.py:93} INFO - python: can't open file '/tmp/***tmpaox1s3_l/scripts/cleaning/clean_tvs.py': [Errno 2] No such file or directory
[2026-02-11T09:11:52.018+0000] {subprocess.py:93} INFO - python: can't open file '/tmp/***tmpaox1s3_l/scripts/cleaning/create_main_table.py': [Errno 2] No such file or directory
[2026-02-11T09:11:52.027+0000] {subprocess.py:93} INFO - Starting cleaning stage...
[2026-02-11T09:11:52.028+0000] {subprocess.py:93} INFO - Cleaning stage completed.
[2026-02-11T09:11:52.034+0000] {subprocess.py:97} INFO - Command exited with return code 0
[2026-02-11T09:11:52.044+0000] {taskinstance.py:441} INFO - ::group::Post task execution logs
[2026-02-11T09:11:52.114+0000] {taskinstance.py:1206} INFO - Marking task as SUCCESS. dag_id=product_price_pipeline, task_id=clean_data, run_id=manual__2026-02-11T09:09:28.382894+00:00, execution_date=20260211T090928, start_date=20260211T091150, end_date=20260211T091152
[2026-02-11T09:11:52.181+0000] {local_task_job_runner.py:243} INFO - Task exited with return code 0
[2026-02-11T09:11:52.216+0000] {taskinstance.py:3503} INFO - 1 downstream tasks scheduled from follow-on schedule check
[2026-02-11T09:11:52.220+0000] {local_task_job_runner.py:222} INFO - ::endgroup::
