[2026-02-12T14:53:50.171+0000] {local_task_job_runner.py:120} INFO - ::group::Pre task execution logs
[2026-02-12T14:53:51.477+0000] {taskinstance.py:2076} INFO - Dependencies all met for dep_context=non-requeueable deps ti=<TaskInstance: product_price_pipeline.clean_mobiles manual__2026-02-12T14:53:00.088762+00:00 [queued]>
[2026-02-12T14:53:51.634+0000] {taskinstance.py:2076} INFO - Dependencies all met for dep_context=requeueable deps ti=<TaskInstance: product_price_pipeline.clean_mobiles manual__2026-02-12T14:53:00.088762+00:00 [queued]>
[2026-02-12T14:53:51.637+0000] {taskinstance.py:2306} INFO - Starting attempt 1 of 2
[2026-02-12T14:53:51.884+0000] {taskinstance.py:2330} INFO - Executing <Task(BashOperator): clean_mobiles> on 2026-02-12 14:53:00.088762+00:00
[2026-02-12T14:53:52.479+0000] {logging_mixin.py:188} WARNING - /home/***/.local/lib/python3.12/site-packages/***/task/task_runner/standard_task_runner.py:62 DeprecationWarning: This process (pid=539) is multi-threaded, use of fork() may lead to deadlocks in the child.
[2026-02-12T14:53:52.641+0000] {standard_task_runner.py:64} INFO - Started process 554 to run task
[2026-02-12T14:53:52.217+0000] {standard_task_runner.py:90} INFO - Running: ['***', 'tasks', 'run', 'product_price_pipeline', 'clean_mobiles', 'manual__2026-02-12T14:53:00.088762+00:00', '--job-id', '63', '--raw', '--subdir', 'DAGS_FOLDER/product_pipeline_dag.py', '--cfg-path', '/tmp/tmp81ncchn3']
[2026-02-12T14:53:52.787+0000] {standard_task_runner.py:91} INFO - Job 63: Subtask clean_mobiles
[2026-02-12T14:53:54.528+0000] {task_command.py:426} INFO - Running <TaskInstance: product_price_pipeline.clean_mobiles manual__2026-02-12T14:53:00.088762+00:00 [running]> on host 649a5aa52f43
[2026-02-12T14:53:59.340+0000] {taskinstance.py:2648} INFO - Exporting env vars: AIRFLOW_CTX_DAG_OWNER='***' AIRFLOW_CTX_DAG_ID='product_price_pipeline' AIRFLOW_CTX_TASK_ID='clean_mobiles' AIRFLOW_CTX_EXECUTION_DATE='2026-02-12T14:53:00.088762+00:00' AIRFLOW_CTX_TRY_NUMBER='1' AIRFLOW_CTX_DAG_RUN_ID='manual__2026-02-12T14:53:00.088762+00:00'
[2026-02-12T14:53:59.400+0000] {taskinstance.py:430} INFO - ::endgroup::
[2026-02-12T14:53:59.965+0000] {subprocess.py:63} INFO - Tmp dir root location: /tmp
[2026-02-12T14:53:59.991+0000] {subprocess.py:75} INFO - Running command: ['/usr/bin/bash', '-c', 'python /opt/***/dags/scripts/cleaning/clean_mobiles.py']
[2026-02-12T14:54:00.253+0000] {subprocess.py:86} INFO - Output:
[2026-02-12T14:54:24.141+0000] {subprocess.py:93} INFO - 🔥 clean_mobiles.py STARTED 🔥
[2026-02-12T14:54:24.175+0000] {subprocess.py:93} INFO - 📥 INPUT FILE: /opt/***/dags/data/raw/mobiles/mobiles_2026-02-11.csv
[2026-02-12T14:54:24.210+0000] {subprocess.py:93} INFO - 📊 Rows loaded: 750
[2026-02-12T14:54:24.230+0000] {subprocess.py:93} INFO - ✅ CLEANED FILE SAVED AT:
[2026-02-12T14:54:24.251+0000] {subprocess.py:93} INFO - /opt/***/dags/data/clean/mobiles_cleaned_20260212_145423.csv
[2026-02-12T14:54:24.270+0000] {subprocess.py:93} INFO - 🔥 clean_mobiles.py FINISHED 🔥
[2026-02-12T14:54:25.478+0000] {subprocess.py:97} INFO - Command exited with return code 0
[2026-02-12T14:54:25.591+0000] {taskinstance.py:441} INFO - ::group::Post task execution logs
[2026-02-12T14:54:26.749+0000] {taskinstance.py:1206} INFO - Marking task as SUCCESS. dag_id=product_price_pipeline, task_id=clean_mobiles, run_id=manual__2026-02-12T14:53:00.088762+00:00, execution_date=20260212T145300, start_date=20260212T145351, end_date=20260212T145426
[2026-02-12T14:54:27.786+0000] {local_task_job_runner.py:243} INFO - Task exited with return code 0
[2026-02-12T14:54:29.552+0000] {taskinstance.py:3503} INFO - 0 downstream tasks scheduled from follow-on schedule check
[2026-02-12T14:54:29.621+0000] {local_task_job_runner.py:222} INFO - ::endgroup::
