[2026-02-07T06:42:02.428+0000] {local_task_job_runner.py:120} INFO - ::group::Pre task execution logs
[2026-02-07T06:42:02.567+0000] {taskinstance.py:2076} INFO - Dependencies all met for dep_context=non-requeueable deps ti=<TaskInstance: product_price_pipeline.create_main_table manual__2026-02-07T06:35:15.079882+00:00 [queued]>
[2026-02-07T06:42:02.615+0000] {taskinstance.py:2076} INFO - Dependencies all met for dep_context=requeueable deps ti=<TaskInstance: product_price_pipeline.create_main_table manual__2026-02-07T06:35:15.079882+00:00 [queued]>
[2026-02-07T06:42:02.618+0000] {taskinstance.py:2306} INFO - Starting attempt 1 of 2
[2026-02-07T06:42:02.670+0000] {taskinstance.py:2330} INFO - Executing <Task(BashOperator): create_main_table> on 2026-02-07 06:35:15.079882+00:00
[2026-02-07T06:42:02.719+0000] {standard_task_runner.py:90} INFO - Running: ['***', 'tasks', 'run', 'product_price_pipeline', 'create_main_table', 'manual__2026-02-07T06:35:15.079882+00:00', '--job-id', '78', '--raw', '--subdir', 'DAGS_FOLDER/product_pipeline_dag.py', '--cfg-path', '/tmp/tmplfpr7cro']
[2026-02-07T06:42:02.728+0000] {standard_task_runner.py:91} INFO - Job 78: Subtask create_main_table
[2026-02-07T06:42:02.728+0000] {logging_mixin.py:188} WARNING - /home/***/.local/lib/python3.12/site-packages/***/task/task_runner/standard_task_runner.py:62 DeprecationWarning: This process (pid=471) is multi-threaded, use of fork() may lead to deadlocks in the child.
[2026-02-07T06:42:02.735+0000] {standard_task_runner.py:64} INFO - Started process 472 to run task
[2026-02-07T06:42:02.932+0000] {task_command.py:426} INFO - Running <TaskInstance: product_price_pipeline.create_main_table manual__2026-02-07T06:35:15.079882+00:00 [running]> on host 19af76d7baae
[2026-02-07T06:42:03.158+0000] {taskinstance.py:2648} INFO - Exporting env vars: AIRFLOW_CTX_DAG_OWNER='***' AIRFLOW_CTX_DAG_ID='product_price_pipeline' AIRFLOW_CTX_TASK_ID='create_main_table' AIRFLOW_CTX_EXECUTION_DATE='2026-02-07T06:35:15.079882+00:00' AIRFLOW_CTX_TRY_NUMBER='1' AIRFLOW_CTX_DAG_RUN_ID='manual__2026-02-07T06:35:15.079882+00:00'
[2026-02-07T06:42:03.162+0000] {taskinstance.py:430} INFO - ::endgroup::
[2026-02-07T06:42:03.204+0000] {subprocess.py:63} INFO - Tmp dir root location: /tmp
[2026-02-07T06:42:03.212+0000] {subprocess.py:75} INFO - Running command: ['/usr/bin/bash', '-c', 'python /opt/***/dags/scripts/load_to_db.py']
[2026-02-07T06:42:03.242+0000] {subprocess.py:86} INFO - Output:
[2026-02-07T06:42:03.835+0000] {subprocess.py:93} INFO - python: can't open file '/tmp/***tmp855e5lyc/scripts/loaders/load_mobiles.py': [Errno 2] No such file or directory
[2026-02-07T06:42:03.970+0000] {subprocess.py:93} INFO - python: can't open file '/tmp/***tmp855e5lyc/scripts/loaders/load_laptops.py': [Errno 2] No such file or directory
[2026-02-07T06:42:04.096+0000] {subprocess.py:93} INFO - python: can't open file '/tmp/***tmp855e5lyc/scripts/loaders/load_refrigerators.py': [Errno 2] No such file or directory
[2026-02-07T06:42:04.260+0000] {subprocess.py:93} INFO - python: can't open file '/tmp/***tmp855e5lyc/scripts/loaders/load_tvs.py': [Errno 2] No such file or directory
[2026-02-07T06:42:04.419+0000] {subprocess.py:93} INFO - python: can't open file '/tmp/***tmp855e5lyc/scripts/loaders/load_products_main.py': [Errno 2] No such file or directory
[2026-02-07T06:42:04.437+0000] {subprocess.py:93} INFO - Starting loading stage...
[2026-02-07T06:42:04.441+0000] {subprocess.py:93} INFO - Loading stage completed.
[2026-02-07T06:42:04.461+0000] {subprocess.py:97} INFO - Command exited with return code 0
[2026-02-07T06:42:04.466+0000] {taskinstance.py:441} INFO - ::group::Post task execution logs
[2026-02-07T06:42:04.566+0000] {taskinstance.py:1206} INFO - Marking task as SUCCESS. dag_id=product_price_pipeline, task_id=create_main_table, run_id=manual__2026-02-07T06:35:15.079882+00:00, execution_date=20260207T063515, start_date=20260207T064202, end_date=20260207T064204
[2026-02-07T06:42:04.687+0000] {local_task_job_runner.py:243} INFO - Task exited with return code 0
[2026-02-07T06:42:04.796+0000] {taskinstance.py:3503} INFO - 1 downstream tasks scheduled from follow-on schedule check
[2026-02-07T06:42:04.927+0000] {local_task_job_runner.py:222} INFO - ::endgroup::
