[2026-02-14T05:35:34.963+0000] {local_task_job_runner.py:120} INFO - ::group::Pre task execution logs
[2026-02-14T05:35:35.566+0000] {taskinstance.py:2076} INFO - Dependencies all met for dep_context=non-requeueable deps ti=<TaskInstance: product_price_pipeline.clean_tvs scheduled__2026-02-13T00:00:00+00:00 [queued]>
[2026-02-14T05:35:35.639+0000] {taskinstance.py:2076} INFO - Dependencies all met for dep_context=requeueable deps ti=<TaskInstance: product_price_pipeline.clean_tvs scheduled__2026-02-13T00:00:00+00:00 [queued]>
[2026-02-14T05:35:35.644+0000] {taskinstance.py:2306} INFO - Starting attempt 1 of 2
[2026-02-14T05:35:35.801+0000] {taskinstance.py:2330} INFO - Executing <Task(BashOperator): clean_tvs> on 2026-02-13 00:00:00+00:00
[2026-02-14T05:35:35.906+0000] {standard_task_runner.py:90} INFO - Running: ['***', 'tasks', 'run', 'product_price_pipeline', 'clean_tvs', 'scheduled__2026-02-13T00:00:00+00:00', '--job-id', '129', '--raw', '--subdir', 'DAGS_FOLDER/product_pipeline_dag.py', '--cfg-path', '/tmp/tmpgepzx1us']
[2026-02-14T05:35:35.933+0000] {standard_task_runner.py:91} INFO - Job 129: Subtask clean_tvs
[2026-02-14T05:35:35.938+0000] {logging_mixin.py:188} WARNING - /home/***/.local/lib/python3.12/site-packages/***/task/task_runner/standard_task_runner.py:62 DeprecationWarning: This process (pid=3624) is multi-threaded, use of fork() may lead to deadlocks in the child.
[2026-02-14T05:35:35.942+0000] {standard_task_runner.py:64} INFO - Started process 3633 to run task
[2026-02-14T05:35:40.399+0000] {task_command.py:426} INFO - Running <TaskInstance: product_price_pipeline.clean_tvs scheduled__2026-02-13T00:00:00+00:00 [running]> on host c65c0f674c92
[2026-02-14T05:35:42.395+0000] {taskinstance.py:2648} INFO - Exporting env vars: AIRFLOW_CTX_DAG_OWNER='***' AIRFLOW_CTX_DAG_ID='product_price_pipeline' AIRFLOW_CTX_TASK_ID='clean_tvs' AIRFLOW_CTX_EXECUTION_DATE='2026-02-13T00:00:00+00:00' AIRFLOW_CTX_TRY_NUMBER='1' AIRFLOW_CTX_DAG_RUN_ID='scheduled__2026-02-13T00:00:00+00:00'
[2026-02-14T05:35:42.422+0000] {taskinstance.py:430} INFO - ::endgroup::
[2026-02-14T05:35:42.797+0000] {subprocess.py:63} INFO - Tmp dir root location: /tmp
[2026-02-14T05:35:42.870+0000] {subprocess.py:75} INFO - Running command: ['/usr/bin/bash', '-c', 'python /opt/***/dags/scripts/cleaning/clean_tvs.py']
[2026-02-14T05:35:43.210+0000] {subprocess.py:86} INFO - Output:
[2026-02-14T05:36:03.718+0000] {subprocess.py:93} INFO - 🔥 clean_tvs.py STARTED 🔥
[2026-02-14T05:36:03.810+0000] {subprocess.py:93} INFO - 📥 INPUT FILE: /opt/***/dags/data/raw/tvs/television_2026-02-11.csv
[2026-02-14T05:36:03.821+0000] {subprocess.py:93} INFO - 📊 Rows loaded: 210
[2026-02-14T05:36:03.839+0000] {subprocess.py:93} INFO - ✅ CLEAN FILE SAVED: /opt/***/dags/data/clean/tvs_cleaned_television_2026-02-11.csv
[2026-02-14T05:36:03.856+0000] {subprocess.py:93} INFO - 🔥 clean_tvs.py FINISHED 🔥
[2026-02-14T05:36:05.561+0000] {subprocess.py:97} INFO - Command exited with return code 0
[2026-02-14T05:36:05.743+0000] {taskinstance.py:441} INFO - ::group::Post task execution logs
[2026-02-14T05:36:07.260+0000] {taskinstance.py:1206} INFO - Marking task as SUCCESS. dag_id=product_price_pipeline, task_id=clean_tvs, run_id=scheduled__2026-02-13T00:00:00+00:00, execution_date=20260213T000000, start_date=20260214T053535, end_date=20260214T053607
[2026-02-14T05:36:07.919+0000] {local_task_job_runner.py:243} INFO - Task exited with return code 0
[2026-02-14T05:36:08.320+0000] {local_task_job_runner.py:222} INFO - ::endgroup::
