[2026-02-13T12:04:54.455+0000] {local_task_job_runner.py:120} INFO - ::group::Pre task execution logs
[2026-02-13T12:04:54.866+0000] {taskinstance.py:2076} INFO - Dependencies all met for dep_context=non-requeueable deps ti=<TaskInstance: product_price_pipeline.clean_mobiles manual__2026-02-13T12:04:50.772068+00:00 [queued]>
[2026-02-13T12:04:54.887+0000] {taskinstance.py:2076} INFO - Dependencies all met for dep_context=requeueable deps ti=<TaskInstance: product_price_pipeline.clean_mobiles manual__2026-02-13T12:04:50.772068+00:00 [queued]>
[2026-02-13T12:04:54.889+0000] {taskinstance.py:2306} INFO - Starting attempt 1 of 2
[2026-02-13T12:04:55.017+0000] {taskinstance.py:2330} INFO - Executing <Task(BashOperator): clean_mobiles> on 2026-02-13 12:04:50.772068+00:00
[2026-02-13T12:04:55.056+0000] {logging_mixin.py:188} WARNING - /home/***/.local/lib/python3.12/site-packages/***/task/task_runner/standard_task_runner.py:62 DeprecationWarning: This process (pid=395) is multi-threaded, use of fork() may lead to deadlocks in the child.
[2026-02-13T12:04:55.048+0000] {standard_task_runner.py:90} INFO - Running: ['***', 'tasks', 'run', 'product_price_pipeline', 'clean_mobiles', 'manual__2026-02-13T12:04:50.772068+00:00', '--job-id', '107', '--raw', '--subdir', 'DAGS_FOLDER/product_pipeline_dag.py', '--cfg-path', '/tmp/tmprlp_17ey']
[2026-02-13T12:04:55.064+0000] {standard_task_runner.py:64} INFO - Started process 402 to run task
[2026-02-13T12:04:55.066+0000] {standard_task_runner.py:91} INFO - Job 107: Subtask clean_mobiles
[2026-02-13T12:04:55.338+0000] {task_command.py:426} INFO - Running <TaskInstance: product_price_pipeline.clean_mobiles manual__2026-02-13T12:04:50.772068+00:00 [running]> on host c65c0f674c92
[2026-02-13T12:04:55.871+0000] {taskinstance.py:2648} INFO - Exporting env vars: AIRFLOW_CTX_DAG_OWNER='***' AIRFLOW_CTX_DAG_ID='product_price_pipeline' AIRFLOW_CTX_TASK_ID='clean_mobiles' AIRFLOW_CTX_EXECUTION_DATE='2026-02-13T12:04:50.772068+00:00' AIRFLOW_CTX_TRY_NUMBER='1' AIRFLOW_CTX_DAG_RUN_ID='manual__2026-02-13T12:04:50.772068+00:00'
[2026-02-13T12:04:55.877+0000] {taskinstance.py:430} INFO - ::endgroup::
[2026-02-13T12:04:56.181+0000] {subprocess.py:63} INFO - Tmp dir root location: /tmp
[2026-02-13T12:04:56.185+0000] {subprocess.py:75} INFO - Running command: ['/usr/bin/bash', '-c', 'python /opt/***/dags/scripts/cleaning/clean_mobiles.py']
[2026-02-13T12:04:56.343+0000] {subprocess.py:86} INFO - Output:
[2026-02-13T12:05:07.232+0000] {subprocess.py:93} INFO - 🔥 clean_mobiles.py STARTED 🔥
[2026-02-13T12:05:07.255+0000] {subprocess.py:93} INFO - 📥 INPUT FILE: /opt/***/dags/data/raw/mobiles/mobiles_2026-02-11.csv
[2026-02-13T12:05:07.269+0000] {subprocess.py:93} INFO - 📊 Rows loaded: 750
[2026-02-13T12:05:07.273+0000] {subprocess.py:93} INFO - ✅ CLEANED FILE SAVED AT:
[2026-02-13T12:05:07.277+0000] {subprocess.py:93} INFO - /opt/***/dags/data/clean/mobiles_cleaned_20260213_120507.csv
[2026-02-13T12:05:07.283+0000] {subprocess.py:93} INFO - 🔥 clean_mobiles.py FINISHED 🔥
[2026-02-13T12:05:07.806+0000] {subprocess.py:97} INFO - Command exited with return code 0
[2026-02-13T12:05:07.821+0000] {taskinstance.py:441} INFO - ::group::Post task execution logs
[2026-02-13T12:05:07.996+0000] {taskinstance.py:1206} INFO - Marking task as SUCCESS. dag_id=product_price_pipeline, task_id=clean_mobiles, run_id=manual__2026-02-13T12:04:50.772068+00:00, execution_date=20260213T120450, start_date=20260213T120454, end_date=20260213T120507
[2026-02-13T12:05:08.128+0000] {local_task_job_runner.py:243} INFO - Task exited with return code 0
[2026-02-13T12:05:08.200+0000] {local_task_job_runner.py:222} INFO - ::endgroup::
