[2026-02-14T12:48:49.932+0000] {local_task_job_runner.py:120} INFO - ::group::Pre task execution logs
[2026-02-14T12:48:50.055+0000] {taskinstance.py:2076} INFO - Dependencies all met for dep_context=non-requeueable deps ti=<TaskInstance: product_price_pipeline.load_tvs manual__2026-02-14T12:48:32.093483+00:00 [queued]>
[2026-02-14T12:48:50.086+0000] {taskinstance.py:2076} INFO - Dependencies all met for dep_context=requeueable deps ti=<TaskInstance: product_price_pipeline.load_tvs manual__2026-02-14T12:48:32.093483+00:00 [queued]>
[2026-02-14T12:48:50.088+0000] {taskinstance.py:2306} INFO - Starting attempt 1 of 2
[2026-02-14T12:48:50.136+0000] {taskinstance.py:2330} INFO - Executing <Task(BashOperator): load_tvs> on 2026-02-14 12:48:32.093483+00:00
[2026-02-14T12:48:50.169+0000] {logging_mixin.py:188} WARNING - /home/***/.local/lib/python3.12/site-packages/***/task/task_runner/standard_task_runner.py:62 DeprecationWarning: This process (pid=15496) is multi-threaded, use of fork() may lead to deadlocks in the child.
[2026-02-14T12:48:50.164+0000] {standard_task_runner.py:90} INFO - Running: ['***', 'tasks', 'run', 'product_price_pipeline', 'load_tvs', 'manual__2026-02-14T12:48:32.093483+00:00', '--job-id', '145', '--raw', '--subdir', 'DAGS_FOLDER/product_pipeline_dag.py', '--cfg-path', '/tmp/tmpcp4m7vbf']
[2026-02-14T12:48:50.172+0000] {standard_task_runner.py:64} INFO - Started process 15498 to run task
[2026-02-14T12:48:50.172+0000] {standard_task_runner.py:91} INFO - Job 145: Subtask load_tvs
[2026-02-14T12:48:50.355+0000] {task_command.py:426} INFO - Running <TaskInstance: product_price_pipeline.load_tvs manual__2026-02-14T12:48:32.093483+00:00 [running]> on host c65c0f674c92
[2026-02-14T12:48:50.607+0000] {taskinstance.py:2648} INFO - Exporting env vars: AIRFLOW_CTX_DAG_OWNER='***' AIRFLOW_CTX_DAG_ID='product_price_pipeline' AIRFLOW_CTX_TASK_ID='load_tvs' AIRFLOW_CTX_EXECUTION_DATE='2026-02-14T12:48:32.093483+00:00' AIRFLOW_CTX_TRY_NUMBER='1' AIRFLOW_CTX_DAG_RUN_ID='manual__2026-02-14T12:48:32.093483+00:00'
[2026-02-14T12:48:50.609+0000] {taskinstance.py:430} INFO - ::endgroup::
[2026-02-14T12:48:50.652+0000] {subprocess.py:63} INFO - Tmp dir root location: /tmp
[2026-02-14T12:48:50.656+0000] {subprocess.py:75} INFO - Running command: ['/usr/bin/bash', '-c', 'python /opt/***/dags/scripts/loaders/load_tvs.py']
[2026-02-14T12:48:50.687+0000] {subprocess.py:86} INFO - Output:
[2026-02-14T12:48:56.862+0000] {subprocess.py:93} INFO - /opt/***/dags/scripts/loaders/load_tvs.py:35: RemovedIn20Warning: Deprecated API features detected! These feature(s) are not compatible with SQLAlchemy 2.0. To prevent incompatible upgrades prior to updating applications, ensure requirements files are pinned to "sqlalchemy<2.0". Set environment variable SQLALCHEMY_WARN_20=1 to show all deprecation warnings.  Set environment variable SQLALCHEMY_SILENCE_UBER_WARNING=1 to silence this message. (Background on SQLAlchemy 2.0 at: https://sqlalche.me/e/b8d9)
[2026-02-14T12:48:56.866+0000] {subprocess.py:93} INFO -   conn.execute("TRUNCATE TABLE televisions RESTART IDENTITY CASCADE")
[2026-02-14T12:48:57.238+0000] {subprocess.py:93} INFO - 🚀 Loading TELEVISIONS data
[2026-02-14T12:48:57.239+0000] {subprocess.py:93} INFO - ✅ Televisions table refreshed successfully
[2026-02-14T12:48:57.808+0000] {subprocess.py:97} INFO - Command exited with return code 0
[2026-02-14T12:48:57.823+0000] {taskinstance.py:441} INFO - ::group::Post task execution logs
[2026-02-14T12:48:58.121+0000] {taskinstance.py:1206} INFO - Marking task as SUCCESS. dag_id=product_price_pipeline, task_id=load_tvs, run_id=manual__2026-02-14T12:48:32.093483+00:00, execution_date=20260214T124832, start_date=20260214T124850, end_date=20260214T124858
[2026-02-14T12:48:58.341+0000] {local_task_job_runner.py:243} INFO - Task exited with return code 0
[2026-02-14T12:48:58.410+0000] {local_task_job_runner.py:222} INFO - ::endgroup::
