[2026-02-12T15:14:33.932+0000] {local_task_job_runner.py:120} INFO - ::group::Pre task execution logs
[2026-02-12T15:14:34.092+0000] {taskinstance.py:2076} INFO - Dependencies all met for dep_context=non-requeueable deps ti=<TaskInstance: product_price_pipeline.load_tvs manual__2026-02-12T15:14:18.073360+00:00 [queued]>
[2026-02-12T15:14:34.131+0000] {taskinstance.py:2076} INFO - Dependencies all met for dep_context=requeueable deps ti=<TaskInstance: product_price_pipeline.load_tvs manual__2026-02-12T15:14:18.073360+00:00 [queued]>
[2026-02-12T15:14:34.134+0000] {taskinstance.py:2306} INFO - Starting attempt 1 of 2
[2026-02-12T15:14:34.185+0000] {taskinstance.py:2330} INFO - Executing <Task(BashOperator): load_tvs> on 2026-02-12 15:14:18.073360+00:00
[2026-02-12T15:14:34.208+0000] {standard_task_runner.py:90} INFO - Running: ['***', 'tasks', 'run', 'product_price_pipeline', 'load_tvs', 'manual__2026-02-12T15:14:18.073360+00:00', '--job-id', '91', '--raw', '--subdir', 'DAGS_FOLDER/product_pipeline_dag.py', '--cfg-path', '/tmp/tmpsb9m995j']
[2026-02-12T15:14:34.215+0000] {standard_task_runner.py:91} INFO - Job 91: Subtask load_tvs
[2026-02-12T15:14:34.249+0000] {logging_mixin.py:188} WARNING - /home/***/.local/lib/python3.12/site-packages/***/task/task_runner/standard_task_runner.py:62 DeprecationWarning: This process (pid=513) is multi-threaded, use of fork() may lead to deadlocks in the child.
[2026-02-12T15:14:34.254+0000] {standard_task_runner.py:64} INFO - Started process 517 to run task
[2026-02-12T15:14:34.420+0000] {task_command.py:426} INFO - Running <TaskInstance: product_price_pipeline.load_tvs manual__2026-02-12T15:14:18.073360+00:00 [running]> on host 8ede547b0251
[2026-02-12T15:14:34.665+0000] {taskinstance.py:2648} INFO - Exporting env vars: AIRFLOW_CTX_DAG_OWNER='***' AIRFLOW_CTX_DAG_ID='product_price_pipeline' AIRFLOW_CTX_TASK_ID='load_tvs' AIRFLOW_CTX_EXECUTION_DATE='2026-02-12T15:14:18.073360+00:00' AIRFLOW_CTX_TRY_NUMBER='1' AIRFLOW_CTX_DAG_RUN_ID='manual__2026-02-12T15:14:18.073360+00:00'
[2026-02-12T15:14:34.668+0000] {taskinstance.py:430} INFO - ::endgroup::
[2026-02-12T15:14:34.707+0000] {subprocess.py:63} INFO - Tmp dir root location: /tmp
[2026-02-12T15:14:34.712+0000] {subprocess.py:75} INFO - Running command: ['/usr/bin/bash', '-c', 'python /opt/***/dags/scripts/loaders/load_tvs.py']
[2026-02-12T15:14:34.738+0000] {subprocess.py:86} INFO - Output:
[2026-02-12T15:14:38.789+0000] {subprocess.py:93} INFO - /opt/***/dags/scripts/loaders/load_tvs.py:35: RemovedIn20Warning: Deprecated API features detected! These feature(s) are not compatible with SQLAlchemy 2.0. To prevent incompatible upgrades prior to updating applications, ensure requirements files are pinned to "sqlalchemy<2.0". Set environment variable SQLALCHEMY_WARN_20=1 to show all deprecation warnings.  Set environment variable SQLALCHEMY_SILENCE_UBER_WARNING=1 to silence this message. (Background on SQLAlchemy 2.0 at: https://sqlalche.me/e/b8d9)
[2026-02-12T15:14:38.793+0000] {subprocess.py:93} INFO -   conn.execute("TRUNCATE TABLE televisions RESTART IDENTITY CASCADE")
[2026-02-12T15:14:39.256+0000] {subprocess.py:93} INFO - 🚀 Loading TELEVISIONS data
[2026-02-12T15:14:39.258+0000] {subprocess.py:93} INFO - ✅ Televisions table refreshed successfully
[2026-02-12T15:14:39.640+0000] {subprocess.py:97} INFO - Command exited with return code 0
[2026-02-12T15:14:39.648+0000] {taskinstance.py:441} INFO - ::group::Post task execution logs
[2026-02-12T15:14:39.784+0000] {taskinstance.py:1206} INFO - Marking task as SUCCESS. dag_id=product_price_pipeline, task_id=load_tvs, run_id=manual__2026-02-12T15:14:18.073360+00:00, execution_date=20260212T151418, start_date=20260212T151434, end_date=20260212T151439
[2026-02-12T15:14:39.885+0000] {local_task_job_runner.py:243} INFO - Task exited with return code 0
[2026-02-12T15:14:39.926+0000] {local_task_job_runner.py:222} INFO - ::endgroup::
