[2026-02-15T05:13:10.688+0000] {local_task_job_runner.py:120} INFO - ::group::Pre task execution logs
[2026-02-15T05:13:14.173+0000] {taskinstance.py:2076} INFO - Dependencies all met for dep_context=non-requeueable deps ti=<TaskInstance: product_price_pipeline.clean_mobiles scheduled__2026-02-14T00:00:00+00:00 [queued]>
[2026-02-15T05:13:15.113+0000] {taskinstance.py:2076} INFO - Dependencies all met for dep_context=requeueable deps ti=<TaskInstance: product_price_pipeline.clean_mobiles scheduled__2026-02-14T00:00:00+00:00 [queued]>
[2026-02-15T05:13:15.126+0000] {taskinstance.py:2306} INFO - Starting attempt 1 of 2
[2026-02-15T05:13:17.648+0000] {taskinstance.py:2330} INFO - Executing <Task(BashOperator): clean_mobiles> on 2026-02-14 00:00:00+00:00
[2026-02-15T05:13:26.721+0000] {logging_mixin.py:188} WARNING - /home/***/.local/lib/python3.12/site-packages/***/task/task_runner/standard_task_runner.py:62 DeprecationWarning: This process (pid=22681) is multi-threaded, use of fork() may lead to deadlocks in the child.
[2026-02-15T05:13:24.269+0000] {standard_task_runner.py:90} INFO - Running: ['***', 'tasks', 'run', 'product_price_pipeline', 'clean_mobiles', 'scheduled__2026-02-14T00:00:00+00:00', '--job-id', '148', '--raw', '--subdir', 'DAGS_FOLDER/product_pipeline_dag.py', '--cfg-path', '/tmp/tmppo233vp3']
[2026-02-15T05:13:27.133+0000] {standard_task_runner.py:91} INFO - Job 148: Subtask clean_mobiles
[2026-02-15T05:13:27.117+0000] {standard_task_runner.py:64} INFO - Started process 22704 to run task
[2026-02-15T05:13:38.875+0000] {task_command.py:426} INFO - Running <TaskInstance: product_price_pipeline.clean_mobiles scheduled__2026-02-14T00:00:00+00:00 [running]> on host c65c0f674c92
[2026-02-15T05:13:45.040+0000] {taskinstance.py:2648} INFO - Exporting env vars: AIRFLOW_CTX_DAG_OWNER='***' AIRFLOW_CTX_DAG_ID='product_price_pipeline' AIRFLOW_CTX_TASK_ID='clean_mobiles' AIRFLOW_CTX_EXECUTION_DATE='2026-02-14T00:00:00+00:00' AIRFLOW_CTX_TRY_NUMBER='1' AIRFLOW_CTX_DAG_RUN_ID='scheduled__2026-02-14T00:00:00+00:00'
[2026-02-15T05:13:45.082+0000] {taskinstance.py:430} INFO - ::endgroup::
[2026-02-15T05:13:46.037+0000] {subprocess.py:63} INFO - Tmp dir root location: /tmp
[2026-02-15T05:13:46.223+0000] {subprocess.py:75} INFO - Running command: ['/usr/bin/bash', '-c', 'python /opt/***/dags/scripts/cleaning/clean_mobiles.py']
[2026-02-15T05:13:46.714+0000] {subprocess.py:86} INFO - Output:
[2026-02-15T05:14:08.869+0000] {subprocess.py:93} INFO - 🔥 clean_mobiles.py STARTED 🔥
[2026-02-15T05:14:09.496+0000] {subprocess.py:93} INFO - 📥 INPUT FILE: /opt/***/dags/data/raw/mobiles/mobiles_2026-02-11.csv
[2026-02-15T05:14:09.559+0000] {subprocess.py:93} INFO - 📊 Rows loaded: 750
[2026-02-15T05:14:09.570+0000] {subprocess.py:93} INFO - ✅ CLEANED FILE SAVED AT:
[2026-02-15T05:14:09.591+0000] {subprocess.py:93} INFO - /opt/***/dags/data/clean/mobiles_cleaned_20260215_051408.csv
[2026-02-15T05:14:09.610+0000] {subprocess.py:93} INFO - 🔥 clean_mobiles.py FINISHED 🔥
[2026-02-15T05:14:12.509+0000] {subprocess.py:97} INFO - Command exited with return code 0
[2026-02-15T05:14:12.631+0000] {taskinstance.py:441} INFO - ::group::Post task execution logs
[2026-02-15T05:14:15.230+0000] {taskinstance.py:1206} INFO - Marking task as SUCCESS. dag_id=product_price_pipeline, task_id=clean_mobiles, run_id=scheduled__2026-02-14T00:00:00+00:00, execution_date=20260214T000000, start_date=20260215T051314, end_date=20260215T051415
[2026-02-15T05:14:16.144+0000] {local_task_job_runner.py:243} INFO - Task exited with return code 0
[2026-02-15T05:14:16.996+0000] {local_task_job_runner.py:222} INFO - ::endgroup::
