[2026-02-07T07:42:05.359+0000] {local_task_job_runner.py:120} INFO - ::group::Pre task execution logs
[2026-02-07T07:42:05.445+0000] {taskinstance.py:2076} INFO - Dependencies all met for dep_context=non-requeueable deps ti=<TaskInstance: product_price_pipeline.create_main_table manual__2026-02-07T07:39:23.394865+00:00 [queued]>
[2026-02-07T07:42:05.465+0000] {taskinstance.py:2076} INFO - Dependencies all met for dep_context=requeueable deps ti=<TaskInstance: product_price_pipeline.create_main_table manual__2026-02-07T07:39:23.394865+00:00 [queued]>
[2026-02-07T07:42:05.468+0000] {taskinstance.py:2306} INFO - Starting attempt 1 of 2
[2026-02-07T07:42:05.492+0000] {taskinstance.py:2330} INFO - Executing <Task(BashOperator): create_main_table> on 2026-02-07 07:39:23.394865+00:00
[2026-02-07T07:42:05.512+0000] {standard_task_runner.py:90} INFO - Running: ['***', 'tasks', 'run', 'product_price_pipeline', 'create_main_table', 'manual__2026-02-07T07:39:23.394865+00:00', '--job-id', '87', '--raw', '--subdir', 'DAGS_FOLDER/product_pipeline_dag.py', '--cfg-path', '/tmp/tmpovqgdoup']
[2026-02-07T07:42:05.522+0000] {standard_task_runner.py:91} INFO - Job 87: Subtask create_main_table
[2026-02-07T07:42:05.523+0000] {logging_mixin.py:188} WARNING - /home/***/.local/lib/python3.12/site-packages/***/task/task_runner/standard_task_runner.py:62 DeprecationWarning: This process (pid=255) is multi-threaded, use of fork() may lead to deadlocks in the child.
[2026-02-07T07:42:05.531+0000] {standard_task_runner.py:64} INFO - Started process 256 to run task
[2026-02-07T07:42:05.847+0000] {task_command.py:426} INFO - Running <TaskInstance: product_price_pipeline.create_main_table manual__2026-02-07T07:39:23.394865+00:00 [running]> on host ed971536d6e0
[2026-02-07T07:42:06.053+0000] {taskinstance.py:2648} INFO - Exporting env vars: AIRFLOW_CTX_DAG_OWNER='***' AIRFLOW_CTX_DAG_ID='product_price_pipeline' AIRFLOW_CTX_TASK_ID='create_main_table' AIRFLOW_CTX_EXECUTION_DATE='2026-02-07T07:39:23.394865+00:00' AIRFLOW_CTX_TRY_NUMBER='1' AIRFLOW_CTX_DAG_RUN_ID='manual__2026-02-07T07:39:23.394865+00:00'
[2026-02-07T07:42:06.055+0000] {taskinstance.py:430} INFO - ::endgroup::
[2026-02-07T07:42:06.077+0000] {subprocess.py:63} INFO - Tmp dir root location: /tmp
[2026-02-07T07:42:06.084+0000] {subprocess.py:75} INFO - Running command: ['/usr/bin/bash', '-c', 'python /opt/***/dags/scripts/load_to_db.py']
[2026-02-07T07:42:06.103+0000] {subprocess.py:86} INFO - Output:
[2026-02-07T07:42:06.498+0000] {subprocess.py:93} INFO - python: can't open file '/tmp/***tmp7eotct_8/scripts/loaders/load_mobiles.py': [Errno 2] No such file or directory
[2026-02-07T07:42:06.595+0000] {subprocess.py:93} INFO - python: can't open file '/tmp/***tmp7eotct_8/scripts/loaders/load_laptops.py': [Errno 2] No such file or directory
[2026-02-07T07:42:06.709+0000] {subprocess.py:93} INFO - python: can't open file '/tmp/***tmp7eotct_8/scripts/loaders/load_refrigerators.py': [Errno 2] No such file or directory
[2026-02-07T07:42:06.795+0000] {subprocess.py:93} INFO - python: can't open file '/tmp/***tmp7eotct_8/scripts/loaders/load_tvs.py': [Errno 2] No such file or directory
[2026-02-07T07:42:06.889+0000] {subprocess.py:93} INFO - python: can't open file '/tmp/***tmp7eotct_8/scripts/loaders/load_products_main.py': [Errno 2] No such file or directory
[2026-02-07T07:42:06.894+0000] {subprocess.py:93} INFO - Starting loading stage...
[2026-02-07T07:42:06.896+0000] {subprocess.py:93} INFO - Loading stage completed.
[2026-02-07T07:42:06.901+0000] {subprocess.py:97} INFO - Command exited with return code 0
[2026-02-07T07:42:06.904+0000] {taskinstance.py:441} INFO - ::group::Post task execution logs
[2026-02-07T07:42:06.939+0000] {taskinstance.py:1206} INFO - Marking task as SUCCESS. dag_id=product_price_pipeline, task_id=create_main_table, run_id=manual__2026-02-07T07:39:23.394865+00:00, execution_date=20260207T073923, start_date=20260207T074205, end_date=20260207T074206
[2026-02-07T07:42:06.999+0000] {local_task_job_runner.py:243} INFO - Task exited with return code 0
[2026-02-07T07:42:07.032+0000] {taskinstance.py:3503} INFO - 1 downstream tasks scheduled from follow-on schedule check
[2026-02-07T07:42:07.036+0000] {local_task_job_runner.py:222} INFO - ::endgroup::
