[2026-02-11T07:35:04.030+0000] {local_task_job_runner.py:120} INFO - ::group::Pre task execution logs
[2026-02-11T07:35:05.343+0000] {taskinstance.py:2076} INFO - Dependencies all met for dep_context=non-requeueable deps ti=<TaskInstance: product_price_pipeline.scrape_data manual__2026-02-11T07:34:57.633408+00:00 [queued]>
[2026-02-11T07:35:05.545+0000] {taskinstance.py:2076} INFO - Dependencies all met for dep_context=requeueable deps ti=<TaskInstance: product_price_pipeline.scrape_data manual__2026-02-11T07:34:57.633408+00:00 [queued]>
[2026-02-11T07:35:05.549+0000] {taskinstance.py:2306} INFO - Starting attempt 1 of 2
[2026-02-11T07:35:05.793+0000] {taskinstance.py:2330} INFO - Executing <Task(BashOperator): scrape_data> on 2026-02-11 07:34:57.633408+00:00
[2026-02-11T07:35:05.943+0000] {logging_mixin.py:188} WARNING - /home/***/.local/lib/python3.12/site-packages/***/task/task_runner/standard_task_runner.py:62 DeprecationWarning: This process (pid=228) is multi-threaded, use of fork() may lead to deadlocks in the child.
[2026-02-11T07:35:05.980+0000] {standard_task_runner.py:64} INFO - Started process 229 to run task
[2026-02-11T07:35:05.965+0000] {standard_task_runner.py:90} INFO - Running: ['***', 'tasks', 'run', 'product_price_pipeline', 'scrape_data', 'manual__2026-02-11T07:34:57.633408+00:00', '--job-id', '124', '--raw', '--subdir', 'DAGS_FOLDER/product_pipeline_dag.py', '--cfg-path', '/tmp/tmpje00drhd']
[2026-02-11T07:35:06.037+0000] {standard_task_runner.py:91} INFO - Job 124: Subtask scrape_data
[2026-02-11T07:35:06.985+0000] {task_command.py:426} INFO - Running <TaskInstance: product_price_pipeline.scrape_data manual__2026-02-11T07:34:57.633408+00:00 [running]> on host 5f7f8e84b8a0
[2026-02-11T07:35:08.453+0000] {taskinstance.py:2648} INFO - Exporting env vars: AIRFLOW_CTX_DAG_OWNER='***' AIRFLOW_CTX_DAG_ID='product_price_pipeline' AIRFLOW_CTX_TASK_ID='scrape_data' AIRFLOW_CTX_EXECUTION_DATE='2026-02-11T07:34:57.633408+00:00' AIRFLOW_CTX_TRY_NUMBER='1' AIRFLOW_CTX_DAG_RUN_ID='manual__2026-02-11T07:34:57.633408+00:00'
[2026-02-11T07:35:08.475+0000] {taskinstance.py:430} INFO - ::endgroup::
[2026-02-11T07:35:10.476+0000] {subprocess.py:63} INFO - Tmp dir root location: /tmp
[2026-02-11T07:35:10.484+0000] {subprocess.py:75} INFO - Running command: ['/usr/bin/bash', '-c', 'python /opt/***/dags/all_data.py']
[2026-02-11T07:35:10.554+0000] {subprocess.py:86} INFO - Output:
[2026-02-11T07:35:13.720+0000] {subprocess.py:93} INFO - 2026-02-11 07:35:13,720 | INFO | ===== SCRAPING STARTED =====
[2026-02-11T07:35:13.721+0000] {subprocess.py:93} INFO - 2026-02-11 07:35:13,720 | INFO | Starting scrape for category: mobiles
[2026-02-11T07:35:14.509+0000] {subprocess.py:93} INFO - 2026-02-11 07:35:14,508 | INFO | mobiles: Page 1/25
[2026-02-11T07:35:15.088+0000] {subprocess.py:93} INFO - 2026-02-11 07:35:15,087 | INFO | mobiles: Page 2/25
[2026-02-11T07:35:15.729+0000] {subprocess.py:93} INFO - 2026-02-11 07:35:15,728 | INFO | mobiles: Page 3/25
[2026-02-11T07:35:16.348+0000] {subprocess.py:93} INFO - 2026-02-11 07:35:16,347 | INFO | mobiles: Page 4/25
[2026-02-11T07:35:16.978+0000] {subprocess.py:93} INFO - 2026-02-11 07:35:16,977 | INFO | mobiles: Page 5/25
[2026-02-11T07:35:17.678+0000] {subprocess.py:93} INFO - 2026-02-11 07:35:17,677 | INFO | mobiles: Page 6/25
[2026-02-11T07:35:18.304+0000] {subprocess.py:93} INFO - 2026-02-11 07:35:18,303 | INFO | mobiles: Page 7/25
[2026-02-11T07:35:18.925+0000] {subprocess.py:93} INFO - 2026-02-11 07:35:18,925 | INFO | mobiles: Page 8/25
[2026-02-11T07:35:19.568+0000] {subprocess.py:93} INFO - 2026-02-11 07:35:19,568 | INFO | mobiles: Page 9/25
[2026-02-11T07:35:20.237+0000] {subprocess.py:93} INFO - 2026-02-11 07:35:20,237 | INFO | mobiles: Page 10/25
[2026-02-11T07:35:20.840+0000] {subprocess.py:93} INFO - 2026-02-11 07:35:20,839 | INFO | mobiles: Page 11/25
[2026-02-11T07:35:21.412+0000] {subprocess.py:93} INFO - 2026-02-11 07:35:21,411 | INFO | mobiles: Page 12/25
[2026-02-11T07:35:21.972+0000] {subprocess.py:93} INFO - 2026-02-11 07:35:21,972 | INFO | mobiles: Page 13/25
[2026-02-11T07:35:22.705+0000] {subprocess.py:93} INFO - 2026-02-11 07:35:22,705 | INFO | mobiles: Page 14/25
[2026-02-11T07:35:23.386+0000] {subprocess.py:93} INFO - 2026-02-11 07:35:23,386 | INFO | mobiles: Page 15/25
[2026-02-11T07:35:24.107+0000] {subprocess.py:93} INFO - 2026-02-11 07:35:24,106 | INFO | mobiles: Page 16/25
[2026-02-11T07:35:24.830+0000] {subprocess.py:93} INFO - 2026-02-11 07:35:24,830 | INFO | mobiles: Page 17/25
[2026-02-11T07:35:25.461+0000] {subprocess.py:93} INFO - 2026-02-11 07:35:25,460 | INFO | mobiles: Page 18/25
[2026-02-11T07:35:26.111+0000] {subprocess.py:93} INFO - 2026-02-11 07:35:26,110 | INFO | mobiles: Page 19/25
[2026-02-11T07:35:26.772+0000] {subprocess.py:93} INFO - 2026-02-11 07:35:26,771 | INFO | mobiles: Page 20/25
[2026-02-11T07:35:27.738+0000] {subprocess.py:93} INFO - 2026-02-11 07:35:27,737 | INFO | mobiles: Page 21/25
[2026-02-11T07:35:28.380+0000] {subprocess.py:93} INFO - 2026-02-11 07:35:28,379 | INFO | mobiles: Page 22/25
[2026-02-11T07:35:29.190+0000] {subprocess.py:93} INFO - 2026-02-11 07:35:29,189 | INFO | mobiles: Page 23/25
[2026-02-11T07:35:29.934+0000] {subprocess.py:93} INFO - 2026-02-11 07:35:29,933 | INFO | mobiles: Page 24/25
[2026-02-11T07:35:30.728+0000] {subprocess.py:93} INFO - 2026-02-11 07:35:30,727 | INFO | mobiles: Page 25/25
[2026-02-11T07:35:31.472+0000] {subprocess.py:93} INFO - 2026-02-11 07:35:31,471 | INFO | mobiles: Fetching reviews
[2026-02-11T07:35:45.563+0000] {subprocess.py:93} INFO - 2026-02-11 07:35:45,563 | INFO | mobiles: Saved 750 rows to /opt/***/dags/data/raw/mobiles/mobiles_2026-02-11.csv
[2026-02-11T07:35:45.565+0000] {subprocess.py:93} INFO - 2026-02-11 07:35:45,564 | INFO | Starting scrape for category: laptops
[2026-02-11T07:35:45.951+0000] {subprocess.py:93} INFO - 2026-02-11 07:35:45,950 | INFO | laptops: Page 1/14
[2026-02-11T07:35:46.406+0000] {subprocess.py:93} INFO - 2026-02-11 07:35:46,406 | INFO | laptops: Page 2/14
[2026-02-11T07:35:47.166+0000] {subprocess.py:93} INFO - 2026-02-11 07:35:47,166 | INFO | laptops: Page 3/14
[2026-02-11T07:35:47.827+0000] {subprocess.py:93} INFO - 2026-02-11 07:35:47,827 | INFO | laptops: Page 4/14
[2026-02-11T07:35:48.448+0000] {subprocess.py:93} INFO - 2026-02-11 07:35:48,447 | INFO | laptops: Page 5/14
[2026-02-11T07:35:49.034+0000] {subprocess.py:93} INFO - 2026-02-11 07:35:49,034 | INFO | laptops: Page 6/14
[2026-02-11T07:35:49.635+0000] {subprocess.py:93} INFO - 2026-02-11 07:35:49,634 | INFO | laptops: Page 7/14
[2026-02-11T07:35:50.367+0000] {subprocess.py:93} INFO - 2026-02-11 07:35:50,367 | INFO | laptops: Page 8/14
[2026-02-11T07:35:51.001+0000] {subprocess.py:93} INFO - 2026-02-11 07:35:51,001 | INFO | laptops: Page 9/14
[2026-02-11T07:35:51.582+0000] {subprocess.py:93} INFO - 2026-02-11 07:35:51,581 | INFO | laptops: Page 10/14
[2026-02-11T07:35:52.279+0000] {subprocess.py:93} INFO - 2026-02-11 07:35:52,278 | INFO | laptops: Page 11/14
[2026-02-11T07:35:53.026+0000] {subprocess.py:93} INFO - 2026-02-11 07:35:53,025 | INFO | laptops: Page 12/14
[2026-02-11T07:35:53.585+0000] {subprocess.py:93} INFO - 2026-02-11 07:35:53,584 | INFO | laptops: Page 13/14
[2026-02-11T07:35:54.311+0000] {subprocess.py:93} INFO - 2026-02-11 07:35:54,311 | INFO | laptops: Page 14/14
[2026-02-11T07:35:55.051+0000] {subprocess.py:93} INFO - 2026-02-11 07:35:55,051 | INFO | laptops: Fetching reviews
[2026-02-11T07:36:01.078+0000] {subprocess.py:93} INFO - 2026-02-11 07:36:01,077 | INFO | laptops: Saved 420 rows to /opt/***/dags/data/raw/laptops/laptops_2026-02-11.csv
[2026-02-11T07:36:01.080+0000] {subprocess.py:93} INFO - 2026-02-11 07:36:01,078 | INFO | Starting scrape for category: television
[2026-02-11T07:36:01.377+0000] {subprocess.py:93} INFO - 2026-02-11 07:36:01,377 | INFO | television: Page 1/7
[2026-02-11T07:36:01.830+0000] {subprocess.py:93} INFO - 2026-02-11 07:36:01,830 | INFO | television: Page 2/7
[2026-02-11T07:36:02.528+0000] {subprocess.py:93} INFO - 2026-02-11 07:36:02,528 | INFO | television: Page 3/7
[2026-02-11T07:36:03.288+0000] {subprocess.py:93} INFO - 2026-02-11 07:36:03,288 | INFO | television: Page 4/7
[2026-02-11T07:36:04.138+0000] {subprocess.py:93} INFO - 2026-02-11 07:36:04,138 | INFO | television: Page 5/7
[2026-02-11T07:36:04.722+0000] {subprocess.py:93} INFO - 2026-02-11 07:36:04,722 | INFO | television: Page 6/7
[2026-02-11T07:36:05.338+0000] {subprocess.py:93} INFO - 2026-02-11 07:36:05,337 | INFO | television: Page 7/7
[2026-02-11T07:36:06.013+0000] {subprocess.py:93} INFO - 2026-02-11 07:36:06,013 | INFO | television: Fetching reviews
[2026-02-11T07:36:29.082+0000] {subprocess.py:93} INFO - 2026-02-11 07:36:29,082 | INFO | television: Saved 210 rows to /opt/***/dags/data/raw/tvs/television_2026-02-11.csv
[2026-02-11T07:36:29.085+0000] {subprocess.py:93} INFO - 2026-02-11 07:36:29,082 | INFO | Starting scrape for category: refrigerator
[2026-02-11T07:36:29.792+0000] {subprocess.py:93} INFO - 2026-02-11 07:36:29,791 | INFO | refrigerator: Page 1/6
[2026-02-11T07:36:31.779+0000] {subprocess.py:93} INFO - 2026-02-11 07:36:31,779 | INFO | refrigerator: Page 2/6
[2026-02-11T07:36:35.489+0000] {subprocess.py:93} INFO - 2026-02-11 07:36:35,488 | INFO | refrigerator: Page 3/6
[2026-02-11T07:36:37.147+0000] {subprocess.py:93} INFO - 2026-02-11 07:36:37,147 | INFO | refrigerator: Page 4/6
[2026-02-11T07:36:40.847+0000] {subprocess.py:93} INFO - 2026-02-11 07:36:40,847 | INFO | refrigerator: Page 5/6
[2026-02-11T07:36:41.832+0000] {subprocess.py:93} INFO - 2026-02-11 07:36:41,832 | INFO | refrigerator: Page 6/6
[2026-02-11T07:36:42.777+0000] {subprocess.py:93} INFO - 2026-02-11 07:36:42,776 | INFO | refrigerator: Fetching reviews
[2026-02-11T07:36:48.887+0000] {subprocess.py:93} INFO - 2026-02-11 07:36:48,886 | INFO | refrigerator: Saved 180 rows to /opt/***/dags/data/raw/refrigerators/refrigerator_2026-02-11.csv
[2026-02-11T07:36:48.889+0000] {subprocess.py:93} INFO - 2026-02-11 07:36:48,887 | INFO | ===== SCRAPING FINISHED =====
[2026-02-11T07:36:48.931+0000] {subprocess.py:97} INFO - Command exited with return code 0
[2026-02-11T07:36:48.935+0000] {taskinstance.py:441} INFO - ::group::Post task execution logs
[2026-02-11T07:36:48.971+0000] {taskinstance.py:1206} INFO - Marking task as SUCCESS. dag_id=product_price_pipeline, task_id=scrape_data, run_id=manual__2026-02-11T07:34:57.633408+00:00, execution_date=20260211T073457, start_date=20260211T073505, end_date=20260211T073648
[2026-02-11T07:36:49.054+0000] {local_task_job_runner.py:243} INFO - Task exited with return code 0
[2026-02-11T07:36:49.133+0000] {taskinstance.py:3503} INFO - 1 downstream tasks scheduled from follow-on schedule check
[2026-02-11T07:36:49.137+0000] {local_task_job_runner.py:222} INFO - ::endgroup::
