[2026-02-14T12:48:37.975+0000] {local_task_job_runner.py:120} INFO - ::group::Pre task execution logs
[2026-02-14T12:48:38.416+0000] {taskinstance.py:2076} INFO - Dependencies all met for dep_context=non-requeueable deps ti=<TaskInstance: product_price_pipeline.clean_mobiles manual__2026-02-14T12:48:32.093483+00:00 [queued]>
[2026-02-14T12:48:38.458+0000] {taskinstance.py:2076} INFO - Dependencies all met for dep_context=requeueable deps ti=<TaskInstance: product_price_pipeline.clean_mobiles manual__2026-02-14T12:48:32.093483+00:00 [queued]>
[2026-02-14T12:48:38.461+0000] {taskinstance.py:2306} INFO - Starting attempt 1 of 2
[2026-02-14T12:48:38.556+0000] {taskinstance.py:2330} INFO - Executing <Task(BashOperator): clean_mobiles> on 2026-02-14 12:48:32.093483+00:00
[2026-02-14T12:48:38.630+0000] {logging_mixin.py:188} WARNING - /home/***/.local/lib/python3.12/site-packages/***/task/task_runner/standard_task_runner.py:62 DeprecationWarning: This process (pid=15432) is multi-threaded, use of fork() may lead to deadlocks in the child.
[2026-02-14T12:48:38.612+0000] {standard_task_runner.py:90} INFO - Running: ['***', 'tasks', 'run', 'product_price_pipeline', 'clean_mobiles', 'manual__2026-02-14T12:48:32.093483+00:00', '--job-id', '140', '--raw', '--subdir', 'DAGS_FOLDER/product_pipeline_dag.py', '--cfg-path', '/tmp/tmp08ex78yc']
[2026-02-14T12:48:38.653+0000] {standard_task_runner.py:91} INFO - Job 140: Subtask clean_mobiles
[2026-02-14T12:48:38.653+0000] {standard_task_runner.py:64} INFO - Started process 15434 to run task
[2026-02-14T12:48:39.360+0000] {task_command.py:426} INFO - Running <TaskInstance: product_price_pipeline.clean_mobiles manual__2026-02-14T12:48:32.093483+00:00 [running]> on host c65c0f674c92
[2026-02-14T12:48:40.280+0000] {taskinstance.py:2648} INFO - Exporting env vars: AIRFLOW_CTX_DAG_OWNER='***' AIRFLOW_CTX_DAG_ID='product_price_pipeline' AIRFLOW_CTX_TASK_ID='clean_mobiles' AIRFLOW_CTX_EXECUTION_DATE='2026-02-14T12:48:32.093483+00:00' AIRFLOW_CTX_TRY_NUMBER='1' AIRFLOW_CTX_DAG_RUN_ID='manual__2026-02-14T12:48:32.093483+00:00'
[2026-02-14T12:48:40.292+0000] {taskinstance.py:430} INFO - ::endgroup::
[2026-02-14T12:48:40.424+0000] {subprocess.py:63} INFO - Tmp dir root location: /tmp
[2026-02-14T12:48:40.448+0000] {subprocess.py:75} INFO - Running command: ['/usr/bin/bash', '-c', 'python /opt/***/dags/scripts/cleaning/clean_mobiles.py']
[2026-02-14T12:48:40.536+0000] {subprocess.py:86} INFO - Output:
[2026-02-14T12:48:47.350+0000] {subprocess.py:93} INFO - 🔥 clean_mobiles.py STARTED 🔥
[2026-02-14T12:48:47.352+0000] {subprocess.py:93} INFO - 📥 INPUT FILE: /opt/***/dags/data/raw/mobiles/mobiles_2026-02-11.csv
[2026-02-14T12:48:47.355+0000] {subprocess.py:93} INFO - 📊 Rows loaded: 750
[2026-02-14T12:48:47.359+0000] {subprocess.py:93} INFO - ✅ CLEANED FILE SAVED AT:
[2026-02-14T12:48:47.362+0000] {subprocess.py:93} INFO - /opt/***/dags/data/clean/mobiles_cleaned_20260214_124847.csv
[2026-02-14T12:48:47.365+0000] {subprocess.py:93} INFO - 🔥 clean_mobiles.py FINISHED 🔥
[2026-02-14T12:48:47.945+0000] {subprocess.py:97} INFO - Command exited with return code 0
[2026-02-14T12:48:47.951+0000] {taskinstance.py:441} INFO - ::group::Post task execution logs
[2026-02-14T12:48:48.102+0000] {taskinstance.py:1206} INFO - Marking task as SUCCESS. dag_id=product_price_pipeline, task_id=clean_mobiles, run_id=manual__2026-02-14T12:48:32.093483+00:00, execution_date=20260214T124832, start_date=20260214T124838, end_date=20260214T124848
[2026-02-14T12:48:48.361+0000] {local_task_job_runner.py:243} INFO - Task exited with return code 0
[2026-02-14T12:48:48.400+0000] {local_task_job_runner.py:222} INFO - ::endgroup::
