[2026-02-14T05:37:20.289+0000] {local_task_job_runner.py:120} INFO - ::group::Pre task execution logs
[2026-02-14T05:37:23.360+0000] {taskinstance.py:2076} INFO - Dependencies all met for dep_context=non-requeueable deps ti=<TaskInstance: product_price_pipeline.load_products_main scheduled__2026-02-13T00:00:00+00:00 [queued]>
[2026-02-14T05:37:23.754+0000] {taskinstance.py:2076} INFO - Dependencies all met for dep_context=requeueable deps ti=<TaskInstance: product_price_pipeline.load_products_main scheduled__2026-02-13T00:00:00+00:00 [queued]>
[2026-02-14T05:37:23.773+0000] {taskinstance.py:2306} INFO - Starting attempt 1 of 2
[2026-02-14T05:37:24.207+0000] {taskinstance.py:2330} INFO - Executing <Task(BashOperator): load_products_main> on 2026-02-13 00:00:00+00:00
[2026-02-14T05:37:25.414+0000] {standard_task_runner.py:90} INFO - Running: ['***', 'tasks', 'run', 'product_price_pipeline', 'load_products_main', 'scheduled__2026-02-13T00:00:00+00:00', '--job-id', '136', '--raw', '--subdir', 'DAGS_FOLDER/product_pipeline_dag.py', '--cfg-path', '/tmp/tmp461t1sb0']
[2026-02-14T05:37:26.068+0000] {standard_task_runner.py:91} INFO - Job 136: Subtask load_products_main
[2026-02-14T05:37:26.084+0000] {logging_mixin.py:188} WARNING - /home/***/.local/lib/python3.12/site-packages/***/task/task_runner/standard_task_runner.py:62 DeprecationWarning: This process (pid=3766) is multi-threaded, use of fork() may lead to deadlocks in the child.
[2026-02-14T05:37:26.099+0000] {standard_task_runner.py:64} INFO - Started process 3775 to run task
[2026-02-14T05:37:32.691+0000] {task_command.py:426} INFO - Running <TaskInstance: product_price_pipeline.load_products_main scheduled__2026-02-13T00:00:00+00:00 [running]> on host c65c0f674c92
[2026-02-14T05:37:35.623+0000] {taskinstance.py:2648} INFO - Exporting env vars: AIRFLOW_CTX_DAG_OWNER='***' AIRFLOW_CTX_DAG_ID='product_price_pipeline' AIRFLOW_CTX_TASK_ID='load_products_main' AIRFLOW_CTX_EXECUTION_DATE='2026-02-13T00:00:00+00:00' AIRFLOW_CTX_TRY_NUMBER='1' AIRFLOW_CTX_DAG_RUN_ID='scheduled__2026-02-13T00:00:00+00:00'
[2026-02-14T05:37:35.786+0000] {taskinstance.py:430} INFO - ::endgroup::
[2026-02-14T05:37:36.810+0000] {subprocess.py:63} INFO - Tmp dir root location: /tmp
[2026-02-14T05:37:37.077+0000] {subprocess.py:75} INFO - Running command: ['/usr/bin/bash', '-c', 'python /opt/***/dags/scripts/loaders/load_products_main.py']
[2026-02-14T05:37:38.884+0000] {subprocess.py:86} INFO - Output:
[2026-02-14T05:37:52.909+0000] {subprocess.py:93} INFO - 🚀 Loading PRODUCTS_MAIN table
[2026-02-14T05:37:52.952+0000] {subprocess.py:93} INFO - ✅ products_main table loaded successfully
[2026-02-14T05:37:53.399+0000] {subprocess.py:97} INFO - Command exited with return code 0
[2026-02-14T05:37:53.739+0000] {taskinstance.py:441} INFO - ::group::Post task execution logs
[2026-02-14T05:37:55.568+0000] {taskinstance.py:1206} INFO - Marking task as SUCCESS. dag_id=product_price_pipeline, task_id=load_products_main, run_id=scheduled__2026-02-13T00:00:00+00:00, execution_date=20260213T000000, start_date=20260214T053723, end_date=20260214T053755
[2026-02-14T05:38:00.226+0000] {local_task_job_runner.py:243} INFO - Task exited with return code 0
[2026-02-14T05:38:05.777+0000] {local_task_job_runner.py:222} INFO - ::endgroup::
