[2026-02-11T07:41:59.697+0000] {local_task_job_runner.py:120} INFO - ::group::Pre task execution logs
[2026-02-11T07:41:59.890+0000] {taskinstance.py:2076} INFO - Dependencies all met for dep_context=non-requeueable deps ti=<TaskInstance: product_price_pipeline.create_main_table manual__2026-02-11T07:34:57.633408+00:00 [queued]>
[2026-02-11T07:41:59.916+0000] {taskinstance.py:2076} INFO - Dependencies all met for dep_context=requeueable deps ti=<TaskInstance: product_price_pipeline.create_main_table manual__2026-02-11T07:34:57.633408+00:00 [queued]>
[2026-02-11T07:41:59.920+0000] {taskinstance.py:2306} INFO - Starting attempt 2 of 2
[2026-02-11T07:41:59.950+0000] {taskinstance.py:2330} INFO - Executing <Task(BashOperator): create_main_table> on 2026-02-11 07:34:57.633408+00:00
[2026-02-11T07:41:59.961+0000] {standard_task_runner.py:90} INFO - Running: ['***', 'tasks', 'run', 'product_price_pipeline', 'create_main_table', 'manual__2026-02-11T07:34:57.633408+00:00', '--job-id', '127', '--raw', '--subdir', 'DAGS_FOLDER/product_pipeline_dag.py', '--cfg-path', '/tmp/tmpjf2hp8zj']
[2026-02-11T07:41:59.964+0000] {logging_mixin.py:188} WARNING - /home/***/.local/lib/python3.12/site-packages/***/task/task_runner/standard_task_runner.py:62 DeprecationWarning: This process (pid=319) is multi-threaded, use of fork() may lead to deadlocks in the child.
[2026-02-11T07:41:59.964+0000] {standard_task_runner.py:91} INFO - Job 127: Subtask create_main_table
[2026-02-11T07:41:59.965+0000] {standard_task_runner.py:64} INFO - Started process 320 to run task
[2026-02-11T07:42:00.153+0000] {task_command.py:426} INFO - Running <TaskInstance: product_price_pipeline.create_main_table manual__2026-02-11T07:34:57.633408+00:00 [running]> on host 5f7f8e84b8a0
[2026-02-11T07:42:00.295+0000] {taskinstance.py:2648} INFO - Exporting env vars: AIRFLOW_CTX_DAG_OWNER='***' AIRFLOW_CTX_DAG_ID='product_price_pipeline' AIRFLOW_CTX_TASK_ID='create_main_table' AIRFLOW_CTX_EXECUTION_DATE='2026-02-11T07:34:57.633408+00:00' AIRFLOW_CTX_TRY_NUMBER='2' AIRFLOW_CTX_DAG_RUN_ID='manual__2026-02-11T07:34:57.633408+00:00'
[2026-02-11T07:42:00.297+0000] {taskinstance.py:430} INFO - ::endgroup::
[2026-02-11T07:42:00.321+0000] {subprocess.py:63} INFO - Tmp dir root location: /tmp
[2026-02-11T07:42:00.326+0000] {subprocess.py:75} INFO - Running command: ['/usr/bin/bash', '-c', 'python /opt/***/dags/scripts/create_main_table.py']
[2026-02-11T07:42:00.342+0000] {subprocess.py:86} INFO - Output:
[2026-02-11T07:42:02.009+0000] {subprocess.py:93} INFO - 🔥 create_main_table.py STARTED 🔥
[2026-02-11T07:42:02.010+0000] {subprocess.py:93} INFO - Traceback (most recent call last):
[2026-02-11T07:42:02.010+0000] {subprocess.py:93} INFO -   File "/usr/local/lib/python3.12/pathlib.py", line 1311, in mkdir
[2026-02-11T07:42:02.011+0000] {subprocess.py:93} INFO -     os.mkdir(self, mode)
[2026-02-11T07:42:02.012+0000] {subprocess.py:93} INFO - FileNotFoundError: [Errno 2] No such file or directory: '/opt/dags/data/final'
[2026-02-11T07:42:02.012+0000] {subprocess.py:93} INFO - 
[2026-02-11T07:42:02.013+0000] {subprocess.py:93} INFO - During handling of the above exception, another exception occurred:
[2026-02-11T07:42:02.014+0000] {subprocess.py:93} INFO - 
[2026-02-11T07:42:02.014+0000] {subprocess.py:93} INFO - Traceback (most recent call last):
[2026-02-11T07:42:02.015+0000] {subprocess.py:93} INFO -   File "/usr/local/lib/python3.12/pathlib.py", line 1311, in mkdir
[2026-02-11T07:42:02.017+0000] {subprocess.py:93} INFO -     os.mkdir(self, mode)
[2026-02-11T07:42:02.022+0000] {subprocess.py:93} INFO - FileNotFoundError: [Errno 2] No such file or directory: '/opt/dags/data'
[2026-02-11T07:42:02.024+0000] {subprocess.py:93} INFO - 
[2026-02-11T07:42:02.025+0000] {subprocess.py:93} INFO - During handling of the above exception, another exception occurred:
[2026-02-11T07:42:02.026+0000] {subprocess.py:93} INFO - 
[2026-02-11T07:42:02.027+0000] {subprocess.py:93} INFO - Traceback (most recent call last):
[2026-02-11T07:42:02.028+0000] {subprocess.py:93} INFO -   File "/opt/***/dags/scripts/create_main_table.py", line 11, in <module>
[2026-02-11T07:42:02.029+0000] {subprocess.py:93} INFO -     FINAL_DIR.mkdir(parents=True, exist_ok=True)
[2026-02-11T07:42:02.030+0000] {subprocess.py:93} INFO -   File "/usr/local/lib/python3.12/pathlib.py", line 1315, in mkdir
[2026-02-11T07:42:02.031+0000] {subprocess.py:93} INFO -     self.parent.mkdir(parents=True, exist_ok=True)
[2026-02-11T07:42:02.032+0000] {subprocess.py:93} INFO -   File "/usr/local/lib/python3.12/pathlib.py", line 1315, in mkdir
[2026-02-11T07:42:02.033+0000] {subprocess.py:93} INFO -     self.parent.mkdir(parents=True, exist_ok=True)
[2026-02-11T07:42:02.035+0000] {subprocess.py:93} INFO -   File "/usr/local/lib/python3.12/pathlib.py", line 1311, in mkdir
[2026-02-11T07:42:02.035+0000] {subprocess.py:93} INFO -     os.mkdir(self, mode)
[2026-02-11T07:42:02.036+0000] {subprocess.py:93} INFO - PermissionError: [Errno 13] Permission denied: '/opt/dags'
[2026-02-11T07:42:02.097+0000] {subprocess.py:97} INFO - Command exited with return code 1
[2026-02-11T07:42:02.100+0000] {taskinstance.py:441} INFO - ::group::Post task execution logs
[2026-02-11T07:42:02.114+0000] {taskinstance.py:2905} ERROR - Task failed with exception
Traceback (most recent call last):
  File "/home/airflow/.local/lib/python3.12/site-packages/airflow/models/taskinstance.py", line 465, in _execute_task
    result = _execute_callable(context=context, **execute_callable_kwargs)
             ^^^^^^^^^^^^^^^^^^^^^^^^^^^^^^^^^^^^^^^^^^^^^^^^^^^^^^^^^^^^^
  File "/home/airflow/.local/lib/python3.12/site-packages/airflow/models/taskinstance.py", line 432, in _execute_callable
    return execute_callable(context=context, **execute_callable_kwargs)
           ^^^^^^^^^^^^^^^^^^^^^^^^^^^^^^^^^^^^^^^^^^^^^^^^^^^^^^^^^^^^
  File "/home/airflow/.local/lib/python3.12/site-packages/airflow/models/baseoperator.py", line 401, in wrapper
    return func(self, *args, **kwargs)
           ^^^^^^^^^^^^^^^^^^^^^^^^^^^
  File "/home/airflow/.local/lib/python3.12/site-packages/airflow/operators/bash.py", line 243, in execute
    raise AirflowException(
airflow.exceptions.AirflowException: Bash command failed. The command returned a non-zero exit code 1.
[2026-02-11T07:42:02.122+0000] {taskinstance.py:1206} INFO - Marking task as FAILED. dag_id=product_price_pipeline, task_id=create_main_table, run_id=manual__2026-02-11T07:34:57.633408+00:00, execution_date=20260211T073457, start_date=20260211T074159, end_date=20260211T074202
[2026-02-11T07:42:02.138+0000] {standard_task_runner.py:110} ERROR - Failed to execute job 127 for task create_main_table (Bash command failed. The command returned a non-zero exit code 1.; 320)
[2026-02-11T07:42:02.149+0000] {local_task_job_runner.py:243} INFO - Task exited with return code 1
[2026-02-11T07:42:02.174+0000] {taskinstance.py:3503} INFO - 0 downstream tasks scheduled from follow-on schedule check
[2026-02-11T07:42:02.179+0000] {local_task_job_runner.py:222} INFO - ::endgroup::
