[2026-02-11T08:01:02.266+0000] {local_task_job_runner.py:120} INFO - ::group::Pre task execution logs
[2026-02-11T08:01:02.412+0000] {taskinstance.py:2076} INFO - Dependencies all met for dep_context=non-requeueable deps ti=<TaskInstance: product_price_pipeline.create_main_table manual__2026-02-11T07:51:28.831010+00:00 [queued]>
[2026-02-11T08:01:02.428+0000] {taskinstance.py:2076} INFO - Dependencies all met for dep_context=requeueable deps ti=<TaskInstance: product_price_pipeline.create_main_table manual__2026-02-11T07:51:28.831010+00:00 [queued]>
[2026-02-11T08:01:02.429+0000] {taskinstance.py:2306} INFO - Starting attempt 2 of 2
[2026-02-11T08:01:02.454+0000] {taskinstance.py:2330} INFO - Executing <Task(BashOperator): create_main_table> on 2026-02-11 07:51:28.831010+00:00
[2026-02-11T08:01:02.471+0000] {standard_task_runner.py:90} INFO - Running: ['***', 'tasks', 'run', 'product_price_pipeline', 'create_main_table', 'manual__2026-02-11T07:51:28.831010+00:00', '--job-id', '133', '--raw', '--subdir', 'DAGS_FOLDER/product_pipeline_dag.py', '--cfg-path', '/tmp/tmpfybg37cf']
[2026-02-11T08:01:02.477+0000] {logging_mixin.py:188} WARNING - /home/***/.local/lib/python3.12/site-packages/***/task/task_runner/standard_task_runner.py:62 DeprecationWarning: This process (pid=327) is multi-threaded, use of fork() may lead to deadlocks in the child.
[2026-02-11T08:01:02.478+0000] {standard_task_runner.py:91} INFO - Job 133: Subtask create_main_table
[2026-02-11T08:01:02.478+0000] {standard_task_runner.py:64} INFO - Started process 328 to run task
[2026-02-11T08:01:02.678+0000] {task_command.py:426} INFO - Running <TaskInstance: product_price_pipeline.create_main_table manual__2026-02-11T07:51:28.831010+00:00 [running]> on host d7dcec3f8a53
[2026-02-11T08:01:02.825+0000] {taskinstance.py:2648} INFO - Exporting env vars: AIRFLOW_CTX_DAG_OWNER='***' AIRFLOW_CTX_DAG_ID='product_price_pipeline' AIRFLOW_CTX_TASK_ID='create_main_table' AIRFLOW_CTX_EXECUTION_DATE='2026-02-11T07:51:28.831010+00:00' AIRFLOW_CTX_TRY_NUMBER='2' AIRFLOW_CTX_DAG_RUN_ID='manual__2026-02-11T07:51:28.831010+00:00'
[2026-02-11T08:01:02.827+0000] {taskinstance.py:430} INFO - ::endgroup::
[2026-02-11T08:01:02.876+0000] {subprocess.py:63} INFO - Tmp dir root location: /tmp
[2026-02-11T08:01:02.880+0000] {subprocess.py:75} INFO - Running command: ['/usr/bin/bash', '-c', 'python /opt/***/dags/scripts/create_main_table.py']
[2026-02-11T08:01:02.902+0000] {subprocess.py:86} INFO - Output:
[2026-02-11T08:01:05.251+0000] {subprocess.py:93} INFO - 🔥 create_main_table.py STARTED 🔥
[2026-02-11T08:01:05.252+0000] {subprocess.py:93} INFO - Traceback (most recent call last):
[2026-02-11T08:01:05.254+0000] {subprocess.py:93} INFO -   File "/usr/local/lib/python3.12/pathlib.py", line 1311, in mkdir
[2026-02-11T08:01:05.255+0000] {subprocess.py:93} INFO -     os.mkdir(self, mode)
[2026-02-11T08:01:05.256+0000] {subprocess.py:93} INFO - FileNotFoundError: [Errno 2] No such file or directory: '/opt/dags/data/final'
[2026-02-11T08:01:05.257+0000] {subprocess.py:93} INFO - 
[2026-02-11T08:01:05.259+0000] {subprocess.py:93} INFO - During handling of the above exception, another exception occurred:
[2026-02-11T08:01:05.260+0000] {subprocess.py:93} INFO - 
[2026-02-11T08:01:05.261+0000] {subprocess.py:93} INFO - Traceback (most recent call last):
[2026-02-11T08:01:05.263+0000] {subprocess.py:93} INFO -   File "/usr/local/lib/python3.12/pathlib.py", line 1311, in mkdir
[2026-02-11T08:01:05.264+0000] {subprocess.py:93} INFO -     os.mkdir(self, mode)
[2026-02-11T08:01:05.265+0000] {subprocess.py:93} INFO - FileNotFoundError: [Errno 2] No such file or directory: '/opt/dags/data'
[2026-02-11T08:01:05.266+0000] {subprocess.py:93} INFO - 
[2026-02-11T08:01:05.267+0000] {subprocess.py:93} INFO - During handling of the above exception, another exception occurred:
[2026-02-11T08:01:05.268+0000] {subprocess.py:93} INFO - 
[2026-02-11T08:01:05.269+0000] {subprocess.py:93} INFO - Traceback (most recent call last):
[2026-02-11T08:01:05.270+0000] {subprocess.py:93} INFO -   File "/opt/***/dags/scripts/create_main_table.py", line 11, in <module>
[2026-02-11T08:01:05.271+0000] {subprocess.py:93} INFO -     FINAL_DIR.mkdir(parents=True, exist_ok=True)
[2026-02-11T08:01:05.272+0000] {subprocess.py:93} INFO -   File "/usr/local/lib/python3.12/pathlib.py", line 1315, in mkdir
[2026-02-11T08:01:05.273+0000] {subprocess.py:93} INFO -     self.parent.mkdir(parents=True, exist_ok=True)
[2026-02-11T08:01:05.274+0000] {subprocess.py:93} INFO -   File "/usr/local/lib/python3.12/pathlib.py", line 1315, in mkdir
[2026-02-11T08:01:05.276+0000] {subprocess.py:93} INFO -     self.parent.mkdir(parents=True, exist_ok=True)
[2026-02-11T08:01:05.276+0000] {subprocess.py:93} INFO -   File "/usr/local/lib/python3.12/pathlib.py", line 1311, in mkdir
[2026-02-11T08:01:05.277+0000] {subprocess.py:93} INFO -     os.mkdir(self, mode)
[2026-02-11T08:01:05.278+0000] {subprocess.py:93} INFO - PermissionError: [Errno 13] Permission denied: '/opt/dags'
[2026-02-11T08:01:05.373+0000] {subprocess.py:97} INFO - Command exited with return code 1
[2026-02-11T08:01:05.376+0000] {taskinstance.py:441} INFO - ::group::Post task execution logs
[2026-02-11T08:01:05.392+0000] {taskinstance.py:2905} ERROR - Task failed with exception
Traceback (most recent call last):
  File "/home/airflow/.local/lib/python3.12/site-packages/airflow/models/taskinstance.py", line 465, in _execute_task
    result = _execute_callable(context=context, **execute_callable_kwargs)
             ^^^^^^^^^^^^^^^^^^^^^^^^^^^^^^^^^^^^^^^^^^^^^^^^^^^^^^^^^^^^^
  File "/home/airflow/.local/lib/python3.12/site-packages/airflow/models/taskinstance.py", line 432, in _execute_callable
    return execute_callable(context=context, **execute_callable_kwargs)
           ^^^^^^^^^^^^^^^^^^^^^^^^^^^^^^^^^^^^^^^^^^^^^^^^^^^^^^^^^^^^
  File "/home/airflow/.local/lib/python3.12/site-packages/airflow/models/baseoperator.py", line 401, in wrapper
    return func(self, *args, **kwargs)
           ^^^^^^^^^^^^^^^^^^^^^^^^^^^
  File "/home/airflow/.local/lib/python3.12/site-packages/airflow/operators/bash.py", line 243, in execute
    raise AirflowException(
airflow.exceptions.AirflowException: Bash command failed. The command returned a non-zero exit code 1.
[2026-02-11T08:01:05.406+0000] {taskinstance.py:1206} INFO - Marking task as FAILED. dag_id=product_price_pipeline, task_id=create_main_table, run_id=manual__2026-02-11T07:51:28.831010+00:00, execution_date=20260211T075128, start_date=20260211T080102, end_date=20260211T080105
[2026-02-11T08:01:05.426+0000] {standard_task_runner.py:110} ERROR - Failed to execute job 133 for task create_main_table (Bash command failed. The command returned a non-zero exit code 1.; 328)
[2026-02-11T08:01:05.473+0000] {local_task_job_runner.py:243} INFO - Task exited with return code 1
[2026-02-11T08:01:05.540+0000] {taskinstance.py:3503} INFO - 0 downstream tasks scheduled from follow-on schedule check
[2026-02-11T08:01:05.554+0000] {local_task_job_runner.py:222} INFO - ::endgroup::
