[2026-02-11T07:55:54.526+0000] {local_task_job_runner.py:120} INFO - ::group::Pre task execution logs
[2026-02-11T07:55:54.654+0000] {taskinstance.py:2076} INFO - Dependencies all met for dep_context=non-requeueable deps ti=<TaskInstance: product_price_pipeline.clean_data manual__2026-02-11T07:51:28.831010+00:00 [queued]>
[2026-02-11T07:55:54.675+0000] {taskinstance.py:2076} INFO - Dependencies all met for dep_context=requeueable deps ti=<TaskInstance: product_price_pipeline.clean_data manual__2026-02-11T07:51:28.831010+00:00 [queued]>
[2026-02-11T07:55:54.677+0000] {taskinstance.py:2306} INFO - Starting attempt 1 of 2
[2026-02-11T07:55:54.699+0000] {taskinstance.py:2330} INFO - Executing <Task(BashOperator): clean_data> on 2026-02-11 07:51:28.831010+00:00
[2026-02-11T07:55:54.717+0000] {logging_mixin.py:188} WARNING - /home/***/.local/lib/python3.12/site-packages/***/task/task_runner/standard_task_runner.py:62 DeprecationWarning: This process (pid=271) is multi-threaded, use of fork() may lead to deadlocks in the child.
[2026-02-11T07:55:54.712+0000] {standard_task_runner.py:90} INFO - Running: ['***', 'tasks', 'run', 'product_price_pipeline', 'clean_data', 'manual__2026-02-11T07:51:28.831010+00:00', '--job-id', '131', '--raw', '--subdir', 'DAGS_FOLDER/product_pipeline_dag.py', '--cfg-path', '/tmp/tmpovs5duhf']
[2026-02-11T07:55:54.719+0000] {standard_task_runner.py:64} INFO - Started process 272 to run task
[2026-02-11T07:55:54.719+0000] {standard_task_runner.py:91} INFO - Job 131: Subtask clean_data
[2026-02-11T07:55:54.872+0000] {task_command.py:426} INFO - Running <TaskInstance: product_price_pipeline.clean_data manual__2026-02-11T07:51:28.831010+00:00 [running]> on host d7dcec3f8a53
[2026-02-11T07:55:55.012+0000] {taskinstance.py:2648} INFO - Exporting env vars: AIRFLOW_CTX_DAG_OWNER='***' AIRFLOW_CTX_DAG_ID='product_price_pipeline' AIRFLOW_CTX_TASK_ID='clean_data' AIRFLOW_CTX_EXECUTION_DATE='2026-02-11T07:51:28.831010+00:00' AIRFLOW_CTX_TRY_NUMBER='1' AIRFLOW_CTX_DAG_RUN_ID='manual__2026-02-11T07:51:28.831010+00:00'
[2026-02-11T07:55:55.015+0000] {taskinstance.py:430} INFO - ::endgroup::
[2026-02-11T07:55:55.041+0000] {subprocess.py:63} INFO - Tmp dir root location: /tmp
[2026-02-11T07:55:55.044+0000] {subprocess.py:75} INFO - Running command: ['/usr/bin/bash', '-c', 'python /opt/***/dags/scripts/clean.py']
[2026-02-11T07:55:55.065+0000] {subprocess.py:86} INFO - Output:
[2026-02-11T07:55:55.455+0000] {subprocess.py:93} INFO - python: can't open file '/tmp/***tmpyig_kv1b/scripts/cleaning/clean_mobiles.py': [Errno 2] No such file or directory
[2026-02-11T07:55:55.536+0000] {subprocess.py:93} INFO - python: can't open file '/tmp/***tmpyig_kv1b/scripts/cleaning/clean_laptops.py': [Errno 2] No such file or directory
[2026-02-11T07:55:55.642+0000] {subprocess.py:93} INFO - python: can't open file '/tmp/***tmpyig_kv1b/scripts/cleaning/clean_refrigerators.py': [Errno 2] No such file or directory
[2026-02-11T07:55:55.716+0000] {subprocess.py:93} INFO - python: can't open file '/tmp/***tmpyig_kv1b/scripts/cleaning/clean_tvs.py': [Errno 2] No such file or directory
[2026-02-11T07:55:55.793+0000] {subprocess.py:93} INFO - python: can't open file '/tmp/***tmpyig_kv1b/scripts/cleaning/create_main_table.py': [Errno 2] No such file or directory
[2026-02-11T07:55:55.797+0000] {subprocess.py:93} INFO - Starting cleaning stage...
[2026-02-11T07:55:55.798+0000] {subprocess.py:93} INFO - Cleaning stage completed.
[2026-02-11T07:55:55.803+0000] {subprocess.py:97} INFO - Command exited with return code 0
[2026-02-11T07:55:55.808+0000] {taskinstance.py:441} INFO - ::group::Post task execution logs
[2026-02-11T07:55:55.843+0000] {taskinstance.py:1206} INFO - Marking task as SUCCESS. dag_id=product_price_pipeline, task_id=clean_data, run_id=manual__2026-02-11T07:51:28.831010+00:00, execution_date=20260211T075128, start_date=20260211T075554, end_date=20260211T075555
[2026-02-11T07:55:55.900+0000] {local_task_job_runner.py:243} INFO - Task exited with return code 0
[2026-02-11T07:55:55.935+0000] {taskinstance.py:3503} INFO - 1 downstream tasks scheduled from follow-on schedule check
[2026-02-11T07:55:55.939+0000] {local_task_job_runner.py:222} INFO - ::endgroup::
