[2026-02-12T13:43:48.461+0000] {local_task_job_runner.py:120} INFO - ::group::Pre task execution logs
[2026-02-12T13:43:48.722+0000] {taskinstance.py:2076} INFO - Dependencies all met for dep_context=non-requeueable deps ti=<TaskInstance: product_price_pipeline.load_products_main manual__2026-02-12T13:43:22.725401+00:00 [queued]>
[2026-02-12T13:43:48.752+0000] {taskinstance.py:2076} INFO - Dependencies all met for dep_context=requeueable deps ti=<TaskInstance: product_price_pipeline.load_products_main manual__2026-02-12T13:43:22.725401+00:00 [queued]>
[2026-02-12T13:43:48.755+0000] {taskinstance.py:2306} INFO - Starting attempt 1 of 2
[2026-02-12T13:43:48.796+0000] {taskinstance.py:2330} INFO - Executing <Task(BashOperator): load_products_main> on 2026-02-12 13:43:22.725401+00:00
[2026-02-12T13:43:48.813+0000] {standard_task_runner.py:90} INFO - Running: ['***', 'tasks', 'run', 'product_price_pipeline', 'load_products_main', 'manual__2026-02-12T13:43:22.725401+00:00', '--job-id', '59', '--raw', '--subdir', 'DAGS_FOLDER/product_pipeline_dag.py', '--cfg-path', '/tmp/tmp776hc6wk']
[2026-02-12T13:43:48.824+0000] {standard_task_runner.py:91} INFO - Job 59: Subtask load_products_main
[2026-02-12T13:43:48.826+0000] {logging_mixin.py:188} WARNING - /home/***/.local/lib/python3.12/site-packages/***/task/task_runner/standard_task_runner.py:62 DeprecationWarning: This process (pid=639) is multi-threaded, use of fork() may lead to deadlocks in the child.
[2026-02-12T13:43:48.828+0000] {standard_task_runner.py:64} INFO - Started process 657 to run task
[2026-02-12T13:43:49.086+0000] {task_command.py:426} INFO - Running <TaskInstance: product_price_pipeline.load_products_main manual__2026-02-12T13:43:22.725401+00:00 [running]> on host 1e385b749bcf
[2026-02-12T13:43:49.359+0000] {taskinstance.py:2648} INFO - Exporting env vars: AIRFLOW_CTX_DAG_OWNER='***' AIRFLOW_CTX_DAG_ID='product_price_pipeline' AIRFLOW_CTX_TASK_ID='load_products_main' AIRFLOW_CTX_EXECUTION_DATE='2026-02-12T13:43:22.725401+00:00' AIRFLOW_CTX_TRY_NUMBER='1' AIRFLOW_CTX_DAG_RUN_ID='manual__2026-02-12T13:43:22.725401+00:00'
[2026-02-12T13:43:49.364+0000] {taskinstance.py:430} INFO - ::endgroup::
[2026-02-12T13:43:49.419+0000] {subprocess.py:63} INFO - Tmp dir root location: /tmp
[2026-02-12T13:43:49.425+0000] {subprocess.py:75} INFO - Running command: ['/usr/bin/bash', '-c', 'python /opt/***/dags/scripts/loaders/load_products_main.py']
[2026-02-12T13:43:49.447+0000] {subprocess.py:86} INFO - Output:
[2026-02-12T13:43:50.084+0000] {subprocess.py:93} INFO - 🚀 Loading PRODUCTS_MAIN table
[2026-02-12T13:43:50.087+0000] {subprocess.py:93} INFO - ✅ products_main table loaded successfully
[2026-02-12T13:43:50.095+0000] {subprocess.py:97} INFO - Command exited with return code 0
[2026-02-12T13:43:50.098+0000] {taskinstance.py:441} INFO - ::group::Post task execution logs
[2026-02-12T13:43:50.153+0000] {taskinstance.py:1206} INFO - Marking task as SUCCESS. dag_id=product_price_pipeline, task_id=load_products_main, run_id=manual__2026-02-12T13:43:22.725401+00:00, execution_date=20260212T134322, start_date=20260212T134348, end_date=20260212T134350
[2026-02-12T13:43:50.216+0000] {local_task_job_runner.py:243} INFO - Task exited with return code 0
[2026-02-12T13:43:50.286+0000] {taskinstance.py:3503} INFO - 1 downstream tasks scheduled from follow-on schedule check
[2026-02-12T13:43:50.294+0000] {local_task_job_runner.py:222} INFO - ::endgroup::
