[2026-02-11T05:19:37.649+0000] {local_task_job_runner.py:120} INFO - ::group::Pre task execution logs
[2026-02-11T05:19:37.728+0000] {taskinstance.py:2076} INFO - Dependencies all met for dep_context=non-requeueable deps ti=<TaskInstance: product_price_pipeline.create_main_table manual__2026-02-11T05:17:33.174575+00:00 [queued]>
[2026-02-11T05:19:37.754+0000] {taskinstance.py:2076} INFO - Dependencies all met for dep_context=requeueable deps ti=<TaskInstance: product_price_pipeline.create_main_table manual__2026-02-11T05:17:33.174575+00:00 [queued]>
[2026-02-11T05:19:37.760+0000] {taskinstance.py:2306} INFO - Starting attempt 1 of 2
[2026-02-11T05:19:37.808+0000] {taskinstance.py:2330} INFO - Executing <Task(BashOperator): create_main_table> on 2026-02-11 05:17:33.174575+00:00
[2026-02-11T05:19:37.834+0000] {logging_mixin.py:188} WARNING - /home/***/.local/lib/python3.12/site-packages/***/task/task_runner/standard_task_runner.py:62 DeprecationWarning: This process (pid=280) is multi-threaded, use of fork() may lead to deadlocks in the child.
[2026-02-11T05:19:37.831+0000] {standard_task_runner.py:90} INFO - Running: ['***', 'tasks', 'run', 'product_price_pipeline', 'create_main_table', 'manual__2026-02-11T05:17:33.174575+00:00', '--job-id', '111', '--raw', '--subdir', 'DAGS_FOLDER/product_pipeline_dag.py', '--cfg-path', '/tmp/tmpgit3kigq']
[2026-02-11T05:19:37.836+0000] {standard_task_runner.py:64} INFO - Started process 281 to run task
[2026-02-11T05:19:37.837+0000] {standard_task_runner.py:91} INFO - Job 111: Subtask create_main_table
[2026-02-11T05:19:38.677+0000] {task_command.py:426} INFO - Running <TaskInstance: product_price_pipeline.create_main_table manual__2026-02-11T05:17:33.174575+00:00 [running]> on host 2ca850880e97
[2026-02-11T05:19:38.814+0000] {taskinstance.py:2648} INFO - Exporting env vars: AIRFLOW_CTX_DAG_OWNER='***' AIRFLOW_CTX_DAG_ID='product_price_pipeline' AIRFLOW_CTX_TASK_ID='create_main_table' AIRFLOW_CTX_EXECUTION_DATE='2026-02-11T05:17:33.174575+00:00' AIRFLOW_CTX_TRY_NUMBER='1' AIRFLOW_CTX_DAG_RUN_ID='manual__2026-02-11T05:17:33.174575+00:00'
[2026-02-11T05:19:38.815+0000] {taskinstance.py:430} INFO - ::endgroup::
[2026-02-11T05:19:38.832+0000] {subprocess.py:63} INFO - Tmp dir root location: /tmp
[2026-02-11T05:19:38.834+0000] {subprocess.py:75} INFO - Running command: ['/usr/bin/bash', '-c', 'python /opt/***/dags/scripts/load_to_db.py']
[2026-02-11T05:19:38.845+0000] {subprocess.py:86} INFO - Output:
[2026-02-11T05:19:40.433+0000] {subprocess.py:93} INFO - python: can't open file '/tmp/***tmp8fkr0rg2/scripts/loaders/load_mobiles.py': [Errno 2] No such file or directory
[2026-02-11T05:19:40.575+0000] {subprocess.py:93} INFO - python: can't open file '/tmp/***tmp8fkr0rg2/scripts/loaders/load_laptops.py': [Errno 2] No such file or directory
[2026-02-11T05:19:40.694+0000] {subprocess.py:93} INFO - python: can't open file '/tmp/***tmp8fkr0rg2/scripts/loaders/load_refrigerators.py': [Errno 2] No such file or directory
[2026-02-11T05:19:40.788+0000] {subprocess.py:93} INFO - python: can't open file '/tmp/***tmp8fkr0rg2/scripts/loaders/load_tvs.py': [Errno 2] No such file or directory
[2026-02-11T05:19:40.866+0000] {subprocess.py:93} INFO - python: can't open file '/tmp/***tmp8fkr0rg2/scripts/loaders/load_products_main.py': [Errno 2] No such file or directory
[2026-02-11T05:19:40.870+0000] {subprocess.py:93} INFO - Starting loading stage...
[2026-02-11T05:19:40.872+0000] {subprocess.py:93} INFO - Loading stage completed.
[2026-02-11T05:19:40.876+0000] {subprocess.py:97} INFO - Command exited with return code 0
[2026-02-11T05:19:40.879+0000] {taskinstance.py:441} INFO - ::group::Post task execution logs
[2026-02-11T05:19:40.910+0000] {taskinstance.py:1206} INFO - Marking task as SUCCESS. dag_id=product_price_pipeline, task_id=create_main_table, run_id=manual__2026-02-11T05:17:33.174575+00:00, execution_date=20260211T051733, start_date=20260211T051937, end_date=20260211T051940
[2026-02-11T05:19:40.939+0000] {local_task_job_runner.py:243} INFO - Task exited with return code 0
[2026-02-11T05:19:40.968+0000] {taskinstance.py:3503} INFO - 1 downstream tasks scheduled from follow-on schedule check
[2026-02-11T05:19:40.972+0000] {local_task_job_runner.py:222} INFO - ::endgroup::
