[2026-02-16T03:51:53.892+0000] {local_task_job_runner.py:120} INFO - ::group::Pre task execution logs
[2026-02-16T03:51:56.319+0000] {taskinstance.py:2076} INFO - Dependencies all met for dep_context=non-requeueable deps ti=<TaskInstance: product_price_pipeline.clean_tvs scheduled__2026-02-15T00:00:00+00:00 [queued]>
[2026-02-16T03:51:56.425+0000] {taskinstance.py:2076} INFO - Dependencies all met for dep_context=requeueable deps ti=<TaskInstance: product_price_pipeline.clean_tvs scheduled__2026-02-15T00:00:00+00:00 [queued]>
[2026-02-16T03:51:56.452+0000] {taskinstance.py:2306} INFO - Starting attempt 1 of 2
[2026-02-16T03:51:56.698+0000] {taskinstance.py:2330} INFO - Executing <Task(BashOperator): clean_tvs> on 2026-02-15 00:00:00+00:00
[2026-02-16T03:51:56.923+0000] {standard_task_runner.py:90} INFO - Running: ['***', 'tasks', 'run', 'product_price_pipeline', 'clean_tvs', 'scheduled__2026-02-15T00:00:00+00:00', '--job-id', '159', '--raw', '--subdir', 'DAGS_FOLDER/product_pipeline_dag.py', '--cfg-path', '/tmp/tmpmaw4oequ']
[2026-02-16T03:51:57.006+0000] {standard_task_runner.py:91} INFO - Job 159: Subtask clean_tvs
[2026-02-16T03:51:57.047+0000] {logging_mixin.py:188} WARNING - /home/***/.local/lib/python3.12/site-packages/***/task/task_runner/standard_task_runner.py:62 DeprecationWarning: This process (pid=36007) is multi-threaded, use of fork() may lead to deadlocks in the child.
[2026-02-16T03:51:57.056+0000] {standard_task_runner.py:64} INFO - Started process 36021 to run task
[2026-02-16T03:51:57.594+0000] {task_command.py:426} INFO - Running <TaskInstance: product_price_pipeline.clean_tvs scheduled__2026-02-15T00:00:00+00:00 [running]> on host c65c0f674c92
[2026-02-16T03:51:58.745+0000] {taskinstance.py:2648} INFO - Exporting env vars: AIRFLOW_CTX_DAG_OWNER='***' AIRFLOW_CTX_DAG_ID='product_price_pipeline' AIRFLOW_CTX_TASK_ID='clean_tvs' AIRFLOW_CTX_EXECUTION_DATE='2026-02-15T00:00:00+00:00' AIRFLOW_CTX_TRY_NUMBER='1' AIRFLOW_CTX_DAG_RUN_ID='scheduled__2026-02-15T00:00:00+00:00'
[2026-02-16T03:51:58.769+0000] {taskinstance.py:430} INFO - ::endgroup::
[2026-02-16T03:52:01.315+0000] {subprocess.py:63} INFO - Tmp dir root location: /tmp
[2026-02-16T03:52:01.376+0000] {subprocess.py:75} INFO - Running command: ['/usr/bin/bash', '-c', 'python /opt/***/dags/scripts/cleaning/clean_tvs.py']
[2026-02-16T03:52:02.763+0000] {subprocess.py:86} INFO - Output:
[2026-02-16T03:52:13.866+0000] {subprocess.py:93} INFO - 🔥 clean_tvs.py STARTED 🔥
[2026-02-16T03:52:13.922+0000] {subprocess.py:93} INFO - 📥 INPUT FILE: /opt/***/dags/data/raw/tvs/television_2026-02-11.csv
[2026-02-16T03:52:13.946+0000] {subprocess.py:93} INFO - 📊 Rows loaded: 210
[2026-02-16T03:52:13.962+0000] {subprocess.py:93} INFO - ✅ CLEAN FILE SAVED: /opt/***/dags/data/clean/tvs_cleaned_television_2026-02-11.csv
[2026-02-16T03:52:13.966+0000] {subprocess.py:93} INFO - 🔥 clean_tvs.py FINISHED 🔥
[2026-02-16T03:52:14.882+0000] {subprocess.py:97} INFO - Command exited with return code 0
[2026-02-16T03:52:14.972+0000] {taskinstance.py:441} INFO - ::group::Post task execution logs
[2026-02-16T03:52:15.544+0000] {taskinstance.py:1206} INFO - Marking task as SUCCESS. dag_id=product_price_pipeline, task_id=clean_tvs, run_id=scheduled__2026-02-15T00:00:00+00:00, execution_date=20260215T000000, start_date=20260216T035156, end_date=20260216T035215
[2026-02-16T03:52:16.076+0000] {local_task_job_runner.py:243} INFO - Task exited with return code 0
[2026-02-16T03:52:16.234+0000] {local_task_job_runner.py:222} INFO - ::endgroup::
