[2026-02-06T17:10:42.111+0000] {local_task_job_runner.py:120} INFO - ::group::Pre task execution logs
[2026-02-06T17:10:42.147+0000] {taskinstance.py:2076} INFO - Dependencies all met for dep_context=non-requeueable deps ti=<TaskInstance: product_price_pipeline.clean_data manual__2026-02-06T17:09:27.060429+00:00 [queued]>
[2026-02-06T17:10:42.158+0000] {taskinstance.py:2076} INFO - Dependencies all met for dep_context=requeueable deps ti=<TaskInstance: product_price_pipeline.clean_data manual__2026-02-06T17:09:27.060429+00:00 [queued]>
[2026-02-06T17:10:42.160+0000] {taskinstance.py:2306} INFO - Starting attempt 1 of 2
[2026-02-06T17:10:42.178+0000] {taskinstance.py:2330} INFO - Executing <Task(BashOperator): clean_data> on 2026-02-06 17:09:27.060429+00:00
[2026-02-06T17:10:42.190+0000] {standard_task_runner.py:90} INFO - Running: ['***', 'tasks', 'run', 'product_price_pipeline', 'clean_data', 'manual__2026-02-06T17:09:27.060429+00:00', '--job-id', '30', '--raw', '--subdir', 'DAGS_FOLDER/product_pipeline_dag.py', '--cfg-path', '/tmp/tmprfyu36bp']
[2026-02-06T17:10:42.194+0000] {standard_task_runner.py:91} INFO - Job 30: Subtask clean_data
[2026-02-06T17:10:42.196+0000] {logging_mixin.py:188} WARNING - /home/***/.local/lib/python3.12/site-packages/***/task/task_runner/standard_task_runner.py:62 DeprecationWarning: This process (pid=1481) is multi-threaded, use of fork() may lead to deadlocks in the child.
[2026-02-06T17:10:42.197+0000] {standard_task_runner.py:64} INFO - Started process 1483 to run task
[2026-02-06T17:10:42.286+0000] {task_command.py:426} INFO - Running <TaskInstance: product_price_pipeline.clean_data manual__2026-02-06T17:09:27.060429+00:00 [running]> on host e9a5f9d3aaa8
[2026-02-06T17:10:42.417+0000] {taskinstance.py:2648} INFO - Exporting env vars: AIRFLOW_CTX_DAG_OWNER='***' AIRFLOW_CTX_DAG_ID='product_price_pipeline' AIRFLOW_CTX_TASK_ID='clean_data' AIRFLOW_CTX_EXECUTION_DATE='2026-02-06T17:09:27.060429+00:00' AIRFLOW_CTX_TRY_NUMBER='1' AIRFLOW_CTX_DAG_RUN_ID='manual__2026-02-06T17:09:27.060429+00:00'
[2026-02-06T17:10:42.421+0000] {taskinstance.py:430} INFO - ::endgroup::
[2026-02-06T17:10:42.448+0000] {subprocess.py:63} INFO - Tmp dir root location: /tmp
[2026-02-06T17:10:42.453+0000] {subprocess.py:75} INFO - Running command: ['/usr/bin/bash', '-c', 'python /opt/***/scripts/clean.py']
[2026-02-06T17:10:42.479+0000] {subprocess.py:86} INFO - Output:
[2026-02-06T17:10:42.594+0000] {subprocess.py:93} INFO - python: can't open file '/opt/***/scripts/clean.py': [Errno 2] No such file or directory
[2026-02-06T17:10:42.598+0000] {subprocess.py:97} INFO - Command exited with return code 2
[2026-02-06T17:10:42.600+0000] {taskinstance.py:441} INFO - ::group::Post task execution logs
[2026-02-06T17:10:42.612+0000] {taskinstance.py:2905} ERROR - Task failed with exception
Traceback (most recent call last):
  File "/home/airflow/.local/lib/python3.12/site-packages/airflow/models/taskinstance.py", line 465, in _execute_task
    result = _execute_callable(context=context, **execute_callable_kwargs)
             ^^^^^^^^^^^^^^^^^^^^^^^^^^^^^^^^^^^^^^^^^^^^^^^^^^^^^^^^^^^^^
  File "/home/airflow/.local/lib/python3.12/site-packages/airflow/models/taskinstance.py", line 432, in _execute_callable
    return execute_callable(context=context, **execute_callable_kwargs)
           ^^^^^^^^^^^^^^^^^^^^^^^^^^^^^^^^^^^^^^^^^^^^^^^^^^^^^^^^^^^^
  File "/home/airflow/.local/lib/python3.12/site-packages/airflow/models/baseoperator.py", line 401, in wrapper
    return func(self, *args, **kwargs)
           ^^^^^^^^^^^^^^^^^^^^^^^^^^^
  File "/home/airflow/.local/lib/python3.12/site-packages/airflow/operators/bash.py", line 243, in execute
    raise AirflowException(
airflow.exceptions.AirflowException: Bash command failed. The command returned a non-zero exit code 2.
[2026-02-06T17:10:42.619+0000] {taskinstance.py:1206} INFO - Marking task as UP_FOR_RETRY. dag_id=product_price_pipeline, task_id=clean_data, run_id=manual__2026-02-06T17:09:27.060429+00:00, execution_date=20260206T170927, start_date=20260206T171042, end_date=20260206T171042
[2026-02-06T17:10:42.638+0000] {standard_task_runner.py:110} ERROR - Failed to execute job 30 for task clean_data (Bash command failed. The command returned a non-zero exit code 2.; 1483)
[2026-02-06T17:10:42.656+0000] {local_task_job_runner.py:243} INFO - Task exited with return code 1
[2026-02-06T17:10:42.681+0000] {taskinstance.py:3503} INFO - 0 downstream tasks scheduled from follow-on schedule check
[2026-02-06T17:10:42.686+0000] {local_task_job_runner.py:222} INFO - ::endgroup::
