[2026-02-13T13:33:39.948+0000] {local_task_job_runner.py:120} INFO - ::group::Pre task execution logs
[2026-02-13T13:33:39.990+0000] {taskinstance.py:2076} INFO - Dependencies all met for dep_context=non-requeueable deps ti=<TaskInstance: product_price_pipeline.load_laptops manual__2026-02-13T13:33:33.951442+00:00 [queued]>
[2026-02-13T13:33:40.005+0000] {taskinstance.py:2076} INFO - Dependencies all met for dep_context=requeueable deps ti=<TaskInstance: product_price_pipeline.load_laptops manual__2026-02-13T13:33:33.951442+00:00 [queued]>
[2026-02-13T13:33:40.008+0000] {taskinstance.py:2306} INFO - Starting attempt 1 of 2
[2026-02-13T13:33:40.032+0000] {taskinstance.py:2330} INFO - Executing <Task(BashOperator): load_laptops> on 2026-02-13 13:33:33.951442+00:00
[2026-02-13T13:33:40.046+0000] {standard_task_runner.py:90} INFO - Running: ['***', 'tasks', 'run', 'product_price_pipeline', 'load_laptops', 'manual__2026-02-13T13:33:33.951442+00:00', '--job-id', '121', '--raw', '--subdir', 'DAGS_FOLDER/product_pipeline_dag.py', '--cfg-path', '/tmp/tmp_8k4lb5g']
[2026-02-13T13:33:40.055+0000] {standard_task_runner.py:91} INFO - Job 121: Subtask load_laptops
[2026-02-13T13:33:40.057+0000] {logging_mixin.py:188} WARNING - /home/***/.local/lib/python3.12/site-packages/***/task/task_runner/standard_task_runner.py:62 DeprecationWarning: This process (pid=427) is multi-threaded, use of fork() may lead to deadlocks in the child.
[2026-02-13T13:33:40.059+0000] {standard_task_runner.py:64} INFO - Started process 430 to run task
[2026-02-13T13:33:40.163+0000] {task_command.py:426} INFO - Running <TaskInstance: product_price_pipeline.load_laptops manual__2026-02-13T13:33:33.951442+00:00 [running]> on host c65c0f674c92
[2026-02-13T13:33:40.302+0000] {taskinstance.py:2648} INFO - Exporting env vars: AIRFLOW_CTX_DAG_OWNER='***' AIRFLOW_CTX_DAG_ID='product_price_pipeline' AIRFLOW_CTX_TASK_ID='load_laptops' AIRFLOW_CTX_EXECUTION_DATE='2026-02-13T13:33:33.951442+00:00' AIRFLOW_CTX_TRY_NUMBER='1' AIRFLOW_CTX_DAG_RUN_ID='manual__2026-02-13T13:33:33.951442+00:00'
[2026-02-13T13:33:40.304+0000] {taskinstance.py:430} INFO - ::endgroup::
[2026-02-13T13:33:40.319+0000] {subprocess.py:63} INFO - Tmp dir root location: /tmp
[2026-02-13T13:33:40.336+0000] {subprocess.py:75} INFO - Running command: ['/usr/bin/bash', '-c', 'python /opt/***/dags/scripts/loaders/load_laptops.py']
[2026-02-13T13:33:40.351+0000] {subprocess.py:86} INFO - Output:
[2026-02-13T13:33:42.797+0000] {subprocess.py:93} INFO - /opt/***/dags/scripts/loaders/load_laptops.py:40: RemovedIn20Warning: Deprecated API features detected! These feature(s) are not compatible with SQLAlchemy 2.0. To prevent incompatible upgrades prior to updating applications, ensure requirements files are pinned to "sqlalchemy<2.0". Set environment variable SQLALCHEMY_WARN_20=1 to show all deprecation warnings.  Set environment variable SQLALCHEMY_SILENCE_UBER_WARNING=1 to silence this message. (Background on SQLAlchemy 2.0 at: https://sqlalche.me/e/b8d9)
[2026-02-13T13:33:42.799+0000] {subprocess.py:93} INFO -   conn.execute("TRUNCATE TABLE laptops RESTART IDENTITY CASCADE")
[2026-02-13T13:33:43.133+0000] {subprocess.py:93} INFO - 🚀 Loading LAPTOPS data
[2026-02-13T13:33:43.135+0000] {subprocess.py:93} INFO - ✅ Laptops table refreshed successfully
[2026-02-13T13:33:43.357+0000] {subprocess.py:97} INFO - Command exited with return code 0
[2026-02-13T13:33:43.360+0000] {taskinstance.py:441} INFO - ::group::Post task execution logs
[2026-02-13T13:33:43.443+0000] {taskinstance.py:1206} INFO - Marking task as SUCCESS. dag_id=product_price_pipeline, task_id=load_laptops, run_id=manual__2026-02-13T13:33:33.951442+00:00, execution_date=20260213T133333, start_date=20260213T133339, end_date=20260213T133343
[2026-02-13T13:33:43.515+0000] {local_task_job_runner.py:243} INFO - Task exited with return code 0
[2026-02-13T13:33:43.543+0000] {local_task_job_runner.py:222} INFO - ::endgroup::
