[2026-02-11T05:19:42.378+0000] {local_task_job_runner.py:120} INFO - ::group::Pre task execution logs
[2026-02-11T05:19:42.484+0000] {taskinstance.py:2076} INFO - Dependencies all met for dep_context=non-requeueable deps ti=<TaskInstance: product_price_pipeline.load_to_postgres manual__2026-02-11T05:17:33.174575+00:00 [queued]>
[2026-02-11T05:19:42.503+0000] {taskinstance.py:2076} INFO - Dependencies all met for dep_context=requeueable deps ti=<TaskInstance: product_price_pipeline.load_to_postgres manual__2026-02-11T05:17:33.174575+00:00 [queued]>
[2026-02-11T05:19:42.505+0000] {taskinstance.py:2306} INFO - Starting attempt 1 of 2
[2026-02-11T05:19:42.532+0000] {taskinstance.py:2330} INFO - Executing <Task(BashOperator): load_to_postgres> on 2026-02-11 05:17:33.174575+00:00
[2026-02-11T05:19:42.553+0000] {standard_task_runner.py:90} INFO - Running: ['***', 'tasks', 'run', 'product_price_pipeline', 'load_to_postgres', 'manual__2026-02-11T05:17:33.174575+00:00', '--job-id', '112', '--raw', '--subdir', 'DAGS_FOLDER/product_pipeline_dag.py', '--cfg-path', '/tmp/tmpbnab9v4q']
[2026-02-11T05:19:42.560+0000] {logging_mixin.py:188} WARNING - /home/***/.local/lib/python3.12/site-packages/***/task/task_runner/standard_task_runner.py:62 DeprecationWarning: This process (pid=288) is multi-threaded, use of fork() may lead to deadlocks in the child.
[2026-02-11T05:19:42.562+0000] {standard_task_runner.py:91} INFO - Job 112: Subtask load_to_postgres
[2026-02-11T05:19:42.563+0000] {standard_task_runner.py:64} INFO - Started process 289 to run task
[2026-02-11T05:19:42.713+0000] {task_command.py:426} INFO - Running <TaskInstance: product_price_pipeline.load_to_postgres manual__2026-02-11T05:17:33.174575+00:00 [running]> on host 2ca850880e97
[2026-02-11T05:19:42.900+0000] {taskinstance.py:2648} INFO - Exporting env vars: AIRFLOW_CTX_DAG_OWNER='***' AIRFLOW_CTX_DAG_ID='product_price_pipeline' AIRFLOW_CTX_TASK_ID='load_to_postgres' AIRFLOW_CTX_EXECUTION_DATE='2026-02-11T05:17:33.174575+00:00' AIRFLOW_CTX_TRY_NUMBER='1' AIRFLOW_CTX_DAG_RUN_ID='manual__2026-02-11T05:17:33.174575+00:00'
[2026-02-11T05:19:42.904+0000] {taskinstance.py:430} INFO - ::endgroup::
[2026-02-11T05:19:42.928+0000] {subprocess.py:63} INFO - Tmp dir root location: /tmp
[2026-02-11T05:19:42.935+0000] {subprocess.py:75} INFO - Running command: ['/usr/bin/bash', '-c', 'python /opt/***/dags/scripts/load_to_db.py']
[2026-02-11T05:19:42.953+0000] {subprocess.py:86} INFO - Output:
[2026-02-11T05:19:43.718+0000] {subprocess.py:93} INFO - python: can't open file '/tmp/***tmpomywdlag/scripts/loaders/load_mobiles.py': [Errno 2] No such file or directory
[2026-02-11T05:19:43.848+0000] {subprocess.py:93} INFO - python: can't open file '/tmp/***tmpomywdlag/scripts/loaders/load_laptops.py': [Errno 2] No such file or directory
[2026-02-11T05:19:44.044+0000] {subprocess.py:93} INFO - python: can't open file '/tmp/***tmpomywdlag/scripts/loaders/load_refrigerators.py': [Errno 2] No such file or directory
[2026-02-11T05:19:44.201+0000] {subprocess.py:93} INFO - python: can't open file '/tmp/***tmpomywdlag/scripts/loaders/load_tvs.py': [Errno 2] No such file or directory
[2026-02-11T05:19:44.368+0000] {subprocess.py:93} INFO - python: can't open file '/tmp/***tmpomywdlag/scripts/loaders/load_products_main.py': [Errno 2] No such file or directory
[2026-02-11T05:19:44.377+0000] {subprocess.py:93} INFO - Starting loading stage...
[2026-02-11T05:19:44.378+0000] {subprocess.py:93} INFO - Loading stage completed.
[2026-02-11T05:19:44.388+0000] {subprocess.py:97} INFO - Command exited with return code 0
[2026-02-11T05:19:44.392+0000] {taskinstance.py:441} INFO - ::group::Post task execution logs
[2026-02-11T05:19:44.462+0000] {taskinstance.py:1206} INFO - Marking task as SUCCESS. dag_id=product_price_pipeline, task_id=load_to_postgres, run_id=manual__2026-02-11T05:17:33.174575+00:00, execution_date=20260211T051733, start_date=20260211T051942, end_date=20260211T051944
[2026-02-11T05:19:44.510+0000] {local_task_job_runner.py:243} INFO - Task exited with return code 0
[2026-02-11T05:19:44.540+0000] {taskinstance.py:3503} INFO - 0 downstream tasks scheduled from follow-on schedule check
[2026-02-11T05:19:44.546+0000] {local_task_job_runner.py:222} INFO - ::endgroup::
