[2026-02-12T12:35:43.481+0000] {local_task_job_runner.py:120} INFO - ::group::Pre task execution logs
[2026-02-12T12:35:43.788+0000] {taskinstance.py:2076} INFO - Dependencies all met for dep_context=non-requeueable deps ti=<TaskInstance: product_price_pipeline.load_refrigerators manual__2026-02-12T12:35:17.753682+00:00 [queued]>
[2026-02-12T12:35:43.824+0000] {taskinstance.py:2076} INFO - Dependencies all met for dep_context=requeueable deps ti=<TaskInstance: product_price_pipeline.load_refrigerators manual__2026-02-12T12:35:17.753682+00:00 [queued]>
[2026-02-12T12:35:43.827+0000] {taskinstance.py:2306} INFO - Starting attempt 1 of 2
[2026-02-12T12:35:43.885+0000] {taskinstance.py:2330} INFO - Executing <Task(BashOperator): load_refrigerators> on 2026-02-12 12:35:17.753682+00:00
[2026-02-12T12:35:43.935+0000] {standard_task_runner.py:90} INFO - Running: ['***', 'tasks', 'run', 'product_price_pipeline', 'load_refrigerators', 'manual__2026-02-12T12:35:17.753682+00:00', '--job-id', '27', '--raw', '--subdir', 'DAGS_FOLDER/product_pipeline_dag.py', '--cfg-path', '/tmp/tmpsoarp8_n']
[2026-02-12T12:35:43.955+0000] {standard_task_runner.py:91} INFO - Job 27: Subtask load_refrigerators
[2026-02-12T12:35:43.949+0000] {logging_mixin.py:188} WARNING - /home/***/.local/lib/python3.12/site-packages/***/task/task_runner/standard_task_runner.py:62 DeprecationWarning: This process (pid=1925) is multi-threaded, use of fork() may lead to deadlocks in the child.
[2026-02-12T12:35:43.966+0000] {standard_task_runner.py:64} INFO - Started process 1946 to run task
[2026-02-12T12:35:44.353+0000] {task_command.py:426} INFO - Running <TaskInstance: product_price_pipeline.load_refrigerators manual__2026-02-12T12:35:17.753682+00:00 [running]> on host 3d6faed2cc37
[2026-02-12T12:35:44.797+0000] {taskinstance.py:2648} INFO - Exporting env vars: AIRFLOW_CTX_DAG_OWNER='***' AIRFLOW_CTX_DAG_ID='product_price_pipeline' AIRFLOW_CTX_TASK_ID='load_refrigerators' AIRFLOW_CTX_EXECUTION_DATE='2026-02-12T12:35:17.753682+00:00' AIRFLOW_CTX_TRY_NUMBER='1' AIRFLOW_CTX_DAG_RUN_ID='manual__2026-02-12T12:35:17.753682+00:00'
[2026-02-12T12:35:44.805+0000] {taskinstance.py:430} INFO - ::endgroup::
[2026-02-12T12:35:44.863+0000] {subprocess.py:63} INFO - Tmp dir root location: /tmp
[2026-02-12T12:35:44.870+0000] {subprocess.py:75} INFO - Running command: ['/usr/bin/bash', '-c', 'python /opt/***/dags/scripts/loaders/load_refrigerators.py']
[2026-02-12T12:35:44.914+0000] {subprocess.py:86} INFO - Output:
[2026-02-12T12:35:57.286+0000] {subprocess.py:93} INFO - 🚀 Loading REFRIGERATORS data
[2026-02-12T12:35:57.320+0000] {subprocess.py:93} INFO - ✅ Refrigerators table refreshed successfully
[2026-02-12T12:35:57.854+0000] {subprocess.py:97} INFO - Command exited with return code 0
[2026-02-12T12:35:57.870+0000] {taskinstance.py:441} INFO - ::group::Post task execution logs
[2026-02-12T12:35:58.224+0000] {taskinstance.py:1206} INFO - Marking task as SUCCESS. dag_id=product_price_pipeline, task_id=load_refrigerators, run_id=manual__2026-02-12T12:35:17.753682+00:00, execution_date=20260212T123517, start_date=20260212T123543, end_date=20260212T123558
[2026-02-12T12:35:58.337+0000] {local_task_job_runner.py:243} INFO - Task exited with return code 0
[2026-02-12T12:35:58.390+0000] {local_task_job_runner.py:222} INFO - ::endgroup::
