[2026-02-12T12:35:22.853+0000] {local_task_job_runner.py:120} INFO - ::group::Pre task execution logs
[2026-02-12T12:35:23.784+0000] {taskinstance.py:2076} INFO - Dependencies all met for dep_context=non-requeueable deps ti=<TaskInstance: product_price_pipeline.clean_laptops manual__2026-02-12T12:35:17.753682+00:00 [queued]>
[2026-02-12T12:35:23.845+0000] {taskinstance.py:2076} INFO - Dependencies all met for dep_context=requeueable deps ti=<TaskInstance: product_price_pipeline.clean_laptops manual__2026-02-12T12:35:17.753682+00:00 [queued]>
[2026-02-12T12:35:23.847+0000] {taskinstance.py:2306} INFO - Starting attempt 1 of 2
[2026-02-12T12:35:23.924+0000] {taskinstance.py:2330} INFO - Executing <Task(BashOperator): clean_laptops> on 2026-02-12 12:35:17.753682+00:00
[2026-02-12T12:35:23.999+0000] {logging_mixin.py:188} WARNING - /home/***/.local/lib/python3.12/site-packages/***/task/task_runner/standard_task_runner.py:62 DeprecationWarning: This process (pid=1792) is multi-threaded, use of fork() may lead to deadlocks in the child.
[2026-02-12T12:35:23.969+0000] {standard_task_runner.py:90} INFO - Running: ['***', 'tasks', 'run', 'product_price_pipeline', 'clean_laptops', 'manual__2026-02-12T12:35:17.753682+00:00', '--job-id', '17', '--raw', '--subdir', 'DAGS_FOLDER/product_pipeline_dag.py', '--cfg-path', '/tmp/tmp7it51p3m']
[2026-02-12T12:35:24.001+0000] {standard_task_runner.py:64} INFO - Started process 1800 to run task
[2026-02-12T12:35:24.002+0000] {standard_task_runner.py:91} INFO - Job 17: Subtask clean_laptops
[2026-02-12T12:35:24.937+0000] {task_command.py:426} INFO - Running <TaskInstance: product_price_pipeline.clean_laptops manual__2026-02-12T12:35:17.753682+00:00 [running]> on host 3d6faed2cc37
[2026-02-12T12:35:25.976+0000] {taskinstance.py:2648} INFO - Exporting env vars: AIRFLOW_CTX_DAG_OWNER='***' AIRFLOW_CTX_DAG_ID='product_price_pipeline' AIRFLOW_CTX_TASK_ID='clean_laptops' AIRFLOW_CTX_EXECUTION_DATE='2026-02-12T12:35:17.753682+00:00' AIRFLOW_CTX_TRY_NUMBER='1' AIRFLOW_CTX_DAG_RUN_ID='manual__2026-02-12T12:35:17.753682+00:00'
[2026-02-12T12:35:26.004+0000] {taskinstance.py:430} INFO - ::endgroup::
[2026-02-12T12:35:26.421+0000] {subprocess.py:63} INFO - Tmp dir root location: /tmp
[2026-02-12T12:35:26.440+0000] {subprocess.py:75} INFO - Running command: ['/usr/bin/bash', '-c', 'python /opt/***/dags/scripts/cleaning/clean_laptops.py']
[2026-02-12T12:35:26.539+0000] {subprocess.py:86} INFO - Output:
[2026-02-12T12:35:38.608+0000] {subprocess.py:93} INFO - 🔥 clean_laptops.py STARTED 🔥
[2026-02-12T12:35:38.673+0000] {subprocess.py:93} INFO - 📥 INPUT FILE: /opt/***/dags/data/raw/laptops/laptops_2026-02-11.csv
[2026-02-12T12:35:38.690+0000] {subprocess.py:93} INFO - 📊 Rows loaded: 420
[2026-02-12T12:35:38.703+0000] {subprocess.py:93} INFO - ✅ CLEAN FILE SAVED: /opt/***/dags/data/clean/laptops_cleaned_laptops_2026-02-11.csv
[2026-02-12T12:35:38.710+0000] {subprocess.py:93} INFO - 🔥 clean_laptops.py FINISHED 🔥
[2026-02-12T12:35:39.574+0000] {subprocess.py:97} INFO - Command exited with return code 0
[2026-02-12T12:35:39.592+0000] {taskinstance.py:441} INFO - ::group::Post task execution logs
[2026-02-12T12:35:39.890+0000] {taskinstance.py:1206} INFO - Marking task as SUCCESS. dag_id=product_price_pipeline, task_id=clean_laptops, run_id=manual__2026-02-12T12:35:17.753682+00:00, execution_date=20260212T123517, start_date=20260212T123523, end_date=20260212T123539
[2026-02-12T12:35:40.080+0000] {local_task_job_runner.py:243} INFO - Task exited with return code 0
[2026-02-12T12:35:40.179+0000] {local_task_job_runner.py:222} INFO - ::endgroup::
