[2026-02-13T03:57:50.148+0000] {local_task_job_runner.py:120} INFO - ::group::Pre task execution logs
[2026-02-13T03:57:50.228+0000] {taskinstance.py:2076} INFO - Dependencies all met for dep_context=non-requeueable deps ti=<TaskInstance: product_price_pipeline.load_price_history scheduled__2026-02-12T00:00:00+00:00 [queued]>
[2026-02-13T03:57:50.245+0000] {taskinstance.py:2076} INFO - Dependencies all met for dep_context=requeueable deps ti=<TaskInstance: product_price_pipeline.load_price_history scheduled__2026-02-12T00:00:00+00:00 [queued]>
[2026-02-13T03:57:50.247+0000] {taskinstance.py:2306} INFO - Starting attempt 1 of 2
[2026-02-13T03:57:50.271+0000] {taskinstance.py:2330} INFO - Executing <Task(BashOperator): load_price_history> on 2026-02-12 00:00:00+00:00
[2026-02-13T03:57:50.293+0000] {standard_task_runner.py:90} INFO - Running: ['***', 'tasks', 'run', 'product_price_pipeline', 'load_price_history', 'scheduled__2026-02-12T00:00:00+00:00', '--job-id', '104', '--raw', '--subdir', 'DAGS_FOLDER/product_pipeline_dag.py', '--cfg-path', '/tmp/tmpx7n3kpnm']
[2026-02-13T03:57:50.298+0000] {standard_task_runner.py:91} INFO - Job 104: Subtask load_price_history
[2026-02-13T03:57:50.303+0000] {logging_mixin.py:188} WARNING - /home/***/.local/lib/python3.12/site-packages/***/task/task_runner/standard_task_runner.py:62 DeprecationWarning: This process (pid=6375) is multi-threaded, use of fork() may lead to deadlocks in the child.
[2026-02-13T03:57:50.305+0000] {standard_task_runner.py:64} INFO - Started process 6376 to run task
[2026-02-13T03:57:50.461+0000] {task_command.py:426} INFO - Running <TaskInstance: product_price_pipeline.load_price_history scheduled__2026-02-12T00:00:00+00:00 [running]> on host 8ede547b0251
[2026-02-13T03:57:50.890+0000] {taskinstance.py:2648} INFO - Exporting env vars: AIRFLOW_CTX_DAG_OWNER='***' AIRFLOW_CTX_DAG_ID='product_price_pipeline' AIRFLOW_CTX_TASK_ID='load_price_history' AIRFLOW_CTX_EXECUTION_DATE='2026-02-12T00:00:00+00:00' AIRFLOW_CTX_TRY_NUMBER='1' AIRFLOW_CTX_DAG_RUN_ID='scheduled__2026-02-12T00:00:00+00:00'
[2026-02-13T03:57:50.892+0000] {taskinstance.py:430} INFO - ::endgroup::
[2026-02-13T03:57:50.938+0000] {subprocess.py:63} INFO - Tmp dir root location: /tmp
[2026-02-13T03:57:50.944+0000] {subprocess.py:75} INFO - Running command: ['/usr/bin/bash', '-c', 'python /opt/***/dags/scripts/loaders/load_price_history.py']
[2026-02-13T03:57:50.967+0000] {subprocess.py:86} INFO - Output:
[2026-02-13T03:57:51.526+0000] {subprocess.py:93} INFO - 🚀 Loading PRICE_HISTORY table
[2026-02-13T03:57:51.530+0000] {subprocess.py:93} INFO - ✅ price_history loaded successfully
[2026-02-13T03:57:51.547+0000] {subprocess.py:97} INFO - Command exited with return code 0
[2026-02-13T03:57:51.549+0000] {taskinstance.py:441} INFO - ::group::Post task execution logs
[2026-02-13T03:57:51.620+0000] {taskinstance.py:1206} INFO - Marking task as SUCCESS. dag_id=product_price_pipeline, task_id=load_price_history, run_id=scheduled__2026-02-12T00:00:00+00:00, execution_date=20260212T000000, start_date=20260213T035750, end_date=20260213T035751
[2026-02-13T03:57:51.690+0000] {local_task_job_runner.py:243} INFO - Task exited with return code 0
[2026-02-13T03:57:51.743+0000] {taskinstance.py:3503} INFO - 0 downstream tasks scheduled from follow-on schedule check
[2026-02-13T03:57:51.749+0000] {local_task_job_runner.py:222} INFO - ::endgroup::
