[2026-02-10T15:08:35.895+0000] {local_task_job_runner.py:120} INFO - ::group::Pre task execution logs
[2026-02-10T15:08:35.946+0000] {taskinstance.py:2076} INFO - Dependencies all met for dep_context=non-requeueable deps ti=<TaskInstance: product_price_pipeline.create_main_table manual__2026-02-10T15:05:58.676835+00:00 [queued]>
[2026-02-10T15:08:35.960+0000] {taskinstance.py:2076} INFO - Dependencies all met for dep_context=requeueable deps ti=<TaskInstance: product_price_pipeline.create_main_table manual__2026-02-10T15:05:58.676835+00:00 [queued]>
[2026-02-10T15:08:35.972+0000] {taskinstance.py:2306} INFO - Starting attempt 1 of 2
[2026-02-10T15:08:36.006+0000] {taskinstance.py:2330} INFO - Executing <Task(BashOperator): create_main_table> on 2026-02-10 15:05:58.676835+00:00
[2026-02-10T15:08:36.019+0000] {standard_task_runner.py:90} INFO - Running: ['***', 'tasks', 'run', 'product_price_pipeline', 'create_main_table', 'manual__2026-02-10T15:05:58.676835+00:00', '--job-id', '101', '--raw', '--subdir', 'DAGS_FOLDER/product_pipeline_dag.py', '--cfg-path', '/tmp/tmpssm69h1e']
[2026-02-10T15:08:36.026+0000] {standard_task_runner.py:91} INFO - Job 101: Subtask create_main_table
[2026-02-10T15:08:36.024+0000] {logging_mixin.py:188} WARNING - /home/***/.local/lib/python3.12/site-packages/***/task/task_runner/standard_task_runner.py:62 DeprecationWarning: This process (pid=280) is multi-threaded, use of fork() may lead to deadlocks in the child.
[2026-02-10T15:08:36.028+0000] {standard_task_runner.py:64} INFO - Started process 281 to run task
[2026-02-10T15:08:36.169+0000] {task_command.py:426} INFO - Running <TaskInstance: product_price_pipeline.create_main_table manual__2026-02-10T15:05:58.676835+00:00 [running]> on host 0d4fb0100b45
[2026-02-10T15:08:36.354+0000] {taskinstance.py:2648} INFO - Exporting env vars: AIRFLOW_CTX_DAG_OWNER='***' AIRFLOW_CTX_DAG_ID='product_price_pipeline' AIRFLOW_CTX_TASK_ID='create_main_table' AIRFLOW_CTX_EXECUTION_DATE='2026-02-10T15:05:58.676835+00:00' AIRFLOW_CTX_TRY_NUMBER='1' AIRFLOW_CTX_DAG_RUN_ID='manual__2026-02-10T15:05:58.676835+00:00'
[2026-02-10T15:08:36.356+0000] {taskinstance.py:430} INFO - ::endgroup::
[2026-02-10T15:08:36.376+0000] {subprocess.py:63} INFO - Tmp dir root location: /tmp
[2026-02-10T15:08:36.378+0000] {subprocess.py:75} INFO - Running command: ['/usr/bin/bash', '-c', 'python /opt/***/dags/scripts/load_to_db.py']
[2026-02-10T15:08:36.391+0000] {subprocess.py:86} INFO - Output:
[2026-02-10T15:08:36.743+0000] {subprocess.py:93} INFO - python: can't open file '/tmp/***tmppx707inu/scripts/loaders/load_mobiles.py': [Errno 2] No such file or directory
[2026-02-10T15:08:36.866+0000] {subprocess.py:93} INFO - python: can't open file '/tmp/***tmppx707inu/scripts/loaders/load_laptops.py': [Errno 2] No such file or directory
[2026-02-10T15:08:36.950+0000] {subprocess.py:93} INFO - python: can't open file '/tmp/***tmppx707inu/scripts/loaders/load_refrigerators.py': [Errno 2] No such file or directory
[2026-02-10T15:08:37.051+0000] {subprocess.py:93} INFO - python: can't open file '/tmp/***tmppx707inu/scripts/loaders/load_tvs.py': [Errno 2] No such file or directory
[2026-02-10T15:08:37.140+0000] {subprocess.py:93} INFO - python: can't open file '/tmp/***tmppx707inu/scripts/loaders/load_products_main.py': [Errno 2] No such file or directory
[2026-02-10T15:08:37.145+0000] {subprocess.py:93} INFO - Starting loading stage...
[2026-02-10T15:08:37.146+0000] {subprocess.py:93} INFO - Loading stage completed.
[2026-02-10T15:08:37.152+0000] {subprocess.py:97} INFO - Command exited with return code 0
[2026-02-10T15:08:37.154+0000] {taskinstance.py:441} INFO - ::group::Post task execution logs
[2026-02-10T15:08:37.205+0000] {taskinstance.py:1206} INFO - Marking task as SUCCESS. dag_id=product_price_pipeline, task_id=create_main_table, run_id=manual__2026-02-10T15:05:58.676835+00:00, execution_date=20260210T150558, start_date=20260210T150835, end_date=20260210T150837
[2026-02-10T15:08:37.253+0000] {local_task_job_runner.py:243} INFO - Task exited with return code 0
[2026-02-10T15:08:37.288+0000] {taskinstance.py:3503} INFO - 1 downstream tasks scheduled from follow-on schedule check
[2026-02-10T15:08:37.294+0000] {local_task_job_runner.py:222} INFO - ::endgroup::
