[2026-02-12T12:57:43.254+0000] {local_task_job_runner.py:120} INFO - ::group::Pre task execution logs
[2026-02-12T12:57:43.428+0000] {taskinstance.py:2076} INFO - Dependencies all met for dep_context=non-requeueable deps ti=<TaskInstance: product_price_pipeline.load_mobiles manual__2026-02-12T12:57:27.846504+00:00 [queued]>
[2026-02-12T12:57:43.452+0000] {taskinstance.py:2076} INFO - Dependencies all met for dep_context=requeueable deps ti=<TaskInstance: product_price_pipeline.load_mobiles manual__2026-02-12T12:57:27.846504+00:00 [queued]>
[2026-02-12T12:57:43.453+0000] {taskinstance.py:2306} INFO - Starting attempt 1 of 2
[2026-02-12T12:57:43.489+0000] {taskinstance.py:2330} INFO - Executing <Task(BashOperator): load_mobiles> on 2026-02-12 12:57:27.846504+00:00
[2026-02-12T12:57:43.505+0000] {logging_mixin.py:188} WARNING - /home/***/.local/lib/python3.12/site-packages/***/task/task_runner/standard_task_runner.py:62 DeprecationWarning: This process (pid=426) is multi-threaded, use of fork() may lead to deadlocks in the child.
[2026-02-12T12:57:43.517+0000] {standard_task_runner.py:64} INFO - Started process 431 to run task
[2026-02-12T12:57:43.508+0000] {standard_task_runner.py:90} INFO - Running: ['***', 'tasks', 'run', 'product_price_pipeline', 'load_mobiles', 'manual__2026-02-12T12:57:27.846504+00:00', '--job-id', '40', '--raw', '--subdir', 'DAGS_FOLDER/product_pipeline_dag.py', '--cfg-path', '/tmp/tmpdh3q0bo1']
[2026-02-12T12:57:43.525+0000] {standard_task_runner.py:91} INFO - Job 40: Subtask load_mobiles
[2026-02-12T12:57:43.673+0000] {task_command.py:426} INFO - Running <TaskInstance: product_price_pipeline.load_mobiles manual__2026-02-12T12:57:27.846504+00:00 [running]> on host c60d58c1c60d
[2026-02-12T12:57:43.892+0000] {taskinstance.py:2648} INFO - Exporting env vars: AIRFLOW_CTX_DAG_OWNER='***' AIRFLOW_CTX_DAG_ID='product_price_pipeline' AIRFLOW_CTX_TASK_ID='load_mobiles' AIRFLOW_CTX_EXECUTION_DATE='2026-02-12T12:57:27.846504+00:00' AIRFLOW_CTX_TRY_NUMBER='1' AIRFLOW_CTX_DAG_RUN_ID='manual__2026-02-12T12:57:27.846504+00:00'
[2026-02-12T12:57:43.895+0000] {taskinstance.py:430} INFO - ::endgroup::
[2026-02-12T12:57:43.920+0000] {subprocess.py:63} INFO - Tmp dir root location: /tmp
[2026-02-12T12:57:43.927+0000] {subprocess.py:75} INFO - Running command: ['/usr/bin/bash', '-c', 'python /opt/***/dags/scripts/loaders/load_mobiles.py']
[2026-02-12T12:57:43.951+0000] {subprocess.py:86} INFO - Output:
[2026-02-12T12:57:47.161+0000] {subprocess.py:93} INFO - 🚀 Loading MOBILES data
[2026-02-12T12:57:47.163+0000] {subprocess.py:93} INFO - ✅ Mobiles table refreshed successfully
[2026-02-12T12:57:47.368+0000] {subprocess.py:97} INFO - Command exited with return code 0
[2026-02-12T12:57:47.371+0000] {taskinstance.py:441} INFO - ::group::Post task execution logs
[2026-02-12T12:57:47.437+0000] {taskinstance.py:1206} INFO - Marking task as SUCCESS. dag_id=product_price_pipeline, task_id=load_mobiles, run_id=manual__2026-02-12T12:57:27.846504+00:00, execution_date=20260212T125727, start_date=20260212T125743, end_date=20260212T125747
[2026-02-12T12:57:47.488+0000] {local_task_job_runner.py:243} INFO - Task exited with return code 0
[2026-02-12T12:57:47.539+0000] {taskinstance.py:3503} INFO - 0 downstream tasks scheduled from follow-on schedule check
[2026-02-12T12:57:47.546+0000] {local_task_job_runner.py:222} INFO - ::endgroup::
