[2026-02-06T17:33:19.040+0000] {local_task_job_runner.py:120} INFO - ::group::Pre task execution logs
[2026-02-06T17:33:19.132+0000] {taskinstance.py:2076} INFO - Dependencies all met for dep_context=non-requeueable deps ti=<TaskInstance: product_price_pipeline.clean_data manual__2026-02-06T17:31:58.060702+00:00 [queued]>
[2026-02-06T17:33:19.149+0000] {taskinstance.py:2076} INFO - Dependencies all met for dep_context=requeueable deps ti=<TaskInstance: product_price_pipeline.clean_data manual__2026-02-06T17:31:58.060702+00:00 [queued]>
[2026-02-06T17:33:19.150+0000] {taskinstance.py:2306} INFO - Starting attempt 1 of 2
[2026-02-06T17:33:19.191+0000] {taskinstance.py:2330} INFO - Executing <Task(BashOperator): clean_data> on 2026-02-06 17:31:58.060702+00:00
[2026-02-06T17:33:19.211+0000] {logging_mixin.py:188} WARNING - /home/***/.local/lib/python3.12/site-packages/***/task/task_runner/standard_task_runner.py:62 DeprecationWarning: This process (pid=234) is multi-threaded, use of fork() may lead to deadlocks in the child.
[2026-02-06T17:33:19.209+0000] {standard_task_runner.py:90} INFO - Running: ['***', 'tasks', 'run', 'product_price_pipeline', 'clean_data', 'manual__2026-02-06T17:31:58.060702+00:00', '--job-id', '36', '--raw', '--subdir', 'DAGS_FOLDER/product_pipeline_dag.py', '--cfg-path', '/tmp/tmpp1ryf28b']
[2026-02-06T17:33:19.212+0000] {standard_task_runner.py:64} INFO - Started process 235 to run task
[2026-02-06T17:33:19.214+0000] {standard_task_runner.py:91} INFO - Job 36: Subtask clean_data
[2026-02-06T17:33:19.341+0000] {task_command.py:426} INFO - Running <TaskInstance: product_price_pipeline.clean_data manual__2026-02-06T17:31:58.060702+00:00 [running]> on host 98d950a68588
[2026-02-06T17:33:19.488+0000] {taskinstance.py:2648} INFO - Exporting env vars: AIRFLOW_CTX_DAG_OWNER='***' AIRFLOW_CTX_DAG_ID='product_price_pipeline' AIRFLOW_CTX_TASK_ID='clean_data' AIRFLOW_CTX_EXECUTION_DATE='2026-02-06T17:31:58.060702+00:00' AIRFLOW_CTX_TRY_NUMBER='1' AIRFLOW_CTX_DAG_RUN_ID='manual__2026-02-06T17:31:58.060702+00:00'
[2026-02-06T17:33:19.490+0000] {taskinstance.py:430} INFO - ::endgroup::
[2026-02-06T17:33:19.505+0000] {subprocess.py:63} INFO - Tmp dir root location: /tmp
[2026-02-06T17:33:19.507+0000] {subprocess.py:75} INFO - Running command: ['/usr/bin/bash', '-c', 'python /opt/***/scripts/clean.py']
[2026-02-06T17:33:19.518+0000] {subprocess.py:86} INFO - Output:
[2026-02-06T17:33:19.571+0000] {subprocess.py:93} INFO - python: can't open file '/opt/***/scripts/clean.py': [Errno 2] No such file or directory
[2026-02-06T17:33:19.574+0000] {subprocess.py:97} INFO - Command exited with return code 2
[2026-02-06T17:33:19.577+0000] {taskinstance.py:441} INFO - ::group::Post task execution logs
[2026-02-06T17:33:19.596+0000] {taskinstance.py:2905} ERROR - Task failed with exception
Traceback (most recent call last):
  File "/home/airflow/.local/lib/python3.12/site-packages/airflow/models/taskinstance.py", line 465, in _execute_task
    result = _execute_callable(context=context, **execute_callable_kwargs)
             ^^^^^^^^^^^^^^^^^^^^^^^^^^^^^^^^^^^^^^^^^^^^^^^^^^^^^^^^^^^^^
  File "/home/airflow/.local/lib/python3.12/site-packages/airflow/models/taskinstance.py", line 432, in _execute_callable
    return execute_callable(context=context, **execute_callable_kwargs)
           ^^^^^^^^^^^^^^^^^^^^^^^^^^^^^^^^^^^^^^^^^^^^^^^^^^^^^^^^^^^^
  File "/home/airflow/.local/lib/python3.12/site-packages/airflow/models/baseoperator.py", line 401, in wrapper
    return func(self, *args, **kwargs)
           ^^^^^^^^^^^^^^^^^^^^^^^^^^^
  File "/home/airflow/.local/lib/python3.12/site-packages/airflow/operators/bash.py", line 243, in execute
    raise AirflowException(
airflow.exceptions.AirflowException: Bash command failed. The command returned a non-zero exit code 2.
[2026-02-06T17:33:19.607+0000] {taskinstance.py:1206} INFO - Marking task as UP_FOR_RETRY. dag_id=product_price_pipeline, task_id=clean_data, run_id=manual__2026-02-06T17:31:58.060702+00:00, execution_date=20260206T173158, start_date=20260206T173319, end_date=20260206T173319
[2026-02-06T17:33:19.622+0000] {standard_task_runner.py:110} ERROR - Failed to execute job 36 for task clean_data (Bash command failed. The command returned a non-zero exit code 2.; 235)
[2026-02-06T17:33:19.644+0000] {local_task_job_runner.py:243} INFO - Task exited with return code 1
[2026-02-06T17:33:19.669+0000] {taskinstance.py:3503} INFO - 0 downstream tasks scheduled from follow-on schedule check
[2026-02-06T17:33:19.689+0000] {local_task_job_runner.py:222} INFO - ::endgroup::
