[2026-02-12T12:35:43.482+0000] {local_task_job_runner.py:120} INFO - ::group::Pre task execution logs
[2026-02-12T12:35:43.806+0000] {taskinstance.py:2076} INFO - Dependencies all met for dep_context=non-requeueable deps ti=<TaskInstance: product_price_pipeline.load_refrigerators scheduled__2026-02-11T00:00:00+00:00 [queued]>
[2026-02-12T12:35:43.872+0000] {taskinstance.py:2076} INFO - Dependencies all met for dep_context=requeueable deps ti=<TaskInstance: product_price_pipeline.load_refrigerators scheduled__2026-02-11T00:00:00+00:00 [queued]>
[2026-02-12T12:35:43.874+0000] {taskinstance.py:2306} INFO - Starting attempt 1 of 2
[2026-02-12T12:35:43.935+0000] {taskinstance.py:2330} INFO - Executing <Task(BashOperator): load_refrigerators> on 2026-02-11 00:00:00+00:00
[2026-02-12T12:35:43.975+0000] {standard_task_runner.py:90} INFO - Running: ['***', 'tasks', 'run', 'product_price_pipeline', 'load_refrigerators', 'scheduled__2026-02-11T00:00:00+00:00', '--job-id', '23', '--raw', '--subdir', 'DAGS_FOLDER/product_pipeline_dag.py', '--cfg-path', '/tmp/tmpowybtk0v']
[2026-02-12T12:35:43.999+0000] {standard_task_runner.py:91} INFO - Job 23: Subtask load_refrigerators
[2026-02-12T12:35:44.004+0000] {logging_mixin.py:188} WARNING - /home/***/.local/lib/python3.12/site-packages/***/task/task_runner/standard_task_runner.py:62 DeprecationWarning: This process (pid=1922) is multi-threaded, use of fork() may lead to deadlocks in the child.
[2026-02-12T12:35:44.010+0000] {standard_task_runner.py:64} INFO - Started process 1951 to run task
[2026-02-12T12:35:44.349+0000] {task_command.py:426} INFO - Running <TaskInstance: product_price_pipeline.load_refrigerators scheduled__2026-02-11T00:00:00+00:00 [running]> on host 3d6faed2cc37
[2026-02-12T12:35:44.773+0000] {taskinstance.py:2648} INFO - Exporting env vars: AIRFLOW_CTX_DAG_OWNER='***' AIRFLOW_CTX_DAG_ID='product_price_pipeline' AIRFLOW_CTX_TASK_ID='load_refrigerators' AIRFLOW_CTX_EXECUTION_DATE='2026-02-11T00:00:00+00:00' AIRFLOW_CTX_TRY_NUMBER='1' AIRFLOW_CTX_DAG_RUN_ID='scheduled__2026-02-11T00:00:00+00:00'
[2026-02-12T12:35:44.780+0000] {taskinstance.py:430} INFO - ::endgroup::
[2026-02-12T12:35:44.852+0000] {subprocess.py:63} INFO - Tmp dir root location: /tmp
[2026-02-12T12:35:44.860+0000] {subprocess.py:75} INFO - Running command: ['/usr/bin/bash', '-c', 'python /opt/***/dags/scripts/loaders/load_refrigerators.py']
[2026-02-12T12:35:44.906+0000] {subprocess.py:86} INFO - Output:
[2026-02-12T12:35:57.174+0000] {subprocess.py:93} INFO - 🚀 Loading REFRIGERATORS data
[2026-02-12T12:35:57.206+0000] {subprocess.py:93} INFO - ✅ Refrigerators table refreshed successfully
[2026-02-12T12:35:57.692+0000] {subprocess.py:97} INFO - Command exited with return code 0
[2026-02-12T12:35:57.706+0000] {taskinstance.py:441} INFO - ::group::Post task execution logs
[2026-02-12T12:35:57.996+0000] {taskinstance.py:1206} INFO - Marking task as SUCCESS. dag_id=product_price_pipeline, task_id=load_refrigerators, run_id=scheduled__2026-02-11T00:00:00+00:00, execution_date=20260211T000000, start_date=20260212T123543, end_date=20260212T123557
[2026-02-12T12:35:58.220+0000] {local_task_job_runner.py:243} INFO - Task exited with return code 0
[2026-02-12T12:35:58.269+0000] {local_task_job_runner.py:222} INFO - ::endgroup::
