[2026-02-12T13:43:36.374+0000] {local_task_job_runner.py:120} INFO - ::group::Pre task execution logs
[2026-02-12T13:43:36.514+0000] {taskinstance.py:2076} INFO - Dependencies all met for dep_context=non-requeueable deps ti=<TaskInstance: product_price_pipeline.load_tvs manual__2026-02-12T13:43:22.725401+00:00 [queued]>
[2026-02-12T13:43:36.553+0000] {taskinstance.py:2076} INFO - Dependencies all met for dep_context=requeueable deps ti=<TaskInstance: product_price_pipeline.load_tvs manual__2026-02-12T13:43:22.725401+00:00 [queued]>
[2026-02-12T13:43:36.556+0000] {taskinstance.py:2306} INFO - Starting attempt 1 of 2
[2026-02-12T13:43:36.602+0000] {taskinstance.py:2330} INFO - Executing <Task(BashOperator): load_tvs> on 2026-02-12 13:43:22.725401+00:00
[2026-02-12T13:43:36.635+0000] {standard_task_runner.py:90} INFO - Running: ['***', 'tasks', 'run', 'product_price_pipeline', 'load_tvs', 'manual__2026-02-12T13:43:22.725401+00:00', '--job-id', '57', '--raw', '--subdir', 'DAGS_FOLDER/product_pipeline_dag.py', '--cfg-path', '/tmp/tmpdo0nx550']
[2026-02-12T13:43:36.637+0000] {logging_mixin.py:188} WARNING - /home/***/.local/lib/python3.12/site-packages/***/task/task_runner/standard_task_runner.py:62 DeprecationWarning: This process (pid=573) is multi-threaded, use of fork() may lead to deadlocks in the child.
[2026-02-12T13:43:36.643+0000] {standard_task_runner.py:91} INFO - Job 57: Subtask load_tvs
[2026-02-12T13:43:36.644+0000] {standard_task_runner.py:64} INFO - Started process 576 to run task
[2026-02-12T13:43:36.855+0000] {task_command.py:426} INFO - Running <TaskInstance: product_price_pipeline.load_tvs manual__2026-02-12T13:43:22.725401+00:00 [running]> on host 1e385b749bcf
[2026-02-12T13:43:37.153+0000] {taskinstance.py:2648} INFO - Exporting env vars: AIRFLOW_CTX_DAG_OWNER='***' AIRFLOW_CTX_DAG_ID='product_price_pipeline' AIRFLOW_CTX_TASK_ID='load_tvs' AIRFLOW_CTX_EXECUTION_DATE='2026-02-12T13:43:22.725401+00:00' AIRFLOW_CTX_TRY_NUMBER='1' AIRFLOW_CTX_DAG_RUN_ID='manual__2026-02-12T13:43:22.725401+00:00'
[2026-02-12T13:43:37.154+0000] {taskinstance.py:430} INFO - ::endgroup::
[2026-02-12T13:43:37.204+0000] {subprocess.py:63} INFO - Tmp dir root location: /tmp
[2026-02-12T13:43:37.211+0000] {subprocess.py:75} INFO - Running command: ['/usr/bin/bash', '-c', 'python /opt/***/dags/scripts/loaders/load_tvs.py']
[2026-02-12T13:43:37.246+0000] {subprocess.py:86} INFO - Output:
[2026-02-12T13:43:43.199+0000] {subprocess.py:93} INFO - /opt/***/dags/scripts/loaders/load_tvs.py:26: RemovedIn20Warning: Deprecated API features detected! These feature(s) are not compatible with SQLAlchemy 2.0. To prevent incompatible upgrades prior to updating applications, ensure requirements files are pinned to "sqlalchemy<2.0". Set environment variable SQLALCHEMY_WARN_20=1 to show all deprecation warnings.  Set environment variable SQLALCHEMY_SILENCE_UBER_WARNING=1 to silence this message. (Background on SQLAlchemy 2.0 at: https://sqlalche.me/e/b8d9)
[2026-02-12T13:43:43.203+0000] {subprocess.py:93} INFO -   conn.execute("TRUNCATE TABLE televisions RESTART IDENTITY CASCADE")
[2026-02-12T13:43:43.825+0000] {subprocess.py:93} INFO - 🚀 Loading TELEVISIONS data
[2026-02-12T13:43:43.829+0000] {subprocess.py:93} INFO - ✅ Televisions table refreshed successfully
[2026-02-12T13:43:44.255+0000] {subprocess.py:97} INFO - Command exited with return code 0
[2026-02-12T13:43:44.261+0000] {taskinstance.py:441} INFO - ::group::Post task execution logs
[2026-02-12T13:43:44.522+0000] {taskinstance.py:1206} INFO - Marking task as SUCCESS. dag_id=product_price_pipeline, task_id=load_tvs, run_id=manual__2026-02-12T13:43:22.725401+00:00, execution_date=20260212T134322, start_date=20260212T134336, end_date=20260212T134344
[2026-02-12T13:43:44.614+0000] {local_task_job_runner.py:243} INFO - Task exited with return code 0
[2026-02-12T13:43:44.753+0000] {taskinstance.py:3503} INFO - 0 downstream tasks scheduled from follow-on schedule check
[2026-02-12T13:43:44.764+0000] {local_task_job_runner.py:222} INFO - ::endgroup::
