[2026-02-16T03:51:53.956+0000] {local_task_job_runner.py:120} INFO - ::group::Pre task execution logs
[2026-02-16T03:51:56.475+0000] {taskinstance.py:2076} INFO - Dependencies all met for dep_context=non-requeueable deps ti=<TaskInstance: product_price_pipeline.clean_laptops scheduled__2026-02-15T00:00:00+00:00 [queued]>
[2026-02-16T03:51:56.550+0000] {taskinstance.py:2076} INFO - Dependencies all met for dep_context=requeueable deps ti=<TaskInstance: product_price_pipeline.clean_laptops scheduled__2026-02-15T00:00:00+00:00 [queued]>
[2026-02-16T03:51:56.598+0000] {taskinstance.py:2306} INFO - Starting attempt 1 of 2
[2026-02-16T03:51:56.828+0000] {taskinstance.py:2330} INFO - Executing <Task(BashOperator): clean_laptops> on 2026-02-15 00:00:00+00:00
[2026-02-16T03:51:57.003+0000] {standard_task_runner.py:90} INFO - Running: ['***', 'tasks', 'run', 'product_price_pipeline', 'clean_laptops', 'scheduled__2026-02-15T00:00:00+00:00', '--job-id', '158', '--raw', '--subdir', 'DAGS_FOLDER/product_pipeline_dag.py', '--cfg-path', '/tmp/tmp4kgdv4ng']
[2026-02-16T03:51:57.059+0000] {standard_task_runner.py:91} INFO - Job 158: Subtask clean_laptops
[2026-02-16T03:51:57.085+0000] {logging_mixin.py:188} WARNING - /home/***/.local/lib/python3.12/site-packages/***/task/task_runner/standard_task_runner.py:62 DeprecationWarning: This process (pid=36004) is multi-threaded, use of fork() may lead to deadlocks in the child.
[2026-02-16T03:51:57.092+0000] {standard_task_runner.py:64} INFO - Started process 36023 to run task
[2026-02-16T03:51:57.785+0000] {task_command.py:426} INFO - Running <TaskInstance: product_price_pipeline.clean_laptops scheduled__2026-02-15T00:00:00+00:00 [running]> on host c65c0f674c92
[2026-02-16T03:51:58.762+0000] {taskinstance.py:2648} INFO - Exporting env vars: AIRFLOW_CTX_DAG_OWNER='***' AIRFLOW_CTX_DAG_ID='product_price_pipeline' AIRFLOW_CTX_TASK_ID='clean_laptops' AIRFLOW_CTX_EXECUTION_DATE='2026-02-15T00:00:00+00:00' AIRFLOW_CTX_TRY_NUMBER='1' AIRFLOW_CTX_DAG_RUN_ID='scheduled__2026-02-15T00:00:00+00:00'
[2026-02-16T03:51:58.771+0000] {taskinstance.py:430} INFO - ::endgroup::
[2026-02-16T03:52:01.317+0000] {subprocess.py:63} INFO - Tmp dir root location: /tmp
[2026-02-16T03:52:01.424+0000] {subprocess.py:75} INFO - Running command: ['/usr/bin/bash', '-c', 'python /opt/***/dags/scripts/cleaning/clean_laptops.py']
[2026-02-16T03:52:02.747+0000] {subprocess.py:86} INFO - Output:
[2026-02-16T03:52:14.211+0000] {subprocess.py:93} INFO - 🔥 clean_laptops.py STARTED 🔥
[2026-02-16T03:52:14.293+0000] {subprocess.py:93} INFO - 📥 INPUT FILE: /opt/***/dags/data/raw/laptops/laptops_2026-02-11.csv
[2026-02-16T03:52:14.307+0000] {subprocess.py:93} INFO - 📊 Rows loaded: 420
[2026-02-16T03:52:14.315+0000] {subprocess.py:93} INFO - ✅ CLEAN FILE SAVED: /opt/***/dags/data/clean/laptops_cleaned_laptops_2026-02-11.csv
[2026-02-16T03:52:14.325+0000] {subprocess.py:93} INFO - 🔥 clean_laptops.py FINISHED 🔥
[2026-02-16T03:52:14.895+0000] {subprocess.py:97} INFO - Command exited with return code 0
[2026-02-16T03:52:14.967+0000] {taskinstance.py:441} INFO - ::group::Post task execution logs
[2026-02-16T03:52:15.565+0000] {taskinstance.py:1206} INFO - Marking task as SUCCESS. dag_id=product_price_pipeline, task_id=clean_laptops, run_id=scheduled__2026-02-15T00:00:00+00:00, execution_date=20260215T000000, start_date=20260216T035156, end_date=20260216T035215
[2026-02-16T03:52:16.124+0000] {local_task_job_runner.py:243} INFO - Task exited with return code 0
[2026-02-16T03:52:16.368+0000] {local_task_job_runner.py:222} INFO - ::endgroup::
