[2026-02-12T15:03:02.818+0000] {local_task_job_runner.py:120} INFO - ::group::Pre task execution logs
[2026-02-12T15:03:03.932+0000] {taskinstance.py:2076} INFO - Dependencies all met for dep_context=non-requeueable deps ti=<TaskInstance: product_price_pipeline.load_laptops manual__2026-02-12T14:53:00.088762+00:00 [queued]>
[2026-02-12T15:03:04.035+0000] {taskinstance.py:2076} INFO - Dependencies all met for dep_context=requeueable deps ti=<TaskInstance: product_price_pipeline.load_laptops manual__2026-02-12T14:53:00.088762+00:00 [queued]>
[2026-02-12T15:03:04.039+0000] {taskinstance.py:2306} INFO - Starting attempt 2 of 2
[2026-02-12T15:03:04.293+0000] {taskinstance.py:2330} INFO - Executing <Task(BashOperator): load_laptops> on 2026-02-12 14:53:00.088762+00:00
[2026-02-12T15:03:04.632+0000] {standard_task_runner.py:90} INFO - Running: ['***', 'tasks', 'run', 'product_price_pipeline', 'load_laptops', 'manual__2026-02-12T14:53:00.088762+00:00', '--job-id', '78', '--raw', '--subdir', 'DAGS_FOLDER/product_pipeline_dag.py', '--cfg-path', '/tmp/tmpsqur4kj7']
[2026-02-12T15:03:04.765+0000] {standard_task_runner.py:91} INFO - Job 78: Subtask load_laptops
[2026-02-12T15:03:04.724+0000] {logging_mixin.py:188} WARNING - /home/***/.local/lib/python3.12/site-packages/***/task/task_runner/standard_task_runner.py:62 DeprecationWarning: This process (pid=977) is multi-threaded, use of fork() may lead to deadlocks in the child.
[2026-02-12T15:03:04.787+0000] {standard_task_runner.py:64} INFO - Started process 992 to run task
[2026-02-12T15:03:05.918+0000] {task_command.py:426} INFO - Running <TaskInstance: product_price_pipeline.load_laptops manual__2026-02-12T14:53:00.088762+00:00 [running]> on host 649a5aa52f43
[2026-02-12T15:03:08.641+0000] {taskinstance.py:2648} INFO - Exporting env vars: AIRFLOW_CTX_DAG_OWNER='***' AIRFLOW_CTX_DAG_ID='product_price_pipeline' AIRFLOW_CTX_TASK_ID='load_laptops' AIRFLOW_CTX_EXECUTION_DATE='2026-02-12T14:53:00.088762+00:00' AIRFLOW_CTX_TRY_NUMBER='2' AIRFLOW_CTX_DAG_RUN_ID='manual__2026-02-12T14:53:00.088762+00:00'
[2026-02-12T15:03:08.657+0000] {taskinstance.py:430} INFO - ::endgroup::
[2026-02-12T15:03:09.208+0000] {subprocess.py:63} INFO - Tmp dir root location: /tmp
[2026-02-12T15:03:09.245+0000] {subprocess.py:75} INFO - Running command: ['/usr/bin/bash', '-c', 'python /opt/***/dags/scripts/loaders/load_laptops.py']
[2026-02-12T15:03:09.582+0000] {subprocess.py:86} INFO - Output:
[2026-02-12T15:03:24.943+0000] {subprocess.py:93} INFO - /opt/***/dags/scripts/loaders/load_laptops.py:40: RemovedIn20Warning: Deprecated API features detected! These feature(s) are not compatible with SQLAlchemy 2.0. To prevent incompatible upgrades prior to updating applications, ensure requirements files are pinned to "sqlalchemy<2.0". Set environment variable SQLALCHEMY_WARN_20=1 to show all deprecation warnings.  Set environment variable SQLALCHEMY_SILENCE_UBER_WARNING=1 to silence this message. (Background on SQLAlchemy 2.0 at: https://sqlalche.me/e/b8d9)
[2026-02-12T15:03:24.973+0000] {subprocess.py:93} INFO -   conn.execute("TRUNCATE TABLE laptops RESTART IDENTITY CASCADE")
[2026-02-12T15:03:25.368+0000] {subprocess.py:93} INFO - 🚀 Loading LAPTOPS data
[2026-02-12T15:03:25.372+0000] {subprocess.py:93} INFO - ✅ Laptops table refreshed successfully
[2026-02-12T15:03:25.708+0000] {subprocess.py:97} INFO - Command exited with return code 0
[2026-02-12T15:03:25.721+0000] {taskinstance.py:441} INFO - ::group::Post task execution logs
[2026-02-12T15:03:25.916+0000] {taskinstance.py:1206} INFO - Marking task as SUCCESS. dag_id=product_price_pipeline, task_id=load_laptops, run_id=manual__2026-02-12T14:53:00.088762+00:00, execution_date=20260212T145300, start_date=20260212T150303, end_date=20260212T150325
[2026-02-12T15:03:26.080+0000] {local_task_job_runner.py:243} INFO - Task exited with return code 0
[2026-02-12T15:03:26.172+0000] {local_task_job_runner.py:222} INFO - ::endgroup::
