[2026-02-13T12:05:24.219+0000] {local_task_job_runner.py:120} INFO - ::group::Pre task execution logs
[2026-02-13T12:05:24.284+0000] {taskinstance.py:2076} INFO - Dependencies all met for dep_context=non-requeueable deps ti=<TaskInstance: product_price_pipeline.load_products_main manual__2026-02-13T12:04:50.772068+00:00 [queued]>
[2026-02-13T12:05:24.298+0000] {taskinstance.py:2076} INFO - Dependencies all met for dep_context=requeueable deps ti=<TaskInstance: product_price_pipeline.load_products_main manual__2026-02-13T12:04:50.772068+00:00 [queued]>
[2026-02-13T12:05:24.300+0000] {taskinstance.py:2306} INFO - Starting attempt 1 of 2
[2026-02-13T12:05:24.322+0000] {taskinstance.py:2330} INFO - Executing <Task(BashOperator): load_products_main> on 2026-02-13 12:04:50.772068+00:00
[2026-02-13T12:05:24.334+0000] {standard_task_runner.py:90} INFO - Running: ['***', 'tasks', 'run', 'product_price_pipeline', 'load_products_main', 'manual__2026-02-13T12:04:50.772068+00:00', '--job-id', '114', '--raw', '--subdir', 'DAGS_FOLDER/product_pipeline_dag.py', '--cfg-path', '/tmp/tmpv1c4aduy']
[2026-02-13T12:05:24.339+0000] {logging_mixin.py:188} WARNING - /home/***/.local/lib/python3.12/site-packages/***/task/task_runner/standard_task_runner.py:62 DeprecationWarning: This process (pid=544) is multi-threaded, use of fork() may lead to deadlocks in the child.
[2026-02-13T12:05:24.339+0000] {standard_task_runner.py:91} INFO - Job 114: Subtask load_products_main
[2026-02-13T12:05:24.340+0000] {standard_task_runner.py:64} INFO - Started process 545 to run task
[2026-02-13T12:05:24.468+0000] {task_command.py:426} INFO - Running <TaskInstance: product_price_pipeline.load_products_main manual__2026-02-13T12:04:50.772068+00:00 [running]> on host c65c0f674c92
[2026-02-13T12:05:24.691+0000] {taskinstance.py:2648} INFO - Exporting env vars: AIRFLOW_CTX_DAG_OWNER='***' AIRFLOW_CTX_DAG_ID='product_price_pipeline' AIRFLOW_CTX_TASK_ID='load_products_main' AIRFLOW_CTX_EXECUTION_DATE='2026-02-13T12:04:50.772068+00:00' AIRFLOW_CTX_TRY_NUMBER='1' AIRFLOW_CTX_DAG_RUN_ID='manual__2026-02-13T12:04:50.772068+00:00'
[2026-02-13T12:05:24.698+0000] {taskinstance.py:430} INFO - ::endgroup::
[2026-02-13T12:05:24.736+0000] {subprocess.py:63} INFO - Tmp dir root location: /tmp
[2026-02-13T12:05:24.743+0000] {subprocess.py:75} INFO - Running command: ['/usr/bin/bash', '-c', 'python /opt/***/dags/scripts/loaders/load_products_main.py']
[2026-02-13T12:05:24.760+0000] {subprocess.py:86} INFO - Output:
[2026-02-13T12:05:25.243+0000] {subprocess.py:93} INFO - 🚀 Loading PRODUCTS_MAIN table
[2026-02-13T12:05:25.245+0000] {subprocess.py:93} INFO - ✅ products_main table loaded successfully
[2026-02-13T12:05:25.257+0000] {subprocess.py:97} INFO - Command exited with return code 0
[2026-02-13T12:05:25.259+0000] {taskinstance.py:441} INFO - ::group::Post task execution logs
[2026-02-13T12:05:25.299+0000] {taskinstance.py:1206} INFO - Marking task as SUCCESS. dag_id=product_price_pipeline, task_id=load_products_main, run_id=manual__2026-02-13T12:04:50.772068+00:00, execution_date=20260213T120450, start_date=20260213T120524, end_date=20260213T120525
[2026-02-13T12:05:25.362+0000] {local_task_job_runner.py:243} INFO - Task exited with return code 0
[2026-02-13T12:05:25.406+0000] {taskinstance.py:3503} INFO - 1 downstream tasks scheduled from follow-on schedule check
[2026-02-13T12:05:25.410+0000] {local_task_job_runner.py:222} INFO - ::endgroup::
