[2026-02-11T07:36:51.160+0000] {local_task_job_runner.py:120} INFO - ::group::Pre task execution logs
[2026-02-11T07:36:51.265+0000] {taskinstance.py:2076} INFO - Dependencies all met for dep_context=non-requeueable deps ti=<TaskInstance: product_price_pipeline.clean_data manual__2026-02-11T07:34:57.633408+00:00 [queued]>
[2026-02-11T07:36:51.277+0000] {taskinstance.py:2076} INFO - Dependencies all met for dep_context=requeueable deps ti=<TaskInstance: product_price_pipeline.clean_data manual__2026-02-11T07:34:57.633408+00:00 [queued]>
[2026-02-11T07:36:51.279+0000] {taskinstance.py:2306} INFO - Starting attempt 1 of 2
[2026-02-11T07:36:51.296+0000] {taskinstance.py:2330} INFO - Executing <Task(BashOperator): clean_data> on 2026-02-11 07:34:57.633408+00:00
[2026-02-11T07:36:51.312+0000] {logging_mixin.py:188} WARNING - /home/***/.local/lib/python3.12/site-packages/***/task/task_runner/standard_task_runner.py:62 DeprecationWarning: This process (pid=246) is multi-threaded, use of fork() may lead to deadlocks in the child.
[2026-02-11T07:36:51.310+0000] {standard_task_runner.py:90} INFO - Running: ['***', 'tasks', 'run', 'product_price_pipeline', 'clean_data', 'manual__2026-02-11T07:34:57.633408+00:00', '--job-id', '125', '--raw', '--subdir', 'DAGS_FOLDER/product_pipeline_dag.py', '--cfg-path', '/tmp/tmphtkr6crx']
[2026-02-11T07:36:51.314+0000] {standard_task_runner.py:64} INFO - Started process 247 to run task
[2026-02-11T07:36:51.314+0000] {standard_task_runner.py:91} INFO - Job 125: Subtask clean_data
[2026-02-11T07:36:51.487+0000] {task_command.py:426} INFO - Running <TaskInstance: product_price_pipeline.clean_data manual__2026-02-11T07:34:57.633408+00:00 [running]> on host 5f7f8e84b8a0
[2026-02-11T07:36:51.822+0000] {taskinstance.py:2648} INFO - Exporting env vars: AIRFLOW_CTX_DAG_OWNER='***' AIRFLOW_CTX_DAG_ID='product_price_pipeline' AIRFLOW_CTX_TASK_ID='clean_data' AIRFLOW_CTX_EXECUTION_DATE='2026-02-11T07:34:57.633408+00:00' AIRFLOW_CTX_TRY_NUMBER='1' AIRFLOW_CTX_DAG_RUN_ID='manual__2026-02-11T07:34:57.633408+00:00'
[2026-02-11T07:36:51.823+0000] {taskinstance.py:430} INFO - ::endgroup::
[2026-02-11T07:36:51.861+0000] {subprocess.py:63} INFO - Tmp dir root location: /tmp
[2026-02-11T07:36:51.866+0000] {subprocess.py:75} INFO - Running command: ['/usr/bin/bash', '-c', 'python /opt/***/dags/scripts/clean.py']
[2026-02-11T07:36:51.887+0000] {subprocess.py:86} INFO - Output:
[2026-02-11T07:36:52.370+0000] {subprocess.py:93} INFO - python: can't open file '/tmp/***tmp7hckjyq7/scripts/cleaning/clean_mobiles.py': [Errno 2] No such file or directory
[2026-02-11T07:36:52.473+0000] {subprocess.py:93} INFO - python: can't open file '/tmp/***tmp7hckjyq7/scripts/cleaning/clean_laptops.py': [Errno 2] No such file or directory
[2026-02-11T07:36:52.531+0000] {subprocess.py:93} INFO - python: can't open file '/tmp/***tmp7hckjyq7/scripts/cleaning/clean_refrigerators.py': [Errno 2] No such file or directory
[2026-02-11T07:36:52.591+0000] {subprocess.py:93} INFO - python: can't open file '/tmp/***tmp7hckjyq7/scripts/cleaning/clean_tvs.py': [Errno 2] No such file or directory
[2026-02-11T07:36:52.641+0000] {subprocess.py:93} INFO - python: can't open file '/tmp/***tmp7hckjyq7/scripts/cleaning/create_main_table.py': [Errno 2] No such file or directory
[2026-02-11T07:36:52.644+0000] {subprocess.py:93} INFO - Starting cleaning stage...
[2026-02-11T07:36:52.645+0000] {subprocess.py:93} INFO - Cleaning stage completed.
[2026-02-11T07:36:52.648+0000] {subprocess.py:97} INFO - Command exited with return code 0
[2026-02-11T07:36:52.664+0000] {taskinstance.py:441} INFO - ::group::Post task execution logs
[2026-02-11T07:36:52.717+0000] {taskinstance.py:1206} INFO - Marking task as SUCCESS. dag_id=product_price_pipeline, task_id=clean_data, run_id=manual__2026-02-11T07:34:57.633408+00:00, execution_date=20260211T073457, start_date=20260211T073651, end_date=20260211T073652
[2026-02-11T07:36:52.785+0000] {local_task_job_runner.py:243} INFO - Task exited with return code 0
[2026-02-11T07:36:52.831+0000] {taskinstance.py:3503} INFO - 1 downstream tasks scheduled from follow-on schedule check
[2026-02-11T07:36:52.836+0000] {local_task_job_runner.py:222} INFO - ::endgroup::
