[2026-02-15T05:13:10.691+0000] {local_task_job_runner.py:120} INFO - ::group::Pre task execution logs
[2026-02-15T05:13:14.171+0000] {taskinstance.py:2076} INFO - Dependencies all met for dep_context=non-requeueable deps ti=<TaskInstance: product_price_pipeline.clean_tvs scheduled__2026-02-14T00:00:00+00:00 [queued]>
[2026-02-15T05:13:15.117+0000] {taskinstance.py:2076} INFO - Dependencies all met for dep_context=requeueable deps ti=<TaskInstance: product_price_pipeline.clean_tvs scheduled__2026-02-14T00:00:00+00:00 [queued]>
[2026-02-15T05:13:15.126+0000] {taskinstance.py:2306} INFO - Starting attempt 1 of 2
[2026-02-15T05:13:18.737+0000] {taskinstance.py:2330} INFO - Executing <Task(BashOperator): clean_tvs> on 2026-02-14 00:00:00+00:00
[2026-02-15T05:13:26.650+0000] {logging_mixin.py:188} WARNING - /home/***/.local/lib/python3.12/site-packages/***/task/task_runner/standard_task_runner.py:62 DeprecationWarning: This process (pid=22682) is multi-threaded, use of fork() may lead to deadlocks in the child.
[2026-02-15T05:13:24.313+0000] {standard_task_runner.py:90} INFO - Running: ['***', 'tasks', 'run', 'product_price_pipeline', 'clean_tvs', 'scheduled__2026-02-14T00:00:00+00:00', '--job-id', '150', '--raw', '--subdir', 'DAGS_FOLDER/product_pipeline_dag.py', '--cfg-path', '/tmp/tmp5s69zcey']
[2026-02-15T05:13:27.119+0000] {standard_task_runner.py:64} INFO - Started process 22705 to run task
[2026-02-15T05:13:27.124+0000] {standard_task_runner.py:91} INFO - Job 150: Subtask clean_tvs
[2026-02-15T05:13:38.981+0000] {task_command.py:426} INFO - Running <TaskInstance: product_price_pipeline.clean_tvs scheduled__2026-02-14T00:00:00+00:00 [running]> on host c65c0f674c92
[2026-02-15T05:13:44.787+0000] {taskinstance.py:2648} INFO - Exporting env vars: AIRFLOW_CTX_DAG_OWNER='***' AIRFLOW_CTX_DAG_ID='product_price_pipeline' AIRFLOW_CTX_TASK_ID='clean_tvs' AIRFLOW_CTX_EXECUTION_DATE='2026-02-14T00:00:00+00:00' AIRFLOW_CTX_TRY_NUMBER='1' AIRFLOW_CTX_DAG_RUN_ID='scheduled__2026-02-14T00:00:00+00:00'
[2026-02-15T05:13:44.858+0000] {taskinstance.py:430} INFO - ::endgroup::
[2026-02-15T05:13:46.018+0000] {subprocess.py:63} INFO - Tmp dir root location: /tmp
[2026-02-15T05:13:46.169+0000] {subprocess.py:75} INFO - Running command: ['/usr/bin/bash', '-c', 'python /opt/***/dags/scripts/cleaning/clean_tvs.py']
[2026-02-15T05:13:46.585+0000] {subprocess.py:86} INFO - Output:
[2026-02-15T05:14:08.394+0000] {subprocess.py:93} INFO - 🔥 clean_tvs.py STARTED 🔥
[2026-02-15T05:14:09.374+0000] {subprocess.py:93} INFO - 📥 INPUT FILE: /opt/***/dags/data/raw/tvs/television_2026-02-11.csv
[2026-02-15T05:14:09.423+0000] {subprocess.py:93} INFO - 📊 Rows loaded: 210
[2026-02-15T05:14:09.435+0000] {subprocess.py:93} INFO - ✅ CLEAN FILE SAVED: /opt/***/dags/data/clean/tvs_cleaned_television_2026-02-11.csv
[2026-02-15T05:14:09.464+0000] {subprocess.py:93} INFO - 🔥 clean_tvs.py FINISHED 🔥
[2026-02-15T05:14:12.203+0000] {subprocess.py:97} INFO - Command exited with return code 0
[2026-02-15T05:14:12.497+0000] {taskinstance.py:441} INFO - ::group::Post task execution logs
[2026-02-15T05:14:14.857+0000] {taskinstance.py:1206} INFO - Marking task as SUCCESS. dag_id=product_price_pipeline, task_id=clean_tvs, run_id=scheduled__2026-02-14T00:00:00+00:00, execution_date=20260214T000000, start_date=20260215T051314, end_date=20260215T051414
[2026-02-15T05:14:16.091+0000] {local_task_job_runner.py:243} INFO - Task exited with return code 0
[2026-02-15T05:14:16.526+0000] {local_task_job_runner.py:222} INFO - ::endgroup::
