[2026-02-07T05:58:42.244+0000] {local_task_job_runner.py:120} INFO - ::group::Pre task execution logs
[2026-02-07T05:58:42.487+0000] {taskinstance.py:2076} INFO - Dependencies all met for dep_context=non-requeueable deps ti=<TaskInstance: product_price_pipeline.scrape_data manual__2026-02-07T05:58:38.953445+00:00 [queued]>
[2026-02-07T05:58:42.502+0000] {taskinstance.py:2076} INFO - Dependencies all met for dep_context=requeueable deps ti=<TaskInstance: product_price_pipeline.scrape_data manual__2026-02-07T05:58:38.953445+00:00 [queued]>
[2026-02-07T05:58:42.503+0000] {taskinstance.py:2306} INFO - Starting attempt 1 of 2
[2026-02-07T05:58:42.525+0000] {taskinstance.py:2330} INFO - Executing <Task(BashOperator): scrape_data> on 2026-02-07 05:58:38.953445+00:00
[2026-02-07T05:58:42.560+0000] {standard_task_runner.py:90} INFO - Running: ['***', 'tasks', 'run', 'product_price_pipeline', 'scrape_data', 'manual__2026-02-07T05:58:38.953445+00:00', '--job-id', '65', '--raw', '--subdir', 'DAGS_FOLDER/product_pipeline_dag.py', '--cfg-path', '/tmp/tmpr_mot_oz']
[2026-02-07T05:58:42.564+0000] {logging_mixin.py:188} WARNING - /home/***/.local/lib/python3.12/site-packages/***/task/task_runner/standard_task_runner.py:62 DeprecationWarning: This process (pid=252) is multi-threaded, use of fork() may lead to deadlocks in the child.
[2026-02-07T05:58:42.566+0000] {standard_task_runner.py:91} INFO - Job 65: Subtask scrape_data
[2026-02-07T05:58:42.566+0000] {standard_task_runner.py:64} INFO - Started process 253 to run task
[2026-02-07T05:58:42.826+0000] {task_command.py:426} INFO - Running <TaskInstance: product_price_pipeline.scrape_data manual__2026-02-07T05:58:38.953445+00:00 [running]> on host 19af76d7baae
[2026-02-07T05:58:43.102+0000] {taskinstance.py:2648} INFO - Exporting env vars: AIRFLOW_CTX_DAG_OWNER='***' AIRFLOW_CTX_DAG_ID='product_price_pipeline' AIRFLOW_CTX_TASK_ID='scrape_data' AIRFLOW_CTX_EXECUTION_DATE='2026-02-07T05:58:38.953445+00:00' AIRFLOW_CTX_TRY_NUMBER='1' AIRFLOW_CTX_DAG_RUN_ID='manual__2026-02-07T05:58:38.953445+00:00'
[2026-02-07T05:58:43.105+0000] {taskinstance.py:430} INFO - ::endgroup::
[2026-02-07T05:58:43.289+0000] {subprocess.py:63} INFO - Tmp dir root location: /tmp
[2026-02-07T05:58:43.293+0000] {subprocess.py:75} INFO - Running command: ['/usr/bin/bash', '-c', 'python /opt/***/dags/all_data.py']
[2026-02-07T05:58:43.319+0000] {subprocess.py:86} INFO - Output:
[2026-02-07T05:58:45.122+0000] {subprocess.py:93} INFO - 2026-02-07 05:58:45,122 | INFO | ===== SCRAPING STARTED =====
[2026-02-07T05:58:45.123+0000] {subprocess.py:93} INFO - 2026-02-07 05:58:45,122 | INFO | Starting scrape for category: mobiles
[2026-02-07T05:58:47.910+0000] {subprocess.py:93} INFO - 2026-02-07 05:58:47,910 | INFO | mobiles: Page 1/25
[2026-02-07T05:58:51.299+0000] {subprocess.py:93} INFO - 2026-02-07 05:58:51,299 | INFO | mobiles: Page 2/25
[2026-02-07T05:58:52.335+0000] {subprocess.py:93} INFO - 2026-02-07 05:58:52,335 | INFO | mobiles: Page 3/25
[2026-02-07T05:58:53.178+0000] {subprocess.py:93} INFO - 2026-02-07 05:58:53,177 | INFO | mobiles: Page 4/25
[2026-02-07T05:58:53.852+0000] {subprocess.py:93} INFO - 2026-02-07 05:58:53,851 | INFO | mobiles: Page 5/25
[2026-02-07T05:58:55.823+0000] {subprocess.py:93} INFO - 2026-02-07 05:58:55,822 | INFO | mobiles: Page 6/25
[2026-02-07T05:58:57.094+0000] {subprocess.py:93} INFO - 2026-02-07 05:58:57,094 | INFO | mobiles: Page 7/25
[2026-02-07T05:58:58.517+0000] {subprocess.py:93} INFO - 2026-02-07 05:58:58,516 | INFO | mobiles: Page 8/25
[2026-02-07T05:59:00.056+0000] {subprocess.py:93} INFO - 2026-02-07 05:59:00,055 | INFO | mobiles: Page 9/25
[2026-02-07T05:59:01.398+0000] {subprocess.py:93} INFO - 2026-02-07 05:59:01,398 | INFO | mobiles: Page 10/25
[2026-02-07T05:59:02.796+0000] {subprocess.py:93} INFO - 2026-02-07 05:59:02,795 | INFO | mobiles: Page 11/25
[2026-02-07T05:59:03.750+0000] {subprocess.py:93} INFO - 2026-02-07 05:59:03,750 | INFO | mobiles: Page 12/25
[2026-02-07T05:59:04.927+0000] {subprocess.py:93} INFO - 2026-02-07 05:59:04,927 | INFO | mobiles: Page 13/25
[2026-02-07T05:59:05.814+0000] {subprocess.py:93} INFO - 2026-02-07 05:59:05,813 | INFO | mobiles: Page 14/25
[2026-02-07T05:59:06.698+0000] {subprocess.py:93} INFO - 2026-02-07 05:59:06,696 | INFO | mobiles: Page 15/25
[2026-02-07T05:59:07.349+0000] {subprocess.py:93} INFO - 2026-02-07 05:59:07,349 | INFO | mobiles: Page 16/25
[2026-02-07T05:59:08.039+0000] {subprocess.py:93} INFO - 2026-02-07 05:59:08,038 | INFO | mobiles: Page 17/25
[2026-02-07T05:59:08.940+0000] {subprocess.py:93} INFO - 2026-02-07 05:59:08,940 | INFO | mobiles: Page 18/25
[2026-02-07T05:59:09.636+0000] {subprocess.py:93} INFO - 2026-02-07 05:59:09,635 | INFO | mobiles: Page 19/25
[2026-02-07T05:59:10.318+0000] {subprocess.py:93} INFO - 2026-02-07 05:59:10,317 | INFO | mobiles: Page 20/25
[2026-02-07T05:59:10.976+0000] {subprocess.py:93} INFO - 2026-02-07 05:59:10,976 | INFO | mobiles: Page 21/25
[2026-02-07T05:59:11.652+0000] {subprocess.py:93} INFO - 2026-02-07 05:59:11,651 | INFO | mobiles: Page 22/25
[2026-02-07T05:59:12.334+0000] {subprocess.py:93} INFO - 2026-02-07 05:59:12,334 | INFO | mobiles: Page 23/25
[2026-02-07T05:59:12.984+0000] {subprocess.py:93} INFO - 2026-02-07 05:59:12,984 | INFO | mobiles: Page 24/25
[2026-02-07T05:59:13.631+0000] {subprocess.py:93} INFO - 2026-02-07 05:59:13,631 | INFO | mobiles: Page 25/25
[2026-02-07T05:59:14.411+0000] {subprocess.py:93} INFO - 2026-02-07 05:59:14,410 | INFO | mobiles: Fetching reviews
[2026-02-07T05:59:29.110+0000] {subprocess.py:93} INFO - 2026-02-07 05:59:29,106 | INFO | mobiles: Saved 750 rows to /opt/***/dags/data/raw/mobiles/mobiles_2026-02-07.csv
[2026-02-07T05:59:29.117+0000] {subprocess.py:93} INFO - 2026-02-07 05:59:29,110 | INFO | Starting scrape for category: laptops
[2026-02-07T05:59:29.471+0000] {subprocess.py:93} INFO - 2026-02-07 05:59:29,470 | INFO | laptops: Page 1/14
[2026-02-07T05:59:30.020+0000] {subprocess.py:93} INFO - 2026-02-07 05:59:30,019 | INFO | laptops: Page 2/14
[2026-02-07T05:59:30.724+0000] {subprocess.py:93} INFO - 2026-02-07 05:59:30,723 | INFO | laptops: Page 3/14
[2026-02-07T05:59:31.446+0000] {subprocess.py:93} INFO - 2026-02-07 05:59:31,445 | INFO | laptops: Page 4/14
[2026-02-07T05:59:32.313+0000] {subprocess.py:93} INFO - 2026-02-07 05:59:32,312 | INFO | laptops: Page 5/14
[2026-02-07T05:59:33.009+0000] {subprocess.py:93} INFO - 2026-02-07 05:59:33,008 | INFO | laptops: Page 6/14
[2026-02-07T05:59:33.904+0000] {subprocess.py:93} INFO - 2026-02-07 05:59:33,903 | INFO | laptops: Page 7/14
[2026-02-07T05:59:34.715+0000] {subprocess.py:93} INFO - 2026-02-07 05:59:34,713 | INFO | laptops: Page 8/14
[2026-02-07T05:59:35.449+0000] {subprocess.py:93} INFO - 2026-02-07 05:59:35,447 | INFO | laptops: Page 9/14
[2026-02-07T05:59:36.316+0000] {subprocess.py:93} INFO - 2026-02-07 05:59:36,316 | INFO | laptops: Page 10/14
[2026-02-07T05:59:37.066+0000] {subprocess.py:93} INFO - 2026-02-07 05:59:37,065 | INFO | laptops: Page 11/14
[2026-02-07T05:59:37.758+0000] {subprocess.py:93} INFO - 2026-02-07 05:59:37,757 | INFO | laptops: Page 12/14
[2026-02-07T05:59:38.379+0000] {subprocess.py:93} INFO - 2026-02-07 05:59:38,378 | INFO | laptops: Page 13/14
[2026-02-07T05:59:39.057+0000] {subprocess.py:93} INFO - 2026-02-07 05:59:39,056 | INFO | laptops: Page 14/14
[2026-02-07T05:59:39.662+0000] {subprocess.py:93} INFO - 2026-02-07 05:59:39,662 | INFO | laptops: Fetching reviews
[2026-02-07T05:59:49.195+0000] {subprocess.py:93} INFO - 2026-02-07 05:59:49,194 | INFO | laptops: Saved 420 rows to /opt/***/dags/data/raw/laptops/laptops_2026-02-07.csv
[2026-02-07T05:59:49.197+0000] {subprocess.py:93} INFO - 2026-02-07 05:59:49,195 | INFO | Starting scrape for category: television
[2026-02-07T05:59:49.666+0000] {subprocess.py:93} INFO - 2026-02-07 05:59:49,666 | INFO | television: Page 1/7
[2026-02-07T05:59:50.865+0000] {subprocess.py:93} INFO - 2026-02-07 05:59:50,864 | INFO | television: Page 2/7
[2026-02-07T05:59:52.264+0000] {subprocess.py:93} INFO - 2026-02-07 05:59:51,738 | INFO | television: Page 3/7
[2026-02-07T05:59:54.320+0000] {subprocess.py:93} INFO - 2026-02-07 05:59:54,318 | INFO | television: Page 4/7
[2026-02-07T05:59:55.021+0000] {subprocess.py:93} INFO - 2026-02-07 05:59:55,021 | INFO | television: Page 5/7
[2026-02-07T05:59:56.323+0000] {subprocess.py:93} INFO - 2026-02-07 05:59:56,322 | INFO | television: Page 6/7
[2026-02-07T05:59:57.005+0000] {subprocess.py:93} INFO - 2026-02-07 05:59:57,005 | INFO | television: Page 7/7
[2026-02-07T05:59:58.550+0000] {subprocess.py:93} INFO - 2026-02-07 05:59:58,549 | INFO | television: Fetching reviews
[2026-02-07T06:00:07.911+0000] {subprocess.py:93} INFO - 2026-02-07 06:00:07,911 | INFO | television: Saved 210 rows to /opt/***/dags/data/raw/tvs/television_2026-02-07.csv
[2026-02-07T06:00:07.914+0000] {subprocess.py:93} INFO - 2026-02-07 06:00:07,911 | INFO | Starting scrape for category: refrigerator
[2026-02-07T06:00:08.181+0000] {subprocess.py:93} INFO - 2026-02-07 06:00:08,180 | INFO | refrigerator: Page 1/6
[2026-02-07T06:00:08.997+0000] {subprocess.py:93} INFO - 2026-02-07 06:00:08,996 | INFO | refrigerator: Page 2/6
[2026-02-07T06:00:12.725+0000] {subprocess.py:93} INFO - 2026-02-07 06:00:12,724 | INFO | refrigerator: Page 3/6
[2026-02-07T06:00:16.200+0000] {subprocess.py:93} INFO - 2026-02-07 06:00:16,199 | INFO | refrigerator: Page 4/6
[2026-02-07T06:00:17.286+0000] {subprocess.py:93} INFO - 2026-02-07 06:00:17,286 | INFO | refrigerator: Page 5/6
[2026-02-07T06:00:19.007+0000] {subprocess.py:93} INFO - 2026-02-07 06:00:19,006 | INFO | refrigerator: Page 6/6
[2026-02-07T06:00:19.516+0000] {subprocess.py:93} INFO - 2026-02-07 06:00:19,515 | INFO | refrigerator: Fetching reviews
[2026-02-07T06:00:30.801+0000] {subprocess.py:93} INFO - 2026-02-07 06:00:30,801 | INFO | refrigerator: Saved 180 rows to /opt/***/dags/data/raw/refrigerators/refrigerator_2026-02-07.csv
[2026-02-07T06:00:30.805+0000] {subprocess.py:93} INFO - 2026-02-07 06:00:30,802 | INFO | ===== SCRAPING FINISHED =====
[2026-02-07T06:00:31.260+0000] {subprocess.py:97} INFO - Command exited with return code 0
[2026-02-07T06:00:31.356+0000] {taskinstance.py:441} INFO - ::group::Post task execution logs
[2026-02-07T06:00:31.884+0000] {taskinstance.py:1206} INFO - Marking task as SUCCESS. dag_id=product_price_pipeline, task_id=scrape_data, run_id=manual__2026-02-07T05:58:38.953445+00:00, execution_date=20260207T055838, start_date=20260207T055842, end_date=20260207T060031
[2026-02-07T06:00:32.146+0000] {local_task_job_runner.py:243} INFO - Task exited with return code 0
[2026-02-07T06:00:32.548+0000] {taskinstance.py:3503} INFO - 1 downstream tasks scheduled from follow-on schedule check
[2026-02-07T06:00:32.558+0000] {local_task_job_runner.py:222} INFO - ::endgroup::
