[2026-02-11T04:03:09.380+0000] {local_task_job_runner.py:120} INFO - ::group::Pre task execution logs
[2026-02-11T04:03:09.466+0000] {taskinstance.py:2076} INFO - Dependencies all met for dep_context=non-requeueable deps ti=<TaskInstance: product_price_pipeline.load_to_postgres scheduled__2026-02-09T21:00:00+00:00 [queued]>
[2026-02-11T04:03:09.488+0000] {taskinstance.py:2076} INFO - Dependencies all met for dep_context=requeueable deps ti=<TaskInstance: product_price_pipeline.load_to_postgres scheduled__2026-02-09T21:00:00+00:00 [queued]>
[2026-02-11T04:03:09.492+0000] {taskinstance.py:2306} INFO - Starting attempt 1 of 2
[2026-02-11T04:03:09.518+0000] {taskinstance.py:2330} INFO - Executing <Task(BashOperator): load_to_postgres> on 2026-02-09 21:00:00+00:00
[2026-02-11T04:03:09.536+0000] {standard_task_runner.py:90} INFO - Running: ['***', 'tasks', 'run', 'product_price_pipeline', 'load_to_postgres', 'scheduled__2026-02-09T21:00:00+00:00', '--job-id', '106', '--raw', '--subdir', 'DAGS_FOLDER/product_pipeline_dag.py', '--cfg-path', '/tmp/tmpsoebpuat']
[2026-02-11T04:03:09.543+0000] {standard_task_runner.py:91} INFO - Job 106: Subtask load_to_postgres
[2026-02-11T04:03:09.548+0000] {logging_mixin.py:188} WARNING - /home/***/.local/lib/python3.12/site-packages/***/task/task_runner/standard_task_runner.py:62 DeprecationWarning: This process (pid=1083) is multi-threaded, use of fork() may lead to deadlocks in the child.
[2026-02-11T04:03:09.552+0000] {standard_task_runner.py:64} INFO - Started process 1084 to run task
[2026-02-11T04:03:09.816+0000] {task_command.py:426} INFO - Running <TaskInstance: product_price_pipeline.load_to_postgres scheduled__2026-02-09T21:00:00+00:00 [running]> on host 0d4fb0100b45
[2026-02-11T04:03:10.156+0000] {taskinstance.py:2648} INFO - Exporting env vars: AIRFLOW_CTX_DAG_OWNER='***' AIRFLOW_CTX_DAG_ID='product_price_pipeline' AIRFLOW_CTX_TASK_ID='load_to_postgres' AIRFLOW_CTX_EXECUTION_DATE='2026-02-09T21:00:00+00:00' AIRFLOW_CTX_TRY_NUMBER='1' AIRFLOW_CTX_DAG_RUN_ID='scheduled__2026-02-09T21:00:00+00:00'
[2026-02-11T04:03:10.161+0000] {taskinstance.py:430} INFO - ::endgroup::
[2026-02-11T04:03:10.252+0000] {subprocess.py:63} INFO - Tmp dir root location: /tmp
[2026-02-11T04:03:10.279+0000] {subprocess.py:75} INFO - Running command: ['/usr/bin/bash', '-c', 'python /opt/***/dags/scripts/load_to_db.py']
[2026-02-11T04:03:10.354+0000] {subprocess.py:86} INFO - Output:
[2026-02-11T04:03:11.940+0000] {subprocess.py:93} INFO - python: can't open file '/tmp/***tmpb4w4u5yd/scripts/loaders/load_mobiles.py': [Errno 2] No such file or directory
[2026-02-11T04:03:12.271+0000] {subprocess.py:93} INFO - python: can't open file '/tmp/***tmpb4w4u5yd/scripts/loaders/load_laptops.py': [Errno 2] No such file or directory
[2026-02-11T04:03:12.521+0000] {subprocess.py:93} INFO - python: can't open file '/tmp/***tmpb4w4u5yd/scripts/loaders/load_refrigerators.py': [Errno 2] No such file or directory
[2026-02-11T04:03:12.772+0000] {subprocess.py:93} INFO - python: can't open file '/tmp/***tmpb4w4u5yd/scripts/loaders/load_tvs.py': [Errno 2] No such file or directory
[2026-02-11T04:03:13.094+0000] {subprocess.py:93} INFO - python: can't open file '/tmp/***tmpb4w4u5yd/scripts/loaders/load_products_main.py': [Errno 2] No such file or directory
[2026-02-11T04:03:13.104+0000] {subprocess.py:93} INFO - Starting loading stage...
[2026-02-11T04:03:13.107+0000] {subprocess.py:93} INFO - Loading stage completed.
[2026-02-11T04:03:13.123+0000] {subprocess.py:97} INFO - Command exited with return code 0
[2026-02-11T04:03:13.130+0000] {taskinstance.py:441} INFO - ::group::Post task execution logs
[2026-02-11T04:03:13.226+0000] {taskinstance.py:1206} INFO - Marking task as SUCCESS. dag_id=product_price_pipeline, task_id=load_to_postgres, run_id=scheduled__2026-02-09T21:00:00+00:00, execution_date=20260209T210000, start_date=20260211T040309, end_date=20260211T040313
[2026-02-11T04:03:13.286+0000] {local_task_job_runner.py:243} INFO - Task exited with return code 0
[2026-02-11T04:03:13.351+0000] {taskinstance.py:3503} INFO - 0 downstream tasks scheduled from follow-on schedule check
[2026-02-11T04:03:13.360+0000] {local_task_job_runner.py:222} INFO - ::endgroup::
