[2026-02-12T12:35:43.496+0000] {local_task_job_runner.py:120} INFO - ::group::Pre task execution logs
[2026-02-12T12:35:43.786+0000] {taskinstance.py:2076} INFO - Dependencies all met for dep_context=non-requeueable deps ti=<TaskInstance: product_price_pipeline.load_laptops scheduled__2026-02-11T00:00:00+00:00 [queued]>
[2026-02-12T12:35:43.831+0000] {taskinstance.py:2076} INFO - Dependencies all met for dep_context=requeueable deps ti=<TaskInstance: product_price_pipeline.load_laptops scheduled__2026-02-11T00:00:00+00:00 [queued]>
[2026-02-12T12:35:43.833+0000] {taskinstance.py:2306} INFO - Starting attempt 1 of 2
[2026-02-12T12:35:43.896+0000] {taskinstance.py:2330} INFO - Executing <Task(BashOperator): load_laptops> on 2026-02-11 00:00:00+00:00
[2026-02-12T12:35:43.934+0000] {standard_task_runner.py:90} INFO - Running: ['***', 'tasks', 'run', 'product_price_pipeline', 'load_laptops', 'scheduled__2026-02-11T00:00:00+00:00', '--job-id', '22', '--raw', '--subdir', 'DAGS_FOLDER/product_pipeline_dag.py', '--cfg-path', '/tmp/tmp9qc7pywp']
[2026-02-12T12:35:43.949+0000] {standard_task_runner.py:91} INFO - Job 22: Subtask load_laptops
[2026-02-12T12:35:43.957+0000] {logging_mixin.py:188} WARNING - /home/***/.local/lib/python3.12/site-packages/***/task/task_runner/standard_task_runner.py:62 DeprecationWarning: This process (pid=1923) is multi-threaded, use of fork() may lead to deadlocks in the child.
[2026-02-12T12:35:43.982+0000] {standard_task_runner.py:64} INFO - Started process 1947 to run task
[2026-02-12T12:35:44.351+0000] {task_command.py:426} INFO - Running <TaskInstance: product_price_pipeline.load_laptops scheduled__2026-02-11T00:00:00+00:00 [running]> on host 3d6faed2cc37
[2026-02-12T12:35:44.770+0000] {taskinstance.py:2648} INFO - Exporting env vars: AIRFLOW_CTX_DAG_OWNER='***' AIRFLOW_CTX_DAG_ID='product_price_pipeline' AIRFLOW_CTX_TASK_ID='load_laptops' AIRFLOW_CTX_EXECUTION_DATE='2026-02-11T00:00:00+00:00' AIRFLOW_CTX_TRY_NUMBER='1' AIRFLOW_CTX_DAG_RUN_ID='scheduled__2026-02-11T00:00:00+00:00'
[2026-02-12T12:35:44.775+0000] {taskinstance.py:430} INFO - ::endgroup::
[2026-02-12T12:35:44.839+0000] {subprocess.py:63} INFO - Tmp dir root location: /tmp
[2026-02-12T12:35:44.856+0000] {subprocess.py:75} INFO - Running command: ['/usr/bin/bash', '-c', 'python /opt/***/dags/scripts/loaders/load_laptops.py']
[2026-02-12T12:35:44.898+0000] {subprocess.py:86} INFO - Output:
[2026-02-12T12:35:56.999+0000] {subprocess.py:93} INFO - 🚀 Loading LAPTOPS data
[2026-02-12T12:35:57.023+0000] {subprocess.py:93} INFO - Traceback (most recent call last):
[2026-02-12T12:35:57.025+0000] {subprocess.py:93} INFO -   File "/opt/***/dags/scripts/loaders/load_laptops.py", line 17, in <module>
[2026-02-12T12:35:57.031+0000] {subprocess.py:93} INFO -     df = pd.read_csv(csv_files[-1])
[2026-02-12T12:35:57.034+0000] {subprocess.py:93} INFO -          ^^^^^^^^^^^^^^^^^^^^^^^^^^
[2026-02-12T12:35:57.037+0000] {subprocess.py:93} INFO -   File "/home/***/.local/lib/python3.12/site-packages/pandas/io/parsers/readers.py", line 948, in read_csv
[2026-02-12T12:35:57.041+0000] {subprocess.py:93} INFO -     return _read(filepath_or_buffer, kwds)
[2026-02-12T12:35:57.043+0000] {subprocess.py:93} INFO -            ^^^^^^^^^^^^^^^^^^^^^^^^^^^^^^^
[2026-02-12T12:35:57.046+0000] {subprocess.py:93} INFO -   File "/home/***/.local/lib/python3.12/site-packages/pandas/io/parsers/readers.py", line 617, in _read
[2026-02-12T12:35:57.048+0000] {subprocess.py:93} INFO -     return parser.read(nrows)
[2026-02-12T12:35:57.054+0000] {subprocess.py:93} INFO -            ^^^^^^^^^^^^^^^^^^
[2026-02-12T12:35:57.056+0000] {subprocess.py:93} INFO -   File "/home/***/.local/lib/python3.12/site-packages/pandas/io/parsers/readers.py", line 1748, in read
[2026-02-12T12:35:57.058+0000] {subprocess.py:93} INFO -     ) = self._engine.read(  # type: ignore[attr-defined]
[2026-02-12T12:35:57.062+0000] {subprocess.py:93} INFO -         ^^^^^^^^^^^^^^^^^^^^^^^^^^^^^^^^^^^^^^^^^^^^^^^^
[2026-02-12T12:35:57.065+0000] {subprocess.py:93} INFO -   File "/home/***/.local/lib/python3.12/site-packages/pandas/io/parsers/c_parser_wrapper.py", line 234, in read
[2026-02-12T12:35:57.067+0000] {subprocess.py:93} INFO -     chunks = self._reader.read_low_memory(nrows)
[2026-02-12T12:35:57.069+0000] {subprocess.py:93} INFO -              ^^^^^^^^^^^^^^^^^^^^^^^^^^^^^^^^^^^
[2026-02-12T12:35:57.072+0000] {subprocess.py:93} INFO -   File "parsers.pyx", line 843, in pandas._libs.parsers.TextReader.read_low_memory
[2026-02-12T12:35:57.073+0000] {subprocess.py:93} INFO -   File "parsers.pyx", line 904, in pandas._libs.parsers.TextReader._read_rows
[2026-02-12T12:35:57.075+0000] {subprocess.py:93} INFO -   File "parsers.pyx", line 879, in pandas._libs.parsers.TextReader._tokenize_rows
[2026-02-12T12:35:57.077+0000] {subprocess.py:93} INFO -   File "parsers.pyx", line 890, in pandas._libs.parsers.TextReader._check_tokenize_status
[2026-02-12T12:35:57.080+0000] {subprocess.py:93} INFO -   File "parsers.pyx", line 2058, in pandas._libs.parsers.raise_parser_error
[2026-02-12T12:35:57.082+0000] {subprocess.py:93} INFO - pandas.errors.ParserError: Error tokenizing data. C error: Expected 18 fields in line 42, saw 35
[2026-02-12T12:35:57.083+0000] {subprocess.py:93} INFO - 
[2026-02-12T12:35:57.555+0000] {subprocess.py:97} INFO - Command exited with return code 1
[2026-02-12T12:35:57.573+0000] {taskinstance.py:441} INFO - ::group::Post task execution logs
[2026-02-12T12:35:57.725+0000] {taskinstance.py:2905} ERROR - Task failed with exception
Traceback (most recent call last):
  File "/home/airflow/.local/lib/python3.12/site-packages/airflow/models/taskinstance.py", line 465, in _execute_task
    result = _execute_callable(context=context, **execute_callable_kwargs)
             ^^^^^^^^^^^^^^^^^^^^^^^^^^^^^^^^^^^^^^^^^^^^^^^^^^^^^^^^^^^^^
  File "/home/airflow/.local/lib/python3.12/site-packages/airflow/models/taskinstance.py", line 432, in _execute_callable
    return execute_callable(context=context, **execute_callable_kwargs)
           ^^^^^^^^^^^^^^^^^^^^^^^^^^^^^^^^^^^^^^^^^^^^^^^^^^^^^^^^^^^^
  File "/home/airflow/.local/lib/python3.12/site-packages/airflow/models/baseoperator.py", line 401, in wrapper
    return func(self, *args, **kwargs)
           ^^^^^^^^^^^^^^^^^^^^^^^^^^^
  File "/home/airflow/.local/lib/python3.12/site-packages/airflow/operators/bash.py", line 243, in execute
    raise AirflowException(
airflow.exceptions.AirflowException: Bash command failed. The command returned a non-zero exit code 1.
[2026-02-12T12:35:57.767+0000] {taskinstance.py:1206} INFO - Marking task as UP_FOR_RETRY. dag_id=product_price_pipeline, task_id=load_laptops, run_id=scheduled__2026-02-11T00:00:00+00:00, execution_date=20260211T000000, start_date=20260212T123543, end_date=20260212T123557
[2026-02-12T12:35:57.877+0000] {standard_task_runner.py:110} ERROR - Failed to execute job 22 for task load_laptops (Bash command failed. The command returned a non-zero exit code 1.; 1947)
[2026-02-12T12:35:57.944+0000] {local_task_job_runner.py:243} INFO - Task exited with return code 1
[2026-02-12T12:35:57.988+0000] {local_task_job_runner.py:222} INFO - ::endgroup::
