[2026-02-11T05:19:34.715+0000] {local_task_job_runner.py:120} INFO - ::group::Pre task execution logs
[2026-02-11T05:19:34.890+0000] {taskinstance.py:2076} INFO - Dependencies all met for dep_context=non-requeueable deps ti=<TaskInstance: product_price_pipeline.clean_data manual__2026-02-11T05:17:33.174575+00:00 [queued]>
[2026-02-11T05:19:34.931+0000] {taskinstance.py:2076} INFO - Dependencies all met for dep_context=requeueable deps ti=<TaskInstance: product_price_pipeline.clean_data manual__2026-02-11T05:17:33.174575+00:00 [queued]>
[2026-02-11T05:19:34.936+0000] {taskinstance.py:2306} INFO - Starting attempt 1 of 2
[2026-02-11T05:19:34.989+0000] {taskinstance.py:2330} INFO - Executing <Task(BashOperator): clean_data> on 2026-02-11 05:17:33.174575+00:00
[2026-02-11T05:19:35.033+0000] {logging_mixin.py:188} WARNING - /home/***/.local/lib/python3.12/site-packages/***/task/task_runner/standard_task_runner.py:62 DeprecationWarning: This process (pid=272) is multi-threaded, use of fork() may lead to deadlocks in the child.
[2026-02-11T05:19:35.021+0000] {standard_task_runner.py:90} INFO - Running: ['***', 'tasks', 'run', 'product_price_pipeline', 'clean_data', 'manual__2026-02-11T05:17:33.174575+00:00', '--job-id', '110', '--raw', '--subdir', 'DAGS_FOLDER/product_pipeline_dag.py', '--cfg-path', '/tmp/tmp18zfbf3d']
[2026-02-11T05:19:35.036+0000] {standard_task_runner.py:64} INFO - Started process 273 to run task
[2026-02-11T05:19:35.038+0000] {standard_task_runner.py:91} INFO - Job 110: Subtask clean_data
[2026-02-11T05:19:35.240+0000] {task_command.py:426} INFO - Running <TaskInstance: product_price_pipeline.clean_data manual__2026-02-11T05:17:33.174575+00:00 [running]> on host 2ca850880e97
[2026-02-11T05:19:35.386+0000] {taskinstance.py:2648} INFO - Exporting env vars: AIRFLOW_CTX_DAG_OWNER='***' AIRFLOW_CTX_DAG_ID='product_price_pipeline' AIRFLOW_CTX_TASK_ID='clean_data' AIRFLOW_CTX_EXECUTION_DATE='2026-02-11T05:17:33.174575+00:00' AIRFLOW_CTX_TRY_NUMBER='1' AIRFLOW_CTX_DAG_RUN_ID='manual__2026-02-11T05:17:33.174575+00:00'
[2026-02-11T05:19:35.389+0000] {taskinstance.py:430} INFO - ::endgroup::
[2026-02-11T05:19:35.413+0000] {subprocess.py:63} INFO - Tmp dir root location: /tmp
[2026-02-11T05:19:35.418+0000] {subprocess.py:75} INFO - Running command: ['/usr/bin/bash', '-c', 'python /opt/***/dags/scripts/clean.py']
[2026-02-11T05:19:35.430+0000] {subprocess.py:86} INFO - Output:
[2026-02-11T05:19:35.906+0000] {subprocess.py:93} INFO - python: can't open file '/tmp/***tmpm5w7fh5a/scripts/cleaning/clean_mobiles.py': [Errno 2] No such file or directory
[2026-02-11T05:19:35.992+0000] {subprocess.py:93} INFO - python: can't open file '/tmp/***tmpm5w7fh5a/scripts/cleaning/clean_laptops.py': [Errno 2] No such file or directory
[2026-02-11T05:19:36.077+0000] {subprocess.py:93} INFO - python: can't open file '/tmp/***tmpm5w7fh5a/scripts/cleaning/clean_refrigerators.py': [Errno 2] No such file or directory
[2026-02-11T05:19:36.178+0000] {subprocess.py:93} INFO - python: can't open file '/tmp/***tmpm5w7fh5a/scripts/cleaning/clean_tvs.py': [Errno 2] No such file or directory
[2026-02-11T05:19:36.265+0000] {subprocess.py:93} INFO - python: can't open file '/tmp/***tmpm5w7fh5a/scripts/cleaning/create_main_table.py': [Errno 2] No such file or directory
[2026-02-11T05:19:36.271+0000] {subprocess.py:93} INFO - Starting cleaning stage...
[2026-02-11T05:19:36.272+0000] {subprocess.py:93} INFO - Cleaning stage completed.
[2026-02-11T05:19:36.278+0000] {subprocess.py:97} INFO - Command exited with return code 0
[2026-02-11T05:19:36.280+0000] {taskinstance.py:441} INFO - ::group::Post task execution logs
[2026-02-11T05:19:36.313+0000] {taskinstance.py:1206} INFO - Marking task as SUCCESS. dag_id=product_price_pipeline, task_id=clean_data, run_id=manual__2026-02-11T05:17:33.174575+00:00, execution_date=20260211T051733, start_date=20260211T051934, end_date=20260211T051936
[2026-02-11T05:19:36.359+0000] {local_task_job_runner.py:243} INFO - Task exited with return code 0
[2026-02-11T05:19:36.395+0000] {taskinstance.py:3503} INFO - 1 downstream tasks scheduled from follow-on schedule check
[2026-02-11T05:19:36.400+0000] {local_task_job_runner.py:222} INFO - ::endgroup::
