[2026-02-07T06:41:56.846+0000] {local_task_job_runner.py:120} INFO - ::group::Pre task execution logs
[2026-02-07T06:41:57.455+0000] {taskinstance.py:2076} INFO - Dependencies all met for dep_context=non-requeueable deps ti=<TaskInstance: product_price_pipeline.clean_data manual__2026-02-07T06:35:15.079882+00:00 [queued]>
[2026-02-07T06:41:57.505+0000] {taskinstance.py:2076} INFO - Dependencies all met for dep_context=requeueable deps ti=<TaskInstance: product_price_pipeline.clean_data manual__2026-02-07T06:35:15.079882+00:00 [queued]>
[2026-02-07T06:41:57.508+0000] {taskinstance.py:2306} INFO - Starting attempt 1 of 2
[2026-02-07T06:41:57.585+0000] {taskinstance.py:2330} INFO - Executing <Task(BashOperator): clean_data> on 2026-02-07 06:35:15.079882+00:00
[2026-02-07T06:41:57.611+0000] {standard_task_runner.py:90} INFO - Running: ['***', 'tasks', 'run', 'product_price_pipeline', 'clean_data', 'manual__2026-02-07T06:35:15.079882+00:00', '--job-id', '77', '--raw', '--subdir', 'DAGS_FOLDER/product_pipeline_dag.py', '--cfg-path', '/tmp/tmpkuilh7gi']
[2026-02-07T06:41:57.619+0000] {standard_task_runner.py:91} INFO - Job 77: Subtask clean_data
[2026-02-07T06:41:57.623+0000] {logging_mixin.py:188} WARNING - /home/***/.local/lib/python3.12/site-packages/***/task/task_runner/standard_task_runner.py:62 DeprecationWarning: This process (pid=458) is multi-threaded, use of fork() may lead to deadlocks in the child.
[2026-02-07T06:41:57.627+0000] {standard_task_runner.py:64} INFO - Started process 459 to run task
[2026-02-07T06:41:57.905+0000] {task_command.py:426} INFO - Running <TaskInstance: product_price_pipeline.clean_data manual__2026-02-07T06:35:15.079882+00:00 [running]> on host 19af76d7baae
[2026-02-07T06:41:58.263+0000] {taskinstance.py:2648} INFO - Exporting env vars: AIRFLOW_CTX_DAG_OWNER='***' AIRFLOW_CTX_DAG_ID='product_price_pipeline' AIRFLOW_CTX_TASK_ID='clean_data' AIRFLOW_CTX_EXECUTION_DATE='2026-02-07T06:35:15.079882+00:00' AIRFLOW_CTX_TRY_NUMBER='1' AIRFLOW_CTX_DAG_RUN_ID='manual__2026-02-07T06:35:15.079882+00:00'
[2026-02-07T06:41:58.269+0000] {taskinstance.py:430} INFO - ::endgroup::
[2026-02-07T06:41:58.495+0000] {subprocess.py:63} INFO - Tmp dir root location: /tmp
[2026-02-07T06:41:58.505+0000] {subprocess.py:75} INFO - Running command: ['/usr/bin/bash', '-c', 'python /opt/***/dags/scripts/clean.py']
[2026-02-07T06:41:58.566+0000] {subprocess.py:86} INFO - Output:
[2026-02-07T06:42:00.106+0000] {subprocess.py:93} INFO - python: can't open file '/tmp/***tmp51vx0xk2/scripts/cleaning/clean_mobiles.py': [Errno 2] No such file or directory
[2026-02-07T06:42:00.326+0000] {subprocess.py:93} INFO - python: can't open file '/tmp/***tmp51vx0xk2/scripts/cleaning/clean_laptops.py': [Errno 2] No such file or directory
[2026-02-07T06:42:00.554+0000] {subprocess.py:93} INFO - python: can't open file '/tmp/***tmp51vx0xk2/scripts/cleaning/clean_refrigerators.py': [Errno 2] No such file or directory
[2026-02-07T06:42:00.723+0000] {subprocess.py:93} INFO - python: can't open file '/tmp/***tmp51vx0xk2/scripts/cleaning/clean_tvs.py': [Errno 2] No such file or directory
[2026-02-07T06:42:00.927+0000] {subprocess.py:93} INFO - python: can't open file '/tmp/***tmp51vx0xk2/scripts/cleaning/create_main_table.py': [Errno 2] No such file or directory
[2026-02-07T06:42:00.944+0000] {subprocess.py:93} INFO - Starting cleaning stage...
[2026-02-07T06:42:00.947+0000] {subprocess.py:93} INFO - Cleaning stage completed.
[2026-02-07T06:42:00.966+0000] {subprocess.py:97} INFO - Command exited with return code 0
[2026-02-07T06:42:00.978+0000] {taskinstance.py:441} INFO - ::group::Post task execution logs
[2026-02-07T06:42:01.108+0000] {taskinstance.py:1206} INFO - Marking task as SUCCESS. dag_id=product_price_pipeline, task_id=clean_data, run_id=manual__2026-02-07T06:35:15.079882+00:00, execution_date=20260207T063515, start_date=20260207T064157, end_date=20260207T064201
[2026-02-07T06:42:01.206+0000] {local_task_job_runner.py:243} INFO - Task exited with return code 0
[2026-02-07T06:42:01.303+0000] {taskinstance.py:3503} INFO - 1 downstream tasks scheduled from follow-on schedule check
[2026-02-07T06:42:01.310+0000] {local_task_job_runner.py:222} INFO - ::endgroup::
