[2026-02-13T13:33:46.348+0000] {local_task_job_runner.py:120} INFO - ::group::Pre task execution logs
[2026-02-13T13:33:46.394+0000] {taskinstance.py:2076} INFO - Dependencies all met for dep_context=non-requeueable deps ti=<TaskInstance: product_price_pipeline.load_price_history manual__2026-02-13T13:33:33.951442+00:00 [queued]>
[2026-02-13T13:33:46.413+0000] {taskinstance.py:2076} INFO - Dependencies all met for dep_context=requeueable deps ti=<TaskInstance: product_price_pipeline.load_price_history manual__2026-02-13T13:33:33.951442+00:00 [queued]>
[2026-02-13T13:33:46.424+0000] {taskinstance.py:2306} INFO - Starting attempt 1 of 2
[2026-02-13T13:33:46.463+0000] {taskinstance.py:2330} INFO - Executing <Task(BashOperator): load_price_history> on 2026-02-13 13:33:33.951442+00:00
[2026-02-13T13:33:46.476+0000] {standard_task_runner.py:90} INFO - Running: ['***', 'tasks', 'run', 'product_price_pipeline', 'load_price_history', 'manual__2026-02-13T13:33:33.951442+00:00', '--job-id', '126', '--raw', '--subdir', 'DAGS_FOLDER/product_pipeline_dag.py', '--cfg-path', '/tmp/tmp_h1xs8ux']
[2026-02-13T13:33:46.480+0000] {logging_mixin.py:188} WARNING - /home/***/.local/lib/python3.12/site-packages/***/task/task_runner/standard_task_runner.py:62 DeprecationWarning: This process (pid=488) is multi-threaded, use of fork() may lead to deadlocks in the child.
[2026-02-13T13:33:46.481+0000] {standard_task_runner.py:91} INFO - Job 126: Subtask load_price_history
[2026-02-13T13:33:46.482+0000] {standard_task_runner.py:64} INFO - Started process 489 to run task
[2026-02-13T13:33:46.641+0000] {task_command.py:426} INFO - Running <TaskInstance: product_price_pipeline.load_price_history manual__2026-02-13T13:33:33.951442+00:00 [running]> on host c65c0f674c92
[2026-02-13T13:33:46.845+0000] {taskinstance.py:2648} INFO - Exporting env vars: AIRFLOW_CTX_DAG_OWNER='***' AIRFLOW_CTX_DAG_ID='product_price_pipeline' AIRFLOW_CTX_TASK_ID='load_price_history' AIRFLOW_CTX_EXECUTION_DATE='2026-02-13T13:33:33.951442+00:00' AIRFLOW_CTX_TRY_NUMBER='1' AIRFLOW_CTX_DAG_RUN_ID='manual__2026-02-13T13:33:33.951442+00:00'
[2026-02-13T13:33:46.846+0000] {taskinstance.py:430} INFO - ::endgroup::
[2026-02-13T13:33:46.862+0000] {subprocess.py:63} INFO - Tmp dir root location: /tmp
[2026-02-13T13:33:46.875+0000] {subprocess.py:75} INFO - Running command: ['/usr/bin/bash', '-c', 'python /opt/***/dags/scripts/loaders/load_price_history.py']
[2026-02-13T13:33:46.893+0000] {subprocess.py:86} INFO - Output:
[2026-02-13T13:33:47.429+0000] {subprocess.py:93} INFO - 🚀 Loading PRICE_HISTORY table (APPEND MODE)
[2026-02-13T13:33:47.431+0000] {subprocess.py:93} INFO - ✅ price_history updated successfully
[2026-02-13T13:33:47.447+0000] {subprocess.py:97} INFO - Command exited with return code 0
[2026-02-13T13:33:47.450+0000] {taskinstance.py:441} INFO - ::group::Post task execution logs
[2026-02-13T13:33:47.512+0000] {taskinstance.py:1206} INFO - Marking task as SUCCESS. dag_id=product_price_pipeline, task_id=load_price_history, run_id=manual__2026-02-13T13:33:33.951442+00:00, execution_date=20260213T133333, start_date=20260213T133346, end_date=20260213T133347
[2026-02-13T13:33:47.586+0000] {local_task_job_runner.py:243} INFO - Task exited with return code 0
[2026-02-13T13:33:47.628+0000] {taskinstance.py:3503} INFO - 0 downstream tasks scheduled from follow-on schedule check
[2026-02-13T13:33:47.635+0000] {local_task_job_runner.py:222} INFO - ::endgroup::
