[2026-02-07T05:10:26.182+0000] {local_task_job_runner.py:120} INFO - ::group::Pre task execution logs
[2026-02-07T05:10:26.328+0000] {taskinstance.py:2076} INFO - Dependencies all met for dep_context=non-requeueable deps ti=<TaskInstance: product_price_pipeline.scrape_data manual__2026-02-07T05:10:23.387533+00:00 [queued]>
[2026-02-07T05:10:26.367+0000] {taskinstance.py:2076} INFO - Dependencies all met for dep_context=requeueable deps ti=<TaskInstance: product_price_pipeline.scrape_data manual__2026-02-07T05:10:23.387533+00:00 [queued]>
[2026-02-07T05:10:26.369+0000] {taskinstance.py:2306} INFO - Starting attempt 1 of 2
[2026-02-07T05:10:26.410+0000] {taskinstance.py:2330} INFO - Executing <Task(BashOperator): scrape_data> on 2026-02-07 05:10:23.387533+00:00
[2026-02-07T05:10:26.497+0000] {standard_task_runner.py:90} INFO - Running: ['***', 'tasks', 'run', 'product_price_pipeline', 'scrape_data', 'manual__2026-02-07T05:10:23.387533+00:00', '--job-id', '45', '--raw', '--subdir', 'DAGS_FOLDER/product_pipeline_dag.py', '--cfg-path', '/tmp/tmpwo2qhjcz']
[2026-02-07T05:10:26.548+0000] {standard_task_runner.py:91} INFO - Job 45: Subtask scrape_data
[2026-02-07T05:10:26.557+0000] {logging_mixin.py:188} WARNING - /home/***/.local/lib/python3.12/site-packages/***/task/task_runner/standard_task_runner.py:62 DeprecationWarning: This process (pid=486) is multi-threaded, use of fork() may lead to deadlocks in the child.
[2026-02-07T05:10:26.560+0000] {standard_task_runner.py:64} INFO - Started process 487 to run task
[2026-02-07T05:10:26.980+0000] {task_command.py:426} INFO - Running <TaskInstance: product_price_pipeline.scrape_data manual__2026-02-07T05:10:23.387533+00:00 [running]> on host 98d950a68588
[2026-02-07T05:10:27.314+0000] {taskinstance.py:2648} INFO - Exporting env vars: AIRFLOW_CTX_DAG_OWNER='***' AIRFLOW_CTX_DAG_ID='product_price_pipeline' AIRFLOW_CTX_TASK_ID='scrape_data' AIRFLOW_CTX_EXECUTION_DATE='2026-02-07T05:10:23.387533+00:00' AIRFLOW_CTX_TRY_NUMBER='1' AIRFLOW_CTX_DAG_RUN_ID='manual__2026-02-07T05:10:23.387533+00:00'
[2026-02-07T05:10:27.316+0000] {taskinstance.py:430} INFO - ::endgroup::
[2026-02-07T05:10:27.375+0000] {subprocess.py:63} INFO - Tmp dir root location: /tmp
[2026-02-07T05:10:27.377+0000] {subprocess.py:75} INFO - Running command: ['/usr/bin/bash', '-c', 'python /opt/***/dags/all_data.py']
[2026-02-07T05:10:27.400+0000] {subprocess.py:86} INFO - Output:
[2026-02-07T05:10:28.815+0000] {subprocess.py:93} INFO - 2026-02-07 05:10:28,814 | INFO | ===== SCRAPING STARTED =====
[2026-02-07T05:10:28.816+0000] {subprocess.py:93} INFO - 2026-02-07 05:10:28,814 | INFO | Starting scrape for category: mobiles
[2026-02-07T05:10:29.355+0000] {subprocess.py:93} INFO - 2026-02-07 05:10:29,354 | INFO | mobiles: Page 1/25
[2026-02-07T05:10:30.514+0000] {subprocess.py:93} INFO - 2026-02-07 05:10:30,514 | INFO | mobiles: Page 2/25
[2026-02-07T05:10:31.002+0000] {subprocess.py:93} INFO - 2026-02-07 05:10:31,001 | INFO | mobiles: Page 3/25
[2026-02-07T05:10:31.572+0000] {subprocess.py:93} INFO - 2026-02-07 05:10:31,571 | INFO | mobiles: Page 4/25
[2026-02-07T05:10:32.044+0000] {subprocess.py:93} INFO - 2026-02-07 05:10:32,044 | INFO | mobiles: Page 5/25
[2026-02-07T05:10:32.549+0000] {subprocess.py:93} INFO - 2026-02-07 05:10:32,549 | INFO | mobiles: Page 6/25
[2026-02-07T05:10:32.993+0000] {subprocess.py:93} INFO - 2026-02-07 05:10:32,993 | INFO | mobiles: Page 7/25
[2026-02-07T05:10:33.457+0000] {subprocess.py:93} INFO - 2026-02-07 05:10:33,456 | INFO | mobiles: Page 8/25
[2026-02-07T05:10:33.984+0000] {subprocess.py:93} INFO - 2026-02-07 05:10:33,983 | INFO | mobiles: Page 9/25
[2026-02-07T05:10:34.537+0000] {subprocess.py:93} INFO - 2026-02-07 05:10:34,536 | INFO | mobiles: Page 10/25
[2026-02-07T05:10:35.150+0000] {subprocess.py:93} INFO - 2026-02-07 05:10:35,150 | INFO | mobiles: Page 11/25
[2026-02-07T05:10:35.749+0000] {subprocess.py:93} INFO - 2026-02-07 05:10:35,748 | INFO | mobiles: Page 12/25
[2026-02-07T05:10:36.383+0000] {subprocess.py:93} INFO - 2026-02-07 05:10:36,383 | INFO | mobiles: Page 13/25
[2026-02-07T05:10:36.976+0000] {subprocess.py:93} INFO - 2026-02-07 05:10:36,975 | INFO | mobiles: Page 14/25
[2026-02-07T05:10:37.677+0000] {subprocess.py:93} INFO - 2026-02-07 05:10:37,676 | INFO | mobiles: Page 15/25
[2026-02-07T05:10:38.290+0000] {subprocess.py:93} INFO - 2026-02-07 05:10:38,290 | INFO | mobiles: Page 16/25
[2026-02-07T05:10:39.244+0000] {subprocess.py:93} INFO - 2026-02-07 05:10:39,244 | INFO | mobiles: Page 17/25
[2026-02-07T05:10:39.924+0000] {subprocess.py:93} INFO - 2026-02-07 05:10:39,923 | INFO | mobiles: Page 18/25
[2026-02-07T05:10:40.527+0000] {subprocess.py:93} INFO - 2026-02-07 05:10:40,526 | INFO | mobiles: Page 19/25
[2026-02-07T05:10:41.198+0000] {subprocess.py:93} INFO - 2026-02-07 05:10:41,198 | INFO | mobiles: Page 20/25
[2026-02-07T05:10:41.809+0000] {subprocess.py:93} INFO - 2026-02-07 05:10:41,808 | INFO | mobiles: Page 21/25
[2026-02-07T05:10:42.415+0000] {subprocess.py:93} INFO - 2026-02-07 05:10:42,415 | INFO | mobiles: Page 22/25
[2026-02-07T05:10:43.044+0000] {subprocess.py:93} INFO - 2026-02-07 05:10:43,043 | INFO | mobiles: Page 23/25
[2026-02-07T05:10:43.635+0000] {subprocess.py:93} INFO - 2026-02-07 05:10:43,634 | INFO | mobiles: Page 24/25
[2026-02-07T05:10:44.239+0000] {subprocess.py:93} INFO - 2026-02-07 05:10:44,238 | INFO | mobiles: Page 25/25
[2026-02-07T05:10:44.815+0000] {subprocess.py:93} INFO - 2026-02-07 05:10:44,815 | INFO | mobiles: Fetching reviews
[2026-02-07T05:10:57.528+0000] {subprocess.py:93} INFO - 2026-02-07 05:10:57,528 | INFO | mobiles: Saved 750 rows to /opt/***/dags/data/raw/mobiles/mobiles_2026-02-07.csv
[2026-02-07T05:10:57.531+0000] {subprocess.py:93} INFO - 2026-02-07 05:10:57,529 | INFO | Starting scrape for category: laptops
[2026-02-07T05:10:57.822+0000] {subprocess.py:93} INFO - 2026-02-07 05:10:57,822 | INFO | laptops: Page 1/14
[2026-02-07T05:10:58.271+0000] {subprocess.py:93} INFO - 2026-02-07 05:10:58,270 | INFO | laptops: Page 2/14
[2026-02-07T05:10:58.865+0000] {subprocess.py:93} INFO - 2026-02-07 05:10:58,864 | INFO | laptops: Page 3/14
[2026-02-07T05:10:59.483+0000] {subprocess.py:93} INFO - 2026-02-07 05:10:59,483 | INFO | laptops: Page 4/14
[2026-02-07T05:11:00.089+0000] {subprocess.py:93} INFO - 2026-02-07 05:11:00,088 | INFO | laptops: Page 5/14
[2026-02-07T05:11:00.693+0000] {subprocess.py:93} INFO - 2026-02-07 05:11:00,693 | INFO | laptops: Page 6/14
[2026-02-07T05:11:01.316+0000] {subprocess.py:93} INFO - 2026-02-07 05:11:01,316 | INFO | laptops: Page 7/14
[2026-02-07T05:11:01.913+0000] {subprocess.py:93} INFO - 2026-02-07 05:11:01,912 | INFO | laptops: Page 8/14
[2026-02-07T05:11:02.569+0000] {subprocess.py:93} INFO - 2026-02-07 05:11:02,569 | INFO | laptops: Page 9/14
[2026-02-07T05:11:03.356+0000] {subprocess.py:93} INFO - 2026-02-07 05:11:03,356 | INFO | laptops: Page 10/14
[2026-02-07T05:11:04.126+0000] {subprocess.py:93} INFO - 2026-02-07 05:11:04,125 | INFO | laptops: Page 11/14
[2026-02-07T05:11:04.885+0000] {subprocess.py:93} INFO - 2026-02-07 05:11:04,884 | INFO | laptops: Page 12/14
[2026-02-07T05:11:05.551+0000] {subprocess.py:93} INFO - 2026-02-07 05:11:05,550 | INFO | laptops: Page 13/14
[2026-02-07T05:11:06.165+0000] {subprocess.py:93} INFO - 2026-02-07 05:11:06,164 | INFO | laptops: Page 14/14
[2026-02-07T05:11:06.786+0000] {subprocess.py:93} INFO - 2026-02-07 05:11:06,785 | INFO | laptops: Fetching reviews
[2026-02-07T05:11:12.977+0000] {subprocess.py:93} INFO - 2026-02-07 05:11:12,977 | INFO | laptops: Saved 420 rows to /opt/***/dags/data/raw/laptops/laptops_2026-02-07.csv
[2026-02-07T05:11:12.978+0000] {subprocess.py:93} INFO - 2026-02-07 05:11:12,978 | INFO | Starting scrape for category: television
[2026-02-07T05:11:13.141+0000] {subprocess.py:93} INFO - 2026-02-07 05:11:13,141 | INFO | television: Page 1/7
[2026-02-07T05:11:13.651+0000] {subprocess.py:93} INFO - 2026-02-07 05:11:13,651 | INFO | television: Page 2/7
[2026-02-07T05:11:14.277+0000] {subprocess.py:93} INFO - 2026-02-07 05:11:14,276 | INFO | television: Page 3/7
[2026-02-07T05:11:14.883+0000] {subprocess.py:93} INFO - 2026-02-07 05:11:14,883 | INFO | television: Page 4/7
[2026-02-07T05:11:15.467+0000] {subprocess.py:93} INFO - 2026-02-07 05:11:15,467 | INFO | television: Page 5/7
[2026-02-07T05:11:16.090+0000] {subprocess.py:93} INFO - 2026-02-07 05:11:16,089 | INFO | television: Page 6/7
[2026-02-07T05:11:16.756+0000] {subprocess.py:93} INFO - 2026-02-07 05:11:16,755 | INFO | television: Page 7/7
[2026-02-07T05:11:17.450+0000] {subprocess.py:93} INFO - 2026-02-07 05:11:17,449 | INFO | television: Fetching reviews
[2026-02-07T05:11:20.557+0000] {subprocess.py:93} INFO - 2026-02-07 05:11:20,556 | INFO | television: Saved 210 rows to /opt/***/dags/data/raw/tvs/television_2026-02-07.csv
[2026-02-07T05:11:20.559+0000] {subprocess.py:93} INFO - 2026-02-07 05:11:20,557 | INFO | Starting scrape for category: refrigerator
[2026-02-07T05:11:20.802+0000] {subprocess.py:93} INFO - 2026-02-07 05:11:20,802 | INFO | refrigerator: Page 1/6
[2026-02-07T05:11:22.605+0000] {subprocess.py:93} INFO - 2026-02-07 05:11:22,604 | INFO | refrigerator: Page 2/6
[2026-02-07T05:11:23.252+0000] {subprocess.py:93} INFO - 2026-02-07 05:11:23,251 | INFO | refrigerator: Page 3/6
[2026-02-07T05:11:23.837+0000] {subprocess.py:93} INFO - 2026-02-07 05:11:23,836 | INFO | refrigerator: Page 4/6
[2026-02-07T05:11:24.444+0000] {subprocess.py:93} INFO - 2026-02-07 05:11:24,443 | INFO | refrigerator: Page 5/6
[2026-02-07T05:11:25.067+0000] {subprocess.py:93} INFO - 2026-02-07 05:11:25,067 | INFO | refrigerator: Page 6/6
[2026-02-07T05:11:25.647+0000] {subprocess.py:93} INFO - 2026-02-07 05:11:25,647 | INFO | refrigerator: Fetching reviews
[2026-02-07T05:11:28.263+0000] {subprocess.py:93} INFO - 2026-02-07 05:11:28,263 | INFO | refrigerator: Saved 180 rows to /opt/***/dags/data/raw/refrigerators/refrigerator_2026-02-07.csv
[2026-02-07T05:11:28.265+0000] {subprocess.py:93} INFO - 2026-02-07 05:11:28,264 | INFO | ===== SCRAPING FINISHED =====
[2026-02-07T05:11:28.322+0000] {subprocess.py:97} INFO - Command exited with return code 0
[2026-02-07T05:11:28.333+0000] {taskinstance.py:441} INFO - ::group::Post task execution logs
[2026-02-07T05:11:28.401+0000] {taskinstance.py:1206} INFO - Marking task as SUCCESS. dag_id=product_price_pipeline, task_id=scrape_data, run_id=manual__2026-02-07T05:10:23.387533+00:00, execution_date=20260207T051023, start_date=20260207T051026, end_date=20260207T051128
[2026-02-07T05:11:28.475+0000] {local_task_job_runner.py:243} INFO - Task exited with return code 0
[2026-02-07T05:11:28.555+0000] {taskinstance.py:3503} INFO - 1 downstream tasks scheduled from follow-on schedule check
[2026-02-07T05:11:28.558+0000] {local_task_job_runner.py:222} INFO - ::endgroup::
