[2026-02-16T03:52:23.135+0000] {local_task_job_runner.py:120} INFO - ::group::Pre task execution logs
[2026-02-16T03:52:23.764+0000] {taskinstance.py:2076} INFO - Dependencies all met for dep_context=non-requeueable deps ti=<TaskInstance: product_price_pipeline.load_tvs scheduled__2026-02-15T00:00:00+00:00 [queued]>
[2026-02-16T03:52:23.856+0000] {taskinstance.py:2076} INFO - Dependencies all met for dep_context=requeueable deps ti=<TaskInstance: product_price_pipeline.load_tvs scheduled__2026-02-15T00:00:00+00:00 [queued]>
[2026-02-16T03:52:23.860+0000] {taskinstance.py:2306} INFO - Starting attempt 1 of 2
[2026-02-16T03:52:24.357+0000] {taskinstance.py:2330} INFO - Executing <Task(BashOperator): load_tvs> on 2026-02-15 00:00:00+00:00
[2026-02-16T03:52:24.803+0000] {standard_task_runner.py:90} INFO - Running: ['***', 'tasks', 'run', 'product_price_pipeline', 'load_tvs', 'scheduled__2026-02-15T00:00:00+00:00', '--job-id', '162', '--raw', '--subdir', 'DAGS_FOLDER/product_pipeline_dag.py', '--cfg-path', '/tmp/tmpbxmtmpe8']
[2026-02-16T03:52:24.873+0000] {standard_task_runner.py:91} INFO - Job 162: Subtask load_tvs
[2026-02-16T03:52:24.893+0000] {logging_mixin.py:188} WARNING - /home/***/.local/lib/python3.12/site-packages/***/task/task_runner/standard_task_runner.py:62 DeprecationWarning: This process (pid=36090) is multi-threaded, use of fork() may lead to deadlocks in the child.
[2026-02-16T03:52:24.906+0000] {standard_task_runner.py:64} INFO - Started process 36098 to run task
[2026-02-16T03:52:26.327+0000] {task_command.py:426} INFO - Running <TaskInstance: product_price_pipeline.load_tvs scheduled__2026-02-15T00:00:00+00:00 [running]> on host c65c0f674c92
[2026-02-16T03:52:28.144+0000] {taskinstance.py:2648} INFO - Exporting env vars: AIRFLOW_CTX_DAG_OWNER='***' AIRFLOW_CTX_DAG_ID='product_price_pipeline' AIRFLOW_CTX_TASK_ID='load_tvs' AIRFLOW_CTX_EXECUTION_DATE='2026-02-15T00:00:00+00:00' AIRFLOW_CTX_TRY_NUMBER='1' AIRFLOW_CTX_DAG_RUN_ID='scheduled__2026-02-15T00:00:00+00:00'
[2026-02-16T03:52:28.169+0000] {taskinstance.py:430} INFO - ::endgroup::
[2026-02-16T03:52:28.566+0000] {subprocess.py:63} INFO - Tmp dir root location: /tmp
[2026-02-16T03:52:28.658+0000] {subprocess.py:75} INFO - Running command: ['/usr/bin/bash', '-c', 'python /opt/***/dags/scripts/loaders/load_tvs.py']
[2026-02-16T03:52:28.902+0000] {subprocess.py:86} INFO - Output:
[2026-02-16T03:52:48.285+0000] {subprocess.py:93} INFO - /opt/***/dags/scripts/loaders/load_tvs.py:35: RemovedIn20Warning: Deprecated API features detected! These feature(s) are not compatible with SQLAlchemy 2.0. To prevent incompatible upgrades prior to updating applications, ensure requirements files are pinned to "sqlalchemy<2.0". Set environment variable SQLALCHEMY_WARN_20=1 to show all deprecation warnings.  Set environment variable SQLALCHEMY_SILENCE_UBER_WARNING=1 to silence this message. (Background on SQLAlchemy 2.0 at: https://sqlalche.me/e/b8d9)
[2026-02-16T03:52:48.378+0000] {subprocess.py:93} INFO -   conn.execute("TRUNCATE TABLE televisions RESTART IDENTITY CASCADE")
[2026-02-16T03:52:49.376+0000] {subprocess.py:93} INFO - 🚀 Loading TELEVISIONS data
[2026-02-16T03:52:49.388+0000] {subprocess.py:93} INFO - ✅ Televisions table refreshed successfully
[2026-02-16T03:52:50.782+0000] {subprocess.py:97} INFO - Command exited with return code 0
[2026-02-16T03:52:50.872+0000] {taskinstance.py:441} INFO - ::group::Post task execution logs
[2026-02-16T03:52:51.679+0000] {taskinstance.py:1206} INFO - Marking task as SUCCESS. dag_id=product_price_pipeline, task_id=load_tvs, run_id=scheduled__2026-02-15T00:00:00+00:00, execution_date=20260215T000000, start_date=20260216T035223, end_date=20260216T035251
[2026-02-16T03:52:52.135+0000] {local_task_job_runner.py:243} INFO - Task exited with return code 0
[2026-02-16T03:52:52.286+0000] {local_task_job_runner.py:222} INFO - ::endgroup::
