[2026-02-13T03:52:05.932+0000] {local_task_job_runner.py:120} INFO - ::group::Pre task execution logs
[2026-02-13T03:52:06.615+0000] {taskinstance.py:2076} INFO - Dependencies all met for dep_context=non-requeueable deps ti=<TaskInstance: product_price_pipeline.load_refrigerators scheduled__2026-02-12T00:00:00+00:00 [queued]>
[2026-02-13T03:52:06.708+0000] {taskinstance.py:2076} INFO - Dependencies all met for dep_context=requeueable deps ti=<TaskInstance: product_price_pipeline.load_refrigerators scheduled__2026-02-12T00:00:00+00:00 [queued]>
[2026-02-13T03:52:06.711+0000] {taskinstance.py:2306} INFO - Starting attempt 1 of 2
[2026-02-13T03:52:06.849+0000] {taskinstance.py:2330} INFO - Executing <Task(BashOperator): load_refrigerators> on 2026-02-12 00:00:00+00:00
[2026-02-13T03:52:07.133+0000] {standard_task_runner.py:90} INFO - Running: ['***', 'tasks', 'run', 'product_price_pipeline', 'load_refrigerators', 'scheduled__2026-02-12T00:00:00+00:00', '--job-id', '101', '--raw', '--subdir', 'DAGS_FOLDER/product_pipeline_dag.py', '--cfg-path', '/tmp/tmpqmnr84u7']
[2026-02-13T03:52:07.183+0000] {logging_mixin.py:188} WARNING - /home/***/.local/lib/python3.12/site-packages/***/task/task_runner/standard_task_runner.py:62 DeprecationWarning: This process (pid=6021) is multi-threaded, use of fork() may lead to deadlocks in the child.
[2026-02-13T03:52:07.197+0000] {standard_task_runner.py:91} INFO - Job 101: Subtask load_refrigerators
[2026-02-13T03:52:07.201+0000] {standard_task_runner.py:64} INFO - Started process 6035 to run task
[2026-02-13T03:52:08.233+0000] {task_command.py:426} INFO - Running <TaskInstance: product_price_pipeline.load_refrigerators scheduled__2026-02-12T00:00:00+00:00 [running]> on host 8ede547b0251
[2026-02-13T03:52:09.524+0000] {taskinstance.py:2648} INFO - Exporting env vars: AIRFLOW_CTX_DAG_OWNER='***' AIRFLOW_CTX_DAG_ID='product_price_pipeline' AIRFLOW_CTX_TASK_ID='load_refrigerators' AIRFLOW_CTX_EXECUTION_DATE='2026-02-12T00:00:00+00:00' AIRFLOW_CTX_TRY_NUMBER='1' AIRFLOW_CTX_DAG_RUN_ID='scheduled__2026-02-12T00:00:00+00:00'
[2026-02-13T03:52:09.542+0000] {taskinstance.py:430} INFO - ::endgroup::
[2026-02-13T03:52:09.818+0000] {subprocess.py:63} INFO - Tmp dir root location: /tmp
[2026-02-13T03:52:09.876+0000] {subprocess.py:75} INFO - Running command: ['/usr/bin/bash', '-c', 'python /opt/***/dags/scripts/loaders/load_refrigerators.py']
[2026-02-13T03:52:10.057+0000] {subprocess.py:86} INFO - Output:
[2026-02-13T03:52:24.867+0000] {subprocess.py:93} INFO - /opt/***/dags/scripts/loaders/load_refrigerators.py:35: RemovedIn20Warning: Deprecated API features detected! These feature(s) are not compatible with SQLAlchemy 2.0. To prevent incompatible upgrades prior to updating applications, ensure requirements files are pinned to "sqlalchemy<2.0". Set environment variable SQLALCHEMY_WARN_20=1 to show all deprecation warnings.  Set environment variable SQLALCHEMY_SILENCE_UBER_WARNING=1 to silence this message. (Background on SQLAlchemy 2.0 at: https://sqlalche.me/e/b8d9)
[2026-02-13T03:52:25.032+0000] {subprocess.py:93} INFO -   conn.execute("TRUNCATE TABLE refrigerators RESTART IDENTITY CASCADE")
[2026-02-13T03:52:26.100+0000] {subprocess.py:93} INFO - 🚀 Loading REFRIGERATORS data
[2026-02-13T03:52:26.157+0000] {subprocess.py:93} INFO - ✅ Refrigerators table refreshed successfully
[2026-02-13T03:52:30.021+0000] {subprocess.py:97} INFO - Command exited with return code 0
[2026-02-13T03:52:30.102+0000] {taskinstance.py:441} INFO - ::group::Post task execution logs
[2026-02-13T03:52:30.854+0000] {taskinstance.py:1206} INFO - Marking task as SUCCESS. dag_id=product_price_pipeline, task_id=load_refrigerators, run_id=scheduled__2026-02-12T00:00:00+00:00, execution_date=20260212T000000, start_date=20260213T035206, end_date=20260213T035230
[2026-02-13T03:52:32.036+0000] {local_task_job_runner.py:243} INFO - Task exited with return code 0
[2026-02-13T03:52:32.571+0000] {local_task_job_runner.py:222} INFO - ::endgroup::
