[2026-02-12T14:53:50.067+0000] {local_task_job_runner.py:120} INFO - ::group::Pre task execution logs
[2026-02-12T14:53:51.559+0000] {taskinstance.py:2076} INFO - Dependencies all met for dep_context=non-requeueable deps ti=<TaskInstance: product_price_pipeline.clean_mobiles manual__2026-02-12T14:53:22.259211+00:00 [queued]>
[2026-02-12T14:53:51.675+0000] {taskinstance.py:2076} INFO - Dependencies all met for dep_context=requeueable deps ti=<TaskInstance: product_price_pipeline.clean_mobiles manual__2026-02-12T14:53:22.259211+00:00 [queued]>
[2026-02-12T14:53:51.687+0000] {taskinstance.py:2306} INFO - Starting attempt 1 of 2
[2026-02-12T14:53:51.922+0000] {taskinstance.py:2330} INFO - Executing <Task(BashOperator): clean_mobiles> on 2026-02-12 14:53:22.259211+00:00
[2026-02-12T14:53:52.203+0000] {logging_mixin.py:188} WARNING - /home/***/.local/lib/python3.12/site-packages/***/task/task_runner/standard_task_runner.py:62 DeprecationWarning: This process (pid=535) is multi-threaded, use of fork() may lead to deadlocks in the child.
[2026-02-12T14:53:52.223+0000] {standard_task_runner.py:64} INFO - Started process 556 to run task
[2026-02-12T14:53:52.297+0000] {standard_task_runner.py:90} INFO - Running: ['***', 'tasks', 'run', 'product_price_pipeline', 'clean_mobiles', 'manual__2026-02-12T14:53:22.259211+00:00', '--job-id', '66', '--raw', '--subdir', 'DAGS_FOLDER/product_pipeline_dag.py', '--cfg-path', '/tmp/tmp0b7975a5']
[2026-02-12T14:53:52.901+0000] {standard_task_runner.py:91} INFO - Job 66: Subtask clean_mobiles
[2026-02-12T14:53:54.038+0000] {task_command.py:426} INFO - Running <TaskInstance: product_price_pipeline.clean_mobiles manual__2026-02-12T14:53:22.259211+00:00 [running]> on host 649a5aa52f43
[2026-02-12T14:53:59.195+0000] {taskinstance.py:2648} INFO - Exporting env vars: AIRFLOW_CTX_DAG_OWNER='***' AIRFLOW_CTX_DAG_ID='product_price_pipeline' AIRFLOW_CTX_TASK_ID='clean_mobiles' AIRFLOW_CTX_EXECUTION_DATE='2026-02-12T14:53:22.259211+00:00' AIRFLOW_CTX_TRY_NUMBER='1' AIRFLOW_CTX_DAG_RUN_ID='manual__2026-02-12T14:53:22.259211+00:00'
[2026-02-12T14:53:59.219+0000] {taskinstance.py:430} INFO - ::endgroup::
[2026-02-12T14:53:59.926+0000] {subprocess.py:63} INFO - Tmp dir root location: /tmp
[2026-02-12T14:53:59.985+0000] {subprocess.py:75} INFO - Running command: ['/usr/bin/bash', '-c', 'python /opt/***/dags/scripts/cleaning/clean_mobiles.py']
[2026-02-12T14:54:00.258+0000] {subprocess.py:86} INFO - Output:
[2026-02-12T14:54:24.048+0000] {subprocess.py:93} INFO - 🔥 clean_mobiles.py STARTED 🔥
[2026-02-12T14:54:24.097+0000] {subprocess.py:93} INFO - 📥 INPUT FILE: /opt/***/dags/data/raw/mobiles/mobiles_2026-02-11.csv
[2026-02-12T14:54:24.112+0000] {subprocess.py:93} INFO - 📊 Rows loaded: 750
[2026-02-12T14:54:24.135+0000] {subprocess.py:93} INFO - ✅ CLEANED FILE SAVED AT:
[2026-02-12T14:54:24.161+0000] {subprocess.py:93} INFO - /opt/***/dags/data/clean/mobiles_cleaned_20260212_145423.csv
[2026-02-12T14:54:24.178+0000] {subprocess.py:93} INFO - 🔥 clean_mobiles.py FINISHED 🔥
[2026-02-12T14:54:25.670+0000] {subprocess.py:97} INFO - Command exited with return code 0
[2026-02-12T14:54:25.693+0000] {taskinstance.py:441} INFO - ::group::Post task execution logs
[2026-02-12T14:54:27.456+0000] {taskinstance.py:1206} INFO - Marking task as SUCCESS. dag_id=product_price_pipeline, task_id=clean_mobiles, run_id=manual__2026-02-12T14:53:22.259211+00:00, execution_date=20260212T145322, start_date=20260212T145351, end_date=20260212T145427
[2026-02-12T14:54:28.865+0000] {local_task_job_runner.py:243} INFO - Task exited with return code 0
[2026-02-12T14:54:30.018+0000] {local_task_job_runner.py:222} INFO - ::endgroup::
