[2026-02-14T05:36:17.059+0000] {local_task_job_runner.py:120} INFO - ::group::Pre task execution logs
[2026-02-14T05:36:17.734+0000] {taskinstance.py:2076} INFO - Dependencies all met for dep_context=non-requeueable deps ti=<TaskInstance: product_price_pipeline.load_laptops scheduled__2026-02-13T00:00:00+00:00 [queued]>
[2026-02-14T05:36:17.795+0000] {taskinstance.py:2076} INFO - Dependencies all met for dep_context=requeueable deps ti=<TaskInstance: product_price_pipeline.load_laptops scheduled__2026-02-13T00:00:00+00:00 [queued]>
[2026-02-14T05:36:17.798+0000] {taskinstance.py:2306} INFO - Starting attempt 1 of 2
[2026-02-14T05:36:18.025+0000] {taskinstance.py:2330} INFO - Executing <Task(BashOperator): load_laptops> on 2026-02-13 00:00:00+00:00
[2026-02-14T05:36:18.085+0000] {standard_task_runner.py:90} INFO - Running: ['***', 'tasks', 'run', 'product_price_pipeline', 'load_laptops', 'scheduled__2026-02-13T00:00:00+00:00', '--job-id', '135', '--raw', '--subdir', 'DAGS_FOLDER/product_pipeline_dag.py', '--cfg-path', '/tmp/tmpxomwrg5u']
[2026-02-14T05:36:18.112+0000] {standard_task_runner.py:91} INFO - Job 135: Subtask load_laptops
[2026-02-14T05:36:18.112+0000] {logging_mixin.py:188} WARNING - /home/***/.local/lib/python3.12/site-packages/***/task/task_runner/standard_task_runner.py:62 DeprecationWarning: This process (pid=3689) is multi-threaded, use of fork() may lead to deadlocks in the child.
[2026-02-14T05:36:18.115+0000] {standard_task_runner.py:64} INFO - Started process 3709 to run task
[2026-02-14T05:36:18.825+0000] {task_command.py:426} INFO - Running <TaskInstance: product_price_pipeline.load_laptops scheduled__2026-02-13T00:00:00+00:00 [running]> on host c65c0f674c92
[2026-02-14T05:36:20.404+0000] {taskinstance.py:2648} INFO - Exporting env vars: AIRFLOW_CTX_DAG_OWNER='***' AIRFLOW_CTX_DAG_ID='product_price_pipeline' AIRFLOW_CTX_TASK_ID='load_laptops' AIRFLOW_CTX_EXECUTION_DATE='2026-02-13T00:00:00+00:00' AIRFLOW_CTX_TRY_NUMBER='1' AIRFLOW_CTX_DAG_RUN_ID='scheduled__2026-02-13T00:00:00+00:00'
[2026-02-14T05:36:20.420+0000] {taskinstance.py:430} INFO - ::endgroup::
[2026-02-14T05:36:22.884+0000] {subprocess.py:63} INFO - Tmp dir root location: /tmp
[2026-02-14T05:36:23.037+0000] {subprocess.py:75} INFO - Running command: ['/usr/bin/bash', '-c', 'python /opt/***/dags/scripts/loaders/load_laptops.py']
[2026-02-14T05:36:23.210+0000] {subprocess.py:86} INFO - Output:
[2026-02-14T05:36:45.049+0000] {subprocess.py:93} INFO - /opt/***/dags/scripts/loaders/load_laptops.py:40: RemovedIn20Warning: Deprecated API features detected! These feature(s) are not compatible with SQLAlchemy 2.0. To prevent incompatible upgrades prior to updating applications, ensure requirements files are pinned to "sqlalchemy<2.0". Set environment variable SQLALCHEMY_WARN_20=1 to show all deprecation warnings.  Set environment variable SQLALCHEMY_SILENCE_UBER_WARNING=1 to silence this message. (Background on SQLAlchemy 2.0 at: https://sqlalche.me/e/b8d9)
[2026-02-14T05:36:45.251+0000] {subprocess.py:93} INFO -   conn.execute("TRUNCATE TABLE laptops RESTART IDENTITY CASCADE")
[2026-02-14T05:36:47.006+0000] {subprocess.py:93} INFO - 🚀 Loading LAPTOPS data
[2026-02-14T05:36:47.021+0000] {subprocess.py:93} INFO - ✅ Laptops table refreshed successfully
[2026-02-14T05:36:48.630+0000] {subprocess.py:97} INFO - Command exited with return code 0
[2026-02-14T05:36:48.802+0000] {taskinstance.py:441} INFO - ::group::Post task execution logs
[2026-02-14T05:36:52.237+0000] {taskinstance.py:1206} INFO - Marking task as SUCCESS. dag_id=product_price_pipeline, task_id=load_laptops, run_id=scheduled__2026-02-13T00:00:00+00:00, execution_date=20260213T000000, start_date=20260214T053617, end_date=20260214T053652
[2026-02-14T05:36:57.700+0000] {local_task_job_runner.py:243} INFO - Task exited with return code 0
[2026-02-14T05:37:01.443+0000] {taskinstance.py:3503} INFO - 0 downstream tasks scheduled from follow-on schedule check
[2026-02-14T05:37:01.516+0000] {local_task_job_runner.py:222} INFO - ::endgroup::
