[2026-02-10T15:08:33.423+0000] {local_task_job_runner.py:120} INFO - ::group::Pre task execution logs
[2026-02-10T15:08:33.474+0000] {taskinstance.py:2076} INFO - Dependencies all met for dep_context=non-requeueable deps ti=<TaskInstance: product_price_pipeline.clean_data manual__2026-02-10T15:05:58.676835+00:00 [queued]>
[2026-02-10T15:08:33.488+0000] {taskinstance.py:2076} INFO - Dependencies all met for dep_context=requeueable deps ti=<TaskInstance: product_price_pipeline.clean_data manual__2026-02-10T15:05:58.676835+00:00 [queued]>
[2026-02-10T15:08:33.492+0000] {taskinstance.py:2306} INFO - Starting attempt 1 of 2
[2026-02-10T15:08:33.517+0000] {taskinstance.py:2330} INFO - Executing <Task(BashOperator): clean_data> on 2026-02-10 15:05:58.676835+00:00
[2026-02-10T15:08:33.535+0000] {standard_task_runner.py:90} INFO - Running: ['***', 'tasks', 'run', 'product_price_pipeline', 'clean_data', 'manual__2026-02-10T15:05:58.676835+00:00', '--job-id', '100', '--raw', '--subdir', 'DAGS_FOLDER/product_pipeline_dag.py', '--cfg-path', '/tmp/tmpu9e2azm3']
[2026-02-10T15:08:33.538+0000] {logging_mixin.py:188} WARNING - /home/***/.local/lib/python3.12/site-packages/***/task/task_runner/standard_task_runner.py:62 DeprecationWarning: This process (pid=272) is multi-threaded, use of fork() may lead to deadlocks in the child.
[2026-02-10T15:08:33.540+0000] {standard_task_runner.py:91} INFO - Job 100: Subtask clean_data
[2026-02-10T15:08:33.541+0000] {standard_task_runner.py:64} INFO - Started process 273 to run task
[2026-02-10T15:08:33.667+0000] {task_command.py:426} INFO - Running <TaskInstance: product_price_pipeline.clean_data manual__2026-02-10T15:05:58.676835+00:00 [running]> on host 0d4fb0100b45
[2026-02-10T15:08:33.796+0000] {taskinstance.py:2648} INFO - Exporting env vars: AIRFLOW_CTX_DAG_OWNER='***' AIRFLOW_CTX_DAG_ID='product_price_pipeline' AIRFLOW_CTX_TASK_ID='clean_data' AIRFLOW_CTX_EXECUTION_DATE='2026-02-10T15:05:58.676835+00:00' AIRFLOW_CTX_TRY_NUMBER='1' AIRFLOW_CTX_DAG_RUN_ID='manual__2026-02-10T15:05:58.676835+00:00'
[2026-02-10T15:08:33.798+0000] {taskinstance.py:430} INFO - ::endgroup::
[2026-02-10T15:08:33.818+0000] {subprocess.py:63} INFO - Tmp dir root location: /tmp
[2026-02-10T15:08:33.821+0000] {subprocess.py:75} INFO - Running command: ['/usr/bin/bash', '-c', 'python /opt/***/dags/scripts/clean.py']
[2026-02-10T15:08:33.831+0000] {subprocess.py:86} INFO - Output:
[2026-02-10T15:08:34.229+0000] {subprocess.py:93} INFO - python: can't open file '/tmp/***tmpur2brjqh/scripts/cleaning/clean_mobiles.py': [Errno 2] No such file or directory
[2026-02-10T15:08:34.322+0000] {subprocess.py:93} INFO - python: can't open file '/tmp/***tmpur2brjqh/scripts/cleaning/clean_laptops.py': [Errno 2] No such file or directory
[2026-02-10T15:08:34.433+0000] {subprocess.py:93} INFO - python: can't open file '/tmp/***tmpur2brjqh/scripts/cleaning/clean_refrigerators.py': [Errno 2] No such file or directory
[2026-02-10T15:08:34.547+0000] {subprocess.py:93} INFO - python: can't open file '/tmp/***tmpur2brjqh/scripts/cleaning/clean_tvs.py': [Errno 2] No such file or directory
[2026-02-10T15:08:34.678+0000] {subprocess.py:93} INFO - python: can't open file '/tmp/***tmpur2brjqh/scripts/cleaning/create_main_table.py': [Errno 2] No such file or directory
[2026-02-10T15:08:34.684+0000] {subprocess.py:93} INFO - Starting cleaning stage...
[2026-02-10T15:08:34.686+0000] {subprocess.py:93} INFO - Cleaning stage completed.
[2026-02-10T15:08:34.693+0000] {subprocess.py:97} INFO - Command exited with return code 0
[2026-02-10T15:08:34.694+0000] {taskinstance.py:441} INFO - ::group::Post task execution logs
[2026-02-10T15:08:34.740+0000] {taskinstance.py:1206} INFO - Marking task as SUCCESS. dag_id=product_price_pipeline, task_id=clean_data, run_id=manual__2026-02-10T15:05:58.676835+00:00, execution_date=20260210T150558, start_date=20260210T150833, end_date=20260210T150834
[2026-02-10T15:08:34.807+0000] {local_task_job_runner.py:243} INFO - Task exited with return code 0
[2026-02-10T15:08:34.865+0000] {taskinstance.py:3503} INFO - 1 downstream tasks scheduled from follow-on schedule check
[2026-02-10T15:08:34.870+0000] {local_task_job_runner.py:222} INFO - ::endgroup::
