[2026-02-10T15:07:33.016+0000] {local_task_job_runner.py:120} INFO - ::group::Pre task execution logs
[2026-02-10T15:07:33.101+0000] {taskinstance.py:2076} INFO - Dependencies all met for dep_context=non-requeueable deps ti=<TaskInstance: product_price_pipeline.load_to_postgres scheduled__2026-02-08T21:00:00+00:00 [queued]>
[2026-02-10T15:07:33.116+0000] {taskinstance.py:2076} INFO - Dependencies all met for dep_context=requeueable deps ti=<TaskInstance: product_price_pipeline.load_to_postgres scheduled__2026-02-08T21:00:00+00:00 [queued]>
[2026-02-10T15:07:33.124+0000] {taskinstance.py:2306} INFO - Starting attempt 1 of 2
[2026-02-10T15:07:33.157+0000] {taskinstance.py:2330} INFO - Executing <Task(BashOperator): load_to_postgres> on 2026-02-08 21:00:00+00:00
[2026-02-10T15:07:33.190+0000] {standard_task_runner.py:90} INFO - Running: ['***', 'tasks', 'run', 'product_price_pipeline', 'load_to_postgres', 'scheduled__2026-02-08T21:00:00+00:00', '--job-id', '99', '--raw', '--subdir', 'DAGS_FOLDER/product_pipeline_dag.py', '--cfg-path', '/tmp/tmpd_bvq2lz']
[2026-02-10T15:07:33.198+0000] {standard_task_runner.py:91} INFO - Job 99: Subtask load_to_postgres
[2026-02-10T15:07:33.198+0000] {logging_mixin.py:188} WARNING - /home/***/.local/lib/python3.12/site-packages/***/task/task_runner/standard_task_runner.py:62 DeprecationWarning: This process (pid=254) is multi-threaded, use of fork() may lead to deadlocks in the child.
[2026-02-10T15:07:33.200+0000] {standard_task_runner.py:64} INFO - Started process 255 to run task
[2026-02-10T15:07:33.327+0000] {task_command.py:426} INFO - Running <TaskInstance: product_price_pipeline.load_to_postgres scheduled__2026-02-08T21:00:00+00:00 [running]> on host 0d4fb0100b45
[2026-02-10T15:07:33.495+0000] {taskinstance.py:2648} INFO - Exporting env vars: AIRFLOW_CTX_DAG_OWNER='***' AIRFLOW_CTX_DAG_ID='product_price_pipeline' AIRFLOW_CTX_TASK_ID='load_to_postgres' AIRFLOW_CTX_EXECUTION_DATE='2026-02-08T21:00:00+00:00' AIRFLOW_CTX_TRY_NUMBER='1' AIRFLOW_CTX_DAG_RUN_ID='scheduled__2026-02-08T21:00:00+00:00'
[2026-02-10T15:07:33.497+0000] {taskinstance.py:430} INFO - ::endgroup::
[2026-02-10T15:07:33.521+0000] {subprocess.py:63} INFO - Tmp dir root location: /tmp
[2026-02-10T15:07:33.523+0000] {subprocess.py:75} INFO - Running command: ['/usr/bin/bash', '-c', 'python /opt/***/dags/scripts/load_to_db.py']
[2026-02-10T15:07:33.542+0000] {subprocess.py:86} INFO - Output:
[2026-02-10T15:07:33.936+0000] {subprocess.py:93} INFO - python: can't open file '/tmp/***tmplmuys06q/scripts/loaders/load_mobiles.py': [Errno 2] No such file or directory
[2026-02-10T15:07:34.055+0000] {subprocess.py:93} INFO - python: can't open file '/tmp/***tmplmuys06q/scripts/loaders/load_laptops.py': [Errno 2] No such file or directory
[2026-02-10T15:07:34.175+0000] {subprocess.py:93} INFO - python: can't open file '/tmp/***tmplmuys06q/scripts/loaders/load_refrigerators.py': [Errno 2] No such file or directory
[2026-02-10T15:07:34.269+0000] {subprocess.py:93} INFO - python: can't open file '/tmp/***tmplmuys06q/scripts/loaders/load_tvs.py': [Errno 2] No such file or directory
[2026-02-10T15:07:34.376+0000] {subprocess.py:93} INFO - python: can't open file '/tmp/***tmplmuys06q/scripts/loaders/load_products_main.py': [Errno 2] No such file or directory
[2026-02-10T15:07:34.381+0000] {subprocess.py:93} INFO - Starting loading stage...
[2026-02-10T15:07:34.382+0000] {subprocess.py:93} INFO - Loading stage completed.
[2026-02-10T15:07:34.387+0000] {subprocess.py:97} INFO - Command exited with return code 0
[2026-02-10T15:07:34.401+0000] {taskinstance.py:441} INFO - ::group::Post task execution logs
[2026-02-10T15:07:34.448+0000] {taskinstance.py:1206} INFO - Marking task as SUCCESS. dag_id=product_price_pipeline, task_id=load_to_postgres, run_id=scheduled__2026-02-08T21:00:00+00:00, execution_date=20260208T210000, start_date=20260210T150733, end_date=20260210T150734
[2026-02-10T15:07:34.502+0000] {local_task_job_runner.py:243} INFO - Task exited with return code 0
[2026-02-10T15:07:34.530+0000] {taskinstance.py:3503} INFO - 0 downstream tasks scheduled from follow-on schedule check
[2026-02-10T15:07:34.534+0000] {local_task_job_runner.py:222} INFO - ::endgroup::
