[2026-02-07T08:48:49.076+0000] {local_task_job_runner.py:120} INFO - ::group::Pre task execution logs
[2026-02-07T08:48:50.244+0000] {taskinstance.py:2076} INFO - Dependencies all met for dep_context=non-requeueable deps ti=<TaskInstance: product_price_pipeline.clean_data manual__2026-02-07T08:46:20.422466+00:00 [queued]>
[2026-02-07T08:48:50.344+0000] {taskinstance.py:2076} INFO - Dependencies all met for dep_context=requeueable deps ti=<TaskInstance: product_price_pipeline.clean_data manual__2026-02-07T08:46:20.422466+00:00 [queued]>
[2026-02-07T08:48:50.353+0000] {taskinstance.py:2306} INFO - Starting attempt 1 of 2
[2026-02-07T08:48:50.543+0000] {taskinstance.py:2330} INFO - Executing <Task(BashOperator): clean_data> on 2026-02-07 08:46:20.422466+00:00
[2026-02-07T08:48:50.646+0000] {logging_mixin.py:188} WARNING - /home/***/.local/lib/python3.12/site-packages/***/task/task_runner/standard_task_runner.py:62 DeprecationWarning: This process (pid=617) is multi-threaded, use of fork() may lead to deadlocks in the child.
[2026-02-07T08:48:50.650+0000] {standard_task_runner.py:64} INFO - Started process 623 to run task
[2026-02-07T08:48:50.647+0000] {standard_task_runner.py:90} INFO - Running: ['***', 'tasks', 'run', 'product_price_pipeline', 'clean_data', 'manual__2026-02-07T08:46:20.422466+00:00', '--job-id', '91', '--raw', '--subdir', 'DAGS_FOLDER/product_pipeline_dag.py', '--cfg-path', '/tmp/tmpe87tajbj']
[2026-02-07T08:48:50.654+0000] {standard_task_runner.py:91} INFO - Job 91: Subtask clean_data
[2026-02-07T08:48:51.071+0000] {task_command.py:426} INFO - Running <TaskInstance: product_price_pipeline.clean_data manual__2026-02-07T08:46:20.422466+00:00 [running]> on host 0d4fb0100b45
[2026-02-07T08:48:51.828+0000] {taskinstance.py:2648} INFO - Exporting env vars: AIRFLOW_CTX_DAG_OWNER='***' AIRFLOW_CTX_DAG_ID='product_price_pipeline' AIRFLOW_CTX_TASK_ID='clean_data' AIRFLOW_CTX_EXECUTION_DATE='2026-02-07T08:46:20.422466+00:00' AIRFLOW_CTX_TRY_NUMBER='1' AIRFLOW_CTX_DAG_RUN_ID='manual__2026-02-07T08:46:20.422466+00:00'
[2026-02-07T08:48:51.836+0000] {taskinstance.py:430} INFO - ::endgroup::
[2026-02-07T08:48:52.037+0000] {subprocess.py:63} INFO - Tmp dir root location: /tmp
[2026-02-07T08:48:52.083+0000] {subprocess.py:75} INFO - Running command: ['/usr/bin/bash', '-c', 'python /opt/***/dags/scripts/clean.py']
[2026-02-07T08:48:52.175+0000] {subprocess.py:86} INFO - Output:
[2026-02-07T08:48:56.304+0000] {subprocess.py:93} INFO - python: can't open file '/tmp/***tmpa6s0u0g_/scripts/cleaning/clean_mobiles.py': [Errno 2] No such file or directory
[2026-02-07T08:48:56.729+0000] {subprocess.py:93} INFO - python: can't open file '/tmp/***tmpa6s0u0g_/scripts/cleaning/clean_laptops.py': [Errno 2] No such file or directory
[2026-02-07T08:48:57.152+0000] {subprocess.py:93} INFO - python: can't open file '/tmp/***tmpa6s0u0g_/scripts/cleaning/clean_refrigerators.py': [Errno 2] No such file or directory
[2026-02-07T08:48:57.481+0000] {subprocess.py:93} INFO - python: can't open file '/tmp/***tmpa6s0u0g_/scripts/cleaning/clean_tvs.py': [Errno 2] No such file or directory
[2026-02-07T08:48:57.813+0000] {subprocess.py:93} INFO - python: can't open file '/tmp/***tmpa6s0u0g_/scripts/cleaning/create_main_table.py': [Errno 2] No such file or directory
[2026-02-07T08:48:57.830+0000] {subprocess.py:93} INFO - Starting cleaning stage...
[2026-02-07T08:48:57.834+0000] {subprocess.py:93} INFO - Cleaning stage completed.
[2026-02-07T08:48:57.876+0000] {subprocess.py:97} INFO - Command exited with return code 0
[2026-02-07T08:48:57.937+0000] {taskinstance.py:441} INFO - ::group::Post task execution logs
[2026-02-07T08:48:58.312+0000] {taskinstance.py:1206} INFO - Marking task as SUCCESS. dag_id=product_price_pipeline, task_id=clean_data, run_id=manual__2026-02-07T08:46:20.422466+00:00, execution_date=20260207T084620, start_date=20260207T084850, end_date=20260207T084858
[2026-02-07T08:48:58.566+0000] {local_task_job_runner.py:243} INFO - Task exited with return code 0
[2026-02-07T08:48:58.811+0000] {taskinstance.py:3503} INFO - 1 downstream tasks scheduled from follow-on schedule check
[2026-02-07T08:48:58.822+0000] {local_task_job_runner.py:222} INFO - ::endgroup::
