[2026-02-12T12:35:22.872+0000] {local_task_job_runner.py:120} INFO - ::group::Pre task execution logs
[2026-02-12T12:35:23.788+0000] {taskinstance.py:2076} INFO - Dependencies all met for dep_context=non-requeueable deps ti=<TaskInstance: product_price_pipeline.clean_tvs scheduled__2026-02-11T00:00:00+00:00 [queued]>
[2026-02-12T12:35:23.844+0000] {taskinstance.py:2076} INFO - Dependencies all met for dep_context=requeueable deps ti=<TaskInstance: product_price_pipeline.clean_tvs scheduled__2026-02-11T00:00:00+00:00 [queued]>
[2026-02-12T12:35:23.846+0000] {taskinstance.py:2306} INFO - Starting attempt 1 of 2
[2026-02-12T12:35:23.934+0000] {taskinstance.py:2330} INFO - Executing <Task(BashOperator): clean_tvs> on 2026-02-11 00:00:00+00:00
[2026-02-12T12:35:23.994+0000] {logging_mixin.py:188} WARNING - /home/***/.local/lib/python3.12/site-packages/***/task/task_runner/standard_task_runner.py:62 DeprecationWarning: This process (pid=1799) is multi-threaded, use of fork() may lead to deadlocks in the child.
[2026-02-12T12:35:23.995+0000] {standard_task_runner.py:90} INFO - Running: ['***', 'tasks', 'run', 'product_price_pipeline', 'clean_tvs', 'scheduled__2026-02-11T00:00:00+00:00', '--job-id', '19', '--raw', '--subdir', 'DAGS_FOLDER/product_pipeline_dag.py', '--cfg-path', '/tmp/tmpzwbtx3xx']
[2026-02-12T12:35:24.017+0000] {standard_task_runner.py:91} INFO - Job 19: Subtask clean_tvs
[2026-02-12T12:35:24.015+0000] {standard_task_runner.py:64} INFO - Started process 1803 to run task
[2026-02-12T12:35:24.937+0000] {task_command.py:426} INFO - Running <TaskInstance: product_price_pipeline.clean_tvs scheduled__2026-02-11T00:00:00+00:00 [running]> on host 3d6faed2cc37
[2026-02-12T12:35:26.001+0000] {taskinstance.py:2648} INFO - Exporting env vars: AIRFLOW_CTX_DAG_OWNER='***' AIRFLOW_CTX_DAG_ID='product_price_pipeline' AIRFLOW_CTX_TASK_ID='clean_tvs' AIRFLOW_CTX_EXECUTION_DATE='2026-02-11T00:00:00+00:00' AIRFLOW_CTX_TRY_NUMBER='1' AIRFLOW_CTX_DAG_RUN_ID='scheduled__2026-02-11T00:00:00+00:00'
[2026-02-12T12:35:26.005+0000] {taskinstance.py:430} INFO - ::endgroup::
[2026-02-12T12:35:26.419+0000] {subprocess.py:63} INFO - Tmp dir root location: /tmp
[2026-02-12T12:35:26.446+0000] {subprocess.py:75} INFO - Running command: ['/usr/bin/bash', '-c', 'python /opt/***/dags/scripts/cleaning/clean_tvs.py']
[2026-02-12T12:35:26.552+0000] {subprocess.py:86} INFO - Output:
[2026-02-12T12:35:38.229+0000] {subprocess.py:93} INFO - 🔥 clean_tvs.py STARTED 🔥
[2026-02-12T12:35:38.310+0000] {subprocess.py:93} INFO - 📥 INPUT FILE: /opt/***/dags/data/raw/tvs/television_2026-02-11.csv
[2026-02-12T12:35:38.334+0000] {subprocess.py:93} INFO - 📊 Rows loaded: 210
[2026-02-12T12:35:38.346+0000] {subprocess.py:93} INFO - ✅ CLEAN FILE SAVED: /opt/***/dags/data/clean/tvs_cleaned_television_2026-02-11.csv
[2026-02-12T12:35:38.354+0000] {subprocess.py:93} INFO - 🔥 clean_tvs.py FINISHED 🔥
[2026-02-12T12:35:39.514+0000] {subprocess.py:97} INFO - Command exited with return code 0
[2026-02-12T12:35:39.534+0000] {taskinstance.py:441} INFO - ::group::Post task execution logs
[2026-02-12T12:35:39.880+0000] {taskinstance.py:1206} INFO - Marking task as SUCCESS. dag_id=product_price_pipeline, task_id=clean_tvs, run_id=scheduled__2026-02-11T00:00:00+00:00, execution_date=20260211T000000, start_date=20260212T123523, end_date=20260212T123539
[2026-02-12T12:35:40.100+0000] {local_task_job_runner.py:243} INFO - Task exited with return code 0
[2026-02-12T12:35:40.254+0000] {local_task_job_runner.py:222} INFO - ::endgroup::
