[2026-02-06T16:57:53.968+0000] {local_task_job_runner.py:120} INFO - ::group::Pre task execution logs
[2026-02-06T16:57:54.028+0000] {taskinstance.py:2076} INFO - Dependencies all met for dep_context=non-requeueable deps ti=<TaskInstance: product_price_pipeline.scrape_data manual__2026-02-06T16:57:52.734016+00:00 [queued]>
[2026-02-06T16:57:54.044+0000] {taskinstance.py:2076} INFO - Dependencies all met for dep_context=requeueable deps ti=<TaskInstance: product_price_pipeline.scrape_data manual__2026-02-06T16:57:52.734016+00:00 [queued]>
[2026-02-06T16:57:54.047+0000] {taskinstance.py:2306} INFO - Starting attempt 1 of 2
[2026-02-06T16:57:54.068+0000] {taskinstance.py:2330} INFO - Executing <Task(BashOperator): scrape_data> on 2026-02-06 16:57:52.734016+00:00
[2026-02-06T16:57:54.089+0000] {standard_task_runner.py:90} INFO - Running: ['***', 'tasks', 'run', 'product_price_pipeline', 'scrape_data', 'manual__2026-02-06T16:57:52.734016+00:00', '--job-id', '15', '--raw', '--subdir', 'DAGS_FOLDER/product_pipeline_dag.py', '--cfg-path', '/tmp/tmpf6ai897k']
[2026-02-06T16:57:54.093+0000] {standard_task_runner.py:91} INFO - Job 15: Subtask scrape_data
[2026-02-06T16:57:54.093+0000] {logging_mixin.py:188} WARNING - /home/***/.local/lib/python3.12/site-packages/***/task/task_runner/standard_task_runner.py:62 DeprecationWarning: This process (pid=1318) is multi-threaded, use of fork() may lead to deadlocks in the child.
[2026-02-06T16:57:54.095+0000] {standard_task_runner.py:64} INFO - Started process 1319 to run task
[2026-02-06T16:57:54.213+0000] {task_command.py:426} INFO - Running <TaskInstance: product_price_pipeline.scrape_data manual__2026-02-06T16:57:52.734016+00:00 [running]> on host e9a5f9d3aaa8
[2026-02-06T16:57:54.346+0000] {taskinstance.py:2648} INFO - Exporting env vars: AIRFLOW_CTX_DAG_OWNER='***' AIRFLOW_CTX_DAG_ID='product_price_pipeline' AIRFLOW_CTX_TASK_ID='scrape_data' AIRFLOW_CTX_EXECUTION_DATE='2026-02-06T16:57:52.734016+00:00' AIRFLOW_CTX_TRY_NUMBER='1' AIRFLOW_CTX_DAG_RUN_ID='manual__2026-02-06T16:57:52.734016+00:00'
[2026-02-06T16:57:54.348+0000] {taskinstance.py:430} INFO - ::endgroup::
[2026-02-06T16:57:54.370+0000] {subprocess.py:63} INFO - Tmp dir root location: /tmp
[2026-02-06T16:57:54.373+0000] {subprocess.py:75} INFO - Running command: ['/usr/bin/bash', '-c', 'python /opt/***/dags/all_data.py']
[2026-02-06T16:57:54.385+0000] {subprocess.py:86} INFO - Output:
[2026-02-06T16:57:55.693+0000] {subprocess.py:93} INFO - 2026-02-06 16:57:55,693 | INFO | ===== SCRAPING STARTED =====
[2026-02-06T16:57:55.694+0000] {subprocess.py:93} INFO - 2026-02-06 16:57:55,693 | INFO | Starting scrape for category: mobiles
[2026-02-06T16:57:56.492+0000] {subprocess.py:93} INFO - 2026-02-06 16:57:56,492 | INFO | mobiles: Page 1/25
[2026-02-06T16:57:57.045+0000] {subprocess.py:93} INFO - 2026-02-06 16:57:57,045 | INFO | mobiles: Page 2/25
[2026-02-06T16:57:57.755+0000] {subprocess.py:93} INFO - 2026-02-06 16:57:57,754 | INFO | mobiles: Page 3/25
[2026-02-06T16:57:58.448+0000] {subprocess.py:93} INFO - 2026-02-06 16:57:58,447 | INFO | mobiles: Page 4/25
[2026-02-06T16:57:59.106+0000] {subprocess.py:93} INFO - 2026-02-06 16:57:59,106 | INFO | mobiles: Page 5/25
[2026-02-06T16:57:59.747+0000] {subprocess.py:93} INFO - 2026-02-06 16:57:59,746 | INFO | mobiles: Page 6/25
[2026-02-06T16:58:00.510+0000] {subprocess.py:93} INFO - 2026-02-06 16:58:00,509 | INFO | mobiles: Page 7/25
[2026-02-06T16:58:02.429+0000] {subprocess.py:93} INFO - 2026-02-06 16:58:02,429 | INFO | mobiles: Page 8/25
[2026-02-06T16:58:03.090+0000] {subprocess.py:93} INFO - 2026-02-06 16:58:03,090 | INFO | mobiles: Page 9/25
[2026-02-06T16:58:03.711+0000] {subprocess.py:93} INFO - 2026-02-06 16:58:03,710 | INFO | mobiles: Page 10/25
[2026-02-06T16:58:04.430+0000] {subprocess.py:93} INFO - 2026-02-06 16:58:04,430 | INFO | mobiles: Page 11/25
[2026-02-06T16:58:05.344+0000] {subprocess.py:93} INFO - 2026-02-06 16:58:05,344 | INFO | mobiles: Page 12/25
[2026-02-06T16:58:05.976+0000] {subprocess.py:93} INFO - 2026-02-06 16:58:05,975 | INFO | mobiles: Page 13/25
[2026-02-06T16:58:06.598+0000] {subprocess.py:93} INFO - 2026-02-06 16:58:06,598 | INFO | mobiles: Page 14/25
[2026-02-06T16:58:07.207+0000] {subprocess.py:93} INFO - 2026-02-06 16:58:07,207 | INFO | mobiles: Page 15/25
[2026-02-06T16:58:07.883+0000] {subprocess.py:93} INFO - 2026-02-06 16:58:07,883 | INFO | mobiles: Page 16/25
[2026-02-06T16:58:08.496+0000] {subprocess.py:93} INFO - 2026-02-06 16:58:08,495 | INFO | mobiles: Page 17/25
[2026-02-06T16:58:09.096+0000] {subprocess.py:93} INFO - 2026-02-06 16:58:09,095 | INFO | mobiles: Page 18/25
[2026-02-06T16:58:09.736+0000] {subprocess.py:93} INFO - 2026-02-06 16:58:09,735 | INFO | mobiles: Page 19/25
[2026-02-06T16:58:10.357+0000] {subprocess.py:93} INFO - 2026-02-06 16:58:10,357 | INFO | mobiles: Page 20/25
[2026-02-06T16:58:11.036+0000] {subprocess.py:93} INFO - 2026-02-06 16:58:11,035 | INFO | mobiles: Page 21/25
[2026-02-06T16:58:11.645+0000] {subprocess.py:93} INFO - 2026-02-06 16:58:11,645 | INFO | mobiles: Page 22/25
[2026-02-06T16:58:12.258+0000] {subprocess.py:93} INFO - 2026-02-06 16:58:12,258 | INFO | mobiles: Page 23/25
[2026-02-06T16:58:12.853+0000] {subprocess.py:93} INFO - 2026-02-06 16:58:12,853 | INFO | mobiles: Page 24/25
[2026-02-06T16:58:15.365+0000] {subprocess.py:93} INFO - 2026-02-06 16:58:15,364 | INFO | mobiles: Page 25/25
[2026-02-06T16:58:16.024+0000] {subprocess.py:93} INFO - 2026-02-06 16:58:16,024 | INFO | mobiles: Fetching reviews
[2026-02-06T16:58:27.517+0000] {subprocess.py:93} INFO - 2026-02-06 16:58:27,517 | INFO | mobiles: Saved 750 rows to /opt/***/dags/data/raw/mobiles/mobiles_2026-02-06.csv
[2026-02-06T16:58:27.520+0000] {subprocess.py:93} INFO - 2026-02-06 16:58:27,518 | INFO | Starting scrape for category: laptops
[2026-02-06T16:58:27.882+0000] {subprocess.py:93} INFO - 2026-02-06 16:58:27,882 | INFO | laptops: Page 1/14
[2026-02-06T16:58:28.333+0000] {subprocess.py:93} INFO - 2026-02-06 16:58:28,332 | INFO | laptops: Page 2/14
[2026-02-06T16:58:28.953+0000] {subprocess.py:93} INFO - 2026-02-06 16:58:28,953 | INFO | laptops: Page 3/14
[2026-02-06T16:58:29.547+0000] {subprocess.py:93} INFO - 2026-02-06 16:58:29,546 | INFO | laptops: Page 4/14
[2026-02-06T16:58:30.162+0000] {subprocess.py:93} INFO - 2026-02-06 16:58:30,162 | INFO | laptops: Page 5/14
[2026-02-06T16:58:30.764+0000] {subprocess.py:93} INFO - 2026-02-06 16:58:30,763 | INFO | laptops: Page 6/14
[2026-02-06T16:58:31.395+0000] {subprocess.py:93} INFO - 2026-02-06 16:58:31,395 | INFO | laptops: Page 7/14
[2026-02-06T16:58:32.000+0000] {subprocess.py:93} INFO - 2026-02-06 16:58:31,999 | INFO | laptops: Page 8/14
[2026-02-06T16:58:32.676+0000] {subprocess.py:93} INFO - 2026-02-06 16:58:32,676 | INFO | laptops: Page 9/14
[2026-02-06T16:58:33.278+0000] {subprocess.py:93} INFO - 2026-02-06 16:58:33,277 | INFO | laptops: Page 10/14
[2026-02-06T16:58:33.913+0000] {subprocess.py:93} INFO - 2026-02-06 16:58:33,912 | INFO | laptops: Page 11/14
[2026-02-06T16:58:34.596+0000] {subprocess.py:93} INFO - 2026-02-06 16:58:34,596 | INFO | laptops: Page 12/14
[2026-02-06T16:58:35.198+0000] {subprocess.py:93} INFO - 2026-02-06 16:58:35,198 | INFO | laptops: Page 13/14
[2026-02-06T16:58:35.875+0000] {subprocess.py:93} INFO - 2026-02-06 16:58:35,874 | INFO | laptops: Page 14/14
[2026-02-06T16:58:36.458+0000] {subprocess.py:93} INFO - 2026-02-06 16:58:36,458 | INFO | laptops: Fetching reviews
[2026-02-06T16:58:42.750+0000] {subprocess.py:93} INFO - 2026-02-06 16:58:42,749 | INFO | laptops: Saved 420 rows to /opt/***/dags/data/raw/laptops/laptops_2026-02-06.csv
[2026-02-06T16:58:42.751+0000] {subprocess.py:93} INFO - 2026-02-06 16:58:42,750 | INFO | Starting scrape for category: television
[2026-02-06T16:58:43.077+0000] {subprocess.py:93} INFO - 2026-02-06 16:58:43,077 | INFO | television: Page 1/7
[2026-02-06T16:58:43.540+0000] {subprocess.py:93} INFO - 2026-02-06 16:58:43,538 | INFO | television: Page 2/7
[2026-02-06T16:58:44.149+0000] {subprocess.py:93} INFO - 2026-02-06 16:58:44,148 | INFO | television: Page 3/7
[2026-02-06T16:58:44.810+0000] {subprocess.py:93} INFO - 2026-02-06 16:58:44,809 | INFO | television: Page 4/7
[2026-02-06T16:58:47.379+0000] {subprocess.py:93} INFO - 2026-02-06 16:58:47,379 | INFO | television: Page 5/7
[2026-02-06T16:58:48.073+0000] {subprocess.py:93} INFO - 2026-02-06 16:58:48,072 | INFO | television: Page 6/7
[2026-02-06T16:58:48.753+0000] {subprocess.py:93} INFO - 2026-02-06 16:58:48,753 | INFO | television: Page 7/7
[2026-02-06T16:58:49.355+0000] {subprocess.py:93} INFO - 2026-02-06 16:58:49,355 | INFO | television: Fetching reviews
[2026-02-06T16:58:53.443+0000] {subprocess.py:93} INFO - 2026-02-06 16:58:53,442 | INFO | television: Saved 210 rows to /opt/***/dags/data/raw/tvs/television_2026-02-06.csv
[2026-02-06T16:58:53.444+0000] {subprocess.py:93} INFO - 2026-02-06 16:58:53,443 | INFO | Starting scrape for category: refrigerator
[2026-02-06T16:58:53.810+0000] {subprocess.py:93} INFO - 2026-02-06 16:58:53,809 | INFO | refrigerator: Page 1/6
[2026-02-06T16:58:54.350+0000] {subprocess.py:93} INFO - 2026-02-06 16:58:54,350 | INFO | refrigerator: Page 2/6
[2026-02-06T16:58:54.853+0000] {subprocess.py:93} INFO - 2026-02-06 16:58:54,851 | INFO | refrigerator: Page 3/6
[2026-02-06T16:58:55.328+0000] {subprocess.py:93} INFO - 2026-02-06 16:58:55,328 | INFO | refrigerator: Page 4/6
[2026-02-06T16:58:55.799+0000] {subprocess.py:93} INFO - 2026-02-06 16:58:55,798 | INFO | refrigerator: Page 5/6
[2026-02-06T16:58:56.267+0000] {subprocess.py:93} INFO - 2026-02-06 16:58:56,267 | INFO | refrigerator: Page 6/6
[2026-02-06T16:58:56.747+0000] {subprocess.py:93} INFO - 2026-02-06 16:58:56,746 | INFO | refrigerator: Fetching reviews
[2026-02-06T16:58:59.437+0000] {subprocess.py:93} INFO - 2026-02-06 16:58:59,437 | INFO | refrigerator: Saved 180 rows to /opt/***/dags/data/raw/refrigerators/refrigerator_2026-02-06.csv
[2026-02-06T16:58:59.438+0000] {subprocess.py:93} INFO - 2026-02-06 16:58:59,438 | INFO | ===== SCRAPING FINISHED =====
[2026-02-06T16:58:59.488+0000] {subprocess.py:97} INFO - Command exited with return code 0
[2026-02-06T16:58:59.489+0000] {taskinstance.py:441} INFO - ::group::Post task execution logs
[2026-02-06T16:58:59.522+0000] {taskinstance.py:1206} INFO - Marking task as SUCCESS. dag_id=product_price_pipeline, task_id=scrape_data, run_id=manual__2026-02-06T16:57:52.734016+00:00, execution_date=20260206T165752, start_date=20260206T165754, end_date=20260206T165859
[2026-02-06T16:58:59.590+0000] {local_task_job_runner.py:243} INFO - Task exited with return code 0
[2026-02-06T16:58:59.648+0000] {taskinstance.py:3503} INFO - 1 downstream tasks scheduled from follow-on schedule check
[2026-02-06T16:58:59.652+0000] {local_task_job_runner.py:222} INFO - ::endgroup::
