[2026-02-06T16:40:25.359+0000] {local_task_job_runner.py:120} INFO - ::group::Pre task execution logs
[2026-02-06T16:40:25.433+0000] {taskinstance.py:2076} INFO - Dependencies all met for dep_context=non-requeueable deps ti=<TaskInstance: product_price_pipeline.scrape_data scheduled__2026-02-04T21:00:00+00:00 [queued]>
[2026-02-06T16:40:25.448+0000] {taskinstance.py:2076} INFO - Dependencies all met for dep_context=requeueable deps ti=<TaskInstance: product_price_pipeline.scrape_data scheduled__2026-02-04T21:00:00+00:00 [queued]>
[2026-02-06T16:40:25.449+0000] {taskinstance.py:2306} INFO - Starting attempt 2 of 2
[2026-02-06T16:40:25.472+0000] {taskinstance.py:2330} INFO - Executing <Task(BashOperator): scrape_data> on 2026-02-04 21:00:00+00:00
[2026-02-06T16:40:25.486+0000] {standard_task_runner.py:90} INFO - Running: ['***', 'tasks', 'run', 'product_price_pipeline', 'scrape_data', 'scheduled__2026-02-04T21:00:00+00:00', '--job-id', '4', '--raw', '--subdir', 'DAGS_FOLDER/product_pipeline_dag.py', '--cfg-path', '/tmp/tmpmc52yinm']
[2026-02-06T16:40:25.490+0000] {logging_mixin.py:188} WARNING - /home/***/.local/lib/python3.12/site-packages/***/task/task_runner/standard_task_runner.py:62 DeprecationWarning: This process (pid=1109) is multi-threaded, use of fork() may lead to deadlocks in the child.
[2026-02-06T16:40:25.491+0000] {standard_task_runner.py:91} INFO - Job 4: Subtask scrape_data
[2026-02-06T16:40:25.491+0000] {standard_task_runner.py:64} INFO - Started process 1110 to run task
[2026-02-06T16:40:25.651+0000] {task_command.py:426} INFO - Running <TaskInstance: product_price_pipeline.scrape_data scheduled__2026-02-04T21:00:00+00:00 [running]> on host e9a5f9d3aaa8
[2026-02-06T16:40:25.814+0000] {taskinstance.py:2648} INFO - Exporting env vars: AIRFLOW_CTX_DAG_OWNER='***' AIRFLOW_CTX_DAG_ID='product_price_pipeline' AIRFLOW_CTX_TASK_ID='scrape_data' AIRFLOW_CTX_EXECUTION_DATE='2026-02-04T21:00:00+00:00' AIRFLOW_CTX_TRY_NUMBER='2' AIRFLOW_CTX_DAG_RUN_ID='scheduled__2026-02-04T21:00:00+00:00'
[2026-02-06T16:40:25.817+0000] {taskinstance.py:430} INFO - ::endgroup::
[2026-02-06T16:40:25.845+0000] {subprocess.py:63} INFO - Tmp dir root location: /tmp
[2026-02-06T16:40:25.850+0000] {subprocess.py:75} INFO - Running command: ['/usr/bin/bash', '-c', 'python /opt/***/scripts/scrape.py']
[2026-02-06T16:40:25.865+0000] {subprocess.py:86} INFO - Output:
[2026-02-06T16:40:26.004+0000] {subprocess.py:93} INFO - python: can't open file '/opt/***/scripts/scrape.py': [Errno 2] No such file or directory
[2026-02-06T16:40:26.007+0000] {subprocess.py:97} INFO - Command exited with return code 2
[2026-02-06T16:40:26.010+0000] {taskinstance.py:441} INFO - ::group::Post task execution logs
[2026-02-06T16:40:26.023+0000] {taskinstance.py:2905} ERROR - Task failed with exception
Traceback (most recent call last):
  File "/home/airflow/.local/lib/python3.12/site-packages/airflow/models/taskinstance.py", line 465, in _execute_task
    result = _execute_callable(context=context, **execute_callable_kwargs)
             ^^^^^^^^^^^^^^^^^^^^^^^^^^^^^^^^^^^^^^^^^^^^^^^^^^^^^^^^^^^^^
  File "/home/airflow/.local/lib/python3.12/site-packages/airflow/models/taskinstance.py", line 432, in _execute_callable
    return execute_callable(context=context, **execute_callable_kwargs)
           ^^^^^^^^^^^^^^^^^^^^^^^^^^^^^^^^^^^^^^^^^^^^^^^^^^^^^^^^^^^^
  File "/home/airflow/.local/lib/python3.12/site-packages/airflow/models/baseoperator.py", line 401, in wrapper
    return func(self, *args, **kwargs)
           ^^^^^^^^^^^^^^^^^^^^^^^^^^^
  File "/home/airflow/.local/lib/python3.12/site-packages/airflow/operators/bash.py", line 243, in execute
    raise AirflowException(
airflow.exceptions.AirflowException: Bash command failed. The command returned a non-zero exit code 2.
[2026-02-06T16:40:26.034+0000] {taskinstance.py:1206} INFO - Marking task as FAILED. dag_id=product_price_pipeline, task_id=scrape_data, run_id=scheduled__2026-02-04T21:00:00+00:00, execution_date=20260204T210000, start_date=20260206T164025, end_date=20260206T164026
[2026-02-06T16:40:26.053+0000] {standard_task_runner.py:110} ERROR - Failed to execute job 4 for task scrape_data (Bash command failed. The command returned a non-zero exit code 2.; 1110)
[2026-02-06T16:40:26.071+0000] {local_task_job_runner.py:243} INFO - Task exited with return code 1
[2026-02-06T16:40:26.104+0000] {taskinstance.py:3503} INFO - 0 downstream tasks scheduled from follow-on schedule check
[2026-02-06T16:40:26.110+0000] {local_task_job_runner.py:222} INFO - ::endgroup::
[2026-02-06T16:51:22.405+0000] {local_task_job_runner.py:120} INFO - ::group::Pre task execution logs
[2026-02-06T16:51:22.436+0000] {taskinstance.py:2076} INFO - Dependencies all met for dep_context=non-requeueable deps ti=<TaskInstance: product_price_pipeline.scrape_data scheduled__2026-02-04T21:00:00+00:00 [queued]>
[2026-02-06T16:51:22.448+0000] {taskinstance.py:2076} INFO - Dependencies all met for dep_context=requeueable deps ti=<TaskInstance: product_price_pipeline.scrape_data scheduled__2026-02-04T21:00:00+00:00 [queued]>
[2026-02-06T16:51:22.449+0000] {taskinstance.py:2306} INFO - Starting attempt 2 of 2
[2026-02-06T16:51:22.465+0000] {taskinstance.py:2330} INFO - Executing <Task(BashOperator): scrape_data> on 2026-02-04 21:00:00+00:00
[2026-02-06T16:51:22.476+0000] {standard_task_runner.py:90} INFO - Running: ['***', 'tasks', 'run', 'product_price_pipeline', 'scrape_data', 'scheduled__2026-02-04T21:00:00+00:00', '--job-id', '10', '--raw', '--subdir', 'DAGS_FOLDER/product_pipeline_dag.py', '--cfg-path', '/tmp/tmpvjlk6yug']
[2026-02-06T16:51:22.478+0000] {logging_mixin.py:188} WARNING - /home/***/.local/lib/python3.12/site-packages/***/task/task_runner/standard_task_runner.py:62 DeprecationWarning: This process (pid=1238) is multi-threaded, use of fork() may lead to deadlocks in the child.
[2026-02-06T16:51:22.479+0000] {standard_task_runner.py:91} INFO - Job 10: Subtask scrape_data
[2026-02-06T16:51:22.480+0000] {standard_task_runner.py:64} INFO - Started process 1239 to run task
[2026-02-06T16:51:22.616+0000] {task_command.py:426} INFO - Running <TaskInstance: product_price_pipeline.scrape_data scheduled__2026-02-04T21:00:00+00:00 [running]> on host e9a5f9d3aaa8
[2026-02-06T16:51:22.729+0000] {taskinstance.py:2648} INFO - Exporting env vars: AIRFLOW_CTX_DAG_OWNER='***' AIRFLOW_CTX_DAG_ID='product_price_pipeline' AIRFLOW_CTX_TASK_ID='scrape_data' AIRFLOW_CTX_EXECUTION_DATE='2026-02-04T21:00:00+00:00' AIRFLOW_CTX_TRY_NUMBER='2' AIRFLOW_CTX_DAG_RUN_ID='scheduled__2026-02-04T21:00:00+00:00'
[2026-02-06T16:51:22.731+0000] {taskinstance.py:430} INFO - ::endgroup::
[2026-02-06T16:51:22.748+0000] {subprocess.py:63} INFO - Tmp dir root location: /tmp
[2026-02-06T16:51:22.751+0000] {subprocess.py:75} INFO - Running command: ['/usr/bin/bash', '-c', 'python /opt/***/dags/all_data.py']
[2026-02-06T16:51:22.769+0000] {subprocess.py:86} INFO - Output:
[2026-02-06T16:51:22.825+0000] {subprocess.py:93} INFO - python: can't open file '/opt/***/dags/all_data.py': [Errno 2] No such file or directory
[2026-02-06T16:51:22.829+0000] {subprocess.py:97} INFO - Command exited with return code 2
[2026-02-06T16:51:22.831+0000] {taskinstance.py:441} INFO - ::group::Post task execution logs
[2026-02-06T16:51:22.842+0000] {taskinstance.py:2905} ERROR - Task failed with exception
Traceback (most recent call last):
  File "/home/airflow/.local/lib/python3.12/site-packages/airflow/models/taskinstance.py", line 465, in _execute_task
    result = _execute_callable(context=context, **execute_callable_kwargs)
             ^^^^^^^^^^^^^^^^^^^^^^^^^^^^^^^^^^^^^^^^^^^^^^^^^^^^^^^^^^^^^
  File "/home/airflow/.local/lib/python3.12/site-packages/airflow/models/taskinstance.py", line 432, in _execute_callable
    return execute_callable(context=context, **execute_callable_kwargs)
           ^^^^^^^^^^^^^^^^^^^^^^^^^^^^^^^^^^^^^^^^^^^^^^^^^^^^^^^^^^^^
  File "/home/airflow/.local/lib/python3.12/site-packages/airflow/models/baseoperator.py", line 401, in wrapper
    return func(self, *args, **kwargs)
           ^^^^^^^^^^^^^^^^^^^^^^^^^^^
  File "/home/airflow/.local/lib/python3.12/site-packages/airflow/operators/bash.py", line 243, in execute
    raise AirflowException(
airflow.exceptions.AirflowException: Bash command failed. The command returned a non-zero exit code 2.
[2026-02-06T16:51:22.849+0000] {taskinstance.py:1206} INFO - Marking task as FAILED. dag_id=product_price_pipeline, task_id=scrape_data, run_id=scheduled__2026-02-04T21:00:00+00:00, execution_date=20260204T210000, start_date=20260206T165122, end_date=20260206T165122
[2026-02-06T16:51:22.865+0000] {standard_task_runner.py:110} ERROR - Failed to execute job 10 for task scrape_data (Bash command failed. The command returned a non-zero exit code 2.; 1239)
[2026-02-06T16:51:22.897+0000] {local_task_job_runner.py:243} INFO - Task exited with return code 1
[2026-02-06T16:51:22.932+0000] {taskinstance.py:3503} INFO - 0 downstream tasks scheduled from follow-on schedule check
[2026-02-06T16:51:22.942+0000] {local_task_job_runner.py:222} INFO - ::endgroup::
[2026-02-06T16:57:59.820+0000] {local_task_job_runner.py:120} INFO - ::group::Pre task execution logs
[2026-02-06T16:57:59.859+0000] {taskinstance.py:2076} INFO - Dependencies all met for dep_context=non-requeueable deps ti=<TaskInstance: product_price_pipeline.scrape_data scheduled__2026-02-04T21:00:00+00:00 [queued]>
[2026-02-06T16:57:59.871+0000] {taskinstance.py:2076} INFO - Dependencies all met for dep_context=requeueable deps ti=<TaskInstance: product_price_pipeline.scrape_data scheduled__2026-02-04T21:00:00+00:00 [queued]>
[2026-02-06T16:57:59.872+0000] {taskinstance.py:2306} INFO - Starting attempt 2 of 2
[2026-02-06T16:57:59.886+0000] {taskinstance.py:2330} INFO - Executing <Task(BashOperator): scrape_data> on 2026-02-04 21:00:00+00:00
[2026-02-06T16:57:59.901+0000] {standard_task_runner.py:90} INFO - Running: ['***', 'tasks', 'run', 'product_price_pipeline', 'scrape_data', 'scheduled__2026-02-04T21:00:00+00:00', '--job-id', '16', '--raw', '--subdir', 'DAGS_FOLDER/product_pipeline_dag.py', '--cfg-path', '/tmp/tmprxtutd6t']
[2026-02-06T16:57:59.902+0000] {logging_mixin.py:188} WARNING - /home/***/.local/lib/python3.12/site-packages/***/task/task_runner/standard_task_runner.py:62 DeprecationWarning: This process (pid=1321) is multi-threaded, use of fork() may lead to deadlocks in the child.
[2026-02-06T16:57:59.904+0000] {standard_task_runner.py:91} INFO - Job 16: Subtask scrape_data
[2026-02-06T16:57:59.904+0000] {standard_task_runner.py:64} INFO - Started process 1322 to run task
[2026-02-06T16:57:59.994+0000] {task_command.py:426} INFO - Running <TaskInstance: product_price_pipeline.scrape_data scheduled__2026-02-04T21:00:00+00:00 [running]> on host e9a5f9d3aaa8
[2026-02-06T16:58:00.093+0000] {taskinstance.py:2648} INFO - Exporting env vars: AIRFLOW_CTX_DAG_OWNER='***' AIRFLOW_CTX_DAG_ID='product_price_pipeline' AIRFLOW_CTX_TASK_ID='scrape_data' AIRFLOW_CTX_EXECUTION_DATE='2026-02-04T21:00:00+00:00' AIRFLOW_CTX_TRY_NUMBER='2' AIRFLOW_CTX_DAG_RUN_ID='scheduled__2026-02-04T21:00:00+00:00'
[2026-02-06T16:58:00.094+0000] {taskinstance.py:430} INFO - ::endgroup::
[2026-02-06T16:58:00.107+0000] {subprocess.py:63} INFO - Tmp dir root location: /tmp
[2026-02-06T16:58:00.110+0000] {subprocess.py:75} INFO - Running command: ['/usr/bin/bash', '-c', 'python /opt/***/dags/all_data.py']
[2026-02-06T16:58:00.128+0000] {subprocess.py:86} INFO - Output:
[2026-02-06T16:58:00.691+0000] {subprocess.py:93} INFO - 2026-02-06 16:58:00,691 | INFO | ===== SCRAPING STARTED =====
[2026-02-06T16:58:00.692+0000] {subprocess.py:93} INFO - 2026-02-06 16:58:00,691 | INFO | Starting scrape for category: mobiles
[2026-02-06T16:58:01.851+0000] {subprocess.py:93} INFO - 2026-02-06 16:58:01,851 | INFO | mobiles: Page 1/25
[2026-02-06T16:58:02.685+0000] {subprocess.py:93} INFO - 2026-02-06 16:58:02,685 | INFO | mobiles: Page 2/25
[2026-02-06T16:58:03.254+0000] {subprocess.py:93} INFO - 2026-02-06 16:58:03,254 | INFO | mobiles: Page 3/25
[2026-02-06T16:58:03.797+0000] {subprocess.py:93} INFO - 2026-02-06 16:58:03,796 | INFO | mobiles: Page 4/25
[2026-02-06T16:58:04.393+0000] {subprocess.py:93} INFO - 2026-02-06 16:58:04,392 | INFO | mobiles: Page 5/25
[2026-02-06T16:58:05.202+0000] {subprocess.py:93} INFO - 2026-02-06 16:58:05,202 | INFO | mobiles: Page 6/25
[2026-02-06T16:58:05.728+0000] {subprocess.py:93} INFO - 2026-02-06 16:58:05,727 | INFO | mobiles: Page 7/25
[2026-02-06T16:58:06.191+0000] {subprocess.py:93} INFO - 2026-02-06 16:58:06,191 | INFO | mobiles: Page 8/25
[2026-02-06T16:58:06.674+0000] {subprocess.py:93} INFO - 2026-02-06 16:58:06,674 | INFO | mobiles: Page 9/25
[2026-02-06T16:58:07.160+0000] {subprocess.py:93} INFO - 2026-02-06 16:58:07,159 | INFO | mobiles: Page 10/25
[2026-02-06T16:58:07.620+0000] {subprocess.py:93} INFO - 2026-02-06 16:58:07,620 | INFO | mobiles: Page 11/25
[2026-02-06T16:58:08.092+0000] {subprocess.py:93} INFO - 2026-02-06 16:58:08,092 | INFO | mobiles: Page 12/25
[2026-02-06T16:58:08.571+0000] {subprocess.py:93} INFO - 2026-02-06 16:58:08,571 | INFO | mobiles: Page 13/25
[2026-02-06T16:58:09.045+0000] {subprocess.py:93} INFO - 2026-02-06 16:58:09,044 | INFO | mobiles: Page 14/25
[2026-02-06T16:58:09.609+0000] {subprocess.py:93} INFO - 2026-02-06 16:58:09,608 | INFO | mobiles: Page 15/25
[2026-02-06T16:58:10.089+0000] {subprocess.py:93} INFO - 2026-02-06 16:58:10,089 | INFO | mobiles: Page 16/25
[2026-02-06T16:58:10.564+0000] {subprocess.py:93} INFO - 2026-02-06 16:58:10,563 | INFO | mobiles: Page 17/25
[2026-02-06T16:58:11.040+0000] {subprocess.py:93} INFO - 2026-02-06 16:58:11,040 | INFO | mobiles: Page 18/25
[2026-02-06T16:58:11.507+0000] {subprocess.py:93} INFO - 2026-02-06 16:58:11,506 | INFO | mobiles: Page 19/25
[2026-02-06T16:58:11.991+0000] {subprocess.py:93} INFO - 2026-02-06 16:58:11,990 | INFO | mobiles: Page 20/25
[2026-02-06T16:58:12.457+0000] {subprocess.py:93} INFO - 2026-02-06 16:58:12,456 | INFO | mobiles: Page 21/25
[2026-02-06T16:58:12.936+0000] {subprocess.py:93} INFO - 2026-02-06 16:58:12,936 | INFO | mobiles: Page 22/25
[2026-02-06T16:58:14.158+0000] {subprocess.py:93} INFO - 2026-02-06 16:58:14,158 | INFO | mobiles: Page 23/25
[2026-02-06T16:58:15.922+0000] {subprocess.py:93} INFO - 2026-02-06 16:58:15,922 | INFO | mobiles: Page 24/25
[2026-02-06T16:58:16.387+0000] {subprocess.py:93} INFO - 2026-02-06 16:58:16,387 | INFO | mobiles: Page 25/25
[2026-02-06T16:58:16.837+0000] {subprocess.py:93} INFO - 2026-02-06 16:58:16,837 | INFO | mobiles: Fetching reviews
[2026-02-06T16:58:27.875+0000] {subprocess.py:93} INFO - 2026-02-06 16:58:27,874 | INFO | mobiles: Saved 750 rows to /opt/***/dags/data/raw/mobiles/mobiles_2026-02-06.csv
[2026-02-06T16:58:27.878+0000] {subprocess.py:93} INFO - 2026-02-06 16:58:27,875 | INFO | Starting scrape for category: laptops
[2026-02-06T16:58:28.080+0000] {subprocess.py:93} INFO - 2026-02-06 16:58:28,079 | INFO | laptops: Page 1/14
[2026-02-06T16:58:28.554+0000] {subprocess.py:93} INFO - 2026-02-06 16:58:28,554 | INFO | laptops: Page 2/14
[2026-02-06T16:58:29.055+0000] {subprocess.py:93} INFO - 2026-02-06 16:58:29,055 | INFO | laptops: Page 3/14
[2026-02-06T16:58:29.598+0000] {subprocess.py:93} INFO - 2026-02-06 16:58:29,597 | INFO | laptops: Page 4/14
[2026-02-06T16:58:30.212+0000] {subprocess.py:93} INFO - 2026-02-06 16:58:30,212 | INFO | laptops: Page 5/14
[2026-02-06T16:58:30.760+0000] {subprocess.py:93} INFO - 2026-02-06 16:58:30,759 | INFO | laptops: Page 6/14
[2026-02-06T16:58:31.396+0000] {subprocess.py:93} INFO - 2026-02-06 16:58:31,396 | INFO | laptops: Page 7/14
[2026-02-06T16:58:32.024+0000] {subprocess.py:93} INFO - 2026-02-06 16:58:32,024 | INFO | laptops: Page 8/14
[2026-02-06T16:58:32.699+0000] {subprocess.py:93} INFO - 2026-02-06 16:58:32,698 | INFO | laptops: Page 9/14
[2026-02-06T16:58:33.326+0000] {subprocess.py:93} INFO - 2026-02-06 16:58:33,325 | INFO | laptops: Page 10/14
[2026-02-06T16:58:33.951+0000] {subprocess.py:93} INFO - 2026-02-06 16:58:33,950 | INFO | laptops: Page 11/14
[2026-02-06T16:58:34.618+0000] {subprocess.py:93} INFO - 2026-02-06 16:58:34,617 | INFO | laptops: Page 12/14
[2026-02-06T16:58:35.197+0000] {subprocess.py:93} INFO - 2026-02-06 16:58:35,197 | INFO | laptops: Page 13/14
[2026-02-06T16:58:35.881+0000] {subprocess.py:93} INFO - 2026-02-06 16:58:35,881 | INFO | laptops: Page 14/14
[2026-02-06T16:58:36.587+0000] {subprocess.py:93} INFO - 2026-02-06 16:58:36,586 | INFO | laptops: Fetching reviews
[2026-02-06T16:58:43.003+0000] {subprocess.py:93} INFO - 2026-02-06 16:58:43,002 | INFO | laptops: Saved 420 rows to /opt/***/dags/data/raw/laptops/laptops_2026-02-06.csv
[2026-02-06T16:58:43.004+0000] {subprocess.py:93} INFO - 2026-02-06 16:58:43,003 | INFO | Starting scrape for category: television
[2026-02-06T16:58:43.210+0000] {subprocess.py:93} INFO - 2026-02-06 16:58:43,209 | INFO | television: Page 1/7
[2026-02-06T16:58:43.687+0000] {subprocess.py:93} INFO - 2026-02-06 16:58:43,687 | INFO | television: Page 2/7
[2026-02-06T16:58:44.240+0000] {subprocess.py:93} INFO - 2026-02-06 16:58:44,239 | INFO | television: Page 3/7
[2026-02-06T16:58:44.824+0000] {subprocess.py:93} INFO - 2026-02-06 16:58:44,823 | INFO | television: Page 4/7
[2026-02-06T16:58:47.383+0000] {subprocess.py:93} INFO - 2026-02-06 16:58:47,383 | INFO | television: Page 5/7
[2026-02-06T16:58:48.080+0000] {subprocess.py:93} INFO - 2026-02-06 16:58:48,080 | INFO | television: Page 6/7
[2026-02-06T16:58:48.745+0000] {subprocess.py:93} INFO - 2026-02-06 16:58:48,744 | INFO | television: Page 7/7
[2026-02-06T16:58:49.357+0000] {subprocess.py:93} INFO - 2026-02-06 16:58:49,356 | INFO | television: Fetching reviews
[2026-02-06T16:58:52.591+0000] {subprocess.py:93} INFO - 2026-02-06 16:58:52,591 | INFO | television: Saved 210 rows to /opt/***/dags/data/raw/tvs/television_2026-02-06.csv
[2026-02-06T16:58:52.593+0000] {subprocess.py:93} INFO - 2026-02-06 16:58:52,591 | INFO | Starting scrape for category: refrigerator
[2026-02-06T16:58:52.906+0000] {subprocess.py:93} INFO - 2026-02-06 16:58:52,905 | INFO | refrigerator: Page 1/6
[2026-02-06T16:58:53.377+0000] {subprocess.py:93} INFO - 2026-02-06 16:58:53,377 | INFO | refrigerator: Page 2/6
[2026-02-06T16:58:54.034+0000] {subprocess.py:93} INFO - 2026-02-06 16:58:54,034 | INFO | refrigerator: Page 3/6
[2026-02-06T16:58:54.635+0000] {subprocess.py:93} INFO - 2026-02-06 16:58:54,634 | INFO | refrigerator: Page 4/6
[2026-02-06T16:58:55.216+0000] {subprocess.py:93} INFO - 2026-02-06 16:58:55,215 | INFO | refrigerator: Page 5/6
[2026-02-06T16:58:55.828+0000] {subprocess.py:93} INFO - 2026-02-06 16:58:55,828 | INFO | refrigerator: Page 6/6
[2026-02-06T16:58:56.422+0000] {subprocess.py:93} INFO - 2026-02-06 16:58:56,421 | INFO | refrigerator: Fetching reviews
[2026-02-06T16:58:59.119+0000] {subprocess.py:93} INFO - 2026-02-06 16:58:59,119 | INFO | refrigerator: Saved 180 rows to /opt/***/dags/data/raw/refrigerators/refrigerator_2026-02-06.csv
[2026-02-06T16:58:59.122+0000] {subprocess.py:93} INFO - 2026-02-06 16:58:59,120 | INFO | ===== SCRAPING FINISHED =====
[2026-02-06T16:58:59.165+0000] {subprocess.py:97} INFO - Command exited with return code 0
[2026-02-06T16:58:59.169+0000] {taskinstance.py:441} INFO - ::group::Post task execution logs
[2026-02-06T16:58:59.229+0000] {taskinstance.py:1206} INFO - Marking task as SUCCESS. dag_id=product_price_pipeline, task_id=scrape_data, run_id=scheduled__2026-02-04T21:00:00+00:00, execution_date=20260204T210000, start_date=20260206T165759, end_date=20260206T165859
[2026-02-06T16:58:59.299+0000] {local_task_job_runner.py:243} INFO - Task exited with return code 0
[2026-02-06T16:58:59.334+0000] {local_task_job_runner.py:222} INFO - ::endgroup::
