[2026-02-13T12:05:12.513+0000] {local_task_job_runner.py:120} INFO - ::group::Pre task execution logs
[2026-02-13T12:05:12.904+0000] {taskinstance.py:2076} INFO - Dependencies all met for dep_context=non-requeueable deps ti=<TaskInstance: product_price_pipeline.load_refrigerators manual__2026-02-13T12:04:50.772068+00:00 [queued]>
[2026-02-13T12:05:12.978+0000] {taskinstance.py:2076} INFO - Dependencies all met for dep_context=requeueable deps ti=<TaskInstance: product_price_pipeline.load_refrigerators manual__2026-02-13T12:04:50.772068+00:00 [queued]>
[2026-02-13T12:05:12.980+0000] {taskinstance.py:2306} INFO - Starting attempt 1 of 2
[2026-02-13T12:05:13.062+0000] {taskinstance.py:2330} INFO - Executing <Task(BashOperator): load_refrigerators> on 2026-02-13 12:04:50.772068+00:00
[2026-02-13T12:05:13.131+0000] {standard_task_runner.py:90} INFO - Running: ['***', 'tasks', 'run', 'product_price_pipeline', 'load_refrigerators', 'manual__2026-02-13T12:04:50.772068+00:00', '--job-id', '113', '--raw', '--subdir', 'DAGS_FOLDER/product_pipeline_dag.py', '--cfg-path', '/tmp/tmpgbr3cj4k']
[2026-02-13T12:05:13.140+0000] {logging_mixin.py:188} WARNING - /home/***/.local/lib/python3.12/site-packages/***/task/task_runner/standard_task_runner.py:62 DeprecationWarning: This process (pid=465) is multi-threaded, use of fork() may lead to deadlocks in the child.
[2026-02-13T12:05:13.154+0000] {standard_task_runner.py:91} INFO - Job 113: Subtask load_refrigerators
[2026-02-13T12:05:13.156+0000] {standard_task_runner.py:64} INFO - Started process 484 to run task
[2026-02-13T12:05:13.618+0000] {task_command.py:426} INFO - Running <TaskInstance: product_price_pipeline.load_refrigerators manual__2026-02-13T12:04:50.772068+00:00 [running]> on host c65c0f674c92
[2026-02-13T12:05:14.098+0000] {taskinstance.py:2648} INFO - Exporting env vars: AIRFLOW_CTX_DAG_OWNER='***' AIRFLOW_CTX_DAG_ID='product_price_pipeline' AIRFLOW_CTX_TASK_ID='load_refrigerators' AIRFLOW_CTX_EXECUTION_DATE='2026-02-13T12:04:50.772068+00:00' AIRFLOW_CTX_TRY_NUMBER='1' AIRFLOW_CTX_DAG_RUN_ID='manual__2026-02-13T12:04:50.772068+00:00'
[2026-02-13T12:05:14.104+0000] {taskinstance.py:430} INFO - ::endgroup::
[2026-02-13T12:05:14.177+0000] {subprocess.py:63} INFO - Tmp dir root location: /tmp
[2026-02-13T12:05:14.194+0000] {subprocess.py:75} INFO - Running command: ['/usr/bin/bash', '-c', 'python /opt/***/dags/scripts/loaders/load_refrigerators.py']
[2026-02-13T12:05:14.262+0000] {subprocess.py:86} INFO - Output:
[2026-02-13T12:05:22.290+0000] {subprocess.py:93} INFO - /opt/***/dags/scripts/loaders/load_refrigerators.py:35: RemovedIn20Warning: Deprecated API features detected! These feature(s) are not compatible with SQLAlchemy 2.0. To prevent incompatible upgrades prior to updating applications, ensure requirements files are pinned to "sqlalchemy<2.0". Set environment variable SQLALCHEMY_WARN_20=1 to show all deprecation warnings.  Set environment variable SQLALCHEMY_SILENCE_UBER_WARNING=1 to silence this message. (Background on SQLAlchemy 2.0 at: https://sqlalche.me/e/b8d9)
[2026-02-13T12:05:22.293+0000] {subprocess.py:93} INFO -   conn.execute("TRUNCATE TABLE refrigerators RESTART IDENTITY CASCADE")
[2026-02-13T12:05:22.449+0000] {subprocess.py:93} INFO - 🚀 Loading REFRIGERATORS data
[2026-02-13T12:05:22.450+0000] {subprocess.py:93} INFO - ✅ Refrigerators table refreshed successfully
[2026-02-13T12:05:22.864+0000] {subprocess.py:97} INFO - Command exited with return code 0
[2026-02-13T12:05:22.869+0000] {taskinstance.py:441} INFO - ::group::Post task execution logs
[2026-02-13T12:05:22.959+0000] {taskinstance.py:1206} INFO - Marking task as SUCCESS. dag_id=product_price_pipeline, task_id=load_refrigerators, run_id=manual__2026-02-13T12:04:50.772068+00:00, execution_date=20260213T120450, start_date=20260213T120512, end_date=20260213T120522
[2026-02-13T12:05:23.030+0000] {local_task_job_runner.py:243} INFO - Task exited with return code 0
[2026-02-13T12:05:23.083+0000] {taskinstance.py:3503} INFO - 0 downstream tasks scheduled from follow-on schedule check
[2026-02-13T12:05:23.088+0000] {local_task_job_runner.py:222} INFO - ::endgroup::
