[2026-02-12T14:53:50.220+0000] {local_task_job_runner.py:120} INFO - ::group::Pre task execution logs
[2026-02-12T14:53:51.460+0000] {taskinstance.py:2076} INFO - Dependencies all met for dep_context=non-requeueable deps ti=<TaskInstance: product_price_pipeline.clean_tvs manual__2026-02-12T14:53:00.088762+00:00 [queued]>
[2026-02-12T14:53:51.571+0000] {taskinstance.py:2076} INFO - Dependencies all met for dep_context=requeueable deps ti=<TaskInstance: product_price_pipeline.clean_tvs manual__2026-02-12T14:53:00.088762+00:00 [queued]>
[2026-02-12T14:53:51.575+0000] {taskinstance.py:2306} INFO - Starting attempt 1 of 2
[2026-02-12T14:53:51.850+0000] {taskinstance.py:2330} INFO - Executing <Task(BashOperator): clean_tvs> on 2026-02-12 14:53:00.088762+00:00
[2026-02-12T14:53:52.226+0000] {logging_mixin.py:188} WARNING - /home/***/.local/lib/python3.12/site-packages/***/task/task_runner/standard_task_runner.py:62 DeprecationWarning: This process (pid=537) is multi-threaded, use of fork() may lead to deadlocks in the child.
[2026-02-12T14:53:52.270+0000] {standard_task_runner.py:64} INFO - Started process 555 to run task
[2026-02-12T14:53:52.160+0000] {standard_task_runner.py:90} INFO - Running: ['***', 'tasks', 'run', 'product_price_pipeline', 'clean_tvs', 'manual__2026-02-12T14:53:00.088762+00:00', '--job-id', '62', '--raw', '--subdir', 'DAGS_FOLDER/product_pipeline_dag.py', '--cfg-path', '/tmp/tmpy3cceomo']
[2026-02-12T14:53:52.302+0000] {standard_task_runner.py:91} INFO - Job 62: Subtask clean_tvs
[2026-02-12T14:53:53.931+0000] {task_command.py:426} INFO - Running <TaskInstance: product_price_pipeline.clean_tvs manual__2026-02-12T14:53:00.088762+00:00 [running]> on host 649a5aa52f43
[2026-02-12T14:53:59.492+0000] {taskinstance.py:2648} INFO - Exporting env vars: AIRFLOW_CTX_DAG_OWNER='***' AIRFLOW_CTX_DAG_ID='product_price_pipeline' AIRFLOW_CTX_TASK_ID='clean_tvs' AIRFLOW_CTX_EXECUTION_DATE='2026-02-12T14:53:00.088762+00:00' AIRFLOW_CTX_TRY_NUMBER='1' AIRFLOW_CTX_DAG_RUN_ID='manual__2026-02-12T14:53:00.088762+00:00'
[2026-02-12T14:53:59.524+0000] {taskinstance.py:430} INFO - ::endgroup::
[2026-02-12T14:53:59.978+0000] {subprocess.py:63} INFO - Tmp dir root location: /tmp
[2026-02-12T14:54:00.042+0000] {subprocess.py:75} INFO - Running command: ['/usr/bin/bash', '-c', 'python /opt/***/dags/scripts/cleaning/clean_tvs.py']
[2026-02-12T14:54:00.342+0000] {subprocess.py:86} INFO - Output:
[2026-02-12T14:54:23.786+0000] {subprocess.py:93} INFO - 🔥 clean_tvs.py STARTED 🔥
[2026-02-12T14:54:23.853+0000] {subprocess.py:93} INFO - 📥 INPUT FILE: /opt/***/dags/data/raw/tvs/television_2026-02-11.csv
[2026-02-12T14:54:23.885+0000] {subprocess.py:93} INFO - 📊 Rows loaded: 210
[2026-02-12T14:54:23.903+0000] {subprocess.py:93} INFO - ✅ CLEAN FILE SAVED: /opt/***/dags/data/clean/tvs_cleaned_television_2026-02-11.csv
[2026-02-12T14:54:23.939+0000] {subprocess.py:93} INFO - 🔥 clean_tvs.py FINISHED 🔥
[2026-02-12T14:54:25.652+0000] {subprocess.py:97} INFO - Command exited with return code 0
[2026-02-12T14:54:25.714+0000] {taskinstance.py:441} INFO - ::group::Post task execution logs
[2026-02-12T14:54:27.394+0000] {taskinstance.py:1206} INFO - Marking task as SUCCESS. dag_id=product_price_pipeline, task_id=clean_tvs, run_id=manual__2026-02-12T14:53:00.088762+00:00, execution_date=20260212T145300, start_date=20260212T145351, end_date=20260212T145427
[2026-02-12T14:54:28.884+0000] {local_task_job_runner.py:243} INFO - Task exited with return code 0
[2026-02-12T14:54:29.635+0000] {local_task_job_runner.py:222} INFO - ::endgroup::
