[2026-02-07T04:58:31.501+0000] {local_task_job_runner.py:120} INFO - ::group::Pre task execution logs
[2026-02-07T04:58:31.780+0000] {taskinstance.py:2076} INFO - Dependencies all met for dep_context=non-requeueable deps ti=<TaskInstance: product_price_pipeline.scrape_data scheduled__2026-02-05T21:00:00+00:00 [queued]>
[2026-02-07T04:58:31.799+0000] {taskinstance.py:2076} INFO - Dependencies all met for dep_context=requeueable deps ti=<TaskInstance: product_price_pipeline.scrape_data scheduled__2026-02-05T21:00:00+00:00 [queued]>
[2026-02-07T04:58:31.801+0000] {taskinstance.py:2306} INFO - Starting attempt 2 of 2
[2026-02-07T04:58:31.839+0000] {taskinstance.py:2330} INFO - Executing <Task(BashOperator): scrape_data> on 2026-02-05 21:00:00+00:00
[2026-02-07T04:58:31.863+0000] {logging_mixin.py:188} WARNING - /home/***/.local/lib/python3.12/site-packages/***/task/task_runner/standard_task_runner.py:62 DeprecationWarning: This process (pid=359) is multi-threaded, use of fork() may lead to deadlocks in the child.
[2026-02-07T04:58:31.860+0000] {standard_task_runner.py:90} INFO - Running: ['***', 'tasks', 'run', 'product_price_pipeline', 'scrape_data', 'scheduled__2026-02-05T21:00:00+00:00', '--job-id', '41', '--raw', '--subdir', 'DAGS_FOLDER/product_pipeline_dag.py', '--cfg-path', '/tmp/tmp3cr904fe']
[2026-02-07T04:58:31.865+0000] {standard_task_runner.py:64} INFO - Started process 360 to run task
[2026-02-07T04:58:31.865+0000] {standard_task_runner.py:91} INFO - Job 41: Subtask scrape_data
[2026-02-07T04:58:31.996+0000] {task_command.py:426} INFO - Running <TaskInstance: product_price_pipeline.scrape_data scheduled__2026-02-05T21:00:00+00:00 [running]> on host 98d950a68588
[2026-02-07T04:58:32.179+0000] {taskinstance.py:2648} INFO - Exporting env vars: AIRFLOW_CTX_DAG_OWNER='***' AIRFLOW_CTX_DAG_ID='product_price_pipeline' AIRFLOW_CTX_TASK_ID='scrape_data' AIRFLOW_CTX_EXECUTION_DATE='2026-02-05T21:00:00+00:00' AIRFLOW_CTX_TRY_NUMBER='2' AIRFLOW_CTX_DAG_RUN_ID='scheduled__2026-02-05T21:00:00+00:00'
[2026-02-07T04:58:32.181+0000] {taskinstance.py:430} INFO - ::endgroup::
[2026-02-07T04:58:32.263+0000] {subprocess.py:63} INFO - Tmp dir root location: /tmp
[2026-02-07T04:58:32.269+0000] {subprocess.py:75} INFO - Running command: ['/usr/bin/bash', '-c', 'python /opt/***/dags/all_data.py']
[2026-02-07T04:58:32.313+0000] {subprocess.py:86} INFO - Output:
[2026-02-07T04:58:33.933+0000] {subprocess.py:93} INFO - 2026-02-07 04:58:33,932 | INFO | ===== SCRAPING STARTED =====
[2026-02-07T04:58:33.934+0000] {subprocess.py:93} INFO - 2026-02-07 04:58:33,932 | INFO | Starting scrape for category: mobiles
[2026-02-07T04:58:35.048+0000] {subprocess.py:93} INFO - 2026-02-07 04:58:35,048 | INFO | mobiles: Page 1/25
[2026-02-07T04:58:36.335+0000] {subprocess.py:93} INFO - 2026-02-07 04:58:36,335 | INFO | mobiles: Page 2/25
[2026-02-07T04:58:37.706+0000] {subprocess.py:93} INFO - 2026-02-07 04:58:37,706 | INFO | mobiles: Page 3/25
[2026-02-07T04:58:38.363+0000] {subprocess.py:93} INFO - 2026-02-07 04:58:38,363 | INFO | mobiles: Page 4/25
[2026-02-07T04:58:39.006+0000] {subprocess.py:93} INFO - 2026-02-07 04:58:39,006 | INFO | mobiles: Page 5/25
[2026-02-07T04:58:39.619+0000] {subprocess.py:93} INFO - 2026-02-07 04:58:39,618 | INFO | mobiles: Page 6/25
[2026-02-07T04:58:40.350+0000] {subprocess.py:93} INFO - 2026-02-07 04:58:40,350 | INFO | mobiles: Page 7/25
[2026-02-07T04:58:41.020+0000] {subprocess.py:93} INFO - 2026-02-07 04:58:41,019 | INFO | mobiles: Page 8/25
[2026-02-07T04:58:42.265+0000] {subprocess.py:93} INFO - 2026-02-07 04:58:42,264 | INFO | mobiles: Page 9/25
[2026-02-07T04:58:43.512+0000] {subprocess.py:93} INFO - 2026-02-07 04:58:43,511 | INFO | mobiles: Page 10/25
[2026-02-07T04:58:44.204+0000] {subprocess.py:93} INFO - 2026-02-07 04:58:44,200 | INFO | mobiles: Page 11/25
[2026-02-07T04:58:44.885+0000] {subprocess.py:93} INFO - 2026-02-07 04:58:44,884 | INFO | mobiles: Page 12/25
[2026-02-07T04:58:45.769+0000] {subprocess.py:93} INFO - 2026-02-07 04:58:45,769 | INFO | mobiles: Page 13/25
[2026-02-07T04:58:47.689+0000] {subprocess.py:93} INFO - 2026-02-07 04:58:47,687 | INFO | mobiles: Page 14/25
[2026-02-07T04:58:49.026+0000] {subprocess.py:93} INFO - 2026-02-07 04:58:49,025 | INFO | mobiles: Page 15/25
[2026-02-07T04:58:49.640+0000] {subprocess.py:93} INFO - 2026-02-07 04:58:49,639 | INFO | mobiles: Page 16/25
[2026-02-07T04:58:50.295+0000] {subprocess.py:93} INFO - 2026-02-07 04:58:50,295 | INFO | mobiles: Page 17/25
[2026-02-07T04:58:50.985+0000] {subprocess.py:93} INFO - 2026-02-07 04:58:50,985 | INFO | mobiles: Page 18/25
[2026-02-07T04:58:51.622+0000] {subprocess.py:93} INFO - 2026-02-07 04:58:51,622 | INFO | mobiles: Page 19/25
[2026-02-07T04:58:52.296+0000] {subprocess.py:93} INFO - 2026-02-07 04:58:52,295 | INFO | mobiles: Page 20/25
[2026-02-07T04:58:53.103+0000] {subprocess.py:93} INFO - 2026-02-07 04:58:53,103 | INFO | mobiles: Page 21/25
[2026-02-07T04:58:54.252+0000] {subprocess.py:93} INFO - 2026-02-07 04:58:54,252 | INFO | mobiles: Page 22/25
[2026-02-07T04:58:54.910+0000] {subprocess.py:93} INFO - 2026-02-07 04:58:54,909 | INFO | mobiles: Page 23/25
[2026-02-07T04:58:55.529+0000] {subprocess.py:93} INFO - 2026-02-07 04:58:55,528 | INFO | mobiles: Page 24/25
[2026-02-07T04:58:56.152+0000] {subprocess.py:93} INFO - 2026-02-07 04:58:56,151 | INFO | mobiles: Page 25/25
[2026-02-07T04:58:57.473+0000] {subprocess.py:93} INFO - 2026-02-07 04:58:57,472 | INFO | mobiles: Fetching reviews
[2026-02-07T04:59:13.612+0000] {subprocess.py:93} INFO - 2026-02-07 04:59:13,611 | INFO | mobiles: Saved 750 rows to /opt/***/dags/data/raw/mobiles/mobiles_2026-02-07.csv
[2026-02-07T04:59:13.615+0000] {subprocess.py:93} INFO - 2026-02-07 04:59:13,613 | INFO | Starting scrape for category: laptops
[2026-02-07T04:59:14.556+0000] {subprocess.py:93} INFO - 2026-02-07 04:59:14,556 | INFO | laptops: Page 1/14
[2026-02-07T04:59:15.521+0000] {subprocess.py:93} INFO - 2026-02-07 04:59:15,520 | INFO | laptops: Page 2/14
[2026-02-07T04:59:16.463+0000] {subprocess.py:93} INFO - 2026-02-07 04:59:16,463 | INFO | laptops: Page 3/14
[2026-02-07T04:59:17.601+0000] {subprocess.py:93} INFO - 2026-02-07 04:59:17,600 | INFO | laptops: Page 4/14
[2026-02-07T04:59:20.187+0000] {subprocess.py:93} INFO - 2026-02-07 04:59:20,187 | INFO | laptops: Page 5/14
[2026-02-07T04:59:21.387+0000] {subprocess.py:93} INFO - 2026-02-07 04:59:21,386 | INFO | laptops: Page 6/14
[2026-02-07T04:59:22.347+0000] {subprocess.py:93} INFO - 2026-02-07 04:59:22,346 | INFO | laptops: Page 7/14
[2026-02-07T04:59:23.626+0000] {subprocess.py:93} INFO - 2026-02-07 04:59:23,625 | INFO | laptops: Page 8/14
[2026-02-07T04:59:24.746+0000] {subprocess.py:93} INFO - 2026-02-07 04:59:24,745 | INFO | laptops: Page 9/14
[2026-02-07T04:59:25.464+0000] {subprocess.py:93} INFO - 2026-02-07 04:59:25,464 | INFO | laptops: Page 10/14
[2026-02-07T04:59:26.073+0000] {subprocess.py:93} INFO - 2026-02-07 04:59:26,073 | INFO | laptops: Page 11/14
[2026-02-07T04:59:26.674+0000] {subprocess.py:93} INFO - 2026-02-07 04:59:26,673 | INFO | laptops: Page 12/14
[2026-02-07T04:59:27.303+0000] {subprocess.py:93} INFO - 2026-02-07 04:59:27,302 | INFO | laptops: Page 13/14
[2026-02-07T04:59:27.908+0000] {subprocess.py:93} INFO - 2026-02-07 04:59:27,908 | INFO | laptops: Page 14/14
[2026-02-07T04:59:28.510+0000] {subprocess.py:93} INFO - 2026-02-07 04:59:28,509 | INFO | laptops: Fetching reviews
[2026-02-07T04:59:35.899+0000] {subprocess.py:93} INFO - 2026-02-07 04:59:35,899 | INFO | laptops: Saved 420 rows to /opt/***/dags/data/raw/laptops/laptops_2026-02-07.csv
[2026-02-07T04:59:35.901+0000] {subprocess.py:93} INFO - 2026-02-07 04:59:35,900 | INFO | Starting scrape for category: television
[2026-02-07T04:59:36.689+0000] {subprocess.py:93} INFO - 2026-02-07 04:59:36,689 | INFO | television: Page 1/7
[2026-02-07T04:59:37.881+0000] {subprocess.py:93} INFO - 2026-02-07 04:59:37,881 | INFO | television: Page 2/7
[2026-02-07T04:59:38.553+0000] {subprocess.py:93} INFO - 2026-02-07 04:59:38,552 | INFO | television: Page 3/7
[2026-02-07T04:59:39.258+0000] {subprocess.py:93} INFO - 2026-02-07 04:59:39,258 | INFO | television: Page 4/7
[2026-02-07T04:59:39.979+0000] {subprocess.py:93} INFO - 2026-02-07 04:59:39,978 | INFO | television: Page 5/7
[2026-02-07T04:59:40.714+0000] {subprocess.py:93} INFO - 2026-02-07 04:59:40,713 | INFO | television: Page 6/7
[2026-02-07T04:59:41.391+0000] {subprocess.py:93} INFO - 2026-02-07 04:59:41,390 | INFO | television: Page 7/7
[2026-02-07T04:59:42.033+0000] {subprocess.py:93} INFO - 2026-02-07 04:59:42,033 | INFO | television: Fetching reviews
[2026-02-07T04:59:45.242+0000] {subprocess.py:93} INFO - 2026-02-07 04:59:45,242 | INFO | television: Saved 210 rows to /opt/***/dags/data/raw/tvs/television_2026-02-07.csv
[2026-02-07T04:59:45.244+0000] {subprocess.py:93} INFO - 2026-02-07 04:59:45,242 | INFO | Starting scrape for category: refrigerator
[2026-02-07T04:59:45.571+0000] {subprocess.py:93} INFO - 2026-02-07 04:59:45,571 | INFO | refrigerator: Page 1/6
[2026-02-07T04:59:46.059+0000] {subprocess.py:93} INFO - 2026-02-07 04:59:46,058 | INFO | refrigerator: Page 2/6
[2026-02-07T04:59:46.680+0000] {subprocess.py:93} INFO - 2026-02-07 04:59:46,679 | INFO | refrigerator: Page 3/6
[2026-02-07T04:59:47.344+0000] {subprocess.py:93} INFO - 2026-02-07 04:59:47,343 | INFO | refrigerator: Page 4/6
[2026-02-07T04:59:47.961+0000] {subprocess.py:93} INFO - 2026-02-07 04:59:47,960 | INFO | refrigerator: Page 5/6
[2026-02-07T04:59:48.565+0000] {subprocess.py:93} INFO - 2026-02-07 04:59:48,563 | INFO | refrigerator: Page 6/6
[2026-02-07T04:59:49.190+0000] {subprocess.py:93} INFO - 2026-02-07 04:59:49,190 | INFO | refrigerator: Fetching reviews
[2026-02-07T04:59:53.313+0000] {subprocess.py:93} INFO - 2026-02-07 04:59:53,312 | INFO | refrigerator: Saved 180 rows to /opt/***/dags/data/raw/refrigerators/refrigerator_2026-02-07.csv
[2026-02-07T04:59:53.315+0000] {subprocess.py:93} INFO - 2026-02-07 04:59:53,313 | INFO | ===== SCRAPING FINISHED =====
[2026-02-07T04:59:53.422+0000] {subprocess.py:97} INFO - Command exited with return code 0
[2026-02-07T04:59:53.446+0000] {taskinstance.py:441} INFO - ::group::Post task execution logs
[2026-02-07T04:59:53.604+0000] {taskinstance.py:1206} INFO - Marking task as SUCCESS. dag_id=product_price_pipeline, task_id=scrape_data, run_id=scheduled__2026-02-05T21:00:00+00:00, execution_date=20260205T210000, start_date=20260207T045831, end_date=20260207T045953
[2026-02-07T04:59:53.752+0000] {local_task_job_runner.py:243} INFO - Task exited with return code 0
[2026-02-07T04:59:53.867+0000] {taskinstance.py:3503} INFO - 1 downstream tasks scheduled from follow-on schedule check
[2026-02-07T04:59:53.874+0000] {local_task_job_runner.py:222} INFO - ::endgroup::
[2026-02-07T06:44:02.918+0000] {local_task_job_runner.py:120} INFO - ::group::Pre task execution logs
[2026-02-07T06:44:03.476+0000] {taskinstance.py:2076} INFO - Dependencies all met for dep_context=non-requeueable deps ti=<TaskInstance: product_price_pipeline.scrape_data scheduled__2026-02-05T21:00:00+00:00 [queued]>
[2026-02-07T06:44:03.532+0000] {taskinstance.py:2076} INFO - Dependencies all met for dep_context=requeueable deps ti=<TaskInstance: product_price_pipeline.scrape_data scheduled__2026-02-05T21:00:00+00:00 [queued]>
[2026-02-07T06:44:03.534+0000] {taskinstance.py:2306} INFO - Starting attempt 2 of 2
[2026-02-07T06:44:03.677+0000] {taskinstance.py:2330} INFO - Executing <Task(BashOperator): scrape_data> on 2026-02-05 21:00:00+00:00
[2026-02-07T06:44:03.748+0000] {logging_mixin.py:188} WARNING - /home/***/.local/lib/python3.12/site-packages/***/task/task_runner/standard_task_runner.py:62 DeprecationWarning: This process (pid=502) is multi-threaded, use of fork() may lead to deadlocks in the child.
[2026-02-07T06:44:03.733+0000] {standard_task_runner.py:90} INFO - Running: ['***', 'tasks', 'run', 'product_price_pipeline', 'scrape_data', 'scheduled__2026-02-05T21:00:00+00:00', '--job-id', '80', '--raw', '--subdir', 'DAGS_FOLDER/product_pipeline_dag.py', '--cfg-path', '/tmp/tmpvb9fvmnt']
[2026-02-07T06:44:03.755+0000] {standard_task_runner.py:64} INFO - Started process 503 to run task
[2026-02-07T06:44:03.758+0000] {standard_task_runner.py:91} INFO - Job 80: Subtask scrape_data
[2026-02-07T06:44:04.010+0000] {task_command.py:426} INFO - Running <TaskInstance: product_price_pipeline.scrape_data scheduled__2026-02-05T21:00:00+00:00 [running]> on host 19af76d7baae
[2026-02-07T06:44:04.412+0000] {taskinstance.py:2648} INFO - Exporting env vars: AIRFLOW_CTX_DAG_OWNER='***' AIRFLOW_CTX_DAG_ID='product_price_pipeline' AIRFLOW_CTX_TASK_ID='scrape_data' AIRFLOW_CTX_EXECUTION_DATE='2026-02-05T21:00:00+00:00' AIRFLOW_CTX_TRY_NUMBER='2' AIRFLOW_CTX_DAG_RUN_ID='scheduled__2026-02-05T21:00:00+00:00'
[2026-02-07T06:44:04.418+0000] {taskinstance.py:430} INFO - ::endgroup::
[2026-02-07T06:44:04.574+0000] {subprocess.py:63} INFO - Tmp dir root location: /tmp
[2026-02-07T06:44:04.585+0000] {subprocess.py:75} INFO - Running command: ['/usr/bin/bash', '-c', 'python /opt/***/dags/all_data.py']
[2026-02-07T06:44:04.662+0000] {subprocess.py:86} INFO - Output:
[2026-02-07T06:44:07.820+0000] {subprocess.py:93} INFO - 2026-02-07 06:44:07,820 | INFO | ===== SCRAPING STARTED =====
[2026-02-07T06:44:07.824+0000] {subprocess.py:93} INFO - 2026-02-07 06:44:07,820 | INFO | Starting scrape for category: mobiles
[2026-02-07T06:44:11.669+0000] {subprocess.py:93} INFO - 2026-02-07 06:44:11,668 | INFO | mobiles: Page 1/25
[2026-02-07T06:44:12.647+0000] {subprocess.py:93} INFO - 2026-02-07 06:44:12,647 | INFO | mobiles: Page 2/25
[2026-02-07T06:44:16.205+0000] {subprocess.py:93} INFO - 2026-02-07 06:44:16,205 | INFO | mobiles: Page 3/25
[2026-02-07T06:44:18.435+0000] {subprocess.py:93} INFO - 2026-02-07 06:44:18,435 | INFO | mobiles: Page 4/25
[2026-02-07T06:44:19.191+0000] {subprocess.py:93} INFO - 2026-02-07 06:44:19,191 | INFO | mobiles: Page 5/25
[2026-02-07T06:44:20.023+0000] {subprocess.py:93} INFO - 2026-02-07 06:44:20,023 | INFO | mobiles: Page 6/25
[2026-02-07T06:44:21.077+0000] {subprocess.py:93} INFO - 2026-02-07 06:44:21,077 | INFO | mobiles: Page 7/25
[2026-02-07T06:44:21.619+0000] {subprocess.py:93} INFO - 2026-02-07 06:44:21,618 | INFO | mobiles: Page 8/25
[2026-02-07T06:44:22.198+0000] {subprocess.py:93} INFO - 2026-02-07 06:44:22,197 | INFO | mobiles: Page 9/25
[2026-02-07T06:44:22.763+0000] {subprocess.py:93} INFO - 2026-02-07 06:44:22,762 | INFO | mobiles: Page 10/25
[2026-02-07T06:44:28.125+0000] {subprocess.py:93} INFO - 2026-02-07 06:44:28,124 | INFO | mobiles: Page 11/25
[2026-02-07T06:44:29.844+0000] {subprocess.py:93} INFO - 2026-02-07 06:44:29,844 | INFO | mobiles: Page 12/25
[2026-02-07T06:44:30.867+0000] {subprocess.py:93} INFO - 2026-02-07 06:44:30,866 | INFO | mobiles: Page 13/25
[2026-02-07T06:44:33.287+0000] {subprocess.py:93} INFO - 2026-02-07 06:44:33,287 | INFO | mobiles: Page 14/25
[2026-02-07T06:44:33.932+0000] {subprocess.py:93} INFO - 2026-02-07 06:44:33,932 | INFO | mobiles: Page 15/25
[2026-02-07T06:44:34.471+0000] {subprocess.py:93} INFO - 2026-02-07 06:44:34,471 | INFO | mobiles: Page 16/25
[2026-02-07T06:44:35.264+0000] {subprocess.py:93} INFO - 2026-02-07 06:44:35,263 | INFO | mobiles: Page 17/25
[2026-02-07T06:44:36.966+0000] {subprocess.py:93} INFO - 2026-02-07 06:44:36,966 | INFO | mobiles: Page 18/25
[2026-02-07T06:44:40.121+0000] {subprocess.py:93} INFO - 2026-02-07 06:44:40,121 | INFO | mobiles: Page 19/25
[2026-02-07T06:44:43.467+0000] {subprocess.py:93} INFO - 2026-02-07 06:44:43,467 | INFO | mobiles: Page 20/25
[2026-02-07T06:44:45.884+0000] {subprocess.py:93} INFO - 2026-02-07 06:44:45,884 | INFO | mobiles: Page 21/25
[2026-02-07T06:44:47.339+0000] {subprocess.py:93} INFO - 2026-02-07 06:44:47,338 | INFO | mobiles: Page 22/25
[2026-02-07T06:44:48.219+0000] {subprocess.py:93} INFO - 2026-02-07 06:44:48,218 | INFO | mobiles: Page 23/25
[2026-02-07T06:44:50.501+0000] {subprocess.py:93} INFO - 2026-02-07 06:44:50,501 | INFO | mobiles: Page 24/25
[2026-02-07T06:44:50.991+0000] {subprocess.py:93} INFO - 2026-02-07 06:44:50,991 | INFO | mobiles: Page 25/25
[2026-02-07T06:44:51.494+0000] {subprocess.py:93} INFO - 2026-02-07 06:44:51,494 | INFO | mobiles: Fetching reviews
[2026-02-07T06:45:42.834+0000] {subprocess.py:93} INFO - 2026-02-07 06:45:42,833 | INFO | mobiles: Saved 750 rows to /opt/***/dags/data/raw/mobiles/mobiles_2026-02-07.csv
[2026-02-07T06:45:42.841+0000] {subprocess.py:93} INFO - 2026-02-07 06:45:42,836 | INFO | Starting scrape for category: laptops
[2026-02-07T06:45:43.797+0000] {subprocess.py:93} INFO - 2026-02-07 06:45:43,797 | INFO | laptops: Page 1/14
[2026-02-07T06:45:48.093+0000] {subprocess.py:93} INFO - 2026-02-07 06:45:48,093 | INFO | laptops: Page 2/14
[2026-02-07T06:45:51.202+0000] {subprocess.py:93} INFO - 2026-02-07 06:45:51,201 | INFO | laptops: Page 3/14
[2026-02-07T06:45:55.928+0000] {subprocess.py:93} INFO - 2026-02-07 06:45:55,928 | INFO | laptops: Page 4/14
[2026-02-07T06:45:58.073+0000] {subprocess.py:93} INFO - 2026-02-07 06:45:58,073 | INFO | laptops: Page 5/14
[2026-02-07T06:45:59.169+0000] {subprocess.py:93} INFO - 2026-02-07 06:45:59,168 | INFO | laptops: Page 6/14
[2026-02-07T06:46:00.028+0000] {subprocess.py:93} INFO - 2026-02-07 06:46:00,027 | INFO | laptops: Page 7/14
[2026-02-07T06:46:01.218+0000] {subprocess.py:93} INFO - 2026-02-07 06:46:01,217 | INFO | laptops: Page 8/14
[2026-02-07T06:46:01.758+0000] {subprocess.py:93} INFO - 2026-02-07 06:46:01,757 | INFO | laptops: Page 9/14
[2026-02-07T06:46:02.278+0000] {subprocess.py:93} INFO - 2026-02-07 06:46:02,278 | INFO | laptops: Page 10/14
[2026-02-07T06:46:02.825+0000] {subprocess.py:93} INFO - 2026-02-07 06:46:02,823 | INFO | laptops: Page 11/14
[2026-02-07T06:46:05.922+0000] {subprocess.py:93} INFO - 2026-02-07 06:46:05,921 | INFO | laptops: Page 12/14
[2026-02-07T06:46:16.241+0000] {subprocess.py:93} INFO - 2026-02-07 06:46:16,240 | INFO | laptops: Page 13/14
[2026-02-07T06:46:16.927+0000] {subprocess.py:93} INFO - 2026-02-07 06:46:16,926 | INFO | laptops: Page 14/14
[2026-02-07T06:46:21.125+0000] {subprocess.py:93} INFO - 2026-02-07 06:46:21,124 | INFO | laptops: Fetching reviews
[2026-02-07T06:46:44.470+0000] {subprocess.py:93} INFO - 2026-02-07 06:46:44,464 | INFO | laptops: Saved 420 rows to /opt/***/dags/data/raw/laptops/laptops_2026-02-07.csv
[2026-02-07T06:46:44.481+0000] {subprocess.py:93} INFO - 2026-02-07 06:46:44,469 | INFO | Starting scrape for category: television
[2026-02-07T06:46:45.416+0000] {subprocess.py:93} INFO - 2026-02-07 06:46:45,415 | INFO | television: Page 1/7
[2026-02-07T06:46:47.035+0000] {subprocess.py:93} INFO - 2026-02-07 06:46:47,034 | INFO | television: Page 2/7
[2026-02-07T06:46:47.945+0000] {subprocess.py:93} INFO - 2026-02-07 06:46:47,944 | INFO | television: Page 3/7
[2026-02-07T06:46:51.579+0000] {subprocess.py:93} INFO - 2026-02-07 06:46:51,579 | INFO | television: Page 4/7
[2026-02-07T06:47:00.725+0000] {subprocess.py:93} INFO - 2026-02-07 06:47:00,724 | INFO | television: Page 5/7
[2026-02-07T06:47:01.298+0000] {subprocess.py:93} INFO - 2026-02-07 06:47:01,298 | INFO | television: Page 6/7
[2026-02-07T06:47:02.290+0000] {subprocess.py:93} INFO - 2026-02-07 06:47:02,288 | INFO | television: Page 7/7
[2026-02-07T06:47:02.856+0000] {subprocess.py:93} INFO - 2026-02-07 06:47:02,856 | INFO | television: Fetching reviews
[2026-02-07T06:47:10.037+0000] {subprocess.py:93} INFO - 2026-02-07 06:47:10,036 | INFO | television: Saved 210 rows to /opt/***/dags/data/raw/tvs/television_2026-02-07.csv
[2026-02-07T06:47:10.040+0000] {subprocess.py:93} INFO - 2026-02-07 06:47:10,037 | INFO | Starting scrape for category: refrigerator
[2026-02-07T06:47:11.204+0000] {subprocess.py:93} INFO - 2026-02-07 06:47:11,203 | INFO | refrigerator: Page 1/6
[2026-02-07T06:47:12.209+0000] {subprocess.py:93} INFO - 2026-02-07 06:47:12,208 | INFO | refrigerator: Page 2/6
[2026-02-07T06:47:16.465+0000] {subprocess.py:93} INFO - 2026-02-07 06:47:16,464 | INFO | refrigerator: Page 3/6
[2026-02-07T06:47:38.655+0000] {subprocess.py:93} INFO - 2026-02-07 06:47:38,654 | INFO | refrigerator: Page 4/6
[2026-02-07T06:47:43.357+0000] {subprocess.py:93} INFO - 2026-02-07 06:47:43,357 | INFO | refrigerator: Page 5/6
[2026-02-07T06:47:45.712+0000] {subprocess.py:93} INFO - 2026-02-07 06:47:45,710 | INFO | refrigerator: Page 6/6
[2026-02-07T06:47:46.611+0000] {subprocess.py:93} INFO - 2026-02-07 06:47:46,611 | INFO | refrigerator: Fetching reviews
[2026-02-07T06:47:57.502+0000] {subprocess.py:93} INFO - 2026-02-07 06:47:57,500 | INFO | refrigerator: Saved 180 rows to /opt/***/dags/data/raw/refrigerators/refrigerator_2026-02-07.csv
[2026-02-07T06:47:57.505+0000] {subprocess.py:93} INFO - 2026-02-07 06:47:57,503 | INFO | ===== SCRAPING FINISHED =====
[2026-02-07T06:47:57.810+0000] {subprocess.py:97} INFO - Command exited with return code 0
[2026-02-07T06:47:57.845+0000] {taskinstance.py:441} INFO - ::group::Post task execution logs
[2026-02-07T06:47:58.226+0000] {taskinstance.py:1206} INFO - Marking task as SUCCESS. dag_id=product_price_pipeline, task_id=scrape_data, run_id=scheduled__2026-02-05T21:00:00+00:00, execution_date=20260205T210000, start_date=20260207T064403, end_date=20260207T064758
[2026-02-07T06:47:58.443+0000] {local_task_job_runner.py:243} INFO - Task exited with return code 0
[2026-02-07T06:47:58.673+0000] {taskinstance.py:3503} INFO - 1 downstream tasks scheduled from follow-on schedule check
[2026-02-07T06:47:58.678+0000] {local_task_job_runner.py:222} INFO - ::endgroup::
