[2026-02-06T22:34:58.640+0000] {local_task_job_runner.py:120} INFO - ::group::Pre task execution logs
[2026-02-06T22:34:59.087+0000] {taskinstance.py:2076} INFO - Dependencies all met for dep_context=non-requeueable deps ti=<TaskInstance: product_price_pipeline.scrape_data scheduled__2026-02-05T21:00:00+00:00 [queued]>
[2026-02-06T22:34:59.147+0000] {taskinstance.py:2076} INFO - Dependencies all met for dep_context=requeueable deps ti=<TaskInstance: product_price_pipeline.scrape_data scheduled__2026-02-05T21:00:00+00:00 [queued]>
[2026-02-06T22:34:59.162+0000] {taskinstance.py:2306} INFO - Starting attempt 1 of 2
[2026-02-06T22:34:59.260+0000] {taskinstance.py:2330} INFO - Executing <Task(BashOperator): scrape_data> on 2026-02-05 21:00:00+00:00
[2026-02-06T22:34:59.352+0000] {standard_task_runner.py:90} INFO - Running: ['***', 'tasks', 'run', 'product_price_pipeline', 'scrape_data', 'scheduled__2026-02-05T21:00:00+00:00', '--job-id', '40', '--raw', '--subdir', 'DAGS_FOLDER/product_pipeline_dag.py', '--cfg-path', '/tmp/tmpsulsaee3']
[2026-02-06T22:34:59.374+0000] {standard_task_runner.py:91} INFO - Job 40: Subtask scrape_data
[2026-02-06T22:34:59.384+0000] {logging_mixin.py:188} WARNING - /home/***/.local/lib/python3.12/site-packages/***/task/task_runner/standard_task_runner.py:62 DeprecationWarning: This process (pid=302) is multi-threaded, use of fork() may lead to deadlocks in the child.
[2026-02-06T22:34:59.388+0000] {standard_task_runner.py:64} INFO - Started process 307 to run task
[2026-02-06T22:34:59.730+0000] {task_command.py:426} INFO - Running <TaskInstance: product_price_pipeline.scrape_data scheduled__2026-02-05T21:00:00+00:00 [running]> on host 98d950a68588
[2026-02-06T22:35:00.004+0000] {taskinstance.py:2648} INFO - Exporting env vars: AIRFLOW_CTX_DAG_OWNER='***' AIRFLOW_CTX_DAG_ID='product_price_pipeline' AIRFLOW_CTX_TASK_ID='scrape_data' AIRFLOW_CTX_EXECUTION_DATE='2026-02-05T21:00:00+00:00' AIRFLOW_CTX_TRY_NUMBER='1' AIRFLOW_CTX_DAG_RUN_ID='scheduled__2026-02-05T21:00:00+00:00'
[2026-02-06T22:35:00.006+0000] {taskinstance.py:430} INFO - ::endgroup::
[2026-02-06T22:35:00.047+0000] {subprocess.py:63} INFO - Tmp dir root location: /tmp
[2026-02-06T22:35:00.053+0000] {subprocess.py:75} INFO - Running command: ['/usr/bin/bash', '-c', 'python /opt/***/dags/all_data.py']
[2026-02-06T22:35:00.077+0000] {subprocess.py:86} INFO - Output:
[2026-02-06T22:35:01.870+0000] {subprocess.py:93} INFO - 2026-02-06 22:35:01,870 | INFO | ===== SCRAPING STARTED =====
[2026-02-06T22:35:01.871+0000] {subprocess.py:93} INFO - 2026-02-06 22:35:01,870 | INFO | Starting scrape for category: mobiles
[2026-02-06T22:35:02.376+0000] {subprocess.py:93} INFO - 2026-02-06 22:35:02,376 | INFO | mobiles: Page 1/25
[2026-02-06T22:35:02.869+0000] {subprocess.py:93} INFO - 2026-02-06 22:35:02,868 | INFO | mobiles: Page 2/25
[2026-02-06T22:35:03.785+0000] {subprocess.py:93} INFO - Traceback (most recent call last):
[2026-02-06T22:35:03.791+0000] {subprocess.py:93} INFO -   File "/home/***/.local/lib/python3.12/site-packages/urllib3/connection.py", line 203, in _new_conn
[2026-02-06T22:35:03.814+0000] {subprocess.py:93} INFO -     sock = connection.create_connection(
[2026-02-06T22:35:03.823+0000] {subprocess.py:93} INFO -            ^^^^^^^^^^^^^^^^^^^^^^^^^^^^^
[2026-02-07T04:53:25.098+0000] {subprocess.py:93} INFO -   File "/home/***/.local/lib/python3.12/site-packages/urllib3/util/connection.py", line 60, in create_connection
[2026-02-07T04:53:25.205+0000] {subprocess.py:93} INFO -     for res in socket.getaddrinfo(host, port, family, socket.SOCK_STREAM):
[2026-02-07T04:53:25.208+0000] {subprocess.py:93} INFO -                ^^^^^^^^^^^^^^^^^^^^^^^^^^^^^^^^^^^^^^^^^^^^^^^^^^^^^^^^^^
[2026-02-07T04:53:25.211+0000] {subprocess.py:93} INFO -   File "/usr/local/lib/python3.12/socket.py", line 964, in getaddrinfo
[2026-02-07T04:53:25.305+0000] {subprocess.py:93} INFO -     for res in _socket.getaddrinfo(host, port, family, type, proto, flags):
[2026-02-07T04:53:25.310+0000] {subprocess.py:93} INFO -                ^^^^^^^^^^^^^^^^^^^^^^^^^^^^^^^^^^^^^^^^^^^^^^^^^^^^^^^^^^^
[2026-02-07T04:53:25.314+0000] {subprocess.py:93} INFO - socket.gaierror: [Errno -2] Name or service not known
[2026-02-07T04:53:25.316+0000] {subprocess.py:93} INFO - 
[2026-02-07T04:53:25.577+0000] {subprocess.py:93} INFO - The above exception was the direct cause of the following exception:
[2026-02-07T04:53:26.460+0000] {subprocess.py:93} INFO - 
[2026-02-07T04:53:26.463+0000] {subprocess.py:93} INFO - Traceback (most recent call last):
[2026-02-07T04:53:26.466+0000] {subprocess.py:93} INFO -   File "/home/***/.local/lib/python3.12/site-packages/urllib3/connectionpool.py", line 791, in urlopen
[2026-02-07T04:53:26.474+0000] {subprocess.py:93} INFO -     response = self._make_request(
[2026-02-07T04:53:26.476+0000] {subprocess.py:93} INFO -                ^^^^^^^^^^^^^^^^^^^
[2026-02-07T04:53:26.478+0000] {subprocess.py:93} INFO -   File "/home/***/.local/lib/python3.12/site-packages/urllib3/connectionpool.py", line 492, in _make_request
[2026-02-07T04:53:26.530+0000] {subprocess.py:93} INFO -     raise new_e
[2026-02-07T04:53:26.537+0000] {subprocess.py:93} INFO -   File "/home/***/.local/lib/python3.12/site-packages/urllib3/connectionpool.py", line 468, in _make_request
[2026-02-07T04:53:26.545+0000] {subprocess.py:93} INFO -     self._validate_conn(conn)
[2026-02-07T04:53:26.550+0000] {subprocess.py:93} INFO -   File "/home/***/.local/lib/python3.12/site-packages/urllib3/connectionpool.py", line 1097, in _validate_conn
[2026-02-07T04:53:26.554+0000] {subprocess.py:93} INFO -     conn.connect()
[2026-02-07T04:53:26.561+0000] {subprocess.py:93} INFO -   File "/home/***/.local/lib/python3.12/site-packages/urllib3/connection.py", line 611, in connect
[2026-02-07T04:53:26.563+0000] {subprocess.py:93} INFO -     self.sock = sock = self._new_conn()
[2026-02-07T04:53:26.569+0000] {subprocess.py:93} INFO -                        ^^^^^^^^^^^^^^^^
[2026-02-07T04:53:26.572+0000] {subprocess.py:93} INFO -   File "/home/***/.local/lib/python3.12/site-packages/urllib3/connection.py", line 210, in _new_conn
[2026-02-07T04:53:26.582+0000] {subprocess.py:93} INFO -     raise NameResolutionError(self.host, self, e) from e
[2026-02-07T04:53:26.584+0000] {subprocess.py:93} INFO - urllib3.exceptions.NameResolutionError: <urllib3.connection.HTTPSConnection object at 0x74113c9cf170>: Failed to resolve 'mdm.vijaysales.com' ([Errno -2] Name or service not known)
[2026-02-07T04:53:26.592+0000] {subprocess.py:93} INFO - 
[2026-02-07T04:53:26.598+0000] {subprocess.py:93} INFO - The above exception was the direct cause of the following exception:
[2026-02-07T04:53:26.609+0000] {subprocess.py:93} INFO - 
[2026-02-07T04:53:26.612+0000] {subprocess.py:93} INFO - Traceback (most recent call last):
[2026-02-07T04:53:26.615+0000] {subprocess.py:93} INFO -   File "/home/***/.local/lib/python3.12/site-packages/requests/adapters.py", line 667, in send
[2026-02-07T04:53:26.635+0000] {subprocess.py:93} INFO -     resp = conn.urlopen(
[2026-02-07T04:53:26.742+0000] {subprocess.py:93} INFO -            ^^^^^^^^^^^^^
[2026-02-07T04:53:26.748+0000] {subprocess.py:93} INFO -   File "/home/***/.local/lib/python3.12/site-packages/urllib3/connectionpool.py", line 845, in urlopen
[2026-02-07T04:53:26.754+0000] {subprocess.py:93} INFO -     retries = retries.increment(
[2026-02-07T04:53:26.760+0000] {subprocess.py:93} INFO -               ^^^^^^^^^^^^^^^^^^
[2026-02-07T04:53:26.764+0000] {subprocess.py:93} INFO -   File "/home/***/.local/lib/python3.12/site-packages/urllib3/util/retry.py", line 515, in increment
[2026-02-07T04:53:26.774+0000] {subprocess.py:93} INFO -     raise MaxRetryError(_pool, url, reason) from reason  # type: ignore[arg-type]
[2026-02-07T04:53:26.780+0000] {subprocess.py:93} INFO -     ^^^^^^^^^^^^^^^^^^^^^^^^^^^^^^^^^^^^^^^^^^^^^^^^^^^
[2026-02-07T04:53:26.782+0000] {subprocess.py:93} INFO - urllib3.exceptions.MaxRetryError: HTTPSConnectionPool(host='mdm.vijaysales.com', port=443): Max retries exceeded with url: /web/api/search/unbxd-search/v1?q=mobiles&rows=30&page=1&filter=price%3Dprice%3A%5B0+TO+1000000%5D (Caused by NameResolutionError("<urllib3.connection.HTTPSConnection object at 0x74113c9cf170>: Failed to resolve 'mdm.vijaysales.com' ([Errno -2] Name or service not known)"))
[2026-02-07T04:53:26.793+0000] {subprocess.py:93} INFO - 
[2026-02-07T04:53:26.796+0000] {subprocess.py:93} INFO - During handling of the above exception, another exception occurred:
[2026-02-07T04:53:26.799+0000] {subprocess.py:93} INFO - 
[2026-02-07T04:53:26.807+0000] {subprocess.py:93} INFO - Traceback (most recent call last):
[2026-02-07T04:53:26.810+0000] {subprocess.py:93} INFO -   File "/opt/***/dags/all_data.py", line 150, in <module>
[2026-02-07T04:53:26.814+0000] {subprocess.py:93} INFO -     main()
[2026-02-07T04:53:26.816+0000] {subprocess.py:93} INFO -   File "/opt/***/dags/all_data.py", line 145, in main
[2026-02-07T04:53:26.822+0000] {subprocess.py:93} INFO -     scrape_category(query, folder)
[2026-02-07T04:53:26.826+0000] {subprocess.py:93} INFO -   File "/opt/***/dags/all_data.py", line 86, in scrape_category
[2026-02-07T04:53:26.828+0000] {subprocess.py:93} INFO -     data = fetch_products(query, page)
[2026-02-07T04:53:26.840+0000] {subprocess.py:93} INFO -            ^^^^^^^^^^^^^^^^^^^^^^^^^^^
[2026-02-07T04:53:26.844+0000] {subprocess.py:93} INFO -   File "/opt/***/dags/all_data.py", line 48, in fetch_products
[2026-02-07T04:53:26.903+0000] {subprocess.py:93} INFO -     r = requests.get(SEARCH_URL, headers=HEADERS, params=params)
[2026-02-07T04:53:26.909+0000] {subprocess.py:93} INFO -         ^^^^^^^^^^^^^^^^^^^^^^^^^^^^^^^^^^^^^^^^^^^^^^^^^^^^^^^^
[2026-02-07T04:53:26.914+0000] {subprocess.py:93} INFO -   File "/home/***/.local/lib/python3.12/site-packages/requests/api.py", line 73, in get
[2026-02-07T04:53:26.918+0000] {subprocess.py:93} INFO -     return request("get", url, params=params, **kwargs)
[2026-02-07T04:53:27.033+0000] {subprocess.py:93} INFO -            ^^^^^^^^^^^^^^^^^^^^^^^^^^^^^^^^^^^^^^^^^^^^
[2026-02-07T04:53:27.035+0000] {subprocess.py:93} INFO -   File "/home/***/.local/lib/python3.12/site-packages/requests/api.py", line 59, in request
[2026-02-07T04:53:27.061+0000] {subprocess.py:93} INFO -     return session.request(method=method, url=url, **kwargs)
[2026-02-07T04:53:27.066+0000] {subprocess.py:93} INFO -            ^^^^^^^^^^^^^^^^^^^^^^^^^^^^^^^^^^^^^^^^^^^^^^^^^
[2026-02-07T04:53:27.073+0000] {subprocess.py:93} INFO -   File "/home/***/.local/lib/python3.12/site-packages/requests/sessions.py", line 589, in request
[2026-02-07T04:53:27.079+0000] {subprocess.py:93} INFO -     resp = self.send(prep, **send_kwargs)
[2026-02-07T04:53:27.083+0000] {subprocess.py:93} INFO -            ^^^^^^^^^^^^^^^^^^^^^^^^^^^^^^
[2026-02-07T04:53:27.088+0000] {subprocess.py:93} INFO -   File "/home/***/.local/lib/python3.12/site-packages/requests/sessions.py", line 703, in send
[2026-02-07T04:53:27.091+0000] {subprocess.py:93} INFO -     r = adapter.send(request, **kwargs)
[2026-02-07T04:53:27.135+0000] {subprocess.py:93} INFO -         ^^^^^^^^^^^^^^^^^^^^^^^^^^^^^^^
[2026-02-07T04:53:27.164+0000] {subprocess.py:93} INFO -   File "/home/***/.local/lib/python3.12/site-packages/requests/adapters.py", line 700, in send
[2026-02-07T04:53:27.172+0000] {subprocess.py:93} INFO -     raise ConnectionError(e, request=request)
[2026-02-07T04:53:27.186+0000] {subprocess.py:93} INFO - requests.exceptions.ConnectionError: HTTPSConnectionPool(host='mdm.vijaysales.com', port=443): Max retries exceeded with url: /web/api/search/unbxd-search/v1?q=mobiles&rows=30&page=1&filter=price%3Dprice%3A%5B0+TO+1000000%5D (Caused by NameResolutionError("<urllib3.connection.HTTPSConnection object at 0x74113c9cf170>: Failed to resolve 'mdm.vijaysales.com' ([Errno -2] Name or service not known)"))
[2026-02-07T04:53:27.302+0000] {subprocess.py:97} INFO - Command exited with return code 1
[2026-02-07T04:53:27.850+0000] {taskinstance.py:441} INFO - ::group::Post task execution logs
[2026-02-07T04:53:28.764+0000] {taskinstance.py:2905} ERROR - Task failed with exception
Traceback (most recent call last):
  File "/home/airflow/.local/lib/python3.12/site-packages/airflow/models/taskinstance.py", line 465, in _execute_task
    result = _execute_callable(context=context, **execute_callable_kwargs)
             ^^^^^^^^^^^^^^^^^^^^^^^^^^^^^^^^^^^^^^^^^^^^^^^^^^^^^^^^^^^^^
  File "/home/airflow/.local/lib/python3.12/site-packages/airflow/models/taskinstance.py", line 432, in _execute_callable
    return execute_callable(context=context, **execute_callable_kwargs)
           ^^^^^^^^^^^^^^^^^^^^^^^^^^^^^^^^^^^^^^^^^^^^^^^^^^^^^^^^^^^^
  File "/home/airflow/.local/lib/python3.12/site-packages/airflow/models/baseoperator.py", line 401, in wrapper
    return func(self, *args, **kwargs)
           ^^^^^^^^^^^^^^^^^^^^^^^^^^^
  File "/home/airflow/.local/lib/python3.12/site-packages/airflow/operators/bash.py", line 243, in execute
    raise AirflowException(
airflow.exceptions.AirflowException: Bash command failed. The command returned a non-zero exit code 1.
[2026-02-07T04:53:29.747+0000] {taskinstance.py:1206} INFO - Marking task as UP_FOR_RETRY. dag_id=product_price_pipeline, task_id=scrape_data, run_id=scheduled__2026-02-05T21:00:00+00:00, execution_date=20260205T210000, start_date=20260206T223459, end_date=20260207T045329
[2026-02-07T04:53:30.339+0000] {standard_task_runner.py:110} ERROR - Failed to execute job 40 for task scrape_data (Bash command failed. The command returned a non-zero exit code 1.; 307)
[2026-02-07T04:53:30.605+0000] {local_task_job_runner.py:243} INFO - Task exited with return code 1
[2026-02-07T04:53:31.089+0000] {taskinstance.py:3503} INFO - 0 downstream tasks scheduled from follow-on schedule check
[2026-02-07T04:53:31.126+0000] {local_task_job_runner.py:222} INFO - ::endgroup::
[2026-02-07T05:10:22.566+0000] {local_task_job_runner.py:120} INFO - ::group::Pre task execution logs
[2026-02-07T05:10:22.828+0000] {taskinstance.py:2076} INFO - Dependencies all met for dep_context=non-requeueable deps ti=<TaskInstance: product_price_pipeline.scrape_data scheduled__2026-02-05T21:00:00+00:00 [queued]>
[2026-02-07T05:10:22.864+0000] {taskinstance.py:2076} INFO - Dependencies all met for dep_context=requeueable deps ti=<TaskInstance: product_price_pipeline.scrape_data scheduled__2026-02-05T21:00:00+00:00 [queued]>
[2026-02-07T05:10:22.866+0000] {taskinstance.py:2306} INFO - Starting attempt 1 of 2
[2026-02-07T05:10:22.925+0000] {taskinstance.py:2330} INFO - Executing <Task(BashOperator): scrape_data> on 2026-02-05 21:00:00+00:00
[2026-02-07T05:10:22.962+0000] {standard_task_runner.py:90} INFO - Running: ['***', 'tasks', 'run', 'product_price_pipeline', 'scrape_data', 'scheduled__2026-02-05T21:00:00+00:00', '--job-id', '44', '--raw', '--subdir', 'DAGS_FOLDER/product_pipeline_dag.py', '--cfg-path', '/tmp/tmpdde9fng6']
[2026-02-07T05:10:22.967+0000] {logging_mixin.py:188} WARNING - /home/***/.local/lib/python3.12/site-packages/***/task/task_runner/standard_task_runner.py:62 DeprecationWarning: This process (pid=483) is multi-threaded, use of fork() may lead to deadlocks in the child.
[2026-02-07T05:10:22.969+0000] {standard_task_runner.py:91} INFO - Job 44: Subtask scrape_data
[2026-02-07T05:10:22.970+0000] {standard_task_runner.py:64} INFO - Started process 484 to run task
[2026-02-07T05:10:23.322+0000] {task_command.py:426} INFO - Running <TaskInstance: product_price_pipeline.scrape_data scheduled__2026-02-05T21:00:00+00:00 [running]> on host 98d950a68588
[2026-02-07T05:10:23.540+0000] {taskinstance.py:2648} INFO - Exporting env vars: AIRFLOW_CTX_DAG_OWNER='***' AIRFLOW_CTX_DAG_ID='product_price_pipeline' AIRFLOW_CTX_TASK_ID='scrape_data' AIRFLOW_CTX_EXECUTION_DATE='2026-02-05T21:00:00+00:00' AIRFLOW_CTX_TRY_NUMBER='1' AIRFLOW_CTX_DAG_RUN_ID='scheduled__2026-02-05T21:00:00+00:00'
[2026-02-07T05:10:23.544+0000] {taskinstance.py:430} INFO - ::endgroup::
[2026-02-07T05:10:23.602+0000] {subprocess.py:63} INFO - Tmp dir root location: /tmp
[2026-02-07T05:10:23.607+0000] {subprocess.py:75} INFO - Running command: ['/usr/bin/bash', '-c', 'python /opt/***/dags/all_data.py']
[2026-02-07T05:10:23.643+0000] {subprocess.py:86} INFO - Output:
[2026-02-07T05:10:26.309+0000] {subprocess.py:93} INFO - 2026-02-07 05:10:26,309 | INFO | ===== SCRAPING STARTED =====
[2026-02-07T05:10:26.311+0000] {subprocess.py:93} INFO - 2026-02-07 05:10:26,309 | INFO | Starting scrape for category: mobiles
[2026-02-07T05:10:27.396+0000] {subprocess.py:93} INFO - 2026-02-07 05:10:27,396 | INFO | mobiles: Page 1/25
[2026-02-07T05:10:28.420+0000] {subprocess.py:93} INFO - 2026-02-07 05:10:28,420 | INFO | mobiles: Page 2/25
[2026-02-07T05:10:29.653+0000] {subprocess.py:93} INFO - 2026-02-07 05:10:29,653 | INFO | mobiles: Page 3/25
[2026-02-07T05:10:30.739+0000] {subprocess.py:93} INFO - 2026-02-07 05:10:30,739 | INFO | mobiles: Page 4/25
[2026-02-07T05:10:31.348+0000] {subprocess.py:93} INFO - 2026-02-07 05:10:31,348 | INFO | mobiles: Page 5/25
[2026-02-07T05:10:31.998+0000] {subprocess.py:93} INFO - 2026-02-07 05:10:31,998 | INFO | mobiles: Page 6/25
[2026-02-07T05:10:32.663+0000] {subprocess.py:93} INFO - 2026-02-07 05:10:32,663 | INFO | mobiles: Page 7/25
[2026-02-07T05:10:33.336+0000] {subprocess.py:93} INFO - 2026-02-07 05:10:33,336 | INFO | mobiles: Page 8/25
[2026-02-07T05:10:33.938+0000] {subprocess.py:93} INFO - 2026-02-07 05:10:33,937 | INFO | mobiles: Page 9/25
[2026-02-07T05:10:34.544+0000] {subprocess.py:93} INFO - 2026-02-07 05:10:34,544 | INFO | mobiles: Page 10/25
[2026-02-07T05:10:35.149+0000] {subprocess.py:93} INFO - 2026-02-07 05:10:35,148 | INFO | mobiles: Page 11/25
[2026-02-07T05:10:35.750+0000] {subprocess.py:93} INFO - 2026-02-07 05:10:35,750 | INFO | mobiles: Page 12/25
[2026-02-07T05:10:36.384+0000] {subprocess.py:93} INFO - 2026-02-07 05:10:36,384 | INFO | mobiles: Page 13/25
[2026-02-07T05:10:36.979+0000] {subprocess.py:93} INFO - 2026-02-07 05:10:36,977 | INFO | mobiles: Page 14/25
[2026-02-07T05:10:38.241+0000] {subprocess.py:93} INFO - 2026-02-07 05:10:38,241 | INFO | mobiles: Page 15/25
[2026-02-07T05:10:38.904+0000] {subprocess.py:93} INFO - 2026-02-07 05:10:38,903 | INFO | mobiles: Page 16/25
[2026-02-07T05:10:39.869+0000] {subprocess.py:93} INFO - 2026-02-07 05:10:39,868 | INFO | mobiles: Page 17/25
[2026-02-07T05:10:40.376+0000] {subprocess.py:93} INFO - 2026-02-07 05:10:40,375 | INFO | mobiles: Page 18/25
[2026-02-07T05:10:40.853+0000] {subprocess.py:93} INFO - 2026-02-07 05:10:40,851 | INFO | mobiles: Page 19/25
[2026-02-07T05:10:41.299+0000] {subprocess.py:93} INFO - 2026-02-07 05:10:41,298 | INFO | mobiles: Page 20/25
[2026-02-07T05:10:41.810+0000] {subprocess.py:93} INFO - 2026-02-07 05:10:41,809 | INFO | mobiles: Page 21/25
[2026-02-07T05:10:42.444+0000] {subprocess.py:93} INFO - 2026-02-07 05:10:42,444 | INFO | mobiles: Page 22/25
[2026-02-07T05:10:43.053+0000] {subprocess.py:93} INFO - 2026-02-07 05:10:43,053 | INFO | mobiles: Page 23/25
[2026-02-07T05:10:43.655+0000] {subprocess.py:93} INFO - 2026-02-07 05:10:43,655 | INFO | mobiles: Page 24/25
[2026-02-07T05:10:44.242+0000] {subprocess.py:93} INFO - 2026-02-07 05:10:44,241 | INFO | mobiles: Page 25/25
[2026-02-07T05:10:44.816+0000] {subprocess.py:93} INFO - 2026-02-07 05:10:44,816 | INFO | mobiles: Fetching reviews
[2026-02-07T05:10:57.675+0000] {subprocess.py:93} INFO - 2026-02-07 05:10:57,675 | INFO | mobiles: Saved 750 rows to /opt/***/dags/data/raw/mobiles/mobiles_2026-02-07.csv
[2026-02-07T05:10:57.677+0000] {subprocess.py:93} INFO - 2026-02-07 05:10:57,676 | INFO | Starting scrape for category: laptops
[2026-02-07T05:10:57.879+0000] {subprocess.py:93} INFO - 2026-02-07 05:10:57,878 | INFO | laptops: Page 1/14
[2026-02-07T05:10:58.391+0000] {subprocess.py:93} INFO - 2026-02-07 05:10:58,390 | INFO | laptops: Page 2/14
[2026-02-07T05:10:58.891+0000] {subprocess.py:93} INFO - 2026-02-07 05:10:58,890 | INFO | laptops: Page 3/14
[2026-02-07T05:10:59.484+0000] {subprocess.py:93} INFO - 2026-02-07 05:10:59,483 | INFO | laptops: Page 4/14
[2026-02-07T05:11:00.090+0000] {subprocess.py:93} INFO - 2026-02-07 05:11:00,089 | INFO | laptops: Page 5/14
[2026-02-07T05:11:00.693+0000] {subprocess.py:93} INFO - 2026-02-07 05:11:00,692 | INFO | laptops: Page 6/14
[2026-02-07T05:11:01.330+0000] {subprocess.py:93} INFO - 2026-02-07 05:11:01,329 | INFO | laptops: Page 7/14
[2026-02-07T05:11:01.921+0000] {subprocess.py:93} INFO - 2026-02-07 05:11:01,921 | INFO | laptops: Page 8/14
[2026-02-07T05:11:02.571+0000] {subprocess.py:93} INFO - 2026-02-07 05:11:02,570 | INFO | laptops: Page 9/14
[2026-02-07T05:11:03.342+0000] {subprocess.py:93} INFO - 2026-02-07 05:11:03,342 | INFO | laptops: Page 10/14
[2026-02-07T05:11:04.126+0000] {subprocess.py:93} INFO - 2026-02-07 05:11:04,126 | INFO | laptops: Page 11/14
[2026-02-07T05:11:04.926+0000] {subprocess.py:93} INFO - 2026-02-07 05:11:04,926 | INFO | laptops: Page 12/14
[2026-02-07T05:11:05.560+0000] {subprocess.py:93} INFO - 2026-02-07 05:11:05,559 | INFO | laptops: Page 13/14
[2026-02-07T05:11:06.186+0000] {subprocess.py:93} INFO - 2026-02-07 05:11:06,185 | INFO | laptops: Page 14/14
[2026-02-07T05:11:06.773+0000] {subprocess.py:93} INFO - 2026-02-07 05:11:06,773 | INFO | laptops: Fetching reviews
[2026-02-07T05:11:12.841+0000] {subprocess.py:93} INFO - 2026-02-07 05:11:12,840 | INFO | laptops: Saved 420 rows to /opt/***/dags/data/raw/laptops/laptops_2026-02-07.csv
[2026-02-07T05:11:12.842+0000] {subprocess.py:93} INFO - 2026-02-07 05:11:12,841 | INFO | Starting scrape for category: television
[2026-02-07T05:11:13.144+0000] {subprocess.py:93} INFO - 2026-02-07 05:11:13,143 | INFO | television: Page 1/7
[2026-02-07T05:11:13.686+0000] {subprocess.py:93} INFO - 2026-02-07 05:11:13,685 | INFO | television: Page 2/7
[2026-02-07T05:11:14.279+0000] {subprocess.py:93} INFO - 2026-02-07 05:11:14,279 | INFO | television: Page 3/7
[2026-02-07T05:11:14.905+0000] {subprocess.py:93} INFO - 2026-02-07 05:11:14,905 | INFO | television: Page 4/7
[2026-02-07T05:11:15.468+0000] {subprocess.py:93} INFO - 2026-02-07 05:11:15,467 | INFO | television: Page 5/7
[2026-02-07T05:11:16.094+0000] {subprocess.py:93} INFO - 2026-02-07 05:11:16,094 | INFO | television: Page 6/7
[2026-02-07T05:11:16.755+0000] {subprocess.py:93} INFO - 2026-02-07 05:11:16,754 | INFO | television: Page 7/7
[2026-02-07T05:11:17.451+0000] {subprocess.py:93} INFO - 2026-02-07 05:11:17,450 | INFO | television: Fetching reviews
[2026-02-07T05:11:20.435+0000] {subprocess.py:93} INFO - 2026-02-07 05:11:20,434 | INFO | television: Saved 210 rows to /opt/***/dags/data/raw/tvs/television_2026-02-07.csv
[2026-02-07T05:11:20.437+0000] {subprocess.py:93} INFO - 2026-02-07 05:11:20,435 | INFO | Starting scrape for category: refrigerator
[2026-02-07T05:11:20.784+0000] {subprocess.py:93} INFO - 2026-02-07 05:11:20,784 | INFO | refrigerator: Page 1/6
[2026-02-07T05:11:22.627+0000] {subprocess.py:93} INFO - 2026-02-07 05:11:22,626 | INFO | refrigerator: Page 2/6
[2026-02-07T05:11:23.251+0000] {subprocess.py:93} INFO - 2026-02-07 05:11:23,250 | INFO | refrigerator: Page 3/6
[2026-02-07T05:11:23.841+0000] {subprocess.py:93} INFO - 2026-02-07 05:11:23,840 | INFO | refrigerator: Page 4/6
[2026-02-07T05:11:24.438+0000] {subprocess.py:93} INFO - 2026-02-07 05:11:24,438 | INFO | refrigerator: Page 5/6
[2026-02-07T05:11:25.066+0000] {subprocess.py:93} INFO - 2026-02-07 05:11:25,066 | INFO | refrigerator: Page 6/6
[2026-02-07T05:11:25.648+0000] {subprocess.py:93} INFO - 2026-02-07 05:11:25,648 | INFO | refrigerator: Fetching reviews
[2026-02-07T05:11:28.259+0000] {subprocess.py:93} INFO - 2026-02-07 05:11:28,259 | INFO | refrigerator: Saved 180 rows to /opt/***/dags/data/raw/refrigerators/refrigerator_2026-02-07.csv
[2026-02-07T05:11:28.262+0000] {subprocess.py:93} INFO - 2026-02-07 05:11:28,259 | INFO | ===== SCRAPING FINISHED =====
[2026-02-07T05:11:28.334+0000] {subprocess.py:97} INFO - Command exited with return code 0
[2026-02-07T05:11:28.340+0000] {taskinstance.py:441} INFO - ::group::Post task execution logs
[2026-02-07T05:11:28.436+0000] {taskinstance.py:1206} INFO - Marking task as SUCCESS. dag_id=product_price_pipeline, task_id=scrape_data, run_id=scheduled__2026-02-05T21:00:00+00:00, execution_date=20260205T210000, start_date=20260207T051022, end_date=20260207T051128
[2026-02-07T05:11:28.509+0000] {local_task_job_runner.py:243} INFO - Task exited with return code 0
[2026-02-07T05:11:28.568+0000] {taskinstance.py:3503} INFO - 1 downstream tasks scheduled from follow-on schedule check
[2026-02-07T05:11:28.572+0000] {local_task_job_runner.py:222} INFO - ::endgroup::
[2026-02-07T05:26:19.751+0000] {local_task_job_runner.py:120} INFO - ::group::Pre task execution logs
[2026-02-07T05:26:20.305+0000] {taskinstance.py:2076} INFO - Dependencies all met for dep_context=non-requeueable deps ti=<TaskInstance: product_price_pipeline.scrape_data scheduled__2026-02-05T21:00:00+00:00 [queued]>
[2026-02-07T05:26:20.331+0000] {taskinstance.py:2076} INFO - Dependencies all met for dep_context=requeueable deps ti=<TaskInstance: product_price_pipeline.scrape_data scheduled__2026-02-05T21:00:00+00:00 [queued]>
[2026-02-07T05:26:20.334+0000] {taskinstance.py:2306} INFO - Starting attempt 1 of 2
[2026-02-07T05:26:20.372+0000] {taskinstance.py:2330} INFO - Executing <Task(BashOperator): scrape_data> on 2026-02-05 21:00:00+00:00
[2026-02-07T05:26:20.415+0000] {standard_task_runner.py:90} INFO - Running: ['***', 'tasks', 'run', 'product_price_pipeline', 'scrape_data', 'scheduled__2026-02-05T21:00:00+00:00', '--job-id', '51', '--raw', '--subdir', 'DAGS_FOLDER/product_pipeline_dag.py', '--cfg-path', '/tmp/tmpl4y4c54q']
[2026-02-07T05:26:20.420+0000] {standard_task_runner.py:91} INFO - Job 51: Subtask scrape_data
[2026-02-07T05:26:20.423+0000] {logging_mixin.py:188} WARNING - /home/***/.local/lib/python3.12/site-packages/***/task/task_runner/standard_task_runner.py:62 DeprecationWarning: This process (pid=228) is multi-threaded, use of fork() may lead to deadlocks in the child.
[2026-02-07T05:26:20.425+0000] {standard_task_runner.py:64} INFO - Started process 230 to run task
[2026-02-07T05:26:20.595+0000] {task_command.py:426} INFO - Running <TaskInstance: product_price_pipeline.scrape_data scheduled__2026-02-05T21:00:00+00:00 [running]> on host d9e7bf2ef790
[2026-02-07T05:26:20.930+0000] {taskinstance.py:2648} INFO - Exporting env vars: AIRFLOW_CTX_DAG_OWNER='***' AIRFLOW_CTX_DAG_ID='product_price_pipeline' AIRFLOW_CTX_TASK_ID='scrape_data' AIRFLOW_CTX_EXECUTION_DATE='2026-02-05T21:00:00+00:00' AIRFLOW_CTX_TRY_NUMBER='1' AIRFLOW_CTX_DAG_RUN_ID='scheduled__2026-02-05T21:00:00+00:00'
[2026-02-07T05:26:20.935+0000] {taskinstance.py:430} INFO - ::endgroup::
[2026-02-07T05:26:21.153+0000] {subprocess.py:63} INFO - Tmp dir root location: /tmp
[2026-02-07T05:26:21.160+0000] {subprocess.py:75} INFO - Running command: ['/usr/bin/bash', '-c', 'python /opt/***/dags/all_data.py']
[2026-02-07T05:26:21.190+0000] {subprocess.py:86} INFO - Output:
[2026-02-07T05:26:24.467+0000] {subprocess.py:93} INFO - 2026-02-07 05:26:24,466 | INFO | ===== SCRAPING STARTED =====
[2026-02-07T05:26:24.468+0000] {subprocess.py:93} INFO - 2026-02-07 05:26:24,467 | INFO | Starting scrape for category: mobiles
[2026-02-07T05:26:25.953+0000] {subprocess.py:93} INFO - 2026-02-07 05:26:25,952 | INFO | mobiles: Page 1/25
[2026-02-07T05:26:27.131+0000] {subprocess.py:93} INFO - 2026-02-07 05:26:27,131 | INFO | mobiles: Page 2/25
[2026-02-07T05:26:29.468+0000] {subprocess.py:93} INFO - 2026-02-07 05:26:29,467 | INFO | mobiles: Page 3/25
[2026-02-07T05:26:30.605+0000] {subprocess.py:93} INFO - 2026-02-07 05:26:30,605 | INFO | mobiles: Page 4/25
[2026-02-07T05:26:33.407+0000] {subprocess.py:93} INFO - 2026-02-07 05:26:33,406 | INFO | mobiles: Page 5/25
[2026-02-07T05:26:34.721+0000] {subprocess.py:93} INFO - 2026-02-07 05:26:34,720 | INFO | mobiles: Page 6/25
[2026-02-07T05:26:35.755+0000] {subprocess.py:93} INFO - 2026-02-07 05:26:35,755 | INFO | mobiles: Page 7/25
[2026-02-07T05:26:36.544+0000] {subprocess.py:93} INFO - 2026-02-07 05:26:36,543 | INFO | mobiles: Page 8/25
[2026-02-07T05:26:37.724+0000] {subprocess.py:93} INFO - 2026-02-07 05:26:37,724 | INFO | mobiles: Page 9/25
[2026-02-07T05:26:39.619+0000] {subprocess.py:93} INFO - 2026-02-07 05:26:39,618 | INFO | mobiles: Page 10/25
[2026-02-07T05:26:40.699+0000] {subprocess.py:93} INFO - 2026-02-07 05:26:40,698 | INFO | mobiles: Page 11/25
[2026-02-07T05:26:42.977+0000] {subprocess.py:93} INFO - 2026-02-07 05:26:42,977 | INFO | mobiles: Page 12/25
[2026-02-07T05:26:44.469+0000] {subprocess.py:93} INFO - 2026-02-07 05:26:44,469 | INFO | mobiles: Page 13/25
[2026-02-07T05:26:44.965+0000] {subprocess.py:93} INFO - 2026-02-07 05:26:44,965 | INFO | mobiles: Page 14/25
[2026-02-07T05:26:46.439+0000] {subprocess.py:93} INFO - 2026-02-07 05:26:46,439 | INFO | mobiles: Page 15/25
[2026-02-07T05:26:47.491+0000] {subprocess.py:93} INFO - 2026-02-07 05:26:47,490 | INFO | mobiles: Page 16/25
[2026-02-07T05:26:48.013+0000] {subprocess.py:93} INFO - 2026-02-07 05:26:48,012 | INFO | mobiles: Page 17/25
[2026-02-07T05:26:49.241+0000] {subprocess.py:93} INFO - 2026-02-07 05:26:49,240 | INFO | mobiles: Page 18/25
[2026-02-07T05:26:50.430+0000] {subprocess.py:93} INFO - 2026-02-07 05:26:50,430 | INFO | mobiles: Page 19/25
[2026-02-07T05:26:52.066+0000] {subprocess.py:93} INFO - 2026-02-07 05:26:52,065 | INFO | mobiles: Page 20/25
[2026-02-07T05:26:55.090+0000] {subprocess.py:93} INFO - 2026-02-07 05:26:55,089 | INFO | mobiles: Page 21/25
[2026-02-07T05:26:55.817+0000] {subprocess.py:93} INFO - 2026-02-07 05:26:55,816 | INFO | mobiles: Page 22/25
[2026-02-07T05:26:57.289+0000] {subprocess.py:93} INFO - 2026-02-07 05:26:57,288 | INFO | mobiles: Page 23/25
[2026-02-07T05:26:58.073+0000] {subprocess.py:93} INFO - 2026-02-07 05:26:58,073 | INFO | mobiles: Page 24/25
[2026-02-07T05:26:58.889+0000] {subprocess.py:93} INFO - 2026-02-07 05:26:58,888 | INFO | mobiles: Page 25/25
[2026-02-07T05:26:59.670+0000] {subprocess.py:93} INFO - 2026-02-07 05:26:59,669 | INFO | mobiles: Fetching reviews
[2026-02-07T05:27:23.329+0000] {subprocess.py:93} INFO - 2026-02-07 05:27:23,328 | INFO | mobiles: Saved 750 rows to /opt/***/dags/data/raw/mobiles/mobiles_2026-02-07.csv
[2026-02-07T05:27:23.338+0000] {subprocess.py:93} INFO - 2026-02-07 05:27:23,330 | INFO | Starting scrape for category: laptops
[2026-02-07T05:27:23.707+0000] {subprocess.py:93} INFO - 2026-02-07 05:27:23,706 | INFO | laptops: Page 1/14
[2026-02-07T05:27:25.185+0000] {subprocess.py:93} INFO - 2026-02-07 05:27:25,184 | INFO | laptops: Page 2/14
[2026-02-07T05:27:25.950+0000] {subprocess.py:93} INFO - 2026-02-07 05:27:25,950 | INFO | laptops: Page 3/14
[2026-02-07T05:27:27.433+0000] {subprocess.py:93} INFO - 2026-02-07 05:27:27,432 | INFO | laptops: Page 4/14
[2026-02-07T05:27:29.203+0000] {subprocess.py:93} INFO - 2026-02-07 05:27:29,201 | INFO | laptops: Page 5/14
[2026-02-07T05:27:29.808+0000] {subprocess.py:93} INFO - 2026-02-07 05:27:29,807 | INFO | laptops: Page 6/14
[2026-02-07T05:27:31.504+0000] {subprocess.py:93} INFO - 2026-02-07 05:27:31,503 | INFO | laptops: Page 7/14
[2026-02-07T05:27:32.055+0000] {subprocess.py:93} INFO - 2026-02-07 05:27:32,054 | INFO | laptops: Page 8/14
[2026-02-07T05:27:32.561+0000] {subprocess.py:93} INFO - 2026-02-07 05:27:32,561 | INFO | laptops: Page 9/14
[2026-02-07T05:27:33.321+0000] {subprocess.py:93} INFO - 2026-02-07 05:27:33,320 | INFO | laptops: Page 10/14
[2026-02-07T05:27:35.509+0000] {subprocess.py:93} INFO - 2026-02-07 05:27:35,508 | INFO | laptops: Page 11/14
[2026-02-07T05:27:36.007+0000] {subprocess.py:93} INFO - 2026-02-07 05:27:36,007 | INFO | laptops: Page 12/14
[2026-02-07T05:27:36.485+0000] {subprocess.py:93} INFO - 2026-02-07 05:27:36,485 | INFO | laptops: Page 13/14
[2026-02-07T05:27:37.003+0000] {subprocess.py:93} INFO - 2026-02-07 05:27:37,002 | INFO | laptops: Page 14/14
[2026-02-07T05:27:37.642+0000] {subprocess.py:93} INFO - 2026-02-07 05:27:37,642 | INFO | laptops: Fetching reviews
[2026-02-07T05:27:46.206+0000] {subprocess.py:93} INFO - 2026-02-07 05:27:46,206 | INFO | laptops: Saved 420 rows to /opt/***/dags/data/raw/laptops/laptops_2026-02-07.csv
[2026-02-07T05:27:46.210+0000] {subprocess.py:93} INFO - 2026-02-07 05:27:46,208 | INFO | Starting scrape for category: television
[2026-02-07T05:27:49.486+0000] {subprocess.py:93} INFO - 2026-02-07 05:27:49,486 | INFO | television: Page 1/7
[2026-02-07T05:27:49.949+0000] {subprocess.py:93} INFO - 2026-02-07 05:27:49,949 | INFO | television: Page 2/7
[2026-02-07T05:27:50.636+0000] {subprocess.py:93} INFO - 2026-02-07 05:27:50,636 | INFO | television: Page 3/7
[2026-02-07T05:27:51.550+0000] {subprocess.py:93} INFO - 2026-02-07 05:27:51,550 | INFO | television: Page 4/7
[2026-02-07T05:27:52.187+0000] {subprocess.py:93} INFO - 2026-02-07 05:27:52,186 | INFO | television: Page 5/7
[2026-02-07T05:27:52.878+0000] {subprocess.py:93} INFO - 2026-02-07 05:27:52,878 | INFO | television: Page 6/7
[2026-02-07T05:27:53.510+0000] {subprocess.py:93} INFO - 2026-02-07 05:27:53,510 | INFO | television: Page 7/7
[2026-02-07T05:27:54.380+0000] {subprocess.py:93} INFO - 2026-02-07 05:27:54,379 | INFO | television: Fetching reviews
[2026-02-07T05:27:58.401+0000] {subprocess.py:93} INFO - 2026-02-07 05:27:58,400 | INFO | television: Saved 210 rows to /opt/***/dags/data/raw/tvs/television_2026-02-07.csv
[2026-02-07T05:27:58.405+0000] {subprocess.py:93} INFO - 2026-02-07 05:27:58,401 | INFO | Starting scrape for category: refrigerator
[2026-02-07T05:27:58.757+0000] {subprocess.py:93} INFO - 2026-02-07 05:27:58,757 | INFO | refrigerator: Page 1/6
[2026-02-07T05:27:59.745+0000] {subprocess.py:93} INFO - 2026-02-07 05:27:59,745 | INFO | refrigerator: Page 2/6
[2026-02-07T05:28:00.390+0000] {subprocess.py:93} INFO - 2026-02-07 05:28:00,389 | INFO | refrigerator: Page 3/6
[2026-02-07T05:28:01.041+0000] {subprocess.py:93} INFO - 2026-02-07 05:28:01,040 | INFO | refrigerator: Page 4/6
[2026-02-07T05:28:01.699+0000] {subprocess.py:93} INFO - 2026-02-07 05:28:01,699 | INFO | refrigerator: Page 5/6
[2026-02-07T05:28:02.300+0000] {subprocess.py:93} INFO - 2026-02-07 05:28:02,300 | INFO | refrigerator: Page 6/6
[2026-02-07T05:28:02.941+0000] {subprocess.py:93} INFO - 2026-02-07 05:28:02,940 | INFO | refrigerator: Fetching reviews
[2026-02-07T05:28:07.088+0000] {subprocess.py:93} INFO - 2026-02-07 05:28:07,087 | INFO | refrigerator: Saved 180 rows to /opt/***/dags/data/raw/refrigerators/refrigerator_2026-02-07.csv
[2026-02-07T05:28:07.096+0000] {subprocess.py:93} INFO - 2026-02-07 05:28:07,088 | INFO | ===== SCRAPING FINISHED =====
[2026-02-07T05:28:07.210+0000] {subprocess.py:97} INFO - Command exited with return code 0
[2026-02-07T05:28:07.237+0000] {taskinstance.py:441} INFO - ::group::Post task execution logs
[2026-02-07T05:28:07.468+0000] {taskinstance.py:1206} INFO - Marking task as SUCCESS. dag_id=product_price_pipeline, task_id=scrape_data, run_id=scheduled__2026-02-05T21:00:00+00:00, execution_date=20260205T210000, start_date=20260207T052620, end_date=20260207T052807
[2026-02-07T05:28:07.577+0000] {local_task_job_runner.py:243} INFO - Task exited with return code 0
[2026-02-07T05:28:07.732+0000] {taskinstance.py:3503} INFO - 1 downstream tasks scheduled from follow-on schedule check
[2026-02-07T05:28:07.737+0000] {local_task_job_runner.py:222} INFO - ::endgroup::
[2026-02-07T05:40:34.583+0000] {local_task_job_runner.py:120} INFO - ::group::Pre task execution logs
[2026-02-07T05:40:34.941+0000] {taskinstance.py:2076} INFO - Dependencies all met for dep_context=non-requeueable deps ti=<TaskInstance: product_price_pipeline.scrape_data scheduled__2026-02-05T21:00:00+00:00 [queued]>
[2026-02-07T05:40:34.960+0000] {taskinstance.py:2076} INFO - Dependencies all met for dep_context=requeueable deps ti=<TaskInstance: product_price_pipeline.scrape_data scheduled__2026-02-05T21:00:00+00:00 [queued]>
[2026-02-07T05:40:34.962+0000] {taskinstance.py:2306} INFO - Starting attempt 1 of 2
[2026-02-07T05:40:34.990+0000] {taskinstance.py:2330} INFO - Executing <Task(BashOperator): scrape_data> on 2026-02-05 21:00:00+00:00
[2026-02-07T05:40:35.050+0000] {standard_task_runner.py:90} INFO - Running: ['***', 'tasks', 'run', 'product_price_pipeline', 'scrape_data', 'scheduled__2026-02-05T21:00:00+00:00', '--job-id', '59', '--raw', '--subdir', 'DAGS_FOLDER/product_pipeline_dag.py', '--cfg-path', '/tmp/tmpcdpzjf86']
[2026-02-07T05:40:35.057+0000] {logging_mixin.py:188} WARNING - /home/***/.local/lib/python3.12/site-packages/***/task/task_runner/standard_task_runner.py:62 DeprecationWarning: This process (pid=224) is multi-threaded, use of fork() may lead to deadlocks in the child.
[2026-02-07T05:40:35.058+0000] {standard_task_runner.py:91} INFO - Job 59: Subtask scrape_data
[2026-02-07T05:40:35.059+0000] {standard_task_runner.py:64} INFO - Started process 226 to run task
[2026-02-07T05:40:35.219+0000] {task_command.py:426} INFO - Running <TaskInstance: product_price_pipeline.scrape_data scheduled__2026-02-05T21:00:00+00:00 [running]> on host 547742345c5a
[2026-02-07T05:40:35.422+0000] {taskinstance.py:2648} INFO - Exporting env vars: AIRFLOW_CTX_DAG_OWNER='***' AIRFLOW_CTX_DAG_ID='product_price_pipeline' AIRFLOW_CTX_TASK_ID='scrape_data' AIRFLOW_CTX_EXECUTION_DATE='2026-02-05T21:00:00+00:00' AIRFLOW_CTX_TRY_NUMBER='1' AIRFLOW_CTX_DAG_RUN_ID='scheduled__2026-02-05T21:00:00+00:00'
[2026-02-07T05:40:35.425+0000] {taskinstance.py:430} INFO - ::endgroup::
[2026-02-07T05:40:35.642+0000] {subprocess.py:63} INFO - Tmp dir root location: /tmp
[2026-02-07T05:40:35.648+0000] {subprocess.py:75} INFO - Running command: ['/usr/bin/bash', '-c', 'python /opt/***/dags/all_data.py']
[2026-02-07T05:40:35.693+0000] {subprocess.py:86} INFO - Output:
[2026-02-07T05:40:37.830+0000] {subprocess.py:93} INFO - 2026-02-07 05:40:37,829 | INFO | ===== SCRAPING STARTED =====
[2026-02-07T05:40:37.832+0000] {subprocess.py:93} INFO - 2026-02-07 05:40:37,830 | INFO | Starting scrape for category: mobiles
[2026-02-07T05:40:40.510+0000] {subprocess.py:93} INFO - 2026-02-07 05:40:40,510 | INFO | mobiles: Page 1/25
[2026-02-07T05:40:42.226+0000] {subprocess.py:93} INFO - 2026-02-07 05:40:42,225 | INFO | mobiles: Page 2/25
[2026-02-07T05:40:42.882+0000] {subprocess.py:93} INFO - 2026-02-07 05:40:42,882 | INFO | mobiles: Page 3/25
[2026-02-07T05:40:43.546+0000] {subprocess.py:93} INFO - 2026-02-07 05:40:43,546 | INFO | mobiles: Page 4/25
[2026-02-07T05:40:44.448+0000] {subprocess.py:93} INFO - 2026-02-07 05:40:44,447 | INFO | mobiles: Page 5/25
[2026-02-07T05:40:46.174+0000] {subprocess.py:93} INFO - 2026-02-07 05:40:46,174 | INFO | mobiles: Page 6/25
[2026-02-07T05:40:47.228+0000] {subprocess.py:93} INFO - 2026-02-07 05:40:47,227 | INFO | mobiles: Page 7/25
[2026-02-07T05:40:48.164+0000] {subprocess.py:93} INFO - 2026-02-07 05:40:48,163 | INFO | mobiles: Page 8/25
[2026-02-07T05:40:49.150+0000] {subprocess.py:93} INFO - 2026-02-07 05:40:49,150 | INFO | mobiles: Page 9/25
[2026-02-07T05:40:49.940+0000] {subprocess.py:93} INFO - 2026-02-07 05:40:49,940 | INFO | mobiles: Page 10/25
[2026-02-07T05:40:50.613+0000] {subprocess.py:93} INFO - 2026-02-07 05:40:50,612 | INFO | mobiles: Page 11/25
[2026-02-07T05:40:51.271+0000] {subprocess.py:93} INFO - 2026-02-07 05:40:51,271 | INFO | mobiles: Page 12/25
[2026-02-07T05:40:51.950+0000] {subprocess.py:93} INFO - 2026-02-07 05:40:51,949 | INFO | mobiles: Page 13/25
[2026-02-07T05:40:52.846+0000] {subprocess.py:93} INFO - 2026-02-07 05:40:52,846 | INFO | mobiles: Page 14/25
[2026-02-07T05:40:54.515+0000] {subprocess.py:93} INFO - 2026-02-07 05:40:54,515 | INFO | mobiles: Page 15/25
[2026-02-07T05:40:55.437+0000] {subprocess.py:93} INFO - 2026-02-07 05:40:55,436 | INFO | mobiles: Page 16/25
[2026-02-07T05:40:56.937+0000] {subprocess.py:93} INFO - 2026-02-07 05:40:56,937 | INFO | mobiles: Page 17/25
[2026-02-07T05:40:57.512+0000] {subprocess.py:93} INFO - 2026-02-07 05:40:57,511 | INFO | mobiles: Page 18/25
[2026-02-07T05:40:59.368+0000] {subprocess.py:93} INFO - 2026-02-07 05:40:59,367 | INFO | mobiles: Page 19/25
[2026-02-07T05:41:00.012+0000] {subprocess.py:93} INFO - 2026-02-07 05:41:00,011 | INFO | mobiles: Page 20/25
[2026-02-07T05:41:00.918+0000] {subprocess.py:93} INFO - 2026-02-07 05:41:00,917 | INFO | mobiles: Page 21/25
[2026-02-07T05:41:01.709+0000] {subprocess.py:93} INFO - 2026-02-07 05:41:01,709 | INFO | mobiles: Page 22/25
[2026-02-07T05:41:02.813+0000] {subprocess.py:93} INFO - 2026-02-07 05:41:02,812 | INFO | mobiles: Page 23/25
[2026-02-07T05:41:04.930+0000] {subprocess.py:93} INFO - 2026-02-07 05:41:04,930 | INFO | mobiles: Page 24/25
[2026-02-07T05:41:06.164+0000] {subprocess.py:93} INFO - 2026-02-07 05:41:06,163 | INFO | mobiles: Page 25/25
[2026-02-07T05:41:07.599+0000] {subprocess.py:93} INFO - 2026-02-07 05:41:07,599 | INFO | mobiles: Fetching reviews
[2026-02-07T05:41:36.424+0000] {subprocess.py:93} INFO - 2026-02-07 05:41:36,423 | INFO | mobiles: Saved 750 rows to /opt/***/dags/data/raw/mobiles/mobiles_2026-02-07.csv
[2026-02-07T05:41:36.428+0000] {subprocess.py:93} INFO - 2026-02-07 05:41:36,424 | INFO | Starting scrape for category: laptops
[2026-02-07T05:41:37.726+0000] {subprocess.py:93} INFO - 2026-02-07 05:41:37,726 | INFO | laptops: Page 1/14
[2026-02-07T05:41:38.212+0000] {subprocess.py:93} INFO - 2026-02-07 05:41:38,211 | INFO | laptops: Page 2/14
[2026-02-07T05:41:38.839+0000] {subprocess.py:93} INFO - 2026-02-07 05:41:38,839 | INFO | laptops: Page 3/14
[2026-02-07T05:41:39.457+0000] {subprocess.py:93} INFO - 2026-02-07 05:41:39,457 | INFO | laptops: Page 4/14
[2026-02-07T05:41:40.126+0000] {subprocess.py:93} INFO - 2026-02-07 05:41:40,125 | INFO | laptops: Page 5/14
[2026-02-07T05:41:42.183+0000] {subprocess.py:93} INFO - 2026-02-07 05:41:42,182 | INFO | laptops: Page 6/14
[2026-02-07T05:41:43.041+0000] {subprocess.py:93} INFO - 2026-02-07 05:41:43,040 | INFO | laptops: Page 7/14
[2026-02-07T05:41:44.149+0000] {subprocess.py:93} INFO - 2026-02-07 05:41:44,148 | INFO | laptops: Page 8/14
[2026-02-07T05:41:44.779+0000] {subprocess.py:93} INFO - 2026-02-07 05:41:44,778 | INFO | laptops: Page 9/14
[2026-02-07T05:41:45.447+0000] {subprocess.py:93} INFO - 2026-02-07 05:41:45,447 | INFO | laptops: Page 10/14
[2026-02-07T05:41:46.104+0000] {subprocess.py:93} INFO - 2026-02-07 05:41:46,103 | INFO | laptops: Page 11/14
[2026-02-07T05:41:46.740+0000] {subprocess.py:93} INFO - 2026-02-07 05:41:46,739 | INFO | laptops: Page 12/14
[2026-02-07T05:41:47.433+0000] {subprocess.py:93} INFO - 2026-02-07 05:41:47,433 | INFO | laptops: Page 13/14
[2026-02-07T05:41:50.123+0000] {subprocess.py:93} INFO - 2026-02-07 05:41:50,122 | INFO | laptops: Page 14/14
[2026-02-07T05:41:50.758+0000] {subprocess.py:93} INFO - 2026-02-07 05:41:50,758 | INFO | laptops: Fetching reviews
[2026-02-07T05:42:09.295+0000] {subprocess.py:93} INFO - 2026-02-07 05:42:09,295 | INFO | laptops: Saved 420 rows to /opt/***/dags/data/raw/laptops/laptops_2026-02-07.csv
[2026-02-07T05:42:09.298+0000] {subprocess.py:93} INFO - 2026-02-07 05:42:09,296 | INFO | Starting scrape for category: television
[2026-02-07T05:42:09.874+0000] {subprocess.py:93} INFO - 2026-02-07 05:42:09,874 | INFO | television: Page 1/7
[2026-02-07T05:42:11.646+0000] {subprocess.py:93} INFO - 2026-02-07 05:42:11,646 | INFO | television: Page 2/7
[2026-02-07T05:42:14.075+0000] {subprocess.py:93} INFO - 2026-02-07 05:42:14,074 | INFO | television: Page 3/7
[2026-02-07T05:42:16.530+0000] {subprocess.py:93} INFO - 2026-02-07 05:42:16,530 | INFO | television: Page 4/7
[2026-02-07T05:42:17.419+0000] {subprocess.py:93} INFO - 2026-02-07 05:42:17,418 | INFO | television: Page 5/7
[2026-02-07T05:42:18.497+0000] {subprocess.py:93} INFO - 2026-02-07 05:42:18,496 | INFO | television: Page 6/7
[2026-02-07T05:42:19.142+0000] {subprocess.py:93} INFO - 2026-02-07 05:42:19,142 | INFO | television: Page 7/7
[2026-02-07T05:42:19.770+0000] {subprocess.py:93} INFO - 2026-02-07 05:42:19,770 | INFO | television: Fetching reviews
[2026-02-07T05:42:23.784+0000] {subprocess.py:93} INFO - 2026-02-07 05:42:23,784 | INFO | television: Saved 210 rows to /opt/***/dags/data/raw/tvs/television_2026-02-07.csv
[2026-02-07T05:42:23.786+0000] {subprocess.py:93} INFO - 2026-02-07 05:42:23,785 | INFO | Starting scrape for category: refrigerator
[2026-02-07T05:42:24.137+0000] {subprocess.py:93} INFO - 2026-02-07 05:42:24,137 | INFO | refrigerator: Page 1/6
[2026-02-07T05:42:24.609+0000] {subprocess.py:93} INFO - 2026-02-07 05:42:24,608 | INFO | refrigerator: Page 2/6
[2026-02-07T05:42:25.238+0000] {subprocess.py:93} INFO - 2026-02-07 05:42:25,237 | INFO | refrigerator: Page 3/6
[2026-02-07T05:42:25.898+0000] {subprocess.py:93} INFO - 2026-02-07 05:42:25,898 | INFO | refrigerator: Page 4/6
[2026-02-07T05:42:26.740+0000] {subprocess.py:93} INFO - 2026-02-07 05:42:26,740 | INFO | refrigerator: Page 5/6
[2026-02-07T05:42:27.629+0000] {subprocess.py:93} INFO - 2026-02-07 05:42:27,628 | INFO | refrigerator: Page 6/6
[2026-02-07T05:42:28.288+0000] {subprocess.py:93} INFO - 2026-02-07 05:42:28,288 | INFO | refrigerator: Fetching reviews
[2026-02-07T05:42:33.682+0000] {subprocess.py:93} INFO - 2026-02-07 05:42:33,681 | INFO | refrigerator: Saved 180 rows to /opt/***/dags/data/raw/refrigerators/refrigerator_2026-02-07.csv
[2026-02-07T05:42:33.685+0000] {subprocess.py:93} INFO - 2026-02-07 05:42:33,682 | INFO | ===== SCRAPING FINISHED =====
[2026-02-07T05:42:33.856+0000] {subprocess.py:97} INFO - Command exited with return code 0
[2026-02-07T05:42:33.885+0000] {taskinstance.py:441} INFO - ::group::Post task execution logs
[2026-02-07T05:42:34.196+0000] {taskinstance.py:1206} INFO - Marking task as SUCCESS. dag_id=product_price_pipeline, task_id=scrape_data, run_id=scheduled__2026-02-05T21:00:00+00:00, execution_date=20260205T210000, start_date=20260207T054034, end_date=20260207T054234
[2026-02-07T05:42:34.383+0000] {local_task_job_runner.py:243} INFO - Task exited with return code 0
[2026-02-07T05:42:34.597+0000] {taskinstance.py:3503} INFO - 1 downstream tasks scheduled from follow-on schedule check
[2026-02-07T05:42:34.603+0000] {local_task_job_runner.py:222} INFO - ::endgroup::
[2026-02-07T05:59:02.329+0000] {local_task_job_runner.py:120} INFO - ::group::Pre task execution logs
[2026-02-07T05:59:02.413+0000] {taskinstance.py:2076} INFO - Dependencies all met for dep_context=non-requeueable deps ti=<TaskInstance: product_price_pipeline.scrape_data scheduled__2026-02-05T21:00:00+00:00 [queued]>
[2026-02-07T05:59:02.436+0000] {taskinstance.py:2076} INFO - Dependencies all met for dep_context=requeueable deps ti=<TaskInstance: product_price_pipeline.scrape_data scheduled__2026-02-05T21:00:00+00:00 [queued]>
[2026-02-07T05:59:02.438+0000] {taskinstance.py:2306} INFO - Starting attempt 1 of 2
[2026-02-07T05:59:02.495+0000] {taskinstance.py:2330} INFO - Executing <Task(BashOperator): scrape_data> on 2026-02-05 21:00:00+00:00
[2026-02-07T05:59:02.577+0000] {standard_task_runner.py:90} INFO - Running: ['***', 'tasks', 'run', 'product_price_pipeline', 'scrape_data', 'scheduled__2026-02-05T21:00:00+00:00', '--job-id', '66', '--raw', '--subdir', 'DAGS_FOLDER/product_pipeline_dag.py', '--cfg-path', '/tmp/tmpgiao0o4m']
[2026-02-07T05:59:02.588+0000] {standard_task_runner.py:91} INFO - Job 66: Subtask scrape_data
[2026-02-07T05:59:02.588+0000] {logging_mixin.py:188} WARNING - /home/***/.local/lib/python3.12/site-packages/***/task/task_runner/standard_task_runner.py:62 DeprecationWarning: This process (pid=260) is multi-threaded, use of fork() may lead to deadlocks in the child.
[2026-02-07T05:59:02.591+0000] {standard_task_runner.py:64} INFO - Started process 261 to run task
[2026-02-07T05:59:03.063+0000] {task_command.py:426} INFO - Running <TaskInstance: product_price_pipeline.scrape_data scheduled__2026-02-05T21:00:00+00:00 [running]> on host 19af76d7baae
[2026-02-07T05:59:03.356+0000] {taskinstance.py:2648} INFO - Exporting env vars: AIRFLOW_CTX_DAG_OWNER='***' AIRFLOW_CTX_DAG_ID='product_price_pipeline' AIRFLOW_CTX_TASK_ID='scrape_data' AIRFLOW_CTX_EXECUTION_DATE='2026-02-05T21:00:00+00:00' AIRFLOW_CTX_TRY_NUMBER='1' AIRFLOW_CTX_DAG_RUN_ID='scheduled__2026-02-05T21:00:00+00:00'
[2026-02-07T05:59:03.358+0000] {taskinstance.py:430} INFO - ::endgroup::
[2026-02-07T05:59:03.399+0000] {subprocess.py:63} INFO - Tmp dir root location: /tmp
[2026-02-07T05:59:03.403+0000] {subprocess.py:75} INFO - Running command: ['/usr/bin/bash', '-c', 'python /opt/***/dags/all_data.py']
[2026-02-07T05:59:03.443+0000] {subprocess.py:86} INFO - Output:
[2026-02-07T05:59:04.752+0000] {subprocess.py:93} INFO - 2026-02-07 05:59:04,752 | INFO | ===== SCRAPING STARTED =====
[2026-02-07T05:59:04.754+0000] {subprocess.py:93} INFO - 2026-02-07 05:59:04,752 | INFO | Starting scrape for category: mobiles
[2026-02-07T05:59:05.157+0000] {subprocess.py:93} INFO - 2026-02-07 05:59:05,157 | INFO | mobiles: Page 1/25
[2026-02-07T05:59:06.104+0000] {subprocess.py:93} INFO - 2026-02-07 05:59:06,104 | INFO | mobiles: Page 2/25
[2026-02-07T05:59:06.672+0000] {subprocess.py:93} INFO - 2026-02-07 05:59:06,672 | INFO | mobiles: Page 3/25
[2026-02-07T05:59:07.183+0000] {subprocess.py:93} INFO - 2026-02-07 05:59:07,183 | INFO | mobiles: Page 4/25
[2026-02-07T05:59:07.693+0000] {subprocess.py:93} INFO - 2026-02-07 05:59:07,693 | INFO | mobiles: Page 5/25
[2026-02-07T05:59:08.236+0000] {subprocess.py:93} INFO - 2026-02-07 05:59:08,235 | INFO | mobiles: Page 6/25
[2026-02-07T05:59:09.141+0000] {subprocess.py:93} INFO - 2026-02-07 05:59:09,140 | INFO | mobiles: Page 7/25
[2026-02-07T05:59:09.649+0000] {subprocess.py:93} INFO - 2026-02-07 05:59:09,648 | INFO | mobiles: Page 8/25
[2026-02-07T05:59:10.207+0000] {subprocess.py:93} INFO - 2026-02-07 05:59:10,207 | INFO | mobiles: Page 9/25
[2026-02-07T05:59:10.712+0000] {subprocess.py:93} INFO - 2026-02-07 05:59:10,711 | INFO | mobiles: Page 10/25
[2026-02-07T05:59:11.215+0000] {subprocess.py:93} INFO - 2026-02-07 05:59:11,214 | INFO | mobiles: Page 11/25
[2026-02-07T05:59:11.712+0000] {subprocess.py:93} INFO - 2026-02-07 05:59:11,711 | INFO | mobiles: Page 12/25
[2026-02-07T05:59:12.216+0000] {subprocess.py:93} INFO - 2026-02-07 05:59:12,215 | INFO | mobiles: Page 13/25
[2026-02-07T05:59:12.688+0000] {subprocess.py:93} INFO - 2026-02-07 05:59:12,687 | INFO | mobiles: Page 14/25
[2026-02-07T05:59:13.238+0000] {subprocess.py:93} INFO - 2026-02-07 05:59:13,237 | INFO | mobiles: Page 15/25
[2026-02-07T05:59:13.762+0000] {subprocess.py:93} INFO - 2026-02-07 05:59:13,762 | INFO | mobiles: Page 16/25
[2026-02-07T05:59:14.397+0000] {subprocess.py:93} INFO - 2026-02-07 05:59:14,396 | INFO | mobiles: Page 17/25
[2026-02-07T05:59:14.891+0000] {subprocess.py:93} INFO - 2026-02-07 05:59:14,890 | INFO | mobiles: Page 18/25
[2026-02-07T05:59:15.651+0000] {subprocess.py:93} INFO - 2026-02-07 05:59:15,650 | INFO | mobiles: Page 19/25
[2026-02-07T05:59:16.518+0000] {subprocess.py:93} INFO - 2026-02-07 05:59:16,517 | INFO | mobiles: Page 20/25
[2026-02-07T05:59:17.226+0000] {subprocess.py:93} INFO - 2026-02-07 05:59:17,225 | INFO | mobiles: Page 21/25
[2026-02-07T05:59:17.755+0000] {subprocess.py:93} INFO - 2026-02-07 05:59:17,755 | INFO | mobiles: Page 22/25
[2026-02-07T05:59:18.307+0000] {subprocess.py:93} INFO - 2026-02-07 05:59:18,306 | INFO | mobiles: Page 23/25
[2026-02-07T05:59:18.821+0000] {subprocess.py:93} INFO - 2026-02-07 05:59:18,820 | INFO | mobiles: Page 24/25
[2026-02-07T05:59:19.309+0000] {subprocess.py:93} INFO - 2026-02-07 05:59:19,308 | INFO | mobiles: Page 25/25
[2026-02-07T05:59:19.875+0000] {subprocess.py:93} INFO - 2026-02-07 05:59:19,874 | INFO | mobiles: Fetching reviews
[2026-02-07T05:59:33.933+0000] {subprocess.py:93} INFO - 2026-02-07 05:59:33,930 | INFO | mobiles: Saved 750 rows to /opt/***/dags/data/raw/mobiles/mobiles_2026-02-07.csv
[2026-02-07T05:59:33.962+0000] {subprocess.py:93} INFO - 2026-02-07 05:59:33,961 | INFO | Starting scrape for category: laptops
[2026-02-07T05:59:34.318+0000] {subprocess.py:93} INFO - 2026-02-07 05:59:34,318 | INFO | laptops: Page 1/14
[2026-02-07T05:59:34.843+0000] {subprocess.py:93} INFO - 2026-02-07 05:59:34,842 | INFO | laptops: Page 2/14
[2026-02-07T05:59:35.421+0000] {subprocess.py:93} INFO - 2026-02-07 05:59:35,420 | INFO | laptops: Page 3/14
[2026-02-07T05:59:36.112+0000] {subprocess.py:93} INFO - 2026-02-07 05:59:36,111 | INFO | laptops: Page 4/14
[2026-02-07T05:59:36.742+0000] {subprocess.py:93} INFO - 2026-02-07 05:59:36,742 | INFO | laptops: Page 5/14
[2026-02-07T05:59:37.281+0000] {subprocess.py:93} INFO - 2026-02-07 05:59:37,280 | INFO | laptops: Page 6/14
[2026-02-07T05:59:37.820+0000] {subprocess.py:93} INFO - 2026-02-07 05:59:37,819 | INFO | laptops: Page 7/14
[2026-02-07T05:59:38.350+0000] {subprocess.py:93} INFO - 2026-02-07 05:59:38,350 | INFO | laptops: Page 8/14
[2026-02-07T05:59:38.860+0000] {subprocess.py:93} INFO - 2026-02-07 05:59:38,860 | INFO | laptops: Page 9/14
[2026-02-07T05:59:39.339+0000] {subprocess.py:93} INFO - 2026-02-07 05:59:39,339 | INFO | laptops: Page 10/14
[2026-02-07T05:59:39.835+0000] {subprocess.py:93} INFO - 2026-02-07 05:59:39,835 | INFO | laptops: Page 11/14
[2026-02-07T05:59:40.317+0000] {subprocess.py:93} INFO - 2026-02-07 05:59:40,317 | INFO | laptops: Page 12/14
[2026-02-07T05:59:41.410+0000] {subprocess.py:93} INFO - 2026-02-07 05:59:41,409 | INFO | laptops: Page 13/14
[2026-02-07T05:59:41.923+0000] {subprocess.py:93} INFO - 2026-02-07 05:59:41,922 | INFO | laptops: Page 14/14
[2026-02-07T05:59:42.395+0000] {subprocess.py:93} INFO - 2026-02-07 05:59:42,395 | INFO | laptops: Fetching reviews
[2026-02-07T05:59:55.284+0000] {subprocess.py:93} INFO - 2026-02-07 05:59:55,283 | INFO | laptops: Saved 420 rows to /opt/***/dags/data/raw/laptops/laptops_2026-02-07.csv
[2026-02-07T05:59:55.286+0000] {subprocess.py:93} INFO - 2026-02-07 05:59:55,284 | INFO | Starting scrape for category: television
[2026-02-07T05:59:55.747+0000] {subprocess.py:93} INFO - 2026-02-07 05:59:55,746 | INFO | television: Page 1/7
[2026-02-07T05:59:56.811+0000] {subprocess.py:93} INFO - 2026-02-07 05:59:56,811 | INFO | television: Page 2/7
[2026-02-07T05:59:57.631+0000] {subprocess.py:93} INFO - 2026-02-07 05:59:57,631 | INFO | television: Page 3/7
[2026-02-07T05:59:59.660+0000] {subprocess.py:93} INFO - 2026-02-07 05:59:59,660 | INFO | television: Page 4/7
[2026-02-07T06:00:00.468+0000] {subprocess.py:93} INFO - 2026-02-07 06:00:00,467 | INFO | television: Page 5/7
[2026-02-07T06:00:01.117+0000] {subprocess.py:93} INFO - 2026-02-07 06:00:01,117 | INFO | television: Page 6/7
[2026-02-07T06:00:01.961+0000] {subprocess.py:93} INFO - 2026-02-07 06:00:01,960 | INFO | television: Page 7/7
[2026-02-07T06:00:02.747+0000] {subprocess.py:93} INFO - 2026-02-07 06:00:02,746 | INFO | television: Fetching reviews
[2026-02-07T06:00:06.541+0000] {subprocess.py:93} INFO - 2026-02-07 06:00:06,541 | INFO | television: Saved 210 rows to /opt/***/dags/data/raw/tvs/television_2026-02-07.csv
[2026-02-07T06:00:06.543+0000] {subprocess.py:93} INFO - 2026-02-07 06:00:06,541 | INFO | Starting scrape for category: refrigerator
[2026-02-07T06:00:07.483+0000] {subprocess.py:93} INFO - 2026-02-07 06:00:07,482 | INFO | refrigerator: Page 1/6
[2026-02-07T06:00:09.570+0000] {subprocess.py:93} INFO - 2026-02-07 06:00:09,570 | INFO | refrigerator: Page 2/6
[2026-02-07T06:00:10.744+0000] {subprocess.py:93} INFO - 2026-02-07 06:00:10,743 | INFO | refrigerator: Page 3/6
[2026-02-07T06:00:14.899+0000] {subprocess.py:93} INFO - 2026-02-07 06:00:14,899 | INFO | refrigerator: Page 4/6
[2026-02-07T06:00:15.872+0000] {subprocess.py:93} INFO - 2026-02-07 06:00:15,871 | INFO | refrigerator: Page 5/6
[2026-02-07T06:00:16.622+0000] {subprocess.py:93} INFO - 2026-02-07 06:00:16,621 | INFO | refrigerator: Page 6/6
[2026-02-07T06:00:17.569+0000] {subprocess.py:93} INFO - 2026-02-07 06:00:17,568 | INFO | refrigerator: Fetching reviews
[2026-02-07T06:00:28.774+0000] {subprocess.py:93} INFO - 2026-02-07 06:00:28,774 | INFO | refrigerator: Saved 180 rows to /opt/***/dags/data/raw/refrigerators/refrigerator_2026-02-07.csv
[2026-02-07T06:00:28.776+0000] {subprocess.py:93} INFO - 2026-02-07 06:00:28,775 | INFO | ===== SCRAPING FINISHED =====
[2026-02-07T06:00:28.977+0000] {subprocess.py:97} INFO - Command exited with return code 0
[2026-02-07T06:00:29.031+0000] {taskinstance.py:441} INFO - ::group::Post task execution logs
[2026-02-07T06:00:29.539+0000] {taskinstance.py:1206} INFO - Marking task as SUCCESS. dag_id=product_price_pipeline, task_id=scrape_data, run_id=scheduled__2026-02-05T21:00:00+00:00, execution_date=20260205T210000, start_date=20260207T055902, end_date=20260207T060029
[2026-02-07T06:00:29.719+0000] {local_task_job_runner.py:243} INFO - Task exited with return code 0
[2026-02-07T06:00:29.930+0000] {taskinstance.py:3503} INFO - 1 downstream tasks scheduled from follow-on schedule check
[2026-02-07T06:00:29.935+0000] {local_task_job_runner.py:222} INFO - ::endgroup::
[2026-02-07T06:35:17.157+0000] {local_task_job_runner.py:120} INFO - ::group::Pre task execution logs
[2026-02-07T06:35:17.514+0000] {taskinstance.py:2076} INFO - Dependencies all met for dep_context=non-requeueable deps ti=<TaskInstance: product_price_pipeline.scrape_data scheduled__2026-02-05T21:00:00+00:00 [queued]>
[2026-02-07T06:35:17.545+0000] {taskinstance.py:2076} INFO - Dependencies all met for dep_context=requeueable deps ti=<TaskInstance: product_price_pipeline.scrape_data scheduled__2026-02-05T21:00:00+00:00 [queued]>
[2026-02-07T06:35:17.547+0000] {taskinstance.py:2306} INFO - Starting attempt 1 of 2
[2026-02-07T06:35:17.617+0000] {taskinstance.py:2330} INFO - Executing <Task(BashOperator): scrape_data> on 2026-02-05 21:00:00+00:00
[2026-02-07T06:35:17.659+0000] {standard_task_runner.py:90} INFO - Running: ['***', 'tasks', 'run', 'product_price_pipeline', 'scrape_data', 'scheduled__2026-02-05T21:00:00+00:00', '--job-id', '75', '--raw', '--subdir', 'DAGS_FOLDER/product_pipeline_dag.py', '--cfg-path', '/tmp/tmpz7wfpy47']
[2026-02-07T06:35:17.669+0000] {logging_mixin.py:188} WARNING - /home/***/.local/lib/python3.12/site-packages/***/task/task_runner/standard_task_runner.py:62 DeprecationWarning: This process (pid=392) is multi-threaded, use of fork() may lead to deadlocks in the child.
[2026-02-07T06:35:17.672+0000] {standard_task_runner.py:91} INFO - Job 75: Subtask scrape_data
[2026-02-07T06:35:17.676+0000] {standard_task_runner.py:64} INFO - Started process 394 to run task
[2026-02-07T06:35:17.944+0000] {task_command.py:426} INFO - Running <TaskInstance: product_price_pipeline.scrape_data scheduled__2026-02-05T21:00:00+00:00 [running]> on host 19af76d7baae
[2026-02-07T06:35:18.282+0000] {taskinstance.py:2648} INFO - Exporting env vars: AIRFLOW_CTX_DAG_OWNER='***' AIRFLOW_CTX_DAG_ID='product_price_pipeline' AIRFLOW_CTX_TASK_ID='scrape_data' AIRFLOW_CTX_EXECUTION_DATE='2026-02-05T21:00:00+00:00' AIRFLOW_CTX_TRY_NUMBER='1' AIRFLOW_CTX_DAG_RUN_ID='scheduled__2026-02-05T21:00:00+00:00'
[2026-02-07T06:35:18.286+0000] {taskinstance.py:430} INFO - ::endgroup::
[2026-02-07T06:35:18.422+0000] {subprocess.py:63} INFO - Tmp dir root location: /tmp
[2026-02-07T06:35:18.439+0000] {subprocess.py:75} INFO - Running command: ['/usr/bin/bash', '-c', 'python /opt/***/dags/all_data.py']
[2026-02-07T06:35:18.535+0000] {subprocess.py:86} INFO - Output:
[2026-02-07T06:35:25.533+0000] {subprocess.py:93} INFO - 2026-02-07 06:35:25,532 | INFO | ===== SCRAPING STARTED =====
[2026-02-07T06:35:25.541+0000] {subprocess.py:93} INFO - 2026-02-07 06:35:25,533 | INFO | Starting scrape for category: mobiles
[2026-02-07T06:35:28.224+0000] {subprocess.py:93} INFO - 2026-02-07 06:35:28,223 | INFO | mobiles: Page 1/25
[2026-02-07T06:35:30.295+0000] {subprocess.py:93} INFO - 2026-02-07 06:35:30,294 | INFO | mobiles: Page 2/25
[2026-02-07T06:35:31.651+0000] {subprocess.py:93} INFO - 2026-02-07 06:35:31,650 | INFO | mobiles: Page 3/25
[2026-02-07T06:35:33.763+0000] {subprocess.py:93} INFO - 2026-02-07 06:35:33,763 | INFO | mobiles: Page 4/25
[2026-02-07T06:35:38.154+0000] {subprocess.py:93} INFO - 2026-02-07 06:35:38,154 | INFO | mobiles: Page 5/25
[2026-02-07T06:35:42.483+0000] {subprocess.py:93} INFO - 2026-02-07 06:35:42,483 | INFO | mobiles: Page 6/25
[2026-02-07T06:35:43.743+0000] {subprocess.py:93} INFO - 2026-02-07 06:35:43,742 | INFO | mobiles: Page 7/25
[2026-02-07T06:35:45.191+0000] {subprocess.py:93} INFO - 2026-02-07 06:35:45,190 | INFO | mobiles: Page 8/25
[2026-02-07T06:35:50.380+0000] {subprocess.py:93} INFO - 2026-02-07 06:35:50,380 | INFO | mobiles: Page 9/25
[2026-02-07T06:35:51.949+0000] {subprocess.py:93} INFO - 2026-02-07 06:35:51,948 | INFO | mobiles: Page 10/25
[2026-02-07T06:35:54.255+0000] {subprocess.py:93} INFO - 2026-02-07 06:35:54,254 | INFO | mobiles: Page 11/25
[2026-02-07T06:35:55.455+0000] {subprocess.py:93} INFO - 2026-02-07 06:35:55,455 | INFO | mobiles: Page 12/25
[2026-02-07T06:35:58.604+0000] {subprocess.py:93} INFO - 2026-02-07 06:35:58,603 | INFO | mobiles: Page 13/25
[2026-02-07T06:36:00.246+0000] {subprocess.py:93} INFO - 2026-02-07 06:36:00,245 | INFO | mobiles: Page 14/25
[2026-02-07T06:36:01.371+0000] {subprocess.py:93} INFO - 2026-02-07 06:36:01,370 | INFO | mobiles: Page 15/25
[2026-02-07T06:36:02.624+0000] {subprocess.py:93} INFO - 2026-02-07 06:36:02,623 | INFO | mobiles: Page 16/25
[2026-02-07T06:36:03.287+0000] {subprocess.py:93} INFO - 2026-02-07 06:36:03,287 | INFO | mobiles: Page 17/25
[2026-02-07T06:36:05.082+0000] {subprocess.py:93} INFO - 2026-02-07 06:36:05,081 | INFO | mobiles: Page 18/25
[2026-02-07T06:36:08.138+0000] {subprocess.py:93} INFO - 2026-02-07 06:36:08,137 | INFO | mobiles: Page 19/25
[2026-02-07T06:36:09.042+0000] {subprocess.py:93} INFO - 2026-02-07 06:36:09,042 | INFO | mobiles: Page 20/25
[2026-02-07T06:36:10.012+0000] {subprocess.py:93} INFO - 2026-02-07 06:36:10,011 | INFO | mobiles: Page 21/25
[2026-02-07T06:36:13.752+0000] {subprocess.py:93} INFO - 2026-02-07 06:36:13,752 | INFO | mobiles: Page 22/25
[2026-02-07T06:36:16.026+0000] {subprocess.py:93} INFO - 2026-02-07 06:36:16,025 | INFO | mobiles: Page 23/25
[2026-02-07T06:36:17.211+0000] {subprocess.py:93} INFO - 2026-02-07 06:36:17,211 | INFO | mobiles: Page 24/25
[2026-02-07T06:36:18.135+0000] {subprocess.py:93} INFO - 2026-02-07 06:36:18,134 | INFO | mobiles: Page 25/25
[2026-02-07T06:36:19.300+0000] {subprocess.py:93} INFO - 2026-02-07 06:36:19,299 | INFO | mobiles: Fetching reviews
[2026-02-07T06:37:12.610+0000] {subprocess.py:93} INFO - 2026-02-07 06:37:12,610 | INFO | mobiles: Saved 750 rows to /opt/***/dags/data/raw/mobiles/mobiles_2026-02-07.csv
[2026-02-07T06:37:12.629+0000] {subprocess.py:93} INFO - 2026-02-07 06:37:12,611 | INFO | Starting scrape for category: laptops
[2026-02-07T06:37:20.348+0000] {subprocess.py:93} INFO - 2026-02-07 06:37:20,348 | INFO | laptops: Page 1/14
[2026-02-07T06:37:23.709+0000] {subprocess.py:93} INFO - 2026-02-07 06:37:23,709 | INFO | laptops: Page 2/14
[2026-02-07T06:37:26.236+0000] {subprocess.py:93} INFO - 2026-02-07 06:37:26,236 | INFO | laptops: Page 3/14
[2026-02-07T06:37:27.874+0000] {subprocess.py:93} INFO - 2026-02-07 06:37:27,873 | INFO | laptops: Page 4/14
[2026-02-07T06:37:35.966+0000] {subprocess.py:93} INFO - 2026-02-07 06:37:35,966 | INFO | laptops: Page 5/14
[2026-02-07T06:37:37.535+0000] {subprocess.py:93} INFO - 2026-02-07 06:37:37,535 | INFO | laptops: Page 6/14
[2026-02-07T06:37:39.324+0000] {subprocess.py:93} INFO - 2026-02-07 06:37:39,324 | INFO | laptops: Page 7/14
[2026-02-07T06:37:41.808+0000] {subprocess.py:93} INFO - 2026-02-07 06:37:41,808 | INFO | laptops: Page 8/14
[2026-02-07T06:37:42.909+0000] {subprocess.py:93} INFO - 2026-02-07 06:37:42,909 | INFO | laptops: Page 9/14
[2026-02-07T06:37:45.154+0000] {subprocess.py:93} INFO - 2026-02-07 06:37:45,154 | INFO | laptops: Page 10/14
[2026-02-07T06:37:46.369+0000] {subprocess.py:93} INFO - 2026-02-07 06:37:46,368 | INFO | laptops: Page 11/14
[2026-02-07T06:37:48.677+0000] {subprocess.py:93} INFO - 2026-02-07 06:37:48,677 | INFO | laptops: Page 12/14
[2026-02-07T06:37:53.715+0000] {subprocess.py:93} INFO - 2026-02-07 06:37:53,714 | INFO | laptops: Page 13/14
[2026-02-07T06:37:59.047+0000] {subprocess.py:93} INFO - 2026-02-07 06:37:59,046 | INFO | laptops: Page 14/14
[2026-02-07T06:38:00.597+0000] {subprocess.py:93} INFO - 2026-02-07 06:38:00,596 | INFO | laptops: Fetching reviews
[2026-02-07T06:38:33.083+0000] {subprocess.py:93} INFO - Traceback (most recent call last):
[2026-02-07T06:38:33.091+0000] {subprocess.py:93} INFO -   File "/home/***/.local/lib/python3.12/site-packages/urllib3/connectionpool.py", line 468, in _make_request
[2026-02-07T06:38:34.564+0000] {subprocess.py:93} INFO -     self._validate_conn(conn)
[2026-02-07T06:38:34.616+0000] {subprocess.py:93} INFO -   File "/home/***/.local/lib/python3.12/site-packages/urllib3/connectionpool.py", line 1097, in _validate_conn
[2026-02-07T06:38:34.734+0000] {subprocess.py:93} INFO -     conn.connect()
[2026-02-07T06:38:34.980+0000] {subprocess.py:93} INFO -   File "/home/***/.local/lib/python3.12/site-packages/urllib3/connection.py", line 642, in connect
[2026-02-07T06:38:35.312+0000] {subprocess.py:93} INFO -     sock_and_verified = _ssl_wrap_socket_and_match_hostname(
[2026-02-07T06:38:35.328+0000] {subprocess.py:93} INFO -                         ^^^^^^^^^^^^^^^^^^^^^^^^^^^^^^^^^^^^
[2026-02-07T06:38:35.524+0000] {subprocess.py:93} INFO -   File "/home/***/.local/lib/python3.12/site-packages/urllib3/connection.py", line 783, in _ssl_wrap_socket_and_match_hostname
[2026-02-07T06:38:35.635+0000] {subprocess.py:93} INFO -     ssl_sock = ssl_wrap_socket(
[2026-02-07T06:38:35.743+0000] {subprocess.py:93} INFO -                ^^^^^^^^^^^^^^^^
[2026-02-07T06:38:35.745+0000] {subprocess.py:93} INFO -   File "/home/***/.local/lib/python3.12/site-packages/urllib3/util/ssl_.py", line 471, in ssl_wrap_socket
[2026-02-07T06:38:35.810+0000] {subprocess.py:93} INFO -     ssl_sock = _ssl_wrap_socket_impl(sock, context, tls_in_tls, server_hostname)
[2026-02-07T06:38:35.819+0000] {subprocess.py:93} INFO -                ^^^^^^^^^^^^^^^^^^^^^^^^^^^^^^^^^^^^^^^^^^^^^^^^^^^^^^^^^^^^^^^^^
[2026-02-07T06:38:35.823+0000] {subprocess.py:93} INFO -   File "/home/***/.local/lib/python3.12/site-packages/urllib3/util/ssl_.py", line 515, in _ssl_wrap_socket_impl
[2026-02-07T06:38:35.834+0000] {subprocess.py:93} INFO -     return ssl_context.wrap_socket(sock, server_hostname=server_hostname)
[2026-02-07T06:38:35.848+0000] {subprocess.py:93} INFO -            ^^^^^^^^^^^^^^^^^^^^^^^^^^^^^^^^^^^^^^^^^^^^^^^^^^^^^^^^^^^^^^
[2026-02-07T06:38:35.879+0000] {subprocess.py:93} INFO -   File "/usr/local/lib/python3.12/ssl.py", line 455, in wrap_socket
[2026-02-07T06:38:35.908+0000] {subprocess.py:93} INFO -     return self.sslsocket_class._create(
[2026-02-07T06:38:35.922+0000] {subprocess.py:93} INFO -            ^^^^^^^^^^^^^^^^^^^^^^^^^^^^^
[2026-02-07T06:38:35.927+0000] {subprocess.py:93} INFO -   File "/usr/local/lib/python3.12/ssl.py", line 1042, in _create
[2026-02-07T06:38:35.933+0000] {subprocess.py:93} INFO -     self.do_handshake()
[2026-02-07T06:38:35.937+0000] {subprocess.py:93} INFO -   File "/usr/local/lib/python3.12/ssl.py", line 1320, in do_handshake
[2026-02-07T06:38:35.946+0000] {subprocess.py:93} INFO -     self._sslobj.do_handshake()
[2026-02-07T06:38:35.961+0000] {subprocess.py:93} INFO - ssl.SSLEOFError: [SSL: UNEXPECTED_EOF_WHILE_READING] EOF occurred in violation of protocol (_ssl.c:1000)
[2026-02-07T06:38:35.964+0000] {subprocess.py:93} INFO - 
[2026-02-07T06:38:35.993+0000] {subprocess.py:93} INFO - During handling of the above exception, another exception occurred:
[2026-02-07T06:38:36.006+0000] {subprocess.py:93} INFO - 
[2026-02-07T06:38:36.009+0000] {subprocess.py:93} INFO - Traceback (most recent call last):
[2026-02-07T06:38:36.015+0000] {subprocess.py:93} INFO -   File "/home/***/.local/lib/python3.12/site-packages/urllib3/connectionpool.py", line 791, in urlopen
[2026-02-07T06:38:36.035+0000] {subprocess.py:93} INFO -     response = self._make_request(
[2026-02-07T06:38:36.042+0000] {subprocess.py:93} INFO -                ^^^^^^^^^^^^^^^^^^^
[2026-02-07T06:38:36.045+0000] {subprocess.py:93} INFO -   File "/home/***/.local/lib/python3.12/site-packages/urllib3/connectionpool.py", line 492, in _make_request
[2026-02-07T06:38:36.053+0000] {subprocess.py:93} INFO -     raise new_e
[2026-02-07T06:38:36.074+0000] {subprocess.py:93} INFO - urllib3.exceptions.SSLError: [SSL: UNEXPECTED_EOF_WHILE_READING] EOF occurred in violation of protocol (_ssl.c:1000)
[2026-02-07T06:38:36.080+0000] {subprocess.py:93} INFO - 
[2026-02-07T06:38:36.092+0000] {subprocess.py:93} INFO - The above exception was the direct cause of the following exception:
[2026-02-07T06:38:36.097+0000] {subprocess.py:93} INFO - 
[2026-02-07T06:38:36.121+0000] {subprocess.py:93} INFO - Traceback (most recent call last):
[2026-02-07T06:38:36.136+0000] {subprocess.py:93} INFO -   File "/home/***/.local/lib/python3.12/site-packages/requests/adapters.py", line 667, in send
[2026-02-07T06:38:36.139+0000] {subprocess.py:93} INFO -     resp = conn.urlopen(
[2026-02-07T06:38:36.147+0000] {subprocess.py:93} INFO -            ^^^^^^^^^^^^^
[2026-02-07T06:38:36.157+0000] {subprocess.py:93} INFO -   File "/home/***/.local/lib/python3.12/site-packages/urllib3/connectionpool.py", line 845, in urlopen
[2026-02-07T06:38:36.159+0000] {subprocess.py:93} INFO -     retries = retries.increment(
[2026-02-07T06:38:36.161+0000] {subprocess.py:93} INFO -               ^^^^^^^^^^^^^^^^^^
[2026-02-07T06:38:36.178+0000] {subprocess.py:93} INFO -   File "/home/***/.local/lib/python3.12/site-packages/urllib3/util/retry.py", line 515, in increment
[2026-02-07T06:38:36.180+0000] {subprocess.py:93} INFO -     raise MaxRetryError(_pool, url, reason) from reason  # type: ignore[arg-type]
[2026-02-07T06:38:36.192+0000] {subprocess.py:93} INFO -     ^^^^^^^^^^^^^^^^^^^^^^^^^^^^^^^^^^^^^^^^^^^^^^^^^^^
[2026-02-07T06:38:36.203+0000] {subprocess.py:93} INFO - urllib3.exceptions.MaxRetryError: HTTPSConnectionPool(host='mdm.vijaysales.com', port=443): Max retries exceeded with url: /web/api/get-reviews-summary.json?sku=222916%2C214111%2C214105%2C184533%2C173007%2C237445%2C225512%2C238594%2C238593%2C238592%2C238591%2C246902%2C238597%2C238595%2C238599%2C238596%2C238610%2C235474%2C235523%2C238605%2C238598%2C238606%2C238604%2C238609%2C238601%2C238608%2C235494%2C238607%2C235473%2C246904 (Caused by SSLError(SSLEOFError(8, '[SSL: UNEXPECTED_EOF_WHILE_READING] EOF occurred in violation of protocol (_ssl.c:1000)')))
[2026-02-07T06:38:36.221+0000] {subprocess.py:93} INFO - 
[2026-02-07T06:38:36.227+0000] {subprocess.py:93} INFO - During handling of the above exception, another exception occurred:
[2026-02-07T06:38:36.232+0000] {subprocess.py:93} INFO - 
[2026-02-07T06:38:36.240+0000] {subprocess.py:93} INFO - Traceback (most recent call last):
[2026-02-07T06:38:36.242+0000] {subprocess.py:93} INFO -   File "/opt/***/dags/all_data.py", line 150, in <module>
[2026-02-07T06:38:36.251+0000] {subprocess.py:93} INFO -     main()
[2026-02-07T06:38:36.270+0000] {subprocess.py:93} INFO -   File "/opt/***/dags/all_data.py", line 145, in main
[2026-02-07T06:38:36.274+0000] {subprocess.py:93} INFO -     scrape_category(query, folder)
[2026-02-07T06:38:36.282+0000] {subprocess.py:93} INFO -   File "/opt/***/dags/all_data.py", line 119, in scrape_category
[2026-02-07T06:38:36.285+0000] {subprocess.py:93} INFO -     reviews_map.update(fetch_reviews(batch))
[2026-02-07T06:38:36.289+0000] {subprocess.py:93} INFO -                        ^^^^^^^^^^^^^^^^^^^^
[2026-02-07T06:38:36.321+0000] {subprocess.py:93} INFO -   File "/opt/***/dags/all_data.py", line 55, in fetch_reviews
[2026-02-07T06:38:36.329+0000] {subprocess.py:93} INFO -     r = requests.get(REVIEWS_URL, headers=HEADERS, params=params)
[2026-02-07T06:38:36.334+0000] {subprocess.py:93} INFO -         ^^^^^^^^^^^^^^^^^^^^^^^^^^^^^^^^^^^^^^^^^^^^^^^^^^^^^^^^^
[2026-02-07T06:38:36.349+0000] {subprocess.py:93} INFO -   File "/home/***/.local/lib/python3.12/site-packages/requests/api.py", line 73, in get
[2026-02-07T06:38:36.360+0000] {subprocess.py:93} INFO -     return request("get", url, params=params, **kwargs)
[2026-02-07T06:38:36.364+0000] {subprocess.py:93} INFO -            ^^^^^^^^^^^^^^^^^^^^^^^^^^^^^^^^^^^^^^^^^^^^
[2026-02-07T06:38:36.368+0000] {subprocess.py:93} INFO -   File "/home/***/.local/lib/python3.12/site-packages/requests/api.py", line 59, in request
[2026-02-07T06:38:36.374+0000] {subprocess.py:93} INFO -     return session.request(method=method, url=url, **kwargs)
[2026-02-07T06:38:36.378+0000] {subprocess.py:93} INFO -            ^^^^^^^^^^^^^^^^^^^^^^^^^^^^^^^^^^^^^^^^^^^^^^^^^
[2026-02-07T06:38:36.384+0000] {subprocess.py:93} INFO -   File "/home/***/.local/lib/python3.12/site-packages/requests/sessions.py", line 589, in request
[2026-02-07T06:38:36.388+0000] {subprocess.py:93} INFO -     resp = self.send(prep, **send_kwargs)
[2026-02-07T06:38:36.392+0000] {subprocess.py:93} INFO -            ^^^^^^^^^^^^^^^^^^^^^^^^^^^^^^
[2026-02-07T06:38:36.398+0000] {subprocess.py:93} INFO -   File "/home/***/.local/lib/python3.12/site-packages/requests/sessions.py", line 703, in send
[2026-02-07T06:38:36.410+0000] {subprocess.py:93} INFO -     r = adapter.send(request, **kwargs)
[2026-02-07T06:38:36.414+0000] {subprocess.py:93} INFO -         ^^^^^^^^^^^^^^^^^^^^^^^^^^^^^^^
[2026-02-07T06:38:36.421+0000] {subprocess.py:93} INFO -   File "/home/***/.local/lib/python3.12/site-packages/requests/adapters.py", line 698, in send
[2026-02-07T06:38:36.425+0000] {subprocess.py:93} INFO -     raise SSLError(e, request=request)
[2026-02-07T06:38:36.427+0000] {subprocess.py:93} INFO - requests.exceptions.SSLError: HTTPSConnectionPool(host='mdm.vijaysales.com', port=443): Max retries exceeded with url: /web/api/get-reviews-summary.json?sku=222916%2C214111%2C214105%2C184533%2C173007%2C237445%2C225512%2C238594%2C238593%2C238592%2C238591%2C246902%2C238597%2C238595%2C238599%2C238596%2C238610%2C235474%2C235523%2C238605%2C238598%2C238606%2C238604%2C238609%2C238601%2C238608%2C235494%2C238607%2C235473%2C246904 (Caused by SSLError(SSLEOFError(8, '[SSL: UNEXPECTED_EOF_WHILE_READING] EOF occurred in violation of protocol (_ssl.c:1000)')))
[2026-02-07T06:38:55.971+0000] {subprocess.py:97} INFO - Command exited with return code 1
[2026-02-07T06:38:56.104+0000] {taskinstance.py:441} INFO - ::group::Post task execution logs
[2026-02-07T06:38:56.917+0000] {taskinstance.py:2905} ERROR - Task failed with exception
Traceback (most recent call last):
  File "/home/airflow/.local/lib/python3.12/site-packages/airflow/models/taskinstance.py", line 465, in _execute_task
    result = _execute_callable(context=context, **execute_callable_kwargs)
             ^^^^^^^^^^^^^^^^^^^^^^^^^^^^^^^^^^^^^^^^^^^^^^^^^^^^^^^^^^^^^
  File "/home/airflow/.local/lib/python3.12/site-packages/airflow/models/taskinstance.py", line 432, in _execute_callable
    return execute_callable(context=context, **execute_callable_kwargs)
           ^^^^^^^^^^^^^^^^^^^^^^^^^^^^^^^^^^^^^^^^^^^^^^^^^^^^^^^^^^^^
  File "/home/airflow/.local/lib/python3.12/site-packages/airflow/models/baseoperator.py", line 401, in wrapper
    return func(self, *args, **kwargs)
           ^^^^^^^^^^^^^^^^^^^^^^^^^^^
  File "/home/airflow/.local/lib/python3.12/site-packages/airflow/operators/bash.py", line 243, in execute
    raise AirflowException(
airflow.exceptions.AirflowException: Bash command failed. The command returned a non-zero exit code 1.
[2026-02-07T06:38:57.229+0000] {taskinstance.py:1206} INFO - Marking task as UP_FOR_RETRY. dag_id=product_price_pipeline, task_id=scrape_data, run_id=scheduled__2026-02-05T21:00:00+00:00, execution_date=20260205T210000, start_date=20260207T063517, end_date=20260207T063857
[2026-02-07T06:38:57.748+0000] {standard_task_runner.py:110} ERROR - Failed to execute job 75 for task scrape_data (Bash command failed. The command returned a non-zero exit code 1.; 394)
[2026-02-07T06:38:58.065+0000] {local_task_job_runner.py:243} INFO - Task exited with return code 1
[2026-02-07T06:38:58.682+0000] {taskinstance.py:3503} INFO - 0 downstream tasks scheduled from follow-on schedule check
[2026-02-07T06:38:58.691+0000] {local_task_job_runner.py:222} INFO - ::endgroup::
