[2026-02-06T17:04:01.553+0000] {local_task_job_runner.py:120} INFO - ::group::Pre task execution logs
[2026-02-06T17:04:01.611+0000] {taskinstance.py:2076} INFO - Dependencies all met for dep_context=non-requeueable deps ti=<TaskInstance: product_price_pipeline.clean_data scheduled__2026-02-04T21:00:00+00:00 [queued]>
[2026-02-06T17:04:01.624+0000] {taskinstance.py:2076} INFO - Dependencies all met for dep_context=requeueable deps ti=<TaskInstance: product_price_pipeline.clean_data scheduled__2026-02-04T21:00:00+00:00 [queued]>
[2026-02-06T17:04:01.626+0000] {taskinstance.py:2306} INFO - Starting attempt 2 of 2
[2026-02-06T17:04:01.641+0000] {taskinstance.py:2330} INFO - Executing <Task(BashOperator): clean_data> on 2026-02-04 21:00:00+00:00
[2026-02-06T17:04:01.660+0000] {logging_mixin.py:188} WARNING - /home/***/.local/lib/python3.12/site-packages/***/task/task_runner/standard_task_runner.py:62 DeprecationWarning: This process (pid=1397) is multi-threaded, use of fork() may lead to deadlocks in the child.
[2026-02-06T17:04:01.658+0000] {standard_task_runner.py:90} INFO - Running: ['***', 'tasks', 'run', 'product_price_pipeline', 'clean_data', 'scheduled__2026-02-04T21:00:00+00:00', '--job-id', '23', '--raw', '--subdir', 'DAGS_FOLDER/product_pipeline_dag.py', '--cfg-path', '/tmp/tmp1iequkp1']
[2026-02-06T17:04:01.663+0000] {standard_task_runner.py:64} INFO - Started process 1398 to run task
[2026-02-06T17:04:01.664+0000] {standard_task_runner.py:91} INFO - Job 23: Subtask clean_data
[2026-02-06T17:04:01.781+0000] {task_command.py:426} INFO - Running <TaskInstance: product_price_pipeline.clean_data scheduled__2026-02-04T21:00:00+00:00 [running]> on host e9a5f9d3aaa8
[2026-02-06T17:04:01.874+0000] {taskinstance.py:2648} INFO - Exporting env vars: AIRFLOW_CTX_DAG_OWNER='***' AIRFLOW_CTX_DAG_ID='product_price_pipeline' AIRFLOW_CTX_TASK_ID='clean_data' AIRFLOW_CTX_EXECUTION_DATE='2026-02-04T21:00:00+00:00' AIRFLOW_CTX_TRY_NUMBER='2' AIRFLOW_CTX_DAG_RUN_ID='scheduled__2026-02-04T21:00:00+00:00'
[2026-02-06T17:04:01.875+0000] {taskinstance.py:430} INFO - ::endgroup::
[2026-02-06T17:04:01.888+0000] {subprocess.py:63} INFO - Tmp dir root location: /tmp
[2026-02-06T17:04:01.890+0000] {subprocess.py:75} INFO - Running command: ['/usr/bin/bash', '-c', 'python /opt/***/scripts/clean.py']
[2026-02-06T17:04:01.904+0000] {subprocess.py:86} INFO - Output:
[2026-02-06T17:04:01.962+0000] {subprocess.py:93} INFO - python: can't open file '/opt/***/scripts/clean.py': [Errno 2] No such file or directory
[2026-02-06T17:04:01.966+0000] {subprocess.py:97} INFO - Command exited with return code 2
[2026-02-06T17:04:01.968+0000] {taskinstance.py:441} INFO - ::group::Post task execution logs
[2026-02-06T17:04:01.979+0000] {taskinstance.py:2905} ERROR - Task failed with exception
Traceback (most recent call last):
  File "/home/airflow/.local/lib/python3.12/site-packages/airflow/models/taskinstance.py", line 465, in _execute_task
    result = _execute_callable(context=context, **execute_callable_kwargs)
             ^^^^^^^^^^^^^^^^^^^^^^^^^^^^^^^^^^^^^^^^^^^^^^^^^^^^^^^^^^^^^
  File "/home/airflow/.local/lib/python3.12/site-packages/airflow/models/taskinstance.py", line 432, in _execute_callable
    return execute_callable(context=context, **execute_callable_kwargs)
           ^^^^^^^^^^^^^^^^^^^^^^^^^^^^^^^^^^^^^^^^^^^^^^^^^^^^^^^^^^^^
  File "/home/airflow/.local/lib/python3.12/site-packages/airflow/models/baseoperator.py", line 401, in wrapper
    return func(self, *args, **kwargs)
           ^^^^^^^^^^^^^^^^^^^^^^^^^^^
  File "/home/airflow/.local/lib/python3.12/site-packages/airflow/operators/bash.py", line 243, in execute
    raise AirflowException(
airflow.exceptions.AirflowException: Bash command failed. The command returned a non-zero exit code 2.
[2026-02-06T17:04:01.985+0000] {taskinstance.py:1206} INFO - Marking task as FAILED. dag_id=product_price_pipeline, task_id=clean_data, run_id=scheduled__2026-02-04T21:00:00+00:00, execution_date=20260204T210000, start_date=20260206T170401, end_date=20260206T170401
[2026-02-06T17:04:01.997+0000] {standard_task_runner.py:110} ERROR - Failed to execute job 23 for task clean_data (Bash command failed. The command returned a non-zero exit code 2.; 1398)
[2026-02-06T17:04:02.042+0000] {local_task_job_runner.py:243} INFO - Task exited with return code 1
[2026-02-06T17:04:02.085+0000] {taskinstance.py:3503} INFO - 0 downstream tasks scheduled from follow-on schedule check
[2026-02-06T17:04:02.100+0000] {local_task_job_runner.py:222} INFO - ::endgroup::
[2026-02-06T17:15:43.989+0000] {local_task_job_runner.py:120} INFO - ::group::Pre task execution logs
[2026-02-06T17:15:44.043+0000] {taskinstance.py:2076} INFO - Dependencies all met for dep_context=non-requeueable deps ti=<TaskInstance: product_price_pipeline.clean_data scheduled__2026-02-04T21:00:00+00:00 [queued]>
[2026-02-06T17:15:44.057+0000] {taskinstance.py:2076} INFO - Dependencies all met for dep_context=requeueable deps ti=<TaskInstance: product_price_pipeline.clean_data scheduled__2026-02-04T21:00:00+00:00 [queued]>
[2026-02-06T17:15:44.061+0000] {taskinstance.py:2306} INFO - Starting attempt 2 of 2
[2026-02-06T17:15:44.077+0000] {taskinstance.py:2330} INFO - Executing <Task(BashOperator): clean_data> on 2026-02-04 21:00:00+00:00
[2026-02-06T17:15:44.086+0000] {standard_task_runner.py:90} INFO - Running: ['***', 'tasks', 'run', 'product_price_pipeline', 'clean_data', 'scheduled__2026-02-04T21:00:00+00:00', '--job-id', '31', '--raw', '--subdir', 'DAGS_FOLDER/product_pipeline_dag.py', '--cfg-path', '/tmp/tmpe7kx8i19']
[2026-02-06T17:15:44.089+0000] {logging_mixin.py:188} WARNING - /home/***/.local/lib/python3.12/site-packages/***/task/task_runner/standard_task_runner.py:62 DeprecationWarning: This process (pid=1531) is multi-threaded, use of fork() may lead to deadlocks in the child.
[2026-02-06T17:15:44.090+0000] {standard_task_runner.py:91} INFO - Job 31: Subtask clean_data
[2026-02-06T17:15:44.091+0000] {standard_task_runner.py:64} INFO - Started process 1533 to run task
[2026-02-06T17:15:44.216+0000] {task_command.py:426} INFO - Running <TaskInstance: product_price_pipeline.clean_data scheduled__2026-02-04T21:00:00+00:00 [running]> on host e9a5f9d3aaa8
[2026-02-06T17:15:44.336+0000] {taskinstance.py:2648} INFO - Exporting env vars: AIRFLOW_CTX_DAG_OWNER='***' AIRFLOW_CTX_DAG_ID='product_price_pipeline' AIRFLOW_CTX_TASK_ID='clean_data' AIRFLOW_CTX_EXECUTION_DATE='2026-02-04T21:00:00+00:00' AIRFLOW_CTX_TRY_NUMBER='2' AIRFLOW_CTX_DAG_RUN_ID='scheduled__2026-02-04T21:00:00+00:00'
[2026-02-06T17:15:44.339+0000] {taskinstance.py:430} INFO - ::endgroup::
[2026-02-06T17:15:44.355+0000] {subprocess.py:63} INFO - Tmp dir root location: /tmp
[2026-02-06T17:15:44.358+0000] {subprocess.py:75} INFO - Running command: ['/usr/bin/bash', '-c', 'python /opt/***/scripts/clean.py']
[2026-02-06T17:15:44.370+0000] {subprocess.py:86} INFO - Output:
[2026-02-06T17:15:44.427+0000] {subprocess.py:93} INFO - python: can't open file '/opt/***/scripts/clean.py': [Errno 2] No such file or directory
[2026-02-06T17:15:44.431+0000] {subprocess.py:97} INFO - Command exited with return code 2
[2026-02-06T17:15:44.432+0000] {taskinstance.py:441} INFO - ::group::Post task execution logs
[2026-02-06T17:15:44.443+0000] {taskinstance.py:2905} ERROR - Task failed with exception
Traceback (most recent call last):
  File "/home/airflow/.local/lib/python3.12/site-packages/airflow/models/taskinstance.py", line 465, in _execute_task
    result = _execute_callable(context=context, **execute_callable_kwargs)
             ^^^^^^^^^^^^^^^^^^^^^^^^^^^^^^^^^^^^^^^^^^^^^^^^^^^^^^^^^^^^^
  File "/home/airflow/.local/lib/python3.12/site-packages/airflow/models/taskinstance.py", line 432, in _execute_callable
    return execute_callable(context=context, **execute_callable_kwargs)
           ^^^^^^^^^^^^^^^^^^^^^^^^^^^^^^^^^^^^^^^^^^^^^^^^^^^^^^^^^^^^
  File "/home/airflow/.local/lib/python3.12/site-packages/airflow/models/baseoperator.py", line 401, in wrapper
    return func(self, *args, **kwargs)
           ^^^^^^^^^^^^^^^^^^^^^^^^^^^
  File "/home/airflow/.local/lib/python3.12/site-packages/airflow/operators/bash.py", line 243, in execute
    raise AirflowException(
airflow.exceptions.AirflowException: Bash command failed. The command returned a non-zero exit code 2.
[2026-02-06T17:15:44.448+0000] {taskinstance.py:1206} INFO - Marking task as FAILED. dag_id=product_price_pipeline, task_id=clean_data, run_id=scheduled__2026-02-04T21:00:00+00:00, execution_date=20260204T210000, start_date=20260206T171544, end_date=20260206T171544
[2026-02-06T17:15:44.462+0000] {standard_task_runner.py:110} ERROR - Failed to execute job 31 for task clean_data (Bash command failed. The command returned a non-zero exit code 2.; 1533)
[2026-02-06T17:15:44.508+0000] {local_task_job_runner.py:243} INFO - Task exited with return code 1
[2026-02-06T17:15:44.544+0000] {taskinstance.py:3503} INFO - 0 downstream tasks scheduled from follow-on schedule check
[2026-02-06T17:15:44.553+0000] {local_task_job_runner.py:222} INFO - ::endgroup::
[2026-02-06T17:38:31.248+0000] {local_task_job_runner.py:120} INFO - ::group::Pre task execution logs
[2026-02-06T17:38:31.304+0000] {taskinstance.py:2076} INFO - Dependencies all met for dep_context=non-requeueable deps ti=<TaskInstance: product_price_pipeline.clean_data scheduled__2026-02-04T21:00:00+00:00 [queued]>
[2026-02-06T17:38:31.317+0000] {taskinstance.py:2076} INFO - Dependencies all met for dep_context=requeueable deps ti=<TaskInstance: product_price_pipeline.clean_data scheduled__2026-02-04T21:00:00+00:00 [queued]>
[2026-02-06T17:38:31.318+0000] {taskinstance.py:2306} INFO - Starting attempt 2 of 2
[2026-02-06T17:38:31.343+0000] {taskinstance.py:2330} INFO - Executing <Task(BashOperator): clean_data> on 2026-02-04 21:00:00+00:00
[2026-02-06T17:38:31.358+0000] {standard_task_runner.py:90} INFO - Running: ['***', 'tasks', 'run', 'product_price_pipeline', 'clean_data', 'scheduled__2026-02-04T21:00:00+00:00', '--job-id', '39', '--raw', '--subdir', 'DAGS_FOLDER/product_pipeline_dag.py', '--cfg-path', '/tmp/tmpp7rqqr5q']
[2026-02-06T17:38:31.362+0000] {logging_mixin.py:188} WARNING - /home/***/.local/lib/python3.12/site-packages/***/task/task_runner/standard_task_runner.py:62 DeprecationWarning: This process (pid=293) is multi-threaded, use of fork() may lead to deadlocks in the child.
[2026-02-06T17:38:31.363+0000] {standard_task_runner.py:91} INFO - Job 39: Subtask clean_data
[2026-02-06T17:38:31.364+0000] {standard_task_runner.py:64} INFO - Started process 294 to run task
[2026-02-06T17:38:31.476+0000] {task_command.py:426} INFO - Running <TaskInstance: product_price_pipeline.clean_data scheduled__2026-02-04T21:00:00+00:00 [running]> on host 98d950a68588
[2026-02-06T17:38:31.594+0000] {taskinstance.py:2648} INFO - Exporting env vars: AIRFLOW_CTX_DAG_OWNER='***' AIRFLOW_CTX_DAG_ID='product_price_pipeline' AIRFLOW_CTX_TASK_ID='clean_data' AIRFLOW_CTX_EXECUTION_DATE='2026-02-04T21:00:00+00:00' AIRFLOW_CTX_TRY_NUMBER='2' AIRFLOW_CTX_DAG_RUN_ID='scheduled__2026-02-04T21:00:00+00:00'
[2026-02-06T17:38:31.596+0000] {taskinstance.py:430} INFO - ::endgroup::
[2026-02-06T17:38:31.621+0000] {subprocess.py:63} INFO - Tmp dir root location: /tmp
[2026-02-06T17:38:31.626+0000] {subprocess.py:75} INFO - Running command: ['/usr/bin/bash', '-c', 'python /opt/***/scripts/clean.py']
[2026-02-06T17:38:31.645+0000] {subprocess.py:86} INFO - Output:
[2026-02-06T17:38:31.744+0000] {subprocess.py:93} INFO - python: can't open file '/opt/***/scripts/clean.py': [Errno 2] No such file or directory
[2026-02-06T17:38:31.749+0000] {subprocess.py:97} INFO - Command exited with return code 2
[2026-02-06T17:38:31.751+0000] {taskinstance.py:441} INFO - ::group::Post task execution logs
[2026-02-06T17:38:31.763+0000] {taskinstance.py:2905} ERROR - Task failed with exception
Traceback (most recent call last):
  File "/home/airflow/.local/lib/python3.12/site-packages/airflow/models/taskinstance.py", line 465, in _execute_task
    result = _execute_callable(context=context, **execute_callable_kwargs)
             ^^^^^^^^^^^^^^^^^^^^^^^^^^^^^^^^^^^^^^^^^^^^^^^^^^^^^^^^^^^^^
  File "/home/airflow/.local/lib/python3.12/site-packages/airflow/models/taskinstance.py", line 432, in _execute_callable
    return execute_callable(context=context, **execute_callable_kwargs)
           ^^^^^^^^^^^^^^^^^^^^^^^^^^^^^^^^^^^^^^^^^^^^^^^^^^^^^^^^^^^^
  File "/home/airflow/.local/lib/python3.12/site-packages/airflow/models/baseoperator.py", line 401, in wrapper
    return func(self, *args, **kwargs)
           ^^^^^^^^^^^^^^^^^^^^^^^^^^^
  File "/home/airflow/.local/lib/python3.12/site-packages/airflow/operators/bash.py", line 243, in execute
    raise AirflowException(
airflow.exceptions.AirflowException: Bash command failed. The command returned a non-zero exit code 2.
[2026-02-06T17:38:31.770+0000] {taskinstance.py:1206} INFO - Marking task as FAILED. dag_id=product_price_pipeline, task_id=clean_data, run_id=scheduled__2026-02-04T21:00:00+00:00, execution_date=20260204T210000, start_date=20260206T173831, end_date=20260206T173831
[2026-02-06T17:38:31.791+0000] {standard_task_runner.py:110} ERROR - Failed to execute job 39 for task clean_data (Bash command failed. The command returned a non-zero exit code 2.; 294)
[2026-02-06T17:38:31.821+0000] {local_task_job_runner.py:243} INFO - Task exited with return code 1
[2026-02-06T17:38:31.850+0000] {taskinstance.py:3503} INFO - 0 downstream tasks scheduled from follow-on schedule check
[2026-02-06T17:38:31.856+0000] {local_task_job_runner.py:222} INFO - ::endgroup::
