[2026-02-06T16:58:59.850+0000] {local_task_job_runner.py:120} INFO - ::group::Pre task execution logs
[2026-02-06T16:58:59.881+0000] {taskinstance.py:2076} INFO - Dependencies all met for dep_context=non-requeueable deps ti=<TaskInstance: product_price_pipeline.clean_data scheduled__2026-02-04T21:00:00+00:00 [queued]>
[2026-02-06T16:58:59.892+0000] {taskinstance.py:2076} INFO - Dependencies all met for dep_context=requeueable deps ti=<TaskInstance: product_price_pipeline.clean_data scheduled__2026-02-04T21:00:00+00:00 [queued]>
[2026-02-06T16:58:59.905+0000] {taskinstance.py:2306} INFO - Starting attempt 1 of 2
[2026-02-06T16:58:59.925+0000] {taskinstance.py:2330} INFO - Executing <Task(BashOperator): clean_data> on 2026-02-04 21:00:00+00:00
[2026-02-06T16:58:59.945+0000] {standard_task_runner.py:90} INFO - Running: ['***', 'tasks', 'run', 'product_price_pipeline', 'clean_data', 'scheduled__2026-02-04T21:00:00+00:00', '--job-id', '18', '--raw', '--subdir', 'DAGS_FOLDER/product_pipeline_dag.py', '--cfg-path', '/tmp/tmppei1s51z']
[2026-02-06T16:58:59.948+0000] {logging_mixin.py:188} WARNING - /home/***/.local/lib/python3.12/site-packages/***/task/task_runner/standard_task_runner.py:62 DeprecationWarning: This process (pid=1337) is multi-threaded, use of fork() may lead to deadlocks in the child.
[2026-02-06T16:58:59.950+0000] {standard_task_runner.py:91} INFO - Job 18: Subtask clean_data
[2026-02-06T16:58:59.951+0000] {standard_task_runner.py:64} INFO - Started process 1338 to run task
[2026-02-06T16:59:00.066+0000] {task_command.py:426} INFO - Running <TaskInstance: product_price_pipeline.clean_data scheduled__2026-02-04T21:00:00+00:00 [running]> on host e9a5f9d3aaa8
[2026-02-06T16:59:00.187+0000] {taskinstance.py:2648} INFO - Exporting env vars: AIRFLOW_CTX_DAG_OWNER='***' AIRFLOW_CTX_DAG_ID='product_price_pipeline' AIRFLOW_CTX_TASK_ID='clean_data' AIRFLOW_CTX_EXECUTION_DATE='2026-02-04T21:00:00+00:00' AIRFLOW_CTX_TRY_NUMBER='1' AIRFLOW_CTX_DAG_RUN_ID='scheduled__2026-02-04T21:00:00+00:00'
[2026-02-06T16:59:00.188+0000] {taskinstance.py:430} INFO - ::endgroup::
[2026-02-06T16:59:00.202+0000] {subprocess.py:63} INFO - Tmp dir root location: /tmp
[2026-02-06T16:59:00.213+0000] {subprocess.py:75} INFO - Running command: ['/usr/bin/bash', '-c', 'python /opt/***/scripts/clean.py']
[2026-02-06T16:59:00.222+0000] {subprocess.py:86} INFO - Output:
[2026-02-06T16:59:00.325+0000] {subprocess.py:93} INFO - python: can't open file '/opt/***/scripts/clean.py': [Errno 2] No such file or directory
[2026-02-06T16:59:00.330+0000] {subprocess.py:97} INFO - Command exited with return code 2
[2026-02-06T16:59:00.332+0000] {taskinstance.py:441} INFO - ::group::Post task execution logs
[2026-02-06T16:59:00.357+0000] {taskinstance.py:2905} ERROR - Task failed with exception
Traceback (most recent call last):
  File "/home/airflow/.local/lib/python3.12/site-packages/airflow/models/taskinstance.py", line 465, in _execute_task
    result = _execute_callable(context=context, **execute_callable_kwargs)
             ^^^^^^^^^^^^^^^^^^^^^^^^^^^^^^^^^^^^^^^^^^^^^^^^^^^^^^^^^^^^^
  File "/home/airflow/.local/lib/python3.12/site-packages/airflow/models/taskinstance.py", line 432, in _execute_callable
    return execute_callable(context=context, **execute_callable_kwargs)
           ^^^^^^^^^^^^^^^^^^^^^^^^^^^^^^^^^^^^^^^^^^^^^^^^^^^^^^^^^^^^
  File "/home/airflow/.local/lib/python3.12/site-packages/airflow/models/baseoperator.py", line 401, in wrapper
    return func(self, *args, **kwargs)
           ^^^^^^^^^^^^^^^^^^^^^^^^^^^
  File "/home/airflow/.local/lib/python3.12/site-packages/airflow/operators/bash.py", line 243, in execute
    raise AirflowException(
airflow.exceptions.AirflowException: Bash command failed. The command returned a non-zero exit code 2.
[2026-02-06T16:59:00.374+0000] {taskinstance.py:1206} INFO - Marking task as UP_FOR_RETRY. dag_id=product_price_pipeline, task_id=clean_data, run_id=scheduled__2026-02-04T21:00:00+00:00, execution_date=20260204T210000, start_date=20260206T165859, end_date=20260206T165900
[2026-02-06T16:59:00.415+0000] {standard_task_runner.py:110} ERROR - Failed to execute job 18 for task clean_data (Bash command failed. The command returned a non-zero exit code 2.; 1338)
[2026-02-06T16:59:00.448+0000] {local_task_job_runner.py:243} INFO - Task exited with return code 1
[2026-02-06T16:59:00.491+0000] {taskinstance.py:3503} INFO - 0 downstream tasks scheduled from follow-on schedule check
[2026-02-06T16:59:00.510+0000] {local_task_job_runner.py:222} INFO - ::endgroup::
[2026-02-06T17:10:42.111+0000] {local_task_job_runner.py:120} INFO - ::group::Pre task execution logs
[2026-02-06T17:10:42.146+0000] {taskinstance.py:2076} INFO - Dependencies all met for dep_context=non-requeueable deps ti=<TaskInstance: product_price_pipeline.clean_data scheduled__2026-02-04T21:00:00+00:00 [queued]>
[2026-02-06T17:10:42.159+0000] {taskinstance.py:2076} INFO - Dependencies all met for dep_context=requeueable deps ti=<TaskInstance: product_price_pipeline.clean_data scheduled__2026-02-04T21:00:00+00:00 [queued]>
[2026-02-06T17:10:42.160+0000] {taskinstance.py:2306} INFO - Starting attempt 1 of 2
[2026-02-06T17:10:42.176+0000] {taskinstance.py:2330} INFO - Executing <Task(BashOperator): clean_data> on 2026-02-04 21:00:00+00:00
[2026-02-06T17:10:42.193+0000] {logging_mixin.py:188} WARNING - /home/***/.local/lib/python3.12/site-packages/***/task/task_runner/standard_task_runner.py:62 DeprecationWarning: This process (pid=1480) is multi-threaded, use of fork() may lead to deadlocks in the child.
[2026-02-06T17:10:42.195+0000] {standard_task_runner.py:64} INFO - Started process 1482 to run task
[2026-02-06T17:10:42.192+0000] {standard_task_runner.py:90} INFO - Running: ['***', 'tasks', 'run', 'product_price_pipeline', 'clean_data', 'scheduled__2026-02-04T21:00:00+00:00', '--job-id', '29', '--raw', '--subdir', 'DAGS_FOLDER/product_pipeline_dag.py', '--cfg-path', '/tmp/tmph247f59x']
[2026-02-06T17:10:42.196+0000] {standard_task_runner.py:91} INFO - Job 29: Subtask clean_data
[2026-02-06T17:10:42.305+0000] {task_command.py:426} INFO - Running <TaskInstance: product_price_pipeline.clean_data scheduled__2026-02-04T21:00:00+00:00 [running]> on host e9a5f9d3aaa8
[2026-02-06T17:10:42.430+0000] {taskinstance.py:2648} INFO - Exporting env vars: AIRFLOW_CTX_DAG_OWNER='***' AIRFLOW_CTX_DAG_ID='product_price_pipeline' AIRFLOW_CTX_TASK_ID='clean_data' AIRFLOW_CTX_EXECUTION_DATE='2026-02-04T21:00:00+00:00' AIRFLOW_CTX_TRY_NUMBER='1' AIRFLOW_CTX_DAG_RUN_ID='scheduled__2026-02-04T21:00:00+00:00'
[2026-02-06T17:10:42.432+0000] {taskinstance.py:430} INFO - ::endgroup::
[2026-02-06T17:10:42.462+0000] {subprocess.py:63} INFO - Tmp dir root location: /tmp
[2026-02-06T17:10:42.469+0000] {subprocess.py:75} INFO - Running command: ['/usr/bin/bash', '-c', 'python /opt/***/scripts/clean.py']
[2026-02-06T17:10:42.498+0000] {subprocess.py:86} INFO - Output:
[2026-02-06T17:10:42.599+0000] {subprocess.py:93} INFO - python: can't open file '/opt/***/scripts/clean.py': [Errno 2] No such file or directory
[2026-02-06T17:10:42.603+0000] {subprocess.py:97} INFO - Command exited with return code 2
[2026-02-06T17:10:42.605+0000] {taskinstance.py:441} INFO - ::group::Post task execution logs
[2026-02-06T17:10:42.618+0000] {taskinstance.py:2905} ERROR - Task failed with exception
Traceback (most recent call last):
  File "/home/airflow/.local/lib/python3.12/site-packages/airflow/models/taskinstance.py", line 465, in _execute_task
    result = _execute_callable(context=context, **execute_callable_kwargs)
             ^^^^^^^^^^^^^^^^^^^^^^^^^^^^^^^^^^^^^^^^^^^^^^^^^^^^^^^^^^^^^
  File "/home/airflow/.local/lib/python3.12/site-packages/airflow/models/taskinstance.py", line 432, in _execute_callable
    return execute_callable(context=context, **execute_callable_kwargs)
           ^^^^^^^^^^^^^^^^^^^^^^^^^^^^^^^^^^^^^^^^^^^^^^^^^^^^^^^^^^^^
  File "/home/airflow/.local/lib/python3.12/site-packages/airflow/models/baseoperator.py", line 401, in wrapper
    return func(self, *args, **kwargs)
           ^^^^^^^^^^^^^^^^^^^^^^^^^^^
  File "/home/airflow/.local/lib/python3.12/site-packages/airflow/operators/bash.py", line 243, in execute
    raise AirflowException(
airflow.exceptions.AirflowException: Bash command failed. The command returned a non-zero exit code 2.
[2026-02-06T17:10:42.624+0000] {taskinstance.py:1206} INFO - Marking task as UP_FOR_RETRY. dag_id=product_price_pipeline, task_id=clean_data, run_id=scheduled__2026-02-04T21:00:00+00:00, execution_date=20260204T210000, start_date=20260206T171042, end_date=20260206T171042
[2026-02-06T17:10:42.643+0000] {standard_task_runner.py:110} ERROR - Failed to execute job 29 for task clean_data (Bash command failed. The command returned a non-zero exit code 2.; 1482)
[2026-02-06T17:10:42.692+0000] {local_task_job_runner.py:243} INFO - Task exited with return code 1
[2026-02-06T17:10:42.719+0000] {taskinstance.py:3503} INFO - 0 downstream tasks scheduled from follow-on schedule check
[2026-02-06T17:10:42.723+0000] {local_task_job_runner.py:222} INFO - ::endgroup::
[2026-02-06T17:33:29.986+0000] {local_task_job_runner.py:120} INFO - ::group::Pre task execution logs
[2026-02-06T17:33:30.019+0000] {taskinstance.py:2076} INFO - Dependencies all met for dep_context=non-requeueable deps ti=<TaskInstance: product_price_pipeline.clean_data scheduled__2026-02-04T21:00:00+00:00 [queued]>
[2026-02-06T17:33:30.028+0000] {taskinstance.py:2076} INFO - Dependencies all met for dep_context=requeueable deps ti=<TaskInstance: product_price_pipeline.clean_data scheduled__2026-02-04T21:00:00+00:00 [queued]>
[2026-02-06T17:33:30.029+0000] {taskinstance.py:2306} INFO - Starting attempt 1 of 2
[2026-02-06T17:33:30.043+0000] {taskinstance.py:2330} INFO - Executing <Task(BashOperator): clean_data> on 2026-02-04 21:00:00+00:00
[2026-02-06T17:33:30.063+0000] {logging_mixin.py:188} WARNING - /home/***/.local/lib/python3.12/site-packages/***/task/task_runner/standard_task_runner.py:62 DeprecationWarning: This process (pid=242) is multi-threaded, use of fork() may lead to deadlocks in the child.
[2026-02-06T17:33:30.061+0000] {standard_task_runner.py:90} INFO - Running: ['***', 'tasks', 'run', 'product_price_pipeline', 'clean_data', 'scheduled__2026-02-04T21:00:00+00:00', '--job-id', '37', '--raw', '--subdir', 'DAGS_FOLDER/product_pipeline_dag.py', '--cfg-path', '/tmp/tmpsos5jmha']
[2026-02-06T17:33:30.065+0000] {standard_task_runner.py:64} INFO - Started process 243 to run task
[2026-02-06T17:33:30.066+0000] {standard_task_runner.py:91} INFO - Job 37: Subtask clean_data
[2026-02-06T17:33:30.203+0000] {task_command.py:426} INFO - Running <TaskInstance: product_price_pipeline.clean_data scheduled__2026-02-04T21:00:00+00:00 [running]> on host 98d950a68588
[2026-02-06T17:33:30.306+0000] {taskinstance.py:2648} INFO - Exporting env vars: AIRFLOW_CTX_DAG_OWNER='***' AIRFLOW_CTX_DAG_ID='product_price_pipeline' AIRFLOW_CTX_TASK_ID='clean_data' AIRFLOW_CTX_EXECUTION_DATE='2026-02-04T21:00:00+00:00' AIRFLOW_CTX_TRY_NUMBER='1' AIRFLOW_CTX_DAG_RUN_ID='scheduled__2026-02-04T21:00:00+00:00'
[2026-02-06T17:33:30.308+0000] {taskinstance.py:430} INFO - ::endgroup::
[2026-02-06T17:33:30.321+0000] {subprocess.py:63} INFO - Tmp dir root location: /tmp
[2026-02-06T17:33:30.322+0000] {subprocess.py:75} INFO - Running command: ['/usr/bin/bash', '-c', 'python /opt/***/scripts/clean.py']
[2026-02-06T17:33:30.332+0000] {subprocess.py:86} INFO - Output:
[2026-02-06T17:33:30.381+0000] {subprocess.py:93} INFO - python: can't open file '/opt/***/scripts/clean.py': [Errno 2] No such file or directory
[2026-02-06T17:33:30.384+0000] {subprocess.py:97} INFO - Command exited with return code 2
[2026-02-06T17:33:30.387+0000] {taskinstance.py:441} INFO - ::group::Post task execution logs
[2026-02-06T17:33:30.397+0000] {taskinstance.py:2905} ERROR - Task failed with exception
Traceback (most recent call last):
  File "/home/airflow/.local/lib/python3.12/site-packages/airflow/models/taskinstance.py", line 465, in _execute_task
    result = _execute_callable(context=context, **execute_callable_kwargs)
             ^^^^^^^^^^^^^^^^^^^^^^^^^^^^^^^^^^^^^^^^^^^^^^^^^^^^^^^^^^^^^
  File "/home/airflow/.local/lib/python3.12/site-packages/airflow/models/taskinstance.py", line 432, in _execute_callable
    return execute_callable(context=context, **execute_callable_kwargs)
           ^^^^^^^^^^^^^^^^^^^^^^^^^^^^^^^^^^^^^^^^^^^^^^^^^^^^^^^^^^^^
  File "/home/airflow/.local/lib/python3.12/site-packages/airflow/models/baseoperator.py", line 401, in wrapper
    return func(self, *args, **kwargs)
           ^^^^^^^^^^^^^^^^^^^^^^^^^^^
  File "/home/airflow/.local/lib/python3.12/site-packages/airflow/operators/bash.py", line 243, in execute
    raise AirflowException(
airflow.exceptions.AirflowException: Bash command failed. The command returned a non-zero exit code 2.
[2026-02-06T17:33:30.404+0000] {taskinstance.py:1206} INFO - Marking task as UP_FOR_RETRY. dag_id=product_price_pipeline, task_id=clean_data, run_id=scheduled__2026-02-04T21:00:00+00:00, execution_date=20260204T210000, start_date=20260206T173330, end_date=20260206T173330
[2026-02-06T17:33:30.417+0000] {standard_task_runner.py:110} ERROR - Failed to execute job 37 for task clean_data (Bash command failed. The command returned a non-zero exit code 2.; 243)
[2026-02-06T17:33:30.443+0000] {local_task_job_runner.py:243} INFO - Task exited with return code 1
[2026-02-06T17:33:30.482+0000] {taskinstance.py:3503} INFO - 0 downstream tasks scheduled from follow-on schedule check
[2026-02-06T17:33:30.487+0000] {local_task_job_runner.py:222} INFO - ::endgroup::
