[2026-02-11T04:03:04.713+0000] {local_task_job_runner.py:120} INFO - ::group::Pre task execution logs
[2026-02-11T04:03:04.895+0000] {taskinstance.py:2076} INFO - Dependencies all met for dep_context=non-requeueable deps ti=<TaskInstance: product_price_pipeline.create_main_table scheduled__2026-02-09T21:00:00+00:00 [queued]>
[2026-02-11T04:03:04.938+0000] {taskinstance.py:2076} INFO - Dependencies all met for dep_context=requeueable deps ti=<TaskInstance: product_price_pipeline.create_main_table scheduled__2026-02-09T21:00:00+00:00 [queued]>
[2026-02-11T04:03:04.941+0000] {taskinstance.py:2306} INFO - Starting attempt 1 of 2
[2026-02-11T04:03:05.006+0000] {taskinstance.py:2330} INFO - Executing <Task(BashOperator): create_main_table> on 2026-02-09 21:00:00+00:00
[2026-02-11T04:03:05.033+0000] {standard_task_runner.py:90} INFO - Running: ['***', 'tasks', 'run', 'product_price_pipeline', 'create_main_table', 'scheduled__2026-02-09T21:00:00+00:00', '--job-id', '105', '--raw', '--subdir', 'DAGS_FOLDER/product_pipeline_dag.py', '--cfg-path', '/tmp/tmp0013yrhq']
[2026-02-11T04:03:05.045+0000] {standard_task_runner.py:91} INFO - Job 105: Subtask create_main_table
[2026-02-11T04:03:05.048+0000] {logging_mixin.py:188} WARNING - /home/***/.local/lib/python3.12/site-packages/***/task/task_runner/standard_task_runner.py:62 DeprecationWarning: This process (pid=1075) is multi-threaded, use of fork() may lead to deadlocks in the child.
[2026-02-11T04:03:05.052+0000] {standard_task_runner.py:64} INFO - Started process 1076 to run task
[2026-02-11T04:03:05.306+0000] {task_command.py:426} INFO - Running <TaskInstance: product_price_pipeline.create_main_table scheduled__2026-02-09T21:00:00+00:00 [running]> on host 0d4fb0100b45
[2026-02-11T04:03:05.559+0000] {taskinstance.py:2648} INFO - Exporting env vars: AIRFLOW_CTX_DAG_OWNER='***' AIRFLOW_CTX_DAG_ID='product_price_pipeline' AIRFLOW_CTX_TASK_ID='create_main_table' AIRFLOW_CTX_EXECUTION_DATE='2026-02-09T21:00:00+00:00' AIRFLOW_CTX_TRY_NUMBER='1' AIRFLOW_CTX_DAG_RUN_ID='scheduled__2026-02-09T21:00:00+00:00'
[2026-02-11T04:03:05.563+0000] {taskinstance.py:430} INFO - ::endgroup::
[2026-02-11T04:03:05.603+0000] {subprocess.py:63} INFO - Tmp dir root location: /tmp
[2026-02-11T04:03:05.617+0000] {subprocess.py:75} INFO - Running command: ['/usr/bin/bash', '-c', 'python /opt/***/dags/scripts/load_to_db.py']
[2026-02-11T04:03:05.637+0000] {subprocess.py:86} INFO - Output:
[2026-02-11T04:03:06.629+0000] {subprocess.py:93} INFO - python: can't open file '/tmp/***tmpzqfpqdhp/scripts/loaders/load_mobiles.py': [Errno 2] No such file or directory
[2026-02-11T04:03:06.805+0000] {subprocess.py:93} INFO - python: can't open file '/tmp/***tmpzqfpqdhp/scripts/loaders/load_laptops.py': [Errno 2] No such file or directory
[2026-02-11T04:03:07.020+0000] {subprocess.py:93} INFO - python: can't open file '/tmp/***tmpzqfpqdhp/scripts/loaders/load_refrigerators.py': [Errno 2] No such file or directory
[2026-02-11T04:03:07.244+0000] {subprocess.py:93} INFO - python: can't open file '/tmp/***tmpzqfpqdhp/scripts/loaders/load_tvs.py': [Errno 2] No such file or directory
[2026-02-11T04:03:07.649+0000] {subprocess.py:93} INFO - python: can't open file '/tmp/***tmpzqfpqdhp/scripts/loaders/load_products_main.py': [Errno 2] No such file or directory
[2026-02-11T04:03:07.663+0000] {subprocess.py:93} INFO - Starting loading stage...
[2026-02-11T04:03:07.667+0000] {subprocess.py:93} INFO - Loading stage completed.
[2026-02-11T04:03:07.687+0000] {subprocess.py:97} INFO - Command exited with return code 0
[2026-02-11T04:03:07.692+0000] {taskinstance.py:441} INFO - ::group::Post task execution logs
[2026-02-11T04:03:07.771+0000] {taskinstance.py:1206} INFO - Marking task as SUCCESS. dag_id=product_price_pipeline, task_id=create_main_table, run_id=scheduled__2026-02-09T21:00:00+00:00, execution_date=20260209T210000, start_date=20260211T040304, end_date=20260211T040307
[2026-02-11T04:03:07.854+0000] {local_task_job_runner.py:243} INFO - Task exited with return code 0
[2026-02-11T04:03:07.910+0000] {taskinstance.py:3503} INFO - 1 downstream tasks scheduled from follow-on schedule check
[2026-02-11T04:03:07.919+0000] {local_task_job_runner.py:222} INFO - ::endgroup::
[2026-02-11T09:11:53.300+0000] {local_task_job_runner.py:120} INFO - ::group::Pre task execution logs
[2026-02-11T09:11:53.347+0000] {taskinstance.py:2076} INFO - Dependencies all met for dep_context=non-requeueable deps ti=<TaskInstance: product_price_pipeline.create_main_table scheduled__2026-02-09T21:00:00+00:00 [queued]>
[2026-02-11T09:11:53.366+0000] {taskinstance.py:2076} INFO - Dependencies all met for dep_context=requeueable deps ti=<TaskInstance: product_price_pipeline.create_main_table scheduled__2026-02-09T21:00:00+00:00 [queued]>
[2026-02-11T09:11:53.368+0000] {taskinstance.py:2306} INFO - Starting attempt 1 of 2
[2026-02-11T09:11:53.408+0000] {taskinstance.py:2330} INFO - Executing <Task(BashOperator): create_main_table> on 2026-02-09 21:00:00+00:00
[2026-02-11T09:11:53.426+0000] {standard_task_runner.py:90} INFO - Running: ['***', 'tasks', 'run', 'product_price_pipeline', 'create_main_table', 'scheduled__2026-02-09T21:00:00+00:00', '--job-id', '7', '--raw', '--subdir', 'DAGS_FOLDER/product_pipeline_dag.py', '--cfg-path', '/tmp/tmpgt29jbsd']
[2026-02-11T09:11:53.431+0000] {standard_task_runner.py:91} INFO - Job 7: Subtask create_main_table
[2026-02-11T09:11:53.432+0000] {logging_mixin.py:188} WARNING - /home/***/.local/lib/python3.12/site-packages/***/task/task_runner/standard_task_runner.py:62 DeprecationWarning: This process (pid=498) is multi-threaded, use of fork() may lead to deadlocks in the child.
[2026-02-11T09:11:53.433+0000] {standard_task_runner.py:64} INFO - Started process 501 to run task
[2026-02-11T09:11:53.547+0000] {task_command.py:426} INFO - Running <TaskInstance: product_price_pipeline.create_main_table scheduled__2026-02-09T21:00:00+00:00 [running]> on host 44d7ec503a6d
[2026-02-11T09:11:53.678+0000] {taskinstance.py:2648} INFO - Exporting env vars: AIRFLOW_CTX_DAG_OWNER='***' AIRFLOW_CTX_DAG_ID='product_price_pipeline' AIRFLOW_CTX_TASK_ID='create_main_table' AIRFLOW_CTX_EXECUTION_DATE='2026-02-09T21:00:00+00:00' AIRFLOW_CTX_TRY_NUMBER='1' AIRFLOW_CTX_DAG_RUN_ID='scheduled__2026-02-09T21:00:00+00:00'
[2026-02-11T09:11:53.680+0000] {taskinstance.py:430} INFO - ::endgroup::
[2026-02-11T09:11:53.703+0000] {subprocess.py:63} INFO - Tmp dir root location: /tmp
[2026-02-11T09:11:53.709+0000] {subprocess.py:75} INFO - Running command: ['/usr/bin/bash', '-c', 'python /opt/***/dags/scripts/create_main_table.py']
[2026-02-11T09:11:53.719+0000] {subprocess.py:86} INFO - Output:
[2026-02-11T09:11:55.518+0000] {subprocess.py:93} INFO - 🔥 create_main_table.py STARTED 🔥
[2026-02-11T09:11:55.520+0000] {subprocess.py:93} INFO - Traceback (most recent call last):
[2026-02-11T09:11:55.521+0000] {subprocess.py:93} INFO -   File "/usr/local/lib/python3.12/pathlib.py", line 1311, in mkdir
[2026-02-11T09:11:55.523+0000] {subprocess.py:93} INFO -     os.mkdir(self, mode)
[2026-02-11T09:11:55.524+0000] {subprocess.py:93} INFO - FileNotFoundError: [Errno 2] No such file or directory: '/opt/dags/data/final'
[2026-02-11T09:11:55.525+0000] {subprocess.py:93} INFO - 
[2026-02-11T09:11:55.526+0000] {subprocess.py:93} INFO - During handling of the above exception, another exception occurred:
[2026-02-11T09:11:55.527+0000] {subprocess.py:93} INFO - 
[2026-02-11T09:11:55.528+0000] {subprocess.py:93} INFO - Traceback (most recent call last):
[2026-02-11T09:11:55.529+0000] {subprocess.py:93} INFO -   File "/usr/local/lib/python3.12/pathlib.py", line 1311, in mkdir
[2026-02-11T09:11:55.529+0000] {subprocess.py:93} INFO -     os.mkdir(self, mode)
[2026-02-11T09:11:55.530+0000] {subprocess.py:93} INFO - FileNotFoundError: [Errno 2] No such file or directory: '/opt/dags/data'
[2026-02-11T09:11:55.531+0000] {subprocess.py:93} INFO - 
[2026-02-11T09:11:55.532+0000] {subprocess.py:93} INFO - During handling of the above exception, another exception occurred:
[2026-02-11T09:11:55.533+0000] {subprocess.py:93} INFO - 
[2026-02-11T09:11:55.533+0000] {subprocess.py:93} INFO - Traceback (most recent call last):
[2026-02-11T09:11:55.534+0000] {subprocess.py:93} INFO -   File "/opt/***/dags/scripts/create_main_table.py", line 11, in <module>
[2026-02-11T09:11:55.536+0000] {subprocess.py:93} INFO -     FINAL_DIR.mkdir(parents=True, exist_ok=True)
[2026-02-11T09:11:55.537+0000] {subprocess.py:93} INFO -   File "/usr/local/lib/python3.12/pathlib.py", line 1315, in mkdir
[2026-02-11T09:11:55.538+0000] {subprocess.py:93} INFO -     self.parent.mkdir(parents=True, exist_ok=True)
[2026-02-11T09:11:55.539+0000] {subprocess.py:93} INFO -   File "/usr/local/lib/python3.12/pathlib.py", line 1315, in mkdir
[2026-02-11T09:11:55.541+0000] {subprocess.py:93} INFO -     self.parent.mkdir(parents=True, exist_ok=True)
[2026-02-11T09:11:55.542+0000] {subprocess.py:93} INFO -   File "/usr/local/lib/python3.12/pathlib.py", line 1311, in mkdir
[2026-02-11T09:11:55.543+0000] {subprocess.py:93} INFO -     os.mkdir(self, mode)
[2026-02-11T09:11:55.544+0000] {subprocess.py:93} INFO - PermissionError: [Errno 13] Permission denied: '/opt/dags'
[2026-02-11T09:11:55.684+0000] {subprocess.py:97} INFO - Command exited with return code 1
[2026-02-11T09:11:55.687+0000] {taskinstance.py:441} INFO - ::group::Post task execution logs
[2026-02-11T09:11:55.712+0000] {taskinstance.py:2905} ERROR - Task failed with exception
Traceback (most recent call last):
  File "/home/airflow/.local/lib/python3.12/site-packages/airflow/models/taskinstance.py", line 465, in _execute_task
    result = _execute_callable(context=context, **execute_callable_kwargs)
             ^^^^^^^^^^^^^^^^^^^^^^^^^^^^^^^^^^^^^^^^^^^^^^^^^^^^^^^^^^^^^
  File "/home/airflow/.local/lib/python3.12/site-packages/airflow/models/taskinstance.py", line 432, in _execute_callable
    return execute_callable(context=context, **execute_callable_kwargs)
           ^^^^^^^^^^^^^^^^^^^^^^^^^^^^^^^^^^^^^^^^^^^^^^^^^^^^^^^^^^^^
  File "/home/airflow/.local/lib/python3.12/site-packages/airflow/models/baseoperator.py", line 401, in wrapper
    return func(self, *args, **kwargs)
           ^^^^^^^^^^^^^^^^^^^^^^^^^^^
  File "/home/airflow/.local/lib/python3.12/site-packages/airflow/operators/bash.py", line 243, in execute
    raise AirflowException(
airflow.exceptions.AirflowException: Bash command failed. The command returned a non-zero exit code 1.
[2026-02-11T09:11:55.728+0000] {taskinstance.py:1206} INFO - Marking task as UP_FOR_RETRY. dag_id=product_price_pipeline, task_id=create_main_table, run_id=scheduled__2026-02-09T21:00:00+00:00, execution_date=20260209T210000, start_date=20260211T091153, end_date=20260211T091155
[2026-02-11T09:11:55.772+0000] {standard_task_runner.py:110} ERROR - Failed to execute job 7 for task create_main_table (Bash command failed. The command returned a non-zero exit code 1.; 501)
[2026-02-11T09:11:55.817+0000] {local_task_job_runner.py:243} INFO - Task exited with return code 1
[2026-02-11T09:11:55.847+0000] {taskinstance.py:3503} INFO - 0 downstream tasks scheduled from follow-on schedule check
[2026-02-11T09:11:55.861+0000] {local_task_job_runner.py:222} INFO - ::endgroup::
