[2026-02-11T09:16:58.033+0000] {local_task_job_runner.py:120} INFO - ::group::Pre task execution logs
[2026-02-11T09:16:58.265+0000] {taskinstance.py:2076} INFO - Dependencies all met for dep_context=non-requeueable deps ti=<TaskInstance: product_price_pipeline.create_main_table scheduled__2026-02-09T21:00:00+00:00 [queued]>
[2026-02-11T09:16:58.288+0000] {taskinstance.py:2076} INFO - Dependencies all met for dep_context=requeueable deps ti=<TaskInstance: product_price_pipeline.create_main_table scheduled__2026-02-09T21:00:00+00:00 [queued]>
[2026-02-11T09:16:58.290+0000] {taskinstance.py:2306} INFO - Starting attempt 2 of 2
[2026-02-11T09:16:58.332+0000] {taskinstance.py:2330} INFO - Executing <Task(BashOperator): create_main_table> on 2026-02-09 21:00:00+00:00
[2026-02-11T09:16:58.368+0000] {standard_task_runner.py:90} INFO - Running: ['***', 'tasks', 'run', 'product_price_pipeline', 'create_main_table', 'scheduled__2026-02-09T21:00:00+00:00', '--job-id', '9', '--raw', '--subdir', 'DAGS_FOLDER/product_pipeline_dag.py', '--cfg-path', '/tmp/tmphj7lawii']
[2026-02-11T09:16:58.377+0000] {logging_mixin.py:188} WARNING - /home/***/.local/lib/python3.12/site-packages/***/task/task_runner/standard_task_runner.py:62 DeprecationWarning: This process (pid=744) is multi-threaded, use of fork() may lead to deadlocks in the child.
[2026-02-11T09:16:58.380+0000] {standard_task_runner.py:91} INFO - Job 9: Subtask create_main_table
[2026-02-11T09:16:58.381+0000] {standard_task_runner.py:64} INFO - Started process 746 to run task
[2026-02-11T09:16:58.603+0000] {task_command.py:426} INFO - Running <TaskInstance: product_price_pipeline.create_main_table scheduled__2026-02-09T21:00:00+00:00 [running]> on host 44d7ec503a6d
[2026-02-11T09:16:58.920+0000] {taskinstance.py:2648} INFO - Exporting env vars: AIRFLOW_CTX_DAG_OWNER='***' AIRFLOW_CTX_DAG_ID='product_price_pipeline' AIRFLOW_CTX_TASK_ID='create_main_table' AIRFLOW_CTX_EXECUTION_DATE='2026-02-09T21:00:00+00:00' AIRFLOW_CTX_TRY_NUMBER='2' AIRFLOW_CTX_DAG_RUN_ID='scheduled__2026-02-09T21:00:00+00:00'
[2026-02-11T09:16:58.926+0000] {taskinstance.py:430} INFO - ::endgroup::
[2026-02-11T09:16:58.999+0000] {subprocess.py:63} INFO - Tmp dir root location: /tmp
[2026-02-11T09:16:59.020+0000] {subprocess.py:75} INFO - Running command: ['/usr/bin/bash', '-c', 'python /opt/***/dags/scripts/create_main_table.py']
[2026-02-11T09:16:59.048+0000] {subprocess.py:86} INFO - Output:
[2026-02-11T09:17:02.772+0000] {subprocess.py:93} INFO - 🔥 create_main_table.py STARTED 🔥
[2026-02-11T09:17:02.773+0000] {subprocess.py:93} INFO - Traceback (most recent call last):
[2026-02-11T09:17:02.775+0000] {subprocess.py:93} INFO -   File "/usr/local/lib/python3.12/pathlib.py", line 1311, in mkdir
[2026-02-11T09:17:02.777+0000] {subprocess.py:93} INFO -     os.mkdir(self, mode)
[2026-02-11T09:17:02.779+0000] {subprocess.py:93} INFO - FileNotFoundError: [Errno 2] No such file or directory: '/opt/dags/data/final'
[2026-02-11T09:17:02.781+0000] {subprocess.py:93} INFO - 
[2026-02-11T09:17:02.782+0000] {subprocess.py:93} INFO - During handling of the above exception, another exception occurred:
[2026-02-11T09:17:02.784+0000] {subprocess.py:93} INFO - 
[2026-02-11T09:17:02.785+0000] {subprocess.py:93} INFO - Traceback (most recent call last):
[2026-02-11T09:17:02.787+0000] {subprocess.py:93} INFO -   File "/usr/local/lib/python3.12/pathlib.py", line 1311, in mkdir
[2026-02-11T09:17:02.789+0000] {subprocess.py:93} INFO -     os.mkdir(self, mode)
[2026-02-11T09:17:02.791+0000] {subprocess.py:93} INFO - FileNotFoundError: [Errno 2] No such file or directory: '/opt/dags/data'
[2026-02-11T09:17:02.793+0000] {subprocess.py:93} INFO - 
[2026-02-11T09:17:02.795+0000] {subprocess.py:93} INFO - During handling of the above exception, another exception occurred:
[2026-02-11T09:17:02.797+0000] {subprocess.py:93} INFO - 
[2026-02-11T09:17:02.799+0000] {subprocess.py:93} INFO - Traceback (most recent call last):
[2026-02-11T09:17:02.801+0000] {subprocess.py:93} INFO -   File "/opt/***/dags/scripts/create_main_table.py", line 11, in <module>
[2026-02-11T09:17:02.803+0000] {subprocess.py:93} INFO -     FINAL_DIR.mkdir(parents=True, exist_ok=True)
[2026-02-11T09:17:02.805+0000] {subprocess.py:93} INFO -   File "/usr/local/lib/python3.12/pathlib.py", line 1315, in mkdir
[2026-02-11T09:17:02.807+0000] {subprocess.py:93} INFO -     self.parent.mkdir(parents=True, exist_ok=True)
[2026-02-11T09:17:02.809+0000] {subprocess.py:93} INFO -   File "/usr/local/lib/python3.12/pathlib.py", line 1315, in mkdir
[2026-02-11T09:17:02.811+0000] {subprocess.py:93} INFO -     self.parent.mkdir(parents=True, exist_ok=True)
[2026-02-11T09:17:02.813+0000] {subprocess.py:93} INFO -   File "/usr/local/lib/python3.12/pathlib.py", line 1311, in mkdir
[2026-02-11T09:17:02.815+0000] {subprocess.py:93} INFO -     os.mkdir(self, mode)
[2026-02-11T09:17:02.817+0000] {subprocess.py:93} INFO - PermissionError: [Errno 13] Permission denied: '/opt/dags'
[2026-02-11T09:17:02.972+0000] {subprocess.py:97} INFO - Command exited with return code 1
[2026-02-11T09:17:02.978+0000] {taskinstance.py:441} INFO - ::group::Post task execution logs
[2026-02-11T09:17:02.998+0000] {taskinstance.py:2905} ERROR - Task failed with exception
Traceback (most recent call last):
  File "/home/airflow/.local/lib/python3.12/site-packages/airflow/models/taskinstance.py", line 465, in _execute_task
    result = _execute_callable(context=context, **execute_callable_kwargs)
             ^^^^^^^^^^^^^^^^^^^^^^^^^^^^^^^^^^^^^^^^^^^^^^^^^^^^^^^^^^^^^
  File "/home/airflow/.local/lib/python3.12/site-packages/airflow/models/taskinstance.py", line 432, in _execute_callable
    return execute_callable(context=context, **execute_callable_kwargs)
           ^^^^^^^^^^^^^^^^^^^^^^^^^^^^^^^^^^^^^^^^^^^^^^^^^^^^^^^^^^^^
  File "/home/airflow/.local/lib/python3.12/site-packages/airflow/models/baseoperator.py", line 401, in wrapper
    return func(self, *args, **kwargs)
           ^^^^^^^^^^^^^^^^^^^^^^^^^^^
  File "/home/airflow/.local/lib/python3.12/site-packages/airflow/operators/bash.py", line 243, in execute
    raise AirflowException(
airflow.exceptions.AirflowException: Bash command failed. The command returned a non-zero exit code 1.
[2026-02-11T09:17:03.018+0000] {taskinstance.py:1206} INFO - Marking task as FAILED. dag_id=product_price_pipeline, task_id=create_main_table, run_id=scheduled__2026-02-09T21:00:00+00:00, execution_date=20260209T210000, start_date=20260211T091658, end_date=20260211T091703
[2026-02-11T09:17:03.066+0000] {standard_task_runner.py:110} ERROR - Failed to execute job 9 for task create_main_table (Bash command failed. The command returned a non-zero exit code 1.; 746)
[2026-02-11T09:17:03.126+0000] {local_task_job_runner.py:243} INFO - Task exited with return code 1
[2026-02-11T09:17:03.176+0000] {taskinstance.py:3503} INFO - 0 downstream tasks scheduled from follow-on schedule check
[2026-02-11T09:17:03.188+0000] {local_task_job_runner.py:222} INFO - ::endgroup::
