[2026-02-06T16:35:37.765+0000] {local_task_job_runner.py:120} INFO - ::group::Pre task execution logs
[2026-02-06T16:35:37.923+0000] {taskinstance.py:2076} INFO - Dependencies all met for dep_context=non-requeueable deps ti=<TaskInstance: product_price_pipeline.scrape_data manual__2026-02-06T16:35:35.035161+00:00 [queued]>
[2026-02-06T16:35:37.948+0000] {taskinstance.py:2076} INFO - Dependencies all met for dep_context=requeueable deps ti=<TaskInstance: product_price_pipeline.scrape_data manual__2026-02-06T16:35:35.035161+00:00 [queued]>
[2026-02-06T16:35:37.951+0000] {taskinstance.py:2306} INFO - Starting attempt 1 of 2
[2026-02-06T16:35:37.981+0000] {taskinstance.py:2330} INFO - Executing <Task(BashOperator): scrape_data> on 2026-02-06 16:35:35.035161+00:00
[2026-02-06T16:35:38.011+0000] {standard_task_runner.py:90} INFO - Running: ['***', 'tasks', 'run', 'product_price_pipeline', 'scrape_data', 'manual__2026-02-06T16:35:35.035161+00:00', '--job-id', '3', '--raw', '--subdir', 'DAGS_FOLDER/product_pipeline_dag.py', '--cfg-path', '/tmp/tmpb5o6bn3a']
[2026-02-06T16:35:38.013+0000] {logging_mixin.py:188} WARNING - /home/***/.local/lib/python3.12/site-packages/***/task/task_runner/standard_task_runner.py:62 DeprecationWarning: This process (pid=1061) is multi-threaded, use of fork() may lead to deadlocks in the child.
[2026-02-06T16:35:38.016+0000] {standard_task_runner.py:91} INFO - Job 3: Subtask scrape_data
[2026-02-06T16:35:38.018+0000] {standard_task_runner.py:64} INFO - Started process 1062 to run task
[2026-02-06T16:35:38.204+0000] {task_command.py:426} INFO - Running <TaskInstance: product_price_pipeline.scrape_data manual__2026-02-06T16:35:35.035161+00:00 [running]> on host e9a5f9d3aaa8
[2026-02-06T16:35:38.444+0000] {taskinstance.py:2648} INFO - Exporting env vars: AIRFLOW_CTX_DAG_OWNER='***' AIRFLOW_CTX_DAG_ID='product_price_pipeline' AIRFLOW_CTX_TASK_ID='scrape_data' AIRFLOW_CTX_EXECUTION_DATE='2026-02-06T16:35:35.035161+00:00' AIRFLOW_CTX_TRY_NUMBER='1' AIRFLOW_CTX_DAG_RUN_ID='manual__2026-02-06T16:35:35.035161+00:00'
[2026-02-06T16:35:38.452+0000] {taskinstance.py:430} INFO - ::endgroup::
[2026-02-06T16:35:38.520+0000] {subprocess.py:63} INFO - Tmp dir root location: /tmp
[2026-02-06T16:35:38.535+0000] {subprocess.py:75} INFO - Running command: ['/usr/bin/bash', '-c', 'python /opt/***/scripts/scrape.py']
[2026-02-06T16:35:38.588+0000] {subprocess.py:86} INFO - Output:
[2026-02-06T16:35:38.871+0000] {subprocess.py:93} INFO - python: can't open file '/opt/***/scripts/scrape.py': [Errno 2] No such file or directory
[2026-02-06T16:35:38.879+0000] {subprocess.py:97} INFO - Command exited with return code 2
[2026-02-06T16:35:38.882+0000] {taskinstance.py:441} INFO - ::group::Post task execution logs
[2026-02-06T16:35:38.904+0000] {taskinstance.py:2905} ERROR - Task failed with exception
Traceback (most recent call last):
  File "/home/airflow/.local/lib/python3.12/site-packages/airflow/models/taskinstance.py", line 465, in _execute_task
    result = _execute_callable(context=context, **execute_callable_kwargs)
             ^^^^^^^^^^^^^^^^^^^^^^^^^^^^^^^^^^^^^^^^^^^^^^^^^^^^^^^^^^^^^
  File "/home/airflow/.local/lib/python3.12/site-packages/airflow/models/taskinstance.py", line 432, in _execute_callable
    return execute_callable(context=context, **execute_callable_kwargs)
           ^^^^^^^^^^^^^^^^^^^^^^^^^^^^^^^^^^^^^^^^^^^^^^^^^^^^^^^^^^^^
  File "/home/airflow/.local/lib/python3.12/site-packages/airflow/models/baseoperator.py", line 401, in wrapper
    return func(self, *args, **kwargs)
           ^^^^^^^^^^^^^^^^^^^^^^^^^^^
  File "/home/airflow/.local/lib/python3.12/site-packages/airflow/operators/bash.py", line 243, in execute
    raise AirflowException(
airflow.exceptions.AirflowException: Bash command failed. The command returned a non-zero exit code 2.
[2026-02-06T16:35:38.916+0000] {taskinstance.py:1206} INFO - Marking task as UP_FOR_RETRY. dag_id=product_price_pipeline, task_id=scrape_data, run_id=manual__2026-02-06T16:35:35.035161+00:00, execution_date=20260206T163535, start_date=20260206T163537, end_date=20260206T163538
[2026-02-06T16:35:38.939+0000] {standard_task_runner.py:110} ERROR - Failed to execute job 3 for task scrape_data (Bash command failed. The command returned a non-zero exit code 2.; 1062)
[2026-02-06T16:35:38.966+0000] {local_task_job_runner.py:243} INFO - Task exited with return code 1
[2026-02-06T16:35:38.996+0000] {local_task_job_runner.py:222} INFO - ::endgroup::
