[2026-02-06T16:40:40.062+0000] {local_task_job_runner.py:120} INFO - ::group::Pre task execution logs
[2026-02-06T16:40:40.121+0000] {taskinstance.py:2076} INFO - Dependencies all met for dep_context=non-requeueable deps ti=<TaskInstance: product_price_pipeline.scrape_data manual__2026-02-06T16:35:35.035161+00:00 [queued]>
[2026-02-06T16:40:40.137+0000] {taskinstance.py:2076} INFO - Dependencies all met for dep_context=requeueable deps ti=<TaskInstance: product_price_pipeline.scrape_data manual__2026-02-06T16:35:35.035161+00:00 [queued]>
[2026-02-06T16:40:40.138+0000] {taskinstance.py:2306} INFO - Starting attempt 2 of 2
[2026-02-06T16:40:40.157+0000] {taskinstance.py:2330} INFO - Executing <Task(BashOperator): scrape_data> on 2026-02-06 16:35:35.035161+00:00
[2026-02-06T16:40:40.172+0000] {standard_task_runner.py:90} INFO - Running: ['***', 'tasks', 'run', 'product_price_pipeline', 'scrape_data', 'manual__2026-02-06T16:35:35.035161+00:00', '--job-id', '5', '--raw', '--subdir', 'DAGS_FOLDER/product_pipeline_dag.py', '--cfg-path', '/tmp/tmpb2lyuxk4']
[2026-02-06T16:40:40.175+0000] {logging_mixin.py:188} WARNING - /home/***/.local/lib/python3.12/site-packages/***/task/task_runner/standard_task_runner.py:62 DeprecationWarning: This process (pid=1112) is multi-threaded, use of fork() may lead to deadlocks in the child.
[2026-02-06T16:40:40.177+0000] {standard_task_runner.py:91} INFO - Job 5: Subtask scrape_data
[2026-02-06T16:40:40.178+0000] {standard_task_runner.py:64} INFO - Started process 1113 to run task
[2026-02-06T16:40:40.349+0000] {task_command.py:426} INFO - Running <TaskInstance: product_price_pipeline.scrape_data manual__2026-02-06T16:35:35.035161+00:00 [running]> on host e9a5f9d3aaa8
[2026-02-06T16:40:40.479+0000] {taskinstance.py:2648} INFO - Exporting env vars: AIRFLOW_CTX_DAG_OWNER='***' AIRFLOW_CTX_DAG_ID='product_price_pipeline' AIRFLOW_CTX_TASK_ID='scrape_data' AIRFLOW_CTX_EXECUTION_DATE='2026-02-06T16:35:35.035161+00:00' AIRFLOW_CTX_TRY_NUMBER='2' AIRFLOW_CTX_DAG_RUN_ID='manual__2026-02-06T16:35:35.035161+00:00'
[2026-02-06T16:40:40.481+0000] {taskinstance.py:430} INFO - ::endgroup::
[2026-02-06T16:40:40.499+0000] {subprocess.py:63} INFO - Tmp dir root location: /tmp
[2026-02-06T16:40:40.504+0000] {subprocess.py:75} INFO - Running command: ['/usr/bin/bash', '-c', 'python /opt/***/scripts/scrape.py']
[2026-02-06T16:40:40.515+0000] {subprocess.py:86} INFO - Output:
[2026-02-06T16:40:40.609+0000] {subprocess.py:93} INFO - python: can't open file '/opt/***/scripts/scrape.py': [Errno 2] No such file or directory
[2026-02-06T16:40:40.613+0000] {subprocess.py:97} INFO - Command exited with return code 2
[2026-02-06T16:40:40.619+0000] {taskinstance.py:441} INFO - ::group::Post task execution logs
[2026-02-06T16:40:40.634+0000] {taskinstance.py:2905} ERROR - Task failed with exception
Traceback (most recent call last):
  File "/home/airflow/.local/lib/python3.12/site-packages/airflow/models/taskinstance.py", line 465, in _execute_task
    result = _execute_callable(context=context, **execute_callable_kwargs)
             ^^^^^^^^^^^^^^^^^^^^^^^^^^^^^^^^^^^^^^^^^^^^^^^^^^^^^^^^^^^^^
  File "/home/airflow/.local/lib/python3.12/site-packages/airflow/models/taskinstance.py", line 432, in _execute_callable
    return execute_callable(context=context, **execute_callable_kwargs)
           ^^^^^^^^^^^^^^^^^^^^^^^^^^^^^^^^^^^^^^^^^^^^^^^^^^^^^^^^^^^^
  File "/home/airflow/.local/lib/python3.12/site-packages/airflow/models/baseoperator.py", line 401, in wrapper
    return func(self, *args, **kwargs)
           ^^^^^^^^^^^^^^^^^^^^^^^^^^^
  File "/home/airflow/.local/lib/python3.12/site-packages/airflow/operators/bash.py", line 243, in execute
    raise AirflowException(
airflow.exceptions.AirflowException: Bash command failed. The command returned a non-zero exit code 2.
[2026-02-06T16:40:40.641+0000] {taskinstance.py:1206} INFO - Marking task as FAILED. dag_id=product_price_pipeline, task_id=scrape_data, run_id=manual__2026-02-06T16:35:35.035161+00:00, execution_date=20260206T163535, start_date=20260206T164040, end_date=20260206T164040
[2026-02-06T16:40:40.657+0000] {standard_task_runner.py:110} ERROR - Failed to execute job 5 for task scrape_data (Bash command failed. The command returned a non-zero exit code 2.; 1113)
[2026-02-06T16:40:40.678+0000] {local_task_job_runner.py:243} INFO - Task exited with return code 1
[2026-02-06T16:40:40.701+0000] {local_task_job_runner.py:222} INFO - ::endgroup::
