[2026-02-10T15:04:54.152+0000] {local_task_job_runner.py:120} INFO - ::group::Pre task execution logs
[2026-02-10T15:04:54.252+0000] {taskinstance.py:2076} INFO - Dependencies all met for dep_context=non-requeueable deps ti=<TaskInstance: product_price_pipeline.scrape_data scheduled__2026-02-08T21:00:00+00:00 [queued]>
[2026-02-10T15:04:54.273+0000] {taskinstance.py:2076} INFO - Dependencies all met for dep_context=requeueable deps ti=<TaskInstance: product_price_pipeline.scrape_data scheduled__2026-02-08T21:00:00+00:00 [queued]>
[2026-02-10T15:04:54.276+0000] {taskinstance.py:2306} INFO - Starting attempt 1 of 2
[2026-02-10T15:04:54.319+0000] {taskinstance.py:2330} INFO - Executing <Task(BashOperator): scrape_data> on 2026-02-08 21:00:00+00:00
[2026-02-10T15:04:54.357+0000] {standard_task_runner.py:90} INFO - Running: ['***', 'tasks', 'run', 'product_price_pipeline', 'scrape_data', 'scheduled__2026-02-08T21:00:00+00:00', '--job-id', '95', '--raw', '--subdir', 'DAGS_FOLDER/product_pipeline_dag.py', '--cfg-path', '/tmp/tmp2xx85gku']
[2026-02-10T15:04:54.364+0000] {logging_mixin.py:188} WARNING - /home/***/.local/lib/python3.12/site-packages/***/task/task_runner/standard_task_runner.py:62 DeprecationWarning: This process (pid=179) is multi-threaded, use of fork() may lead to deadlocks in the child.
[2026-02-10T15:04:54.366+0000] {standard_task_runner.py:91} INFO - Job 95: Subtask scrape_data
[2026-02-10T15:04:54.367+0000] {standard_task_runner.py:64} INFO - Started process 180 to run task
[2026-02-10T15:04:54.604+0000] {task_command.py:426} INFO - Running <TaskInstance: product_price_pipeline.scrape_data scheduled__2026-02-08T21:00:00+00:00 [running]> on host 0d4fb0100b45
[2026-02-10T15:04:55.046+0000] {taskinstance.py:2648} INFO - Exporting env vars: AIRFLOW_CTX_DAG_OWNER='***' AIRFLOW_CTX_DAG_ID='product_price_pipeline' AIRFLOW_CTX_TASK_ID='scrape_data' AIRFLOW_CTX_EXECUTION_DATE='2026-02-08T21:00:00+00:00' AIRFLOW_CTX_TRY_NUMBER='1' AIRFLOW_CTX_DAG_RUN_ID='scheduled__2026-02-08T21:00:00+00:00'
[2026-02-10T15:04:55.049+0000] {taskinstance.py:430} INFO - ::endgroup::
[2026-02-10T15:04:55.128+0000] {subprocess.py:63} INFO - Tmp dir root location: /tmp
[2026-02-10T15:04:55.133+0000] {subprocess.py:75} INFO - Running command: ['/usr/bin/bash', '-c', 'python /opt/***/dags/all_data.py']
[2026-02-10T15:04:55.157+0000] {subprocess.py:86} INFO - Output:
[2026-02-10T15:04:56.439+0000] {subprocess.py:93} INFO - 2026-02-10 15:04:56,438 | INFO | ===== SCRAPING STARTED =====
[2026-02-10T15:04:56.440+0000] {subprocess.py:93} INFO - 2026-02-10 15:04:56,438 | INFO | Starting scrape for category: mobiles
[2026-02-10T15:05:01.555+0000] {subprocess.py:93} INFO - 2026-02-10 15:05:01,555 | INFO | mobiles: Page 1/25
[2026-02-10T15:05:03.346+0000] {subprocess.py:93} INFO - 2026-02-10 15:05:03,346 | INFO | mobiles: Page 2/25
[2026-02-10T15:05:04.690+0000] {subprocess.py:93} INFO - 2026-02-10 15:05:04,689 | INFO | mobiles: Page 3/25
[2026-02-10T15:05:05.678+0000] {subprocess.py:93} INFO - 2026-02-10 15:05:05,677 | INFO | mobiles: Page 4/25
[2026-02-10T15:05:06.348+0000] {subprocess.py:93} INFO - 2026-02-10 15:05:06,347 | INFO | mobiles: Page 5/25
[2026-02-10T15:05:07.237+0000] {subprocess.py:93} INFO - 2026-02-10 15:05:07,237 | INFO | mobiles: Page 6/25
[2026-02-10T15:05:08.978+0000] {subprocess.py:93} INFO - 2026-02-10 15:05:08,977 | INFO | mobiles: Page 7/25
[2026-02-10T15:05:09.696+0000] {subprocess.py:93} INFO - 2026-02-10 15:05:09,695 | INFO | mobiles: Page 8/25
[2026-02-10T15:05:10.344+0000] {subprocess.py:93} INFO - 2026-02-10 15:05:10,343 | INFO | mobiles: Page 9/25
[2026-02-10T15:05:11.353+0000] {subprocess.py:93} INFO - 2026-02-10 15:05:11,353 | INFO | mobiles: Page 10/25
[2026-02-10T15:05:12.991+0000] {subprocess.py:93} INFO - 2026-02-10 15:05:12,991 | INFO | mobiles: Page 11/25
[2026-02-10T15:05:13.653+0000] {subprocess.py:93} INFO - 2026-02-10 15:05:13,652 | INFO | mobiles: Page 12/25
[2026-02-10T15:05:14.280+0000] {subprocess.py:93} INFO - 2026-02-10 15:05:14,279 | INFO | mobiles: Page 13/25
[2026-02-10T15:05:15.975+0000] {subprocess.py:93} INFO - 2026-02-10 15:05:15,974 | INFO | mobiles: Page 14/25
[2026-02-10T15:05:16.977+0000] {subprocess.py:93} INFO - 2026-02-10 15:05:16,976 | INFO | mobiles: Page 15/25
[2026-02-10T15:05:17.684+0000] {subprocess.py:93} INFO - 2026-02-10 15:05:17,680 | INFO | mobiles: Page 16/25
[2026-02-10T15:05:18.485+0000] {subprocess.py:93} INFO - 2026-02-10 15:05:18,484 | INFO | mobiles: Page 17/25
[2026-02-10T15:05:19.392+0000] {subprocess.py:93} INFO - 2026-02-10 15:05:19,391 | INFO | mobiles: Page 18/25
[2026-02-10T15:05:20.078+0000] {subprocess.py:93} INFO - 2026-02-10 15:05:20,078 | INFO | mobiles: Page 19/25
[2026-02-10T15:05:20.943+0000] {subprocess.py:93} INFO - 2026-02-10 15:05:20,942 | INFO | mobiles: Page 20/25
[2026-02-10T15:05:21.673+0000] {subprocess.py:93} INFO - 2026-02-10 15:05:21,673 | INFO | mobiles: Page 21/25
[2026-02-10T15:05:22.418+0000] {subprocess.py:93} INFO - 2026-02-10 15:05:22,417 | INFO | mobiles: Page 22/25
[2026-02-10T15:05:23.150+0000] {subprocess.py:93} INFO - 2026-02-10 15:05:23,149 | INFO | mobiles: Page 23/25
[2026-02-10T15:05:23.901+0000] {subprocess.py:93} INFO - 2026-02-10 15:05:23,900 | INFO | mobiles: Page 24/25
[2026-02-10T15:05:24.787+0000] {subprocess.py:93} INFO - 2026-02-10 15:05:24,786 | INFO | mobiles: Page 25/25
[2026-02-10T15:05:25.833+0000] {subprocess.py:93} INFO - 2026-02-10 15:05:25,832 | INFO | mobiles: Fetching reviews
[2026-02-10T15:05:52.237+0000] {subprocess.py:93} INFO - 2026-02-10 15:05:52,230 | INFO | mobiles: Saved 750 rows to /opt/***/dags/data/raw/mobiles/mobiles_2026-02-10.csv
[2026-02-10T15:05:52.260+0000] {subprocess.py:93} INFO - 2026-02-10 15:05:52,236 | INFO | Starting scrape for category: laptops
[2026-02-10T15:05:52.829+0000] {subprocess.py:93} INFO - 2026-02-10 15:05:52,829 | INFO | laptops: Page 1/14
[2026-02-10T15:05:53.358+0000] {subprocess.py:93} INFO - 2026-02-10 15:05:53,357 | INFO | laptops: Page 2/14
[2026-02-10T15:05:55.416+0000] {subprocess.py:93} INFO - 2026-02-10 15:05:55,415 | INFO | laptops: Page 3/14
[2026-02-10T15:06:11.801+0000] {subprocess.py:93} INFO - 2026-02-10 15:06:11,800 | INFO | laptops: Page 4/14
[2026-02-10T15:06:13.419+0000] {subprocess.py:93} INFO - 2026-02-10 15:06:13,418 | INFO | laptops: Page 5/14
[2026-02-10T15:06:14.566+0000] {subprocess.py:93} INFO - 2026-02-10 15:06:14,566 | INFO | laptops: Page 6/14
[2026-02-10T15:06:16.864+0000] {subprocess.py:93} INFO - 2026-02-10 15:06:16,863 | INFO | laptops: Page 7/14
[2026-02-10T15:06:19.076+0000] {subprocess.py:93} INFO - 2026-02-10 15:06:19,075 | INFO | laptops: Page 8/14
[2026-02-10T15:06:20.422+0000] {subprocess.py:93} INFO - 2026-02-10 15:06:20,422 | INFO | laptops: Page 9/14
[2026-02-10T15:06:23.471+0000] {subprocess.py:93} INFO - 2026-02-10 15:06:23,470 | INFO | laptops: Page 10/14
[2026-02-10T15:06:24.831+0000] {subprocess.py:93} INFO - 2026-02-10 15:06:24,831 | INFO | laptops: Page 11/14
[2026-02-10T15:06:26.811+0000] {subprocess.py:93} INFO - 2026-02-10 15:06:26,810 | INFO | laptops: Page 12/14
[2026-02-10T15:06:30.611+0000] {subprocess.py:93} INFO - 2026-02-10 15:06:30,610 | INFO | laptops: Page 13/14
[2026-02-10T15:06:32.825+0000] {subprocess.py:93} INFO - 2026-02-10 15:06:32,825 | INFO | laptops: Page 14/14
[2026-02-10T15:06:34.650+0000] {subprocess.py:93} INFO - 2026-02-10 15:06:34,649 | INFO | laptops: Fetching reviews
[2026-02-10T15:07:08.358+0000] {subprocess.py:93} INFO - 2026-02-10 15:07:08,358 | INFO | laptops: Saved 420 rows to /opt/***/dags/data/raw/laptops/laptops_2026-02-10.csv
[2026-02-10T15:07:08.374+0000] {subprocess.py:93} INFO - 2026-02-10 15:07:08,372 | INFO | Starting scrape for category: television
[2026-02-10T15:07:10.116+0000] {subprocess.py:93} INFO - 2026-02-10 15:07:10,115 | INFO | television: Page 1/7
[2026-02-10T15:07:10.556+0000] {subprocess.py:93} INFO - 2026-02-10 15:07:10,555 | INFO | television: Page 2/7
[2026-02-10T15:07:11.190+0000] {subprocess.py:93} INFO - 2026-02-10 15:07:11,190 | INFO | television: Page 3/7
[2026-02-10T15:07:11.816+0000] {subprocess.py:93} INFO - 2026-02-10 15:07:11,815 | INFO | television: Page 4/7
[2026-02-10T15:07:12.548+0000] {subprocess.py:93} INFO - 2026-02-10 15:07:12,548 | INFO | television: Page 5/7
[2026-02-10T15:07:13.689+0000] {subprocess.py:93} INFO - 2026-02-10 15:07:13,689 | INFO | television: Page 6/7
[2026-02-10T15:07:14.292+0000] {subprocess.py:93} INFO - 2026-02-10 15:07:14,291 | INFO | television: Page 7/7
[2026-02-10T15:07:15.036+0000] {subprocess.py:93} INFO - 2026-02-10 15:07:15,036 | INFO | television: Fetching reviews
[2026-02-10T15:07:18.028+0000] {subprocess.py:93} INFO - 2026-02-10 15:07:18,028 | INFO | television: Saved 210 rows to /opt/***/dags/data/raw/tvs/television_2026-02-10.csv
[2026-02-10T15:07:18.032+0000] {subprocess.py:93} INFO - 2026-02-10 15:07:18,032 | INFO | Starting scrape for category: refrigerator
[2026-02-10T15:07:18.438+0000] {subprocess.py:93} INFO - 2026-02-10 15:07:18,437 | INFO | refrigerator: Page 1/6
[2026-02-10T15:07:18.893+0000] {subprocess.py:93} INFO - 2026-02-10 15:07:18,893 | INFO | refrigerator: Page 2/6
[2026-02-10T15:07:19.542+0000] {subprocess.py:93} INFO - 2026-02-10 15:07:19,542 | INFO | refrigerator: Page 3/6
[2026-02-10T15:07:20.190+0000] {subprocess.py:93} INFO - 2026-02-10 15:07:20,189 | INFO | refrigerator: Page 4/6
[2026-02-10T15:07:20.807+0000] {subprocess.py:93} INFO - 2026-02-10 15:07:20,807 | INFO | refrigerator: Page 5/6
[2026-02-10T15:07:21.457+0000] {subprocess.py:93} INFO - 2026-02-10 15:07:21,456 | INFO | refrigerator: Page 6/6
[2026-02-10T15:07:22.081+0000] {subprocess.py:93} INFO - 2026-02-10 15:07:22,080 | INFO | refrigerator: Fetching reviews
[2026-02-10T15:07:24.524+0000] {subprocess.py:93} INFO - 2026-02-10 15:07:24,523 | INFO | refrigerator: Saved 180 rows to /opt/***/dags/data/raw/refrigerators/refrigerator_2026-02-10.csv
[2026-02-10T15:07:24.526+0000] {subprocess.py:93} INFO - 2026-02-10 15:07:24,524 | INFO | ===== SCRAPING FINISHED =====
[2026-02-10T15:07:24.889+0000] {subprocess.py:97} INFO - Command exited with return code 0
[2026-02-10T15:07:24.943+0000] {taskinstance.py:441} INFO - ::group::Post task execution logs
[2026-02-10T15:07:25.498+0000] {taskinstance.py:1206} INFO - Marking task as SUCCESS. dag_id=product_price_pipeline, task_id=scrape_data, run_id=scheduled__2026-02-08T21:00:00+00:00, execution_date=20260208T210000, start_date=20260210T150454, end_date=20260210T150725
[2026-02-10T15:07:25.712+0000] {local_task_job_runner.py:243} INFO - Task exited with return code 0
[2026-02-10T15:07:26.014+0000] {taskinstance.py:3503} INFO - 1 downstream tasks scheduled from follow-on schedule check
[2026-02-10T15:07:26.020+0000] {local_task_job_runner.py:222} INFO - ::endgroup::
