[2026-02-13T03:51:11.478+0000] {local_task_job_runner.py:120} INFO - ::group::Pre task execution logs
[2026-02-13T03:51:12.129+0000] {taskinstance.py:2076} INFO - Dependencies all met for dep_context=non-requeueable deps ti=<TaskInstance: product_price_pipeline.clean_mobiles scheduled__2026-02-12T00:00:00+00:00 [queued]>
[2026-02-13T03:51:12.212+0000] {taskinstance.py:2076} INFO - Dependencies all met for dep_context=requeueable deps ti=<TaskInstance: product_price_pipeline.clean_mobiles scheduled__2026-02-12T00:00:00+00:00 [queued]>
[2026-02-13T03:51:12.214+0000] {taskinstance.py:2306} INFO - Starting attempt 1 of 2
[2026-02-13T03:51:12.322+0000] {taskinstance.py:2330} INFO - Executing <Task(BashOperator): clean_mobiles> on 2026-02-12 00:00:00+00:00
[2026-02-13T03:51:12.609+0000] {standard_task_runner.py:90} INFO - Running: ['***', 'tasks', 'run', 'product_price_pipeline', 'clean_mobiles', 'scheduled__2026-02-12T00:00:00+00:00', '--job-id', '95', '--raw', '--subdir', 'DAGS_FOLDER/product_pipeline_dag.py', '--cfg-path', '/tmp/tmpn6a3vr1a']
[2026-02-13T03:51:12.632+0000] {standard_task_runner.py:91} INFO - Job 95: Subtask clean_mobiles
[2026-02-13T03:51:12.666+0000] {logging_mixin.py:188} WARNING - /home/***/.local/lib/python3.12/site-packages/***/task/task_runner/standard_task_runner.py:62 DeprecationWarning: This process (pid=5953) is multi-threaded, use of fork() may lead to deadlocks in the child.
[2026-02-13T03:51:12.669+0000] {standard_task_runner.py:64} INFO - Started process 5960 to run task
[2026-02-13T03:51:13.858+0000] {task_command.py:426} INFO - Running <TaskInstance: product_price_pipeline.clean_mobiles scheduled__2026-02-12T00:00:00+00:00 [running]> on host 8ede547b0251
[2026-02-13T03:51:16.962+0000] {taskinstance.py:2648} INFO - Exporting env vars: AIRFLOW_CTX_DAG_OWNER='***' AIRFLOW_CTX_DAG_ID='product_price_pipeline' AIRFLOW_CTX_TASK_ID='clean_mobiles' AIRFLOW_CTX_EXECUTION_DATE='2026-02-12T00:00:00+00:00' AIRFLOW_CTX_TRY_NUMBER='1' AIRFLOW_CTX_DAG_RUN_ID='scheduled__2026-02-12T00:00:00+00:00'
[2026-02-13T03:51:16.977+0000] {taskinstance.py:430} INFO - ::endgroup::
[2026-02-13T03:51:18.206+0000] {subprocess.py:63} INFO - Tmp dir root location: /tmp
[2026-02-13T03:51:18.437+0000] {subprocess.py:75} INFO - Running command: ['/usr/bin/bash', '-c', 'python /opt/***/dags/scripts/cleaning/clean_mobiles.py']
[2026-02-13T03:51:18.917+0000] {subprocess.py:86} INFO - Output:
[2026-02-13T03:51:47.497+0000] {subprocess.py:93} INFO - 🔥 clean_mobiles.py STARTED 🔥
[2026-02-13T03:51:47.734+0000] {subprocess.py:93} INFO - 📥 INPUT FILE: /opt/***/dags/data/raw/mobiles/mobiles_2026-02-11.csv
[2026-02-13T03:51:47.780+0000] {subprocess.py:93} INFO - 📊 Rows loaded: 750
[2026-02-13T03:51:47.791+0000] {subprocess.py:93} INFO - ✅ CLEANED FILE SAVED AT:
[2026-02-13T03:51:47.813+0000] {subprocess.py:93} INFO - /opt/***/dags/data/clean/mobiles_cleaned_20260213_035147.csv
[2026-02-13T03:51:47.825+0000] {subprocess.py:93} INFO - 🔥 clean_mobiles.py FINISHED 🔥
[2026-02-13T03:51:49.520+0000] {subprocess.py:97} INFO - Command exited with return code 0
[2026-02-13T03:51:49.672+0000] {taskinstance.py:441} INFO - ::group::Post task execution logs
[2026-02-13T03:51:51.929+0000] {taskinstance.py:1206} INFO - Marking task as SUCCESS. dag_id=product_price_pipeline, task_id=clean_mobiles, run_id=scheduled__2026-02-12T00:00:00+00:00, execution_date=20260212T000000, start_date=20260213T035112, end_date=20260213T035151
[2026-02-13T03:51:53.260+0000] {local_task_job_runner.py:243} INFO - Task exited with return code 0
[2026-02-13T03:51:54.323+0000] {taskinstance.py:3503} INFO - 1 downstream tasks scheduled from follow-on schedule check
[2026-02-13T03:51:54.335+0000] {local_task_job_runner.py:222} INFO - ::endgroup::
