[2026-02-12T12:57:43.254+0000] {local_task_job_runner.py:120} INFO - ::group::Pre task execution logs
[2026-02-12T12:57:43.428+0000] {taskinstance.py:2076} INFO - Dependencies all met for dep_context=non-requeueable deps ti=<TaskInstance: product_price_pipeline.load_refrigerators manual__2026-02-12T12:57:27.846504+00:00 [queued]>
[2026-02-12T12:57:43.452+0000] {taskinstance.py:2076} INFO - Dependencies all met for dep_context=requeueable deps ti=<TaskInstance: product_price_pipeline.load_refrigerators manual__2026-02-12T12:57:27.846504+00:00 [queued]>
[2026-02-12T12:57:43.453+0000] {taskinstance.py:2306} INFO - Starting attempt 1 of 2
[2026-02-12T12:57:43.499+0000] {taskinstance.py:2330} INFO - Executing <Task(BashOperator): load_refrigerators> on 2026-02-12 12:57:27.846504+00:00
[2026-02-12T12:57:43.527+0000] {logging_mixin.py:188} WARNING - /home/***/.local/lib/python3.12/site-packages/***/task/task_runner/standard_task_runner.py:62 DeprecationWarning: This process (pid=427) is multi-threaded, use of fork() may lead to deadlocks in the child.
[2026-02-12T12:57:43.521+0000] {standard_task_runner.py:90} INFO - Running: ['***', 'tasks', 'run', 'product_price_pipeline', 'load_refrigerators', 'manual__2026-02-12T12:57:27.846504+00:00', '--job-id', '38', '--raw', '--subdir', 'DAGS_FOLDER/product_pipeline_dag.py', '--cfg-path', '/tmp/tmp8x8xg24s']
[2026-02-12T12:57:43.529+0000] {standard_task_runner.py:64} INFO - Started process 432 to run task
[2026-02-12T12:57:43.530+0000] {standard_task_runner.py:91} INFO - Job 38: Subtask load_refrigerators
[2026-02-12T12:57:43.671+0000] {task_command.py:426} INFO - Running <TaskInstance: product_price_pipeline.load_refrigerators manual__2026-02-12T12:57:27.846504+00:00 [running]> on host c60d58c1c60d
[2026-02-12T12:57:43.887+0000] {taskinstance.py:2648} INFO - Exporting env vars: AIRFLOW_CTX_DAG_OWNER='***' AIRFLOW_CTX_DAG_ID='product_price_pipeline' AIRFLOW_CTX_TASK_ID='load_refrigerators' AIRFLOW_CTX_EXECUTION_DATE='2026-02-12T12:57:27.846504+00:00' AIRFLOW_CTX_TRY_NUMBER='1' AIRFLOW_CTX_DAG_RUN_ID='manual__2026-02-12T12:57:27.846504+00:00'
[2026-02-12T12:57:43.889+0000] {taskinstance.py:430} INFO - ::endgroup::
[2026-02-12T12:57:43.915+0000] {subprocess.py:63} INFO - Tmp dir root location: /tmp
[2026-02-12T12:57:43.921+0000] {subprocess.py:75} INFO - Running command: ['/usr/bin/bash', '-c', 'python /opt/***/dags/scripts/loaders/load_refrigerators.py']
[2026-02-12T12:57:43.946+0000] {subprocess.py:86} INFO - Output:
[2026-02-12T12:57:46.942+0000] {subprocess.py:93} INFO - 🚀 Loading REFRIGERATORS data
[2026-02-12T12:57:46.944+0000] {subprocess.py:93} INFO - ✅ Refrigerators table refreshed successfully
[2026-02-12T12:57:47.206+0000] {subprocess.py:97} INFO - Command exited with return code 0
[2026-02-12T12:57:47.218+0000] {taskinstance.py:441} INFO - ::group::Post task execution logs
[2026-02-12T12:57:47.310+0000] {taskinstance.py:1206} INFO - Marking task as SUCCESS. dag_id=product_price_pipeline, task_id=load_refrigerators, run_id=manual__2026-02-12T12:57:27.846504+00:00, execution_date=20260212T125727, start_date=20260212T125743, end_date=20260212T125747
[2026-02-12T12:57:47.376+0000] {local_task_job_runner.py:243} INFO - Task exited with return code 0
[2026-02-12T12:57:47.425+0000] {taskinstance.py:3503} INFO - 0 downstream tasks scheduled from follow-on schedule check
[2026-02-12T12:57:47.433+0000] {local_task_job_runner.py:222} INFO - ::endgroup::
