[2026-02-12T14:53:50.209+0000] {local_task_job_runner.py:120} INFO - ::group::Pre task execution logs
[2026-02-12T14:53:51.416+0000] {taskinstance.py:2076} INFO - Dependencies all met for dep_context=non-requeueable deps ti=<TaskInstance: product_price_pipeline.clean_refrigerators manual__2026-02-12T14:53:22.259211+00:00 [queued]>
[2026-02-12T14:53:51.532+0000] {taskinstance.py:2076} INFO - Dependencies all met for dep_context=requeueable deps ti=<TaskInstance: product_price_pipeline.clean_refrigerators manual__2026-02-12T14:53:22.259211+00:00 [queued]>
[2026-02-12T14:53:51.545+0000] {taskinstance.py:2306} INFO - Starting attempt 1 of 2
[2026-02-12T14:53:51.748+0000] {taskinstance.py:2330} INFO - Executing <Task(BashOperator): clean_refrigerators> on 2026-02-12 14:53:22.259211+00:00
[2026-02-12T14:53:51.922+0000] {standard_task_runner.py:90} INFO - Running: ['***', 'tasks', 'run', 'product_price_pipeline', 'clean_refrigerators', 'manual__2026-02-12T14:53:22.259211+00:00', '--job-id', '68', '--raw', '--subdir', 'DAGS_FOLDER/product_pipeline_dag.py', '--cfg-path', '/tmp/tmpt1fjt1cq']
[2026-02-12T14:53:52.023+0000] {standard_task_runner.py:91} INFO - Job 68: Subtask clean_refrigerators
[2026-02-12T14:53:52.057+0000] {logging_mixin.py:188} WARNING - /home/***/.local/lib/python3.12/site-packages/***/task/task_runner/standard_task_runner.py:62 DeprecationWarning: This process (pid=533) is multi-threaded, use of fork() may lead to deadlocks in the child.
[2026-02-12T14:53:52.076+0000] {standard_task_runner.py:64} INFO - Started process 552 to run task
[2026-02-12T14:53:53.944+0000] {task_command.py:426} INFO - Running <TaskInstance: product_price_pipeline.clean_refrigerators manual__2026-02-12T14:53:22.259211+00:00 [running]> on host 649a5aa52f43
[2026-02-12T14:53:59.469+0000] {taskinstance.py:2648} INFO - Exporting env vars: AIRFLOW_CTX_DAG_OWNER='***' AIRFLOW_CTX_DAG_ID='product_price_pipeline' AIRFLOW_CTX_TASK_ID='clean_refrigerators' AIRFLOW_CTX_EXECUTION_DATE='2026-02-12T14:53:22.259211+00:00' AIRFLOW_CTX_TRY_NUMBER='1' AIRFLOW_CTX_DAG_RUN_ID='manual__2026-02-12T14:53:22.259211+00:00'
[2026-02-12T14:53:59.483+0000] {taskinstance.py:430} INFO - ::endgroup::
[2026-02-12T14:53:59.937+0000] {subprocess.py:63} INFO - Tmp dir root location: /tmp
[2026-02-12T14:53:59.965+0000] {subprocess.py:75} INFO - Running command: ['/usr/bin/bash', '-c', 'python /opt/***/dags/scripts/cleaning/clean_refrigerators.py']
[2026-02-12T14:54:00.257+0000] {subprocess.py:86} INFO - Output:
[2026-02-12T14:54:23.777+0000] {subprocess.py:93} INFO - 🔥 clean_refrigerators.py STARTED 🔥
[2026-02-12T14:54:23.865+0000] {subprocess.py:93} INFO - 📥 INPUT FILE: /opt/***/dags/data/raw/refrigerators/refrigerator_2026-02-11.csv
[2026-02-12T14:54:23.882+0000] {subprocess.py:93} INFO - 📊 Rows loaded: 180
[2026-02-12T14:54:23.891+0000] {subprocess.py:93} INFO - ✅ CLEAN FILE SAVED: /opt/***/dags/data/clean/refrigerators_cleaned_refrigerator_2026-02-11.csv
[2026-02-12T14:54:23.916+0000] {subprocess.py:93} INFO - 🔥 clean_refrigerators.py FINISHED 🔥
[2026-02-12T14:54:25.705+0000] {subprocess.py:97} INFO - Command exited with return code 0
[2026-02-12T14:54:25.782+0000] {taskinstance.py:441} INFO - ::group::Post task execution logs
[2026-02-12T14:54:26.507+0000] {taskinstance.py:1206} INFO - Marking task as SUCCESS. dag_id=product_price_pipeline, task_id=clean_refrigerators, run_id=manual__2026-02-12T14:53:22.259211+00:00, execution_date=20260212T145322, start_date=20260212T145351, end_date=20260212T145426
[2026-02-12T14:54:27.089+0000] {local_task_job_runner.py:243} INFO - Task exited with return code 0
[2026-02-12T14:54:29.932+0000] {taskinstance.py:3503} INFO - 0 downstream tasks scheduled from follow-on schedule check
[2026-02-12T14:54:29.974+0000] {local_task_job_runner.py:222} INFO - ::endgroup::
