[2026-02-12T13:43:25.593+0000] {local_task_job_runner.py:120} INFO - ::group::Pre task execution logs
[2026-02-12T13:43:25.839+0000] {taskinstance.py:2076} INFO - Dependencies all met for dep_context=non-requeueable deps ti=<TaskInstance: product_price_pipeline.clean_mobiles manual__2026-02-12T13:43:22.725401+00:00 [queued]>
[2026-02-12T13:43:26.021+0000] {taskinstance.py:2076} INFO - Dependencies all met for dep_context=requeueable deps ti=<TaskInstance: product_price_pipeline.clean_mobiles manual__2026-02-12T13:43:22.725401+00:00 [queued]>
[2026-02-12T13:43:26.025+0000] {taskinstance.py:2306} INFO - Starting attempt 1 of 2
[2026-02-12T13:43:26.082+0000] {taskinstance.py:2330} INFO - Executing <Task(BashOperator): clean_mobiles> on 2026-02-12 13:43:22.725401+00:00
[2026-02-12T13:43:26.111+0000] {logging_mixin.py:188} WARNING - /home/***/.local/lib/python3.12/site-packages/***/task/task_runner/standard_task_runner.py:62 DeprecationWarning: This process (pid=513) is multi-threaded, use of fork() may lead to deadlocks in the child.
[2026-02-12T13:43:26.108+0000] {standard_task_runner.py:90} INFO - Running: ['***', 'tasks', 'run', 'product_price_pipeline', 'clean_mobiles', 'manual__2026-02-12T13:43:22.725401+00:00', '--job-id', '54', '--raw', '--subdir', 'DAGS_FOLDER/product_pipeline_dag.py', '--cfg-path', '/tmp/tmp39oamulw']
[2026-02-12T13:43:26.118+0000] {standard_task_runner.py:91} INFO - Job 54: Subtask clean_mobiles
[2026-02-12T13:43:26.117+0000] {standard_task_runner.py:64} INFO - Started process 515 to run task
[2026-02-12T13:43:26.516+0000] {task_command.py:426} INFO - Running <TaskInstance: product_price_pipeline.clean_mobiles manual__2026-02-12T13:43:22.725401+00:00 [running]> on host 1e385b749bcf
[2026-02-12T13:43:26.981+0000] {taskinstance.py:2648} INFO - Exporting env vars: AIRFLOW_CTX_DAG_OWNER='***' AIRFLOW_CTX_DAG_ID='product_price_pipeline' AIRFLOW_CTX_TASK_ID='clean_mobiles' AIRFLOW_CTX_EXECUTION_DATE='2026-02-12T13:43:22.725401+00:00' AIRFLOW_CTX_TRY_NUMBER='1' AIRFLOW_CTX_DAG_RUN_ID='manual__2026-02-12T13:43:22.725401+00:00'
[2026-02-12T13:43:26.987+0000] {taskinstance.py:430} INFO - ::endgroup::
[2026-02-12T13:43:27.313+0000] {subprocess.py:63} INFO - Tmp dir root location: /tmp
[2026-02-12T13:43:27.333+0000] {subprocess.py:75} INFO - Running command: ['/usr/bin/bash', '-c', 'python /opt/***/dags/scripts/cleaning/clean_mobiles.py']
[2026-02-12T13:43:27.376+0000] {subprocess.py:86} INFO - Output:
[2026-02-12T13:43:34.213+0000] {subprocess.py:93} INFO - 🔥 clean_mobiles.py STARTED 🔥
[2026-02-12T13:43:34.217+0000] {subprocess.py:93} INFO - 📥 INPUT FILE: /opt/***/dags/data/raw/mobiles/mobiles_2026-02-11.csv
[2026-02-12T13:43:34.219+0000] {subprocess.py:93} INFO - 📊 Rows loaded: 750
[2026-02-12T13:43:34.222+0000] {subprocess.py:93} INFO - ✅ CLEANED FILE SAVED AT:
[2026-02-12T13:43:34.225+0000] {subprocess.py:93} INFO - /opt/***/dags/data/clean/mobiles_cleaned_20260212_134334.csv
[2026-02-12T13:43:34.231+0000] {subprocess.py:93} INFO - 🔥 clean_mobiles.py FINISHED 🔥
[2026-02-12T13:43:34.409+0000] {subprocess.py:97} INFO - Command exited with return code 0
[2026-02-12T13:43:34.413+0000] {taskinstance.py:441} INFO - ::group::Post task execution logs
[2026-02-12T13:43:34.604+0000] {taskinstance.py:1206} INFO - Marking task as SUCCESS. dag_id=product_price_pipeline, task_id=clean_mobiles, run_id=manual__2026-02-12T13:43:22.725401+00:00, execution_date=20260212T134322, start_date=20260212T134325, end_date=20260212T134334
[2026-02-12T13:43:34.688+0000] {local_task_job_runner.py:243} INFO - Task exited with return code 0
[2026-02-12T13:43:34.779+0000] {taskinstance.py:3503} INFO - 1 downstream tasks scheduled from follow-on schedule check
[2026-02-12T13:43:34.787+0000] {local_task_job_runner.py:222} INFO - ::endgroup::
