[2026-02-16T03:58:12.851+0000] {local_task_job_runner.py:120} INFO - ::group::Pre task execution logs
[2026-02-16T03:58:12.954+0000] {taskinstance.py:2076} INFO - Dependencies all met for dep_context=non-requeueable deps ti=<TaskInstance: product_price_pipeline.load_price_history scheduled__2026-02-15T00:00:00+00:00 [queued]>
[2026-02-16T03:58:12.978+0000] {taskinstance.py:2076} INFO - Dependencies all met for dep_context=requeueable deps ti=<TaskInstance: product_price_pipeline.load_price_history scheduled__2026-02-15T00:00:00+00:00 [queued]>
[2026-02-16T03:58:12.980+0000] {taskinstance.py:2306} INFO - Starting attempt 1 of 2
[2026-02-16T03:58:13.015+0000] {taskinstance.py:2330} INFO - Executing <Task(BashOperator): load_price_history> on 2026-02-15 00:00:00+00:00
[2026-02-16T03:58:13.040+0000] {standard_task_runner.py:90} INFO - Running: ['***', 'tasks', 'run', 'product_price_pipeline', 'load_price_history', 'scheduled__2026-02-15T00:00:00+00:00', '--job-id', '168', '--raw', '--subdir', 'DAGS_FOLDER/product_pipeline_dag.py', '--cfg-path', '/tmp/tmpppt9w51v']
[2026-02-16T03:58:13.052+0000] {standard_task_runner.py:91} INFO - Job 168: Subtask load_price_history
[2026-02-16T03:58:13.113+0000] {logging_mixin.py:188} WARNING - /home/***/.local/lib/python3.12/site-packages/***/task/task_runner/standard_task_runner.py:62 DeprecationWarning: This process (pid=36442) is multi-threaded, use of fork() may lead to deadlocks in the child.
[2026-02-16T03:58:13.118+0000] {standard_task_runner.py:64} INFO - Started process 36443 to run task
[2026-02-16T03:58:13.303+0000] {task_command.py:426} INFO - Running <TaskInstance: product_price_pipeline.load_price_history scheduled__2026-02-15T00:00:00+00:00 [running]> on host c65c0f674c92
[2026-02-16T03:58:13.525+0000] {taskinstance.py:2648} INFO - Exporting env vars: AIRFLOW_CTX_DAG_OWNER='***' AIRFLOW_CTX_DAG_ID='product_price_pipeline' AIRFLOW_CTX_TASK_ID='load_price_history' AIRFLOW_CTX_EXECUTION_DATE='2026-02-15T00:00:00+00:00' AIRFLOW_CTX_TRY_NUMBER='1' AIRFLOW_CTX_DAG_RUN_ID='scheduled__2026-02-15T00:00:00+00:00'
[2026-02-16T03:58:13.527+0000] {taskinstance.py:430} INFO - ::endgroup::
[2026-02-16T03:58:13.555+0000] {subprocess.py:63} INFO - Tmp dir root location: /tmp
[2026-02-16T03:58:13.562+0000] {subprocess.py:75} INFO - Running command: ['/usr/bin/bash', '-c', 'python /opt/***/dags/scripts/loaders/load_price_history.py']
[2026-02-16T03:58:13.587+0000] {subprocess.py:86} INFO - Output:
[2026-02-16T03:58:14.478+0000] {subprocess.py:93} INFO - 🚀 Loading PRICE_HISTORY table (APPEND MODE)
[2026-02-16T03:58:14.481+0000] {subprocess.py:93} INFO - ✅ price_history updated successfully
[2026-02-16T03:58:14.498+0000] {subprocess.py:97} INFO - Command exited with return code 0
[2026-02-16T03:58:14.504+0000] {taskinstance.py:441} INFO - ::group::Post task execution logs
[2026-02-16T03:58:14.558+0000] {taskinstance.py:1206} INFO - Marking task as SUCCESS. dag_id=product_price_pipeline, task_id=load_price_history, run_id=scheduled__2026-02-15T00:00:00+00:00, execution_date=20260215T000000, start_date=20260216T035812, end_date=20260216T035814
[2026-02-16T03:58:14.636+0000] {local_task_job_runner.py:243} INFO - Task exited with return code 0
[2026-02-16T03:58:14.679+0000] {taskinstance.py:3503} INFO - 0 downstream tasks scheduled from follow-on schedule check
[2026-02-16T03:58:14.684+0000] {local_task_job_runner.py:222} INFO - ::endgroup::
