[2026-02-07T06:00:42.335+0000] {local_task_job_runner.py:120} INFO - ::group::Pre task execution logs
[2026-02-07T06:00:42.398+0000] {taskinstance.py:2076} INFO - Dependencies all met for dep_context=non-requeueable deps ti=<TaskInstance: product_price_pipeline.load_to_postgres manual__2026-02-07T05:58:38.953445+00:00 [queued]>
[2026-02-07T06:00:42.419+0000] {taskinstance.py:2076} INFO - Dependencies all met for dep_context=requeueable deps ti=<TaskInstance: product_price_pipeline.load_to_postgres manual__2026-02-07T05:58:38.953445+00:00 [queued]>
[2026-02-07T06:00:42.423+0000] {taskinstance.py:2306} INFO - Starting attempt 1 of 2
[2026-02-07T06:00:42.462+0000] {taskinstance.py:2330} INFO - Executing <Task(BashOperator): load_to_postgres> on 2026-02-07 05:58:38.953445+00:00
[2026-02-07T06:00:42.486+0000] {standard_task_runner.py:90} INFO - Running: ['***', 'tasks', 'run', 'product_price_pipeline', 'load_to_postgres', 'manual__2026-02-07T05:58:38.953445+00:00', '--job-id', '71', '--raw', '--subdir', 'DAGS_FOLDER/product_pipeline_dag.py', '--cfg-path', '/tmp/tmp4semlhim']
[2026-02-07T06:00:42.490+0000] {logging_mixin.py:188} WARNING - /home/***/.local/lib/python3.12/site-packages/***/task/task_runner/standard_task_runner.py:62 DeprecationWarning: This process (pid=311) is multi-threaded, use of fork() may lead to deadlocks in the child.
[2026-02-07T06:00:42.491+0000] {standard_task_runner.py:91} INFO - Job 71: Subtask load_to_postgres
[2026-02-07T06:00:42.492+0000] {standard_task_runner.py:64} INFO - Started process 312 to run task
[2026-02-07T06:00:42.690+0000] {task_command.py:426} INFO - Running <TaskInstance: product_price_pipeline.load_to_postgres manual__2026-02-07T05:58:38.953445+00:00 [running]> on host 19af76d7baae
[2026-02-07T06:00:42.894+0000] {taskinstance.py:2648} INFO - Exporting env vars: AIRFLOW_CTX_DAG_OWNER='***' AIRFLOW_CTX_DAG_ID='product_price_pipeline' AIRFLOW_CTX_TASK_ID='load_to_postgres' AIRFLOW_CTX_EXECUTION_DATE='2026-02-07T05:58:38.953445+00:00' AIRFLOW_CTX_TRY_NUMBER='1' AIRFLOW_CTX_DAG_RUN_ID='manual__2026-02-07T05:58:38.953445+00:00'
[2026-02-07T06:00:42.899+0000] {taskinstance.py:430} INFO - ::endgroup::
[2026-02-07T06:00:42.951+0000] {subprocess.py:63} INFO - Tmp dir root location: /tmp
[2026-02-07T06:00:42.955+0000] {subprocess.py:75} INFO - Running command: ['/usr/bin/bash', '-c', 'python /opt/***/scripts/load_to_db.py']
[2026-02-07T06:00:42.984+0000] {subprocess.py:86} INFO - Output:
[2026-02-07T06:00:43.175+0000] {subprocess.py:93} INFO - python: can't open file '/opt/***/scripts/load_to_db.py': [Errno 2] No such file or directory
[2026-02-07T06:00:43.192+0000] {subprocess.py:97} INFO - Command exited with return code 2
[2026-02-07T06:00:43.194+0000] {taskinstance.py:441} INFO - ::group::Post task execution logs
[2026-02-07T06:00:43.235+0000] {taskinstance.py:2905} ERROR - Task failed with exception
Traceback (most recent call last):
  File "/home/airflow/.local/lib/python3.12/site-packages/airflow/models/taskinstance.py", line 465, in _execute_task
    result = _execute_callable(context=context, **execute_callable_kwargs)
             ^^^^^^^^^^^^^^^^^^^^^^^^^^^^^^^^^^^^^^^^^^^^^^^^^^^^^^^^^^^^^
  File "/home/airflow/.local/lib/python3.12/site-packages/airflow/models/taskinstance.py", line 432, in _execute_callable
    return execute_callable(context=context, **execute_callable_kwargs)
           ^^^^^^^^^^^^^^^^^^^^^^^^^^^^^^^^^^^^^^^^^^^^^^^^^^^^^^^^^^^^
  File "/home/airflow/.local/lib/python3.12/site-packages/airflow/models/baseoperator.py", line 401, in wrapper
    return func(self, *args, **kwargs)
           ^^^^^^^^^^^^^^^^^^^^^^^^^^^
  File "/home/airflow/.local/lib/python3.12/site-packages/airflow/operators/bash.py", line 243, in execute
    raise AirflowException(
airflow.exceptions.AirflowException: Bash command failed. The command returned a non-zero exit code 2.
[2026-02-07T06:00:43.274+0000] {taskinstance.py:1206} INFO - Marking task as UP_FOR_RETRY. dag_id=product_price_pipeline, task_id=load_to_postgres, run_id=manual__2026-02-07T05:58:38.953445+00:00, execution_date=20260207T055838, start_date=20260207T060042, end_date=20260207T060043
[2026-02-07T06:00:43.333+0000] {standard_task_runner.py:110} ERROR - Failed to execute job 71 for task load_to_postgres (Bash command failed. The command returned a non-zero exit code 2.; 312)
[2026-02-07T06:00:43.361+0000] {local_task_job_runner.py:243} INFO - Task exited with return code 1
[2026-02-07T06:00:43.413+0000] {taskinstance.py:3503} INFO - 0 downstream tasks scheduled from follow-on schedule check
[2026-02-07T06:00:43.418+0000] {local_task_job_runner.py:222} INFO - ::endgroup::
