[2026-02-12T14:54:41.259+0000] {local_task_job_runner.py:120} INFO - ::group::Pre task execution logs
[2026-02-12T14:54:42.623+0000] {taskinstance.py:2076} INFO - Dependencies all met for dep_context=non-requeueable deps ti=<TaskInstance: product_price_pipeline.load_refrigerators manual__2026-02-12T14:53:22.259211+00:00 [queued]>
[2026-02-12T14:54:42.792+0000] {taskinstance.py:2076} INFO - Dependencies all met for dep_context=requeueable deps ti=<TaskInstance: product_price_pipeline.load_refrigerators manual__2026-02-12T14:53:22.259211+00:00 [queued]>
[2026-02-12T14:54:42.808+0000] {taskinstance.py:2306} INFO - Starting attempt 1 of 2
[2026-02-12T14:54:43.226+0000] {taskinstance.py:2330} INFO - Executing <Task(BashOperator): load_refrigerators> on 2026-02-12 14:53:22.259211+00:00
[2026-02-12T14:54:43.892+0000] {standard_task_runner.py:90} INFO - Running: ['***', 'tasks', 'run', 'product_price_pipeline', 'load_refrigerators', 'manual__2026-02-12T14:53:22.259211+00:00', '--job-id', '74', '--raw', '--subdir', 'DAGS_FOLDER/product_pipeline_dag.py', '--cfg-path', '/tmp/tmphafd510s']
[2026-02-12T14:54:43.953+0000] {logging_mixin.py:188} WARNING - /home/***/.local/lib/python3.12/site-packages/***/task/task_runner/standard_task_runner.py:62 DeprecationWarning: This process (pid=682) is multi-threaded, use of fork() may lead to deadlocks in the child.
[2026-02-12T14:54:43.991+0000] {standard_task_runner.py:91} INFO - Job 74: Subtask load_refrigerators
[2026-02-12T14:54:43.994+0000] {standard_task_runner.py:64} INFO - Started process 695 to run task
[2026-02-12T14:54:48.016+0000] {task_command.py:426} INFO - Running <TaskInstance: product_price_pipeline.load_refrigerators manual__2026-02-12T14:53:22.259211+00:00 [running]> on host 649a5aa52f43
[2026-02-12T14:54:58.634+0000] {taskinstance.py:2648} INFO - Exporting env vars: AIRFLOW_CTX_DAG_OWNER='***' AIRFLOW_CTX_DAG_ID='product_price_pipeline' AIRFLOW_CTX_TASK_ID='load_refrigerators' AIRFLOW_CTX_EXECUTION_DATE='2026-02-12T14:53:22.259211+00:00' AIRFLOW_CTX_TRY_NUMBER='1' AIRFLOW_CTX_DAG_RUN_ID='manual__2026-02-12T14:53:22.259211+00:00'
[2026-02-12T14:54:58.744+0000] {taskinstance.py:430} INFO - ::endgroup::
[2026-02-12T14:54:59.339+0000] {subprocess.py:63} INFO - Tmp dir root location: /tmp
[2026-02-12T14:54:59.439+0000] {subprocess.py:75} INFO - Running command: ['/usr/bin/bash', '-c', 'python /opt/***/dags/scripts/loaders/load_refrigerators.py']
[2026-02-12T14:54:59.756+0000] {subprocess.py:86} INFO - Output:
[2026-02-12T14:55:45.466+0000] {subprocess.py:93} INFO - /opt/***/dags/scripts/loaders/load_refrigerators.py:35: RemovedIn20Warning: Deprecated API features detected! These feature(s) are not compatible with SQLAlchemy 2.0. To prevent incompatible upgrades prior to updating applications, ensure requirements files are pinned to "sqlalchemy<2.0". Set environment variable SQLALCHEMY_WARN_20=1 to show all deprecation warnings.  Set environment variable SQLALCHEMY_SILENCE_UBER_WARNING=1 to silence this message. (Background on SQLAlchemy 2.0 at: https://sqlalche.me/e/b8d9)
[2026-02-12T14:55:47.930+0000] {subprocess.py:93} INFO -   conn.execute("TRUNCATE TABLE refrigerators RESTART IDENTITY CASCADE")
[2026-02-12T14:55:49.657+0000] {subprocess.py:93} INFO - 🚀 Loading REFRIGERATORS data
[2026-02-12T14:55:49.823+0000] {subprocess.py:93} INFO - ✅ Refrigerators table refreshed successfully
[2026-02-12T14:55:59.606+0000] {subprocess.py:97} INFO - Command exited with return code 0
[2026-02-12T14:55:59.877+0000] {taskinstance.py:441} INFO - ::group::Post task execution logs
[2026-02-12T14:56:01.818+0000] {taskinstance.py:1206} INFO - Marking task as SUCCESS. dag_id=product_price_pipeline, task_id=load_refrigerators, run_id=manual__2026-02-12T14:53:22.259211+00:00, execution_date=20260212T145322, start_date=20260212T145442, end_date=20260212T145601
[2026-02-12T14:56:03.545+0000] {local_task_job_runner.py:243} INFO - Task exited with return code 0
[2026-02-12T14:56:04.389+0000] {taskinstance.py:3503} INFO - 0 downstream tasks scheduled from follow-on schedule check
[2026-02-12T14:56:04.404+0000] {local_task_job_runner.py:222} INFO - ::endgroup::
