[2026-02-14T05:38:25.120+0000] {local_task_job_runner.py:120} INFO - ::group::Pre task execution logs
[2026-02-14T05:38:26.995+0000] {taskinstance.py:2076} INFO - Dependencies all met for dep_context=non-requeueable deps ti=<TaskInstance: product_price_pipeline.load_price_history scheduled__2026-02-13T00:00:00+00:00 [queued]>
[2026-02-14T05:38:27.196+0000] {taskinstance.py:2076} INFO - Dependencies all met for dep_context=requeueable deps ti=<TaskInstance: product_price_pipeline.load_price_history scheduled__2026-02-13T00:00:00+00:00 [queued]>
[2026-02-14T05:38:27.203+0000] {taskinstance.py:2306} INFO - Starting attempt 1 of 2
[2026-02-14T05:38:27.500+0000] {taskinstance.py:2330} INFO - Executing <Task(BashOperator): load_price_history> on 2026-02-13 00:00:00+00:00
[2026-02-14T05:38:27.762+0000] {standard_task_runner.py:90} INFO - Running: ['***', 'tasks', 'run', 'product_price_pipeline', 'load_price_history', 'scheduled__2026-02-13T00:00:00+00:00', '--job-id', '137', '--raw', '--subdir', 'DAGS_FOLDER/product_pipeline_dag.py', '--cfg-path', '/tmp/tmppth7a99g']
[2026-02-14T05:38:27.906+0000] {standard_task_runner.py:91} INFO - Job 137: Subtask load_price_history
[2026-02-14T05:38:27.951+0000] {logging_mixin.py:188} WARNING - /home/***/.local/lib/python3.12/site-packages/***/task/task_runner/standard_task_runner.py:62 DeprecationWarning: This process (pid=3777) is multi-threaded, use of fork() may lead to deadlocks in the child.
[2026-02-14T05:38:27.955+0000] {standard_task_runner.py:64} INFO - Started process 3791 to run task
[2026-02-14T05:38:30.406+0000] {task_command.py:426} INFO - Running <TaskInstance: product_price_pipeline.load_price_history scheduled__2026-02-13T00:00:00+00:00 [running]> on host c65c0f674c92
[2026-02-14T05:38:32.818+0000] {taskinstance.py:2648} INFO - Exporting env vars: AIRFLOW_CTX_DAG_OWNER='***' AIRFLOW_CTX_DAG_ID='product_price_pipeline' AIRFLOW_CTX_TASK_ID='load_price_history' AIRFLOW_CTX_EXECUTION_DATE='2026-02-13T00:00:00+00:00' AIRFLOW_CTX_TRY_NUMBER='1' AIRFLOW_CTX_DAG_RUN_ID='scheduled__2026-02-13T00:00:00+00:00'
[2026-02-14T05:38:32.832+0000] {taskinstance.py:430} INFO - ::endgroup::
[2026-02-14T05:38:33.850+0000] {subprocess.py:63} INFO - Tmp dir root location: /tmp
[2026-02-14T05:38:34.095+0000] {subprocess.py:75} INFO - Running command: ['/usr/bin/bash', '-c', 'python /opt/***/dags/scripts/loaders/load_price_history.py']
[2026-02-14T05:38:36.366+0000] {subprocess.py:86} INFO - Output:
[2026-02-14T05:38:43.268+0000] {subprocess.py:93} INFO - 🚀 Loading PRICE_HISTORY table (APPEND MODE)
[2026-02-14T05:38:43.387+0000] {subprocess.py:93} INFO - ✅ price_history updated successfully
[2026-02-14T05:38:43.403+0000] {subprocess.py:97} INFO - Command exited with return code 0
[2026-02-14T05:38:43.496+0000] {taskinstance.py:441} INFO - ::group::Post task execution logs
[2026-02-14T05:38:44.417+0000] {taskinstance.py:1206} INFO - Marking task as SUCCESS. dag_id=product_price_pipeline, task_id=load_price_history, run_id=scheduled__2026-02-13T00:00:00+00:00, execution_date=20260213T000000, start_date=20260214T053826, end_date=20260214T053844
[2026-02-14T05:38:44.899+0000] {local_task_job_runner.py:243} INFO - Task exited with return code 0
[2026-02-14T05:38:45.254+0000] {taskinstance.py:3503} INFO - 0 downstream tasks scheduled from follow-on schedule check
[2026-02-14T05:38:45.274+0000] {local_task_job_runner.py:222} INFO - ::endgroup::
