[2026-02-13T03:52:37.624+0000] {local_task_job_runner.py:120} INFO - ::group::Pre task execution logs
[2026-02-13T03:52:38.096+0000] {taskinstance.py:2076} INFO - Dependencies all met for dep_context=non-requeueable deps ti=<TaskInstance: product_price_pipeline.load_products_main scheduled__2026-02-12T00:00:00+00:00 [queued]>
[2026-02-13T03:52:38.155+0000] {taskinstance.py:2076} INFO - Dependencies all met for dep_context=requeueable deps ti=<TaskInstance: product_price_pipeline.load_products_main scheduled__2026-02-12T00:00:00+00:00 [queued]>
[2026-02-13T03:52:38.157+0000] {taskinstance.py:2306} INFO - Starting attempt 1 of 2
[2026-02-13T03:52:38.277+0000] {taskinstance.py:2330} INFO - Executing <Task(BashOperator): load_products_main> on 2026-02-12 00:00:00+00:00
[2026-02-13T03:52:38.377+0000] {logging_mixin.py:188} WARNING - /home/***/.local/lib/python3.12/site-packages/***/task/task_runner/standard_task_runner.py:62 DeprecationWarning: This process (pid=6097) is multi-threaded, use of fork() may lead to deadlocks in the child.
[2026-02-13T03:52:38.404+0000] {standard_task_runner.py:64} INFO - Started process 6100 to run task
[2026-02-13T03:52:38.382+0000] {standard_task_runner.py:90} INFO - Running: ['***', 'tasks', 'run', 'product_price_pipeline', 'load_products_main', 'scheduled__2026-02-12T00:00:00+00:00', '--job-id', '102', '--raw', '--subdir', 'DAGS_FOLDER/product_pipeline_dag.py', '--cfg-path', '/tmp/tmp4beezrsc']
[2026-02-13T03:52:38.428+0000] {standard_task_runner.py:91} INFO - Job 102: Subtask load_products_main
[2026-02-13T03:52:38.847+0000] {task_command.py:426} INFO - Running <TaskInstance: product_price_pipeline.load_products_main scheduled__2026-02-12T00:00:00+00:00 [running]> on host 8ede547b0251
[2026-02-13T03:52:39.186+0000] {taskinstance.py:2648} INFO - Exporting env vars: AIRFLOW_CTX_DAG_OWNER='***' AIRFLOW_CTX_DAG_ID='product_price_pipeline' AIRFLOW_CTX_TASK_ID='load_products_main' AIRFLOW_CTX_EXECUTION_DATE='2026-02-12T00:00:00+00:00' AIRFLOW_CTX_TRY_NUMBER='1' AIRFLOW_CTX_DAG_RUN_ID='scheduled__2026-02-12T00:00:00+00:00'
[2026-02-13T03:52:39.190+0000] {taskinstance.py:430} INFO - ::endgroup::
[2026-02-13T03:52:39.302+0000] {subprocess.py:63} INFO - Tmp dir root location: /tmp
[2026-02-13T03:52:39.308+0000] {subprocess.py:75} INFO - Running command: ['/usr/bin/bash', '-c', 'python /opt/***/dags/scripts/loaders/load_products_main.py']
[2026-02-13T03:52:39.348+0000] {subprocess.py:86} INFO - Output:
[2026-02-13T03:52:40.628+0000] {subprocess.py:93} INFO - 🚀 Loading PRODUCTS_MAIN table
[2026-02-13T03:52:40.630+0000] {subprocess.py:93} INFO - Traceback (most recent call last):
[2026-02-13T03:52:40.632+0000] {subprocess.py:93} INFO -   File "/opt/***/dags/scripts/loaders/load_products_main.py", line 57, in <module>
[2026-02-13T03:52:40.643+0000] {subprocess.py:93} INFO -     cur.execute(insert_sql)
[2026-02-13T03:52:40.646+0000] {subprocess.py:93} INFO - psycopg2.errors.UniqueViolation: duplicate key value violates unique constraint "products_main_pkey"
[2026-02-13T03:52:40.648+0000] {subprocess.py:93} INFO - DETAIL:  Key (product_id)=(245179) already exists.
[2026-02-13T03:52:40.649+0000] {subprocess.py:93} INFO - 
[2026-02-13T03:52:40.668+0000] {subprocess.py:97} INFO - Command exited with return code 1
[2026-02-13T03:52:40.673+0000] {taskinstance.py:441} INFO - ::group::Post task execution logs
[2026-02-13T03:52:40.697+0000] {taskinstance.py:2905} ERROR - Task failed with exception
Traceback (most recent call last):
  File "/home/airflow/.local/lib/python3.12/site-packages/airflow/models/taskinstance.py", line 465, in _execute_task
    result = _execute_callable(context=context, **execute_callable_kwargs)
             ^^^^^^^^^^^^^^^^^^^^^^^^^^^^^^^^^^^^^^^^^^^^^^^^^^^^^^^^^^^^^
  File "/home/airflow/.local/lib/python3.12/site-packages/airflow/models/taskinstance.py", line 432, in _execute_callable
    return execute_callable(context=context, **execute_callable_kwargs)
           ^^^^^^^^^^^^^^^^^^^^^^^^^^^^^^^^^^^^^^^^^^^^^^^^^^^^^^^^^^^^
  File "/home/airflow/.local/lib/python3.12/site-packages/airflow/models/baseoperator.py", line 401, in wrapper
    return func(self, *args, **kwargs)
           ^^^^^^^^^^^^^^^^^^^^^^^^^^^
  File "/home/airflow/.local/lib/python3.12/site-packages/airflow/operators/bash.py", line 243, in execute
    raise AirflowException(
airflow.exceptions.AirflowException: Bash command failed. The command returned a non-zero exit code 1.
[2026-02-13T03:52:40.734+0000] {taskinstance.py:1206} INFO - Marking task as UP_FOR_RETRY. dag_id=product_price_pipeline, task_id=load_products_main, run_id=scheduled__2026-02-12T00:00:00+00:00, execution_date=20260212T000000, start_date=20260213T035238, end_date=20260213T035240
[2026-02-13T03:52:40.794+0000] {standard_task_runner.py:110} ERROR - Failed to execute job 102 for task load_products_main (Bash command failed. The command returned a non-zero exit code 1.; 6100)
[2026-02-13T03:52:40.832+0000] {local_task_job_runner.py:243} INFO - Task exited with return code 1
[2026-02-13T03:52:40.901+0000] {taskinstance.py:3503} INFO - 0 downstream tasks scheduled from follow-on schedule check
[2026-02-13T03:52:40.908+0000] {local_task_job_runner.py:222} INFO - ::endgroup::
