[2026-02-07T05:26:20.352+0000] {local_task_job_runner.py:120} INFO - ::group::Pre task execution logs
[2026-02-07T05:26:20.421+0000] {taskinstance.py:2076} INFO - Dependencies all met for dep_context=non-requeueable deps ti=<TaskInstance: product_price_pipeline.scrape_data manual__2026-02-07T05:26:18.340033+00:00 [queued]>
[2026-02-07T05:26:20.448+0000] {taskinstance.py:2076} INFO - Dependencies all met for dep_context=requeueable deps ti=<TaskInstance: product_price_pipeline.scrape_data manual__2026-02-07T05:26:18.340033+00:00 [queued]>
[2026-02-07T05:26:20.451+0000] {taskinstance.py:2306} INFO - Starting attempt 1 of 2
[2026-02-07T05:26:20.477+0000] {taskinstance.py:2330} INFO - Executing <Task(BashOperator): scrape_data> on 2026-02-07 05:26:18.340033+00:00
[2026-02-07T05:26:20.519+0000] {logging_mixin.py:188} WARNING - /home/***/.local/lib/python3.12/site-packages/***/task/task_runner/standard_task_runner.py:62 DeprecationWarning: This process (pid=229) is multi-threaded, use of fork() may lead to deadlocks in the child.
[2026-02-07T05:26:20.516+0000] {standard_task_runner.py:90} INFO - Running: ['***', 'tasks', 'run', 'product_price_pipeline', 'scrape_data', 'manual__2026-02-07T05:26:18.340033+00:00', '--job-id', '52', '--raw', '--subdir', 'DAGS_FOLDER/product_pipeline_dag.py', '--cfg-path', '/tmp/tmpu9wz3ovp']
[2026-02-07T05:26:20.523+0000] {standard_task_runner.py:64} INFO - Started process 231 to run task
[2026-02-07T05:26:20.523+0000] {standard_task_runner.py:91} INFO - Job 52: Subtask scrape_data
[2026-02-07T05:26:20.704+0000] {task_command.py:426} INFO - Running <TaskInstance: product_price_pipeline.scrape_data manual__2026-02-07T05:26:18.340033+00:00 [running]> on host d9e7bf2ef790
[2026-02-07T05:26:20.930+0000] {taskinstance.py:2648} INFO - Exporting env vars: AIRFLOW_CTX_DAG_OWNER='***' AIRFLOW_CTX_DAG_ID='product_price_pipeline' AIRFLOW_CTX_TASK_ID='scrape_data' AIRFLOW_CTX_EXECUTION_DATE='2026-02-07T05:26:18.340033+00:00' AIRFLOW_CTX_TRY_NUMBER='1' AIRFLOW_CTX_DAG_RUN_ID='manual__2026-02-07T05:26:18.340033+00:00'
[2026-02-07T05:26:20.935+0000] {taskinstance.py:430} INFO - ::endgroup::
[2026-02-07T05:26:21.153+0000] {subprocess.py:63} INFO - Tmp dir root location: /tmp
[2026-02-07T05:26:21.159+0000] {subprocess.py:75} INFO - Running command: ['/usr/bin/bash', '-c', 'python /opt/***/dags/all_data.py']
[2026-02-07T05:26:21.190+0000] {subprocess.py:86} INFO - Output:
[2026-02-07T05:26:24.467+0000] {subprocess.py:93} INFO - 2026-02-07 05:26:24,467 | INFO | ===== SCRAPING STARTED =====
[2026-02-07T05:26:24.469+0000] {subprocess.py:93} INFO - 2026-02-07 05:26:24,467 | INFO | Starting scrape for category: mobiles
[2026-02-07T05:26:25.953+0000] {subprocess.py:93} INFO - 2026-02-07 05:26:25,952 | INFO | mobiles: Page 1/25
[2026-02-07T05:26:27.130+0000] {subprocess.py:93} INFO - 2026-02-07 05:26:27,129 | INFO | mobiles: Page 2/25
[2026-02-07T05:26:29.461+0000] {subprocess.py:93} INFO - 2026-02-07 05:26:29,460 | INFO | mobiles: Page 3/25
[2026-02-07T05:26:32.734+0000] {subprocess.py:93} INFO - 2026-02-07 05:26:32,733 | INFO | mobiles: Page 4/25
[2026-02-07T05:26:33.843+0000] {subprocess.py:93} INFO - 2026-02-07 05:26:33,843 | INFO | mobiles: Page 5/25
[2026-02-07T05:26:34.721+0000] {subprocess.py:93} INFO - 2026-02-07 05:26:34,720 | INFO | mobiles: Page 6/25
[2026-02-07T05:26:35.754+0000] {subprocess.py:93} INFO - 2026-02-07 05:26:35,753 | INFO | mobiles: Page 7/25
[2026-02-07T05:26:36.541+0000] {subprocess.py:93} INFO - 2026-02-07 05:26:36,541 | INFO | mobiles: Page 8/25
[2026-02-07T05:26:37.725+0000] {subprocess.py:93} INFO - 2026-02-07 05:26:37,724 | INFO | mobiles: Page 9/25
[2026-02-07T05:26:39.159+0000] {subprocess.py:93} INFO - 2026-02-07 05:26:39,158 | INFO | mobiles: Page 10/25
[2026-02-07T05:26:40.073+0000] {subprocess.py:93} INFO - 2026-02-07 05:26:40,073 | INFO | mobiles: Page 11/25
[2026-02-07T05:26:40.728+0000] {subprocess.py:93} INFO - 2026-02-07 05:26:40,727 | INFO | mobiles: Page 12/25
[2026-02-07T05:26:42.194+0000] {subprocess.py:93} INFO - 2026-02-07 05:26:42,194 | INFO | mobiles: Page 13/25
[2026-02-07T05:26:43.279+0000] {subprocess.py:93} INFO - 2026-02-07 05:26:43,279 | INFO | mobiles: Page 14/25
[2026-02-07T05:26:43.973+0000] {subprocess.py:93} INFO - 2026-02-07 05:26:43,972 | INFO | mobiles: Page 15/25
[2026-02-07T05:26:45.954+0000] {subprocess.py:93} INFO - 2026-02-07 05:26:45,954 | INFO | mobiles: Page 16/25
[2026-02-07T05:26:46.603+0000] {subprocess.py:93} INFO - 2026-02-07 05:26:46,603 | INFO | mobiles: Page 17/25
[2026-02-07T05:26:48.418+0000] {subprocess.py:93} INFO - 2026-02-07 05:26:48,417 | INFO | mobiles: Page 18/25
[2026-02-07T05:26:50.201+0000] {subprocess.py:93} INFO - 2026-02-07 05:26:50,200 | INFO | mobiles: Page 19/25
[2026-02-07T05:26:54.088+0000] {subprocess.py:93} INFO - 2026-02-07 05:26:54,088 | INFO | mobiles: Page 20/25
[2026-02-07T05:26:54.979+0000] {subprocess.py:93} INFO - 2026-02-07 05:26:54,979 | INFO | mobiles: Page 21/25
[2026-02-07T05:26:55.655+0000] {subprocess.py:93} INFO - 2026-02-07 05:26:55,654 | INFO | mobiles: Page 22/25
[2026-02-07T05:26:56.319+0000] {subprocess.py:93} INFO - 2026-02-07 05:26:56,319 | INFO | mobiles: Page 23/25
[2026-02-07T05:26:58.036+0000] {subprocess.py:93} INFO - 2026-02-07 05:26:58,036 | INFO | mobiles: Page 24/25
[2026-02-07T05:26:58.890+0000] {subprocess.py:93} INFO - 2026-02-07 05:26:58,889 | INFO | mobiles: Page 25/25
[2026-02-07T05:26:59.573+0000] {subprocess.py:93} INFO - 2026-02-07 05:26:59,573 | INFO | mobiles: Fetching reviews
[2026-02-07T05:27:24.020+0000] {subprocess.py:93} INFO - 2026-02-07 05:27:24,019 | INFO | mobiles: Saved 750 rows to /opt/***/dags/data/raw/mobiles/mobiles_2026-02-07.csv
[2026-02-07T05:27:24.026+0000] {subprocess.py:93} INFO - 2026-02-07 05:27:24,021 | INFO | Starting scrape for category: laptops
[2026-02-07T05:27:24.261+0000] {subprocess.py:93} INFO - 2026-02-07 05:27:24,261 | INFO | laptops: Page 1/14
[2026-02-07T05:27:24.760+0000] {subprocess.py:93} INFO - 2026-02-07 05:27:24,759 | INFO | laptops: Page 2/14
[2026-02-07T05:27:25.421+0000] {subprocess.py:93} INFO - 2026-02-07 05:27:25,421 | INFO | laptops: Page 3/14
[2026-02-07T05:27:26.080+0000] {subprocess.py:93} INFO - 2026-02-07 05:27:26,079 | INFO | laptops: Page 4/14
[2026-02-07T05:27:26.743+0000] {subprocess.py:93} INFO - 2026-02-07 05:27:26,742 | INFO | laptops: Page 5/14
[2026-02-07T05:27:27.447+0000] {subprocess.py:93} INFO - 2026-02-07 05:27:27,447 | INFO | laptops: Page 6/14
[2026-02-07T05:27:28.195+0000] {subprocess.py:93} INFO - 2026-02-07 05:27:28,195 | INFO | laptops: Page 7/14
[2026-02-07T05:27:29.889+0000] {subprocess.py:93} INFO - 2026-02-07 05:27:29,888 | INFO | laptops: Page 8/14
[2026-02-07T05:27:32.054+0000] {subprocess.py:93} INFO - 2026-02-07 05:27:32,053 | INFO | laptops: Page 9/14
[2026-02-07T05:27:32.714+0000] {subprocess.py:93} INFO - 2026-02-07 05:27:32,713 | INFO | laptops: Page 10/14
[2026-02-07T05:27:33.365+0000] {subprocess.py:93} INFO - 2026-02-07 05:27:33,364 | INFO | laptops: Page 11/14
[2026-02-07T05:27:35.448+0000] {subprocess.py:93} INFO - 2026-02-07 05:27:35,448 | INFO | laptops: Page 12/14
[2026-02-07T05:27:36.368+0000] {subprocess.py:93} INFO - 2026-02-07 05:27:36,367 | INFO | laptops: Page 13/14
[2026-02-07T05:27:37.009+0000] {subprocess.py:93} INFO - 2026-02-07 05:27:37,008 | INFO | laptops: Page 14/14
[2026-02-07T05:27:38.452+0000] {subprocess.py:93} INFO - 2026-02-07 05:27:38,452 | INFO | laptops: Fetching reviews
[2026-02-07T05:27:52.275+0000] {subprocess.py:93} INFO - 2026-02-07 05:27:52,275 | INFO | laptops: Saved 420 rows to /opt/***/dags/data/raw/laptops/laptops_2026-02-07.csv
[2026-02-07T05:27:52.278+0000] {subprocess.py:93} INFO - 2026-02-07 05:27:52,276 | INFO | Starting scrape for category: television
[2026-02-07T05:27:52.494+0000] {subprocess.py:93} INFO - 2026-02-07 05:27:52,493 | INFO | television: Page 1/7
[2026-02-07T05:27:52.960+0000] {subprocess.py:93} INFO - 2026-02-07 05:27:52,960 | INFO | television: Page 2/7
[2026-02-07T05:27:54.406+0000] {subprocess.py:93} INFO - 2026-02-07 05:27:54,405 | INFO | television: Page 3/7
[2026-02-07T05:27:54.902+0000] {subprocess.py:93} INFO - 2026-02-07 05:27:54,902 | INFO | television: Page 4/7
[2026-02-07T05:27:55.396+0000] {subprocess.py:93} INFO - 2026-02-07 05:27:55,396 | INFO | television: Page 5/7
[2026-02-07T05:27:55.910+0000] {subprocess.py:93} INFO - 2026-02-07 05:27:55,909 | INFO | television: Page 6/7
[2026-02-07T05:27:57.367+0000] {subprocess.py:93} INFO - 2026-02-07 05:27:57,367 | INFO | television: Page 7/7
[2026-02-07T05:27:57.852+0000] {subprocess.py:93} INFO - 2026-02-07 05:27:57,852 | INFO | television: Fetching reviews
[2026-02-07T05:28:03.540+0000] {subprocess.py:93} INFO - 2026-02-07 05:28:03,539 | INFO | television: Saved 210 rows to /opt/***/dags/data/raw/tvs/television_2026-02-07.csv
[2026-02-07T05:28:03.543+0000] {subprocess.py:93} INFO - 2026-02-07 05:28:03,540 | INFO | Starting scrape for category: refrigerator
[2026-02-07T05:28:03.742+0000] {subprocess.py:93} INFO - 2026-02-07 05:28:03,742 | INFO | refrigerator: Page 1/6
[2026-02-07T05:28:04.247+0000] {subprocess.py:93} INFO - 2026-02-07 05:28:04,247 | INFO | refrigerator: Page 2/6
[2026-02-07T05:28:04.764+0000] {subprocess.py:93} INFO - 2026-02-07 05:28:04,764 | INFO | refrigerator: Page 3/6
[2026-02-07T05:28:06.613+0000] {subprocess.py:93} INFO - 2026-02-07 05:28:06,612 | INFO | refrigerator: Page 4/6
[2026-02-07T05:28:07.084+0000] {subprocess.py:93} INFO - 2026-02-07 05:28:07,084 | INFO | refrigerator: Page 5/6
[2026-02-07T05:28:07.588+0000] {subprocess.py:93} INFO - 2026-02-07 05:28:07,588 | INFO | refrigerator: Page 6/6
[2026-02-07T05:28:08.127+0000] {subprocess.py:93} INFO - 2026-02-07 05:28:08,127 | INFO | refrigerator: Fetching reviews
[2026-02-07T05:28:12.780+0000] {subprocess.py:93} INFO - 2026-02-07 05:28:12,780 | INFO | refrigerator: Saved 180 rows to /opt/***/dags/data/raw/refrigerators/refrigerator_2026-02-07.csv
[2026-02-07T05:28:12.783+0000] {subprocess.py:93} INFO - 2026-02-07 05:28:12,781 | INFO | ===== SCRAPING FINISHED =====
[2026-02-07T05:28:12.839+0000] {subprocess.py:97} INFO - Command exited with return code 0
[2026-02-07T05:28:12.859+0000] {taskinstance.py:441} INFO - ::group::Post task execution logs
[2026-02-07T05:28:13.042+0000] {taskinstance.py:1206} INFO - Marking task as SUCCESS. dag_id=product_price_pipeline, task_id=scrape_data, run_id=manual__2026-02-07T05:26:18.340033+00:00, execution_date=20260207T052618, start_date=20260207T052620, end_date=20260207T052813
[2026-02-07T05:28:13.143+0000] {local_task_job_runner.py:243} INFO - Task exited with return code 0
[2026-02-07T05:28:13.270+0000] {taskinstance.py:3503} INFO - 1 downstream tasks scheduled from follow-on schedule check
[2026-02-07T05:28:13.288+0000] {local_task_job_runner.py:222} INFO - ::endgroup::
