[2026-02-12T12:35:43.483+0000] {local_task_job_runner.py:120} INFO - ::group::Pre task execution logs
[2026-02-12T12:35:43.777+0000] {taskinstance.py:2076} INFO - Dependencies all met for dep_context=non-requeueable deps ti=<TaskInstance: product_price_pipeline.load_mobiles scheduled__2026-02-11T00:00:00+00:00 [queued]>
[2026-02-12T12:35:43.825+0000] {taskinstance.py:2076} INFO - Dependencies all met for dep_context=requeueable deps ti=<TaskInstance: product_price_pipeline.load_mobiles scheduled__2026-02-11T00:00:00+00:00 [queued]>
[2026-02-12T12:35:43.828+0000] {taskinstance.py:2306} INFO - Starting attempt 1 of 2
[2026-02-12T12:35:43.895+0000] {taskinstance.py:2330} INFO - Executing <Task(BashOperator): load_mobiles> on 2026-02-11 00:00:00+00:00
[2026-02-12T12:35:43.962+0000] {logging_mixin.py:188} WARNING - /home/***/.local/lib/python3.12/site-packages/***/task/task_runner/standard_task_runner.py:62 DeprecationWarning: This process (pid=1924) is multi-threaded, use of fork() may lead to deadlocks in the child.
[2026-02-12T12:35:43.969+0000] {standard_task_runner.py:64} INFO - Started process 1948 to run task
[2026-02-12T12:35:43.953+0000] {standard_task_runner.py:90} INFO - Running: ['***', 'tasks', 'run', 'product_price_pipeline', 'load_mobiles', 'scheduled__2026-02-11T00:00:00+00:00', '--job-id', '26', '--raw', '--subdir', 'DAGS_FOLDER/product_pipeline_dag.py', '--cfg-path', '/tmp/tmp_2utbruj']
[2026-02-12T12:35:43.976+0000] {standard_task_runner.py:91} INFO - Job 26: Subtask load_mobiles
[2026-02-12T12:35:44.376+0000] {task_command.py:426} INFO - Running <TaskInstance: product_price_pipeline.load_mobiles scheduled__2026-02-11T00:00:00+00:00 [running]> on host 3d6faed2cc37
[2026-02-12T12:35:44.760+0000] {taskinstance.py:2648} INFO - Exporting env vars: AIRFLOW_CTX_DAG_OWNER='***' AIRFLOW_CTX_DAG_ID='product_price_pipeline' AIRFLOW_CTX_TASK_ID='load_mobiles' AIRFLOW_CTX_EXECUTION_DATE='2026-02-11T00:00:00+00:00' AIRFLOW_CTX_TRY_NUMBER='1' AIRFLOW_CTX_DAG_RUN_ID='scheduled__2026-02-11T00:00:00+00:00'
[2026-02-12T12:35:44.768+0000] {taskinstance.py:430} INFO - ::endgroup::
[2026-02-12T12:35:44.848+0000] {subprocess.py:63} INFO - Tmp dir root location: /tmp
[2026-02-12T12:35:44.857+0000] {subprocess.py:75} INFO - Running command: ['/usr/bin/bash', '-c', 'python /opt/***/dags/scripts/loaders/load_mobiles.py']
[2026-02-12T12:35:44.902+0000] {subprocess.py:86} INFO - Output:
[2026-02-12T12:35:57.568+0000] {subprocess.py:93} INFO - 🚀 Loading MOBILES data
[2026-02-12T12:35:57.602+0000] {subprocess.py:93} INFO - ✅ Mobiles table refreshed successfully
[2026-02-12T12:35:57.978+0000] {subprocess.py:97} INFO - Command exited with return code 0
[2026-02-12T12:35:57.993+0000] {taskinstance.py:441} INFO - ::group::Post task execution logs
[2026-02-12T12:35:58.326+0000] {taskinstance.py:1206} INFO - Marking task as SUCCESS. dag_id=product_price_pipeline, task_id=load_mobiles, run_id=scheduled__2026-02-11T00:00:00+00:00, execution_date=20260211T000000, start_date=20260212T123543, end_date=20260212T123558
[2026-02-12T12:35:58.429+0000] {local_task_job_runner.py:243} INFO - Task exited with return code 0
[2026-02-12T12:35:58.470+0000] {local_task_job_runner.py:222} INFO - ::endgroup::
