[2026-02-07T04:59:55.741+0000] {local_task_job_runner.py:120} INFO - ::group::Pre task execution logs
[2026-02-07T04:59:55.827+0000] {taskinstance.py:2076} INFO - Dependencies all met for dep_context=non-requeueable deps ti=<TaskInstance: product_price_pipeline.clean_data scheduled__2026-02-05T21:00:00+00:00 [queued]>
[2026-02-07T04:59:55.844+0000] {taskinstance.py:2076} INFO - Dependencies all met for dep_context=requeueable deps ti=<TaskInstance: product_price_pipeline.clean_data scheduled__2026-02-05T21:00:00+00:00 [queued]>
[2026-02-07T04:59:55.845+0000] {taskinstance.py:2306} INFO - Starting attempt 1 of 2
[2026-02-07T04:59:55.882+0000] {taskinstance.py:2330} INFO - Executing <Task(BashOperator): clean_data> on 2026-02-05 21:00:00+00:00
[2026-02-07T04:59:55.906+0000] {standard_task_runner.py:90} INFO - Running: ['***', 'tasks', 'run', 'product_price_pipeline', 'clean_data', 'scheduled__2026-02-05T21:00:00+00:00', '--job-id', '42', '--raw', '--subdir', 'DAGS_FOLDER/product_pipeline_dag.py', '--cfg-path', '/tmp/tmpvbqsd5hi']
[2026-02-07T04:59:55.911+0000] {logging_mixin.py:188} WARNING - /home/***/.local/lib/python3.12/site-packages/***/task/task_runner/standard_task_runner.py:62 DeprecationWarning: This process (pid=377) is multi-threaded, use of fork() may lead to deadlocks in the child.
[2026-02-07T04:59:55.911+0000] {standard_task_runner.py:91} INFO - Job 42: Subtask clean_data
[2026-02-07T04:59:55.913+0000] {standard_task_runner.py:64} INFO - Started process 378 to run task
[2026-02-07T04:59:56.090+0000] {task_command.py:426} INFO - Running <TaskInstance: product_price_pipeline.clean_data scheduled__2026-02-05T21:00:00+00:00 [running]> on host 98d950a68588
[2026-02-07T04:59:56.276+0000] {taskinstance.py:2648} INFO - Exporting env vars: AIRFLOW_CTX_DAG_OWNER='***' AIRFLOW_CTX_DAG_ID='product_price_pipeline' AIRFLOW_CTX_TASK_ID='clean_data' AIRFLOW_CTX_EXECUTION_DATE='2026-02-05T21:00:00+00:00' AIRFLOW_CTX_TRY_NUMBER='1' AIRFLOW_CTX_DAG_RUN_ID='scheduled__2026-02-05T21:00:00+00:00'
[2026-02-07T04:59:56.279+0000] {taskinstance.py:430} INFO - ::endgroup::
[2026-02-07T04:59:56.321+0000] {subprocess.py:63} INFO - Tmp dir root location: /tmp
[2026-02-07T04:59:56.326+0000] {subprocess.py:75} INFO - Running command: ['/usr/bin/bash', '-c', 'python /opt/***/scripts/clean.py']
[2026-02-07T04:59:56.345+0000] {subprocess.py:86} INFO - Output:
[2026-02-07T04:59:56.518+0000] {subprocess.py:93} INFO - python: can't open file '/opt/***/scripts/clean.py': [Errno 2] No such file or directory
[2026-02-07T04:59:56.523+0000] {subprocess.py:97} INFO - Command exited with return code 2
[2026-02-07T04:59:56.526+0000] {taskinstance.py:441} INFO - ::group::Post task execution logs
[2026-02-07T04:59:56.551+0000] {taskinstance.py:2905} ERROR - Task failed with exception
Traceback (most recent call last):
  File "/home/airflow/.local/lib/python3.12/site-packages/airflow/models/taskinstance.py", line 465, in _execute_task
    result = _execute_callable(context=context, **execute_callable_kwargs)
             ^^^^^^^^^^^^^^^^^^^^^^^^^^^^^^^^^^^^^^^^^^^^^^^^^^^^^^^^^^^^^
  File "/home/airflow/.local/lib/python3.12/site-packages/airflow/models/taskinstance.py", line 432, in _execute_callable
    return execute_callable(context=context, **execute_callable_kwargs)
           ^^^^^^^^^^^^^^^^^^^^^^^^^^^^^^^^^^^^^^^^^^^^^^^^^^^^^^^^^^^^
  File "/home/airflow/.local/lib/python3.12/site-packages/airflow/models/baseoperator.py", line 401, in wrapper
    return func(self, *args, **kwargs)
           ^^^^^^^^^^^^^^^^^^^^^^^^^^^
  File "/home/airflow/.local/lib/python3.12/site-packages/airflow/operators/bash.py", line 243, in execute
    raise AirflowException(
airflow.exceptions.AirflowException: Bash command failed. The command returned a non-zero exit code 2.
[2026-02-07T04:59:56.584+0000] {taskinstance.py:1206} INFO - Marking task as UP_FOR_RETRY. dag_id=product_price_pipeline, task_id=clean_data, run_id=scheduled__2026-02-05T21:00:00+00:00, execution_date=20260205T210000, start_date=20260207T045955, end_date=20260207T045956
[2026-02-07T04:59:56.632+0000] {standard_task_runner.py:110} ERROR - Failed to execute job 42 for task clean_data (Bash command failed. The command returned a non-zero exit code 2.; 378)
[2026-02-07T04:59:56.658+0000] {local_task_job_runner.py:243} INFO - Task exited with return code 1
[2026-02-07T04:59:56.693+0000] {taskinstance.py:3503} INFO - 0 downstream tasks scheduled from follow-on schedule check
[2026-02-07T04:59:56.698+0000] {local_task_job_runner.py:222} INFO - ::endgroup::
[2026-02-07T05:11:30.056+0000] {local_task_job_runner.py:120} INFO - ::group::Pre task execution logs
[2026-02-07T05:11:30.198+0000] {taskinstance.py:2076} INFO - Dependencies all met for dep_context=non-requeueable deps ti=<TaskInstance: product_price_pipeline.clean_data scheduled__2026-02-05T21:00:00+00:00 [queued]>
[2026-02-07T05:11:30.233+0000] {taskinstance.py:2076} INFO - Dependencies all met for dep_context=requeueable deps ti=<TaskInstance: product_price_pipeline.clean_data scheduled__2026-02-05T21:00:00+00:00 [queued]>
[2026-02-07T05:11:30.234+0000] {taskinstance.py:2306} INFO - Starting attempt 1 of 2
[2026-02-07T05:11:30.294+0000] {taskinstance.py:2330} INFO - Executing <Task(BashOperator): clean_data> on 2026-02-05 21:00:00+00:00
[2026-02-07T05:11:30.325+0000] {standard_task_runner.py:90} INFO - Running: ['***', 'tasks', 'run', 'product_price_pipeline', 'clean_data', 'scheduled__2026-02-05T21:00:00+00:00', '--job-id', '47', '--raw', '--subdir', 'DAGS_FOLDER/product_pipeline_dag.py', '--cfg-path', '/tmp/tmp1vsz46cu']
[2026-02-07T05:11:30.338+0000] {logging_mixin.py:188} WARNING - /home/***/.local/lib/python3.12/site-packages/***/task/task_runner/standard_task_runner.py:62 DeprecationWarning: This process (pid=500) is multi-threaded, use of fork() may lead to deadlocks in the child.
[2026-02-07T05:11:30.340+0000] {standard_task_runner.py:91} INFO - Job 47: Subtask clean_data
[2026-02-07T05:11:30.342+0000] {standard_task_runner.py:64} INFO - Started process 502 to run task
[2026-02-07T05:11:30.597+0000] {task_command.py:426} INFO - Running <TaskInstance: product_price_pipeline.clean_data scheduled__2026-02-05T21:00:00+00:00 [running]> on host 98d950a68588
[2026-02-07T05:11:30.742+0000] {taskinstance.py:2648} INFO - Exporting env vars: AIRFLOW_CTX_DAG_OWNER='***' AIRFLOW_CTX_DAG_ID='product_price_pipeline' AIRFLOW_CTX_TASK_ID='clean_data' AIRFLOW_CTX_EXECUTION_DATE='2026-02-05T21:00:00+00:00' AIRFLOW_CTX_TRY_NUMBER='1' AIRFLOW_CTX_DAG_RUN_ID='scheduled__2026-02-05T21:00:00+00:00'
[2026-02-07T05:11:30.744+0000] {taskinstance.py:430} INFO - ::endgroup::
[2026-02-07T05:11:30.772+0000] {subprocess.py:63} INFO - Tmp dir root location: /tmp
[2026-02-07T05:11:30.775+0000] {subprocess.py:75} INFO - Running command: ['/usr/bin/bash', '-c', 'python /opt/***/scripts/clean.py']
[2026-02-07T05:11:30.791+0000] {subprocess.py:86} INFO - Output:
[2026-02-07T05:11:30.965+0000] {subprocess.py:93} INFO - python: can't open file '/opt/***/scripts/clean.py': [Errno 2] No such file or directory
[2026-02-07T05:11:30.972+0000] {subprocess.py:97} INFO - Command exited with return code 2
[2026-02-07T05:11:30.973+0000] {taskinstance.py:441} INFO - ::group::Post task execution logs
[2026-02-07T05:11:30.989+0000] {taskinstance.py:2905} ERROR - Task failed with exception
Traceback (most recent call last):
  File "/home/airflow/.local/lib/python3.12/site-packages/airflow/models/taskinstance.py", line 465, in _execute_task
    result = _execute_callable(context=context, **execute_callable_kwargs)
             ^^^^^^^^^^^^^^^^^^^^^^^^^^^^^^^^^^^^^^^^^^^^^^^^^^^^^^^^^^^^^
  File "/home/airflow/.local/lib/python3.12/site-packages/airflow/models/taskinstance.py", line 432, in _execute_callable
    return execute_callable(context=context, **execute_callable_kwargs)
           ^^^^^^^^^^^^^^^^^^^^^^^^^^^^^^^^^^^^^^^^^^^^^^^^^^^^^^^^^^^^
  File "/home/airflow/.local/lib/python3.12/site-packages/airflow/models/baseoperator.py", line 401, in wrapper
    return func(self, *args, **kwargs)
           ^^^^^^^^^^^^^^^^^^^^^^^^^^^
  File "/home/airflow/.local/lib/python3.12/site-packages/airflow/operators/bash.py", line 243, in execute
    raise AirflowException(
airflow.exceptions.AirflowException: Bash command failed. The command returned a non-zero exit code 2.
[2026-02-07T05:11:30.995+0000] {taskinstance.py:1206} INFO - Marking task as UP_FOR_RETRY. dag_id=product_price_pipeline, task_id=clean_data, run_id=scheduled__2026-02-05T21:00:00+00:00, execution_date=20260205T210000, start_date=20260207T051130, end_date=20260207T051130
[2026-02-07T05:11:31.013+0000] {standard_task_runner.py:110} ERROR - Failed to execute job 47 for task clean_data (Bash command failed. The command returned a non-zero exit code 2.; 502)
[2026-02-07T05:11:31.048+0000] {local_task_job_runner.py:243} INFO - Task exited with return code 1
[2026-02-07T05:11:31.083+0000] {taskinstance.py:3503} INFO - 0 downstream tasks scheduled from follow-on schedule check
[2026-02-07T05:11:31.088+0000] {local_task_job_runner.py:222} INFO - ::endgroup::
[2026-02-07T05:28:09.747+0000] {local_task_job_runner.py:120} INFO - ::group::Pre task execution logs
[2026-02-07T05:28:09.971+0000] {taskinstance.py:2076} INFO - Dependencies all met for dep_context=non-requeueable deps ti=<TaskInstance: product_price_pipeline.clean_data scheduled__2026-02-05T21:00:00+00:00 [queued]>
[2026-02-07T05:28:10.028+0000] {taskinstance.py:2076} INFO - Dependencies all met for dep_context=requeueable deps ti=<TaskInstance: product_price_pipeline.clean_data scheduled__2026-02-05T21:00:00+00:00 [queued]>
[2026-02-07T05:28:10.031+0000] {taskinstance.py:2306} INFO - Starting attempt 1 of 2
[2026-02-07T05:28:10.099+0000] {taskinstance.py:2330} INFO - Executing <Task(BashOperator): clean_data> on 2026-02-05 21:00:00+00:00
[2026-02-07T05:28:10.136+0000] {standard_task_runner.py:90} INFO - Running: ['***', 'tasks', 'run', 'product_price_pipeline', 'clean_data', 'scheduled__2026-02-05T21:00:00+00:00', '--job-id', '53', '--raw', '--subdir', 'DAGS_FOLDER/product_pipeline_dag.py', '--cfg-path', '/tmp/tmpb60amm12']
[2026-02-07T05:28:10.141+0000] {logging_mixin.py:188} WARNING - /home/***/.local/lib/python3.12/site-packages/***/task/task_runner/standard_task_runner.py:62 DeprecationWarning: This process (pid=249) is multi-threaded, use of fork() may lead to deadlocks in the child.
[2026-02-07T05:28:10.142+0000] {standard_task_runner.py:91} INFO - Job 53: Subtask clean_data
[2026-02-07T05:28:10.143+0000] {standard_task_runner.py:64} INFO - Started process 250 to run task
[2026-02-07T05:28:10.345+0000] {task_command.py:426} INFO - Running <TaskInstance: product_price_pipeline.clean_data scheduled__2026-02-05T21:00:00+00:00 [running]> on host d9e7bf2ef790
[2026-02-07T05:28:10.601+0000] {taskinstance.py:2648} INFO - Exporting env vars: AIRFLOW_CTX_DAG_OWNER='***' AIRFLOW_CTX_DAG_ID='product_price_pipeline' AIRFLOW_CTX_TASK_ID='clean_data' AIRFLOW_CTX_EXECUTION_DATE='2026-02-05T21:00:00+00:00' AIRFLOW_CTX_TRY_NUMBER='1' AIRFLOW_CTX_DAG_RUN_ID='scheduled__2026-02-05T21:00:00+00:00'
[2026-02-07T05:28:10.603+0000] {taskinstance.py:430} INFO - ::endgroup::
[2026-02-07T05:28:10.677+0000] {subprocess.py:63} INFO - Tmp dir root location: /tmp
[2026-02-07T05:28:10.688+0000] {subprocess.py:75} INFO - Running command: ['/usr/bin/bash', '-c', 'python /opt/***/scripts/clean.py']
[2026-02-07T05:28:10.712+0000] {subprocess.py:86} INFO - Output:
[2026-02-07T05:28:11.000+0000] {subprocess.py:93} INFO - python: can't open file '/opt/***/scripts/clean.py': [Errno 2] No such file or directory
[2026-02-07T05:28:11.024+0000] {subprocess.py:97} INFO - Command exited with return code 2
[2026-02-07T05:28:11.035+0000] {taskinstance.py:441} INFO - ::group::Post task execution logs
[2026-02-07T05:28:11.081+0000] {taskinstance.py:2905} ERROR - Task failed with exception
Traceback (most recent call last):
  File "/home/airflow/.local/lib/python3.12/site-packages/airflow/models/taskinstance.py", line 465, in _execute_task
    result = _execute_callable(context=context, **execute_callable_kwargs)
             ^^^^^^^^^^^^^^^^^^^^^^^^^^^^^^^^^^^^^^^^^^^^^^^^^^^^^^^^^^^^^
  File "/home/airflow/.local/lib/python3.12/site-packages/airflow/models/taskinstance.py", line 432, in _execute_callable
    return execute_callable(context=context, **execute_callable_kwargs)
           ^^^^^^^^^^^^^^^^^^^^^^^^^^^^^^^^^^^^^^^^^^^^^^^^^^^^^^^^^^^^
  File "/home/airflow/.local/lib/python3.12/site-packages/airflow/models/baseoperator.py", line 401, in wrapper
    return func(self, *args, **kwargs)
           ^^^^^^^^^^^^^^^^^^^^^^^^^^^
  File "/home/airflow/.local/lib/python3.12/site-packages/airflow/operators/bash.py", line 243, in execute
    raise AirflowException(
airflow.exceptions.AirflowException: Bash command failed. The command returned a non-zero exit code 2.
[2026-02-07T05:28:11.106+0000] {taskinstance.py:1206} INFO - Marking task as UP_FOR_RETRY. dag_id=product_price_pipeline, task_id=clean_data, run_id=scheduled__2026-02-05T21:00:00+00:00, execution_date=20260205T210000, start_date=20260207T052809, end_date=20260207T052811
[2026-02-07T05:28:11.167+0000] {standard_task_runner.py:110} ERROR - Failed to execute job 53 for task clean_data (Bash command failed. The command returned a non-zero exit code 2.; 250)
[2026-02-07T05:28:11.209+0000] {local_task_job_runner.py:243} INFO - Task exited with return code 1
[2026-02-07T05:28:11.257+0000] {taskinstance.py:3503} INFO - 0 downstream tasks scheduled from follow-on schedule check
[2026-02-07T05:28:11.274+0000] {local_task_job_runner.py:222} INFO - ::endgroup::
[2026-02-07T05:42:36.665+0000] {local_task_job_runner.py:120} INFO - ::group::Pre task execution logs
[2026-02-07T05:42:36.914+0000] {taskinstance.py:2076} INFO - Dependencies all met for dep_context=non-requeueable deps ti=<TaskInstance: product_price_pipeline.clean_data scheduled__2026-02-05T21:00:00+00:00 [queued]>
[2026-02-07T05:42:36.947+0000] {taskinstance.py:2076} INFO - Dependencies all met for dep_context=requeueable deps ti=<TaskInstance: product_price_pipeline.clean_data scheduled__2026-02-05T21:00:00+00:00 [queued]>
[2026-02-07T05:42:36.949+0000] {taskinstance.py:2306} INFO - Starting attempt 1 of 2
[2026-02-07T05:42:37.035+0000] {taskinstance.py:2330} INFO - Executing <Task(BashOperator): clean_data> on 2026-02-05 21:00:00+00:00
[2026-02-07T05:42:37.088+0000] {logging_mixin.py:188} WARNING - /home/***/.local/lib/python3.12/site-packages/***/task/task_runner/standard_task_runner.py:62 DeprecationWarning: This process (pid=244) is multi-threaded, use of fork() may lead to deadlocks in the child.
[2026-02-07T05:42:37.081+0000] {standard_task_runner.py:90} INFO - Running: ['***', 'tasks', 'run', 'product_price_pipeline', 'clean_data', 'scheduled__2026-02-05T21:00:00+00:00', '--job-id', '60', '--raw', '--subdir', 'DAGS_FOLDER/product_pipeline_dag.py', '--cfg-path', '/tmp/tmppi6bu6pn']
[2026-02-07T05:42:37.092+0000] {standard_task_runner.py:64} INFO - Started process 245 to run task
[2026-02-07T05:42:37.095+0000] {standard_task_runner.py:91} INFO - Job 60: Subtask clean_data
[2026-02-07T05:42:37.387+0000] {task_command.py:426} INFO - Running <TaskInstance: product_price_pipeline.clean_data scheduled__2026-02-05T21:00:00+00:00 [running]> on host 547742345c5a
[2026-02-07T05:42:37.667+0000] {taskinstance.py:2648} INFO - Exporting env vars: AIRFLOW_CTX_DAG_OWNER='***' AIRFLOW_CTX_DAG_ID='product_price_pipeline' AIRFLOW_CTX_TASK_ID='clean_data' AIRFLOW_CTX_EXECUTION_DATE='2026-02-05T21:00:00+00:00' AIRFLOW_CTX_TRY_NUMBER='1' AIRFLOW_CTX_DAG_RUN_ID='scheduled__2026-02-05T21:00:00+00:00'
[2026-02-07T05:42:37.670+0000] {taskinstance.py:430} INFO - ::endgroup::
[2026-02-07T05:42:37.741+0000] {subprocess.py:63} INFO - Tmp dir root location: /tmp
[2026-02-07T05:42:37.750+0000] {subprocess.py:75} INFO - Running command: ['/usr/bin/bash', '-c', 'python /opt/***/scripts/clean.py']
[2026-02-07T05:42:37.787+0000] {subprocess.py:86} INFO - Output:
[2026-02-07T05:42:38.108+0000] {subprocess.py:93} INFO - python: can't open file '/opt/***/scripts/clean.py': [Errno 2] No such file or directory
[2026-02-07T05:42:38.119+0000] {subprocess.py:97} INFO - Command exited with return code 2
[2026-02-07T05:42:38.121+0000] {taskinstance.py:441} INFO - ::group::Post task execution logs
[2026-02-07T05:42:38.165+0000] {taskinstance.py:2905} ERROR - Task failed with exception
Traceback (most recent call last):
  File "/home/airflow/.local/lib/python3.12/site-packages/airflow/models/taskinstance.py", line 465, in _execute_task
    result = _execute_callable(context=context, **execute_callable_kwargs)
             ^^^^^^^^^^^^^^^^^^^^^^^^^^^^^^^^^^^^^^^^^^^^^^^^^^^^^^^^^^^^^
  File "/home/airflow/.local/lib/python3.12/site-packages/airflow/models/taskinstance.py", line 432, in _execute_callable
    return execute_callable(context=context, **execute_callable_kwargs)
           ^^^^^^^^^^^^^^^^^^^^^^^^^^^^^^^^^^^^^^^^^^^^^^^^^^^^^^^^^^^^
  File "/home/airflow/.local/lib/python3.12/site-packages/airflow/models/baseoperator.py", line 401, in wrapper
    return func(self, *args, **kwargs)
           ^^^^^^^^^^^^^^^^^^^^^^^^^^^
  File "/home/airflow/.local/lib/python3.12/site-packages/airflow/operators/bash.py", line 243, in execute
    raise AirflowException(
airflow.exceptions.AirflowException: Bash command failed. The command returned a non-zero exit code 2.
[2026-02-07T05:42:38.203+0000] {taskinstance.py:1206} INFO - Marking task as UP_FOR_RETRY. dag_id=product_price_pipeline, task_id=clean_data, run_id=scheduled__2026-02-05T21:00:00+00:00, execution_date=20260205T210000, start_date=20260207T054236, end_date=20260207T054238
[2026-02-07T05:42:38.246+0000] {standard_task_runner.py:110} ERROR - Failed to execute job 60 for task clean_data (Bash command failed. The command returned a non-zero exit code 2.; 245)
[2026-02-07T05:42:38.282+0000] {local_task_job_runner.py:243} INFO - Task exited with return code 1
[2026-02-07T05:42:38.331+0000] {taskinstance.py:3503} INFO - 0 downstream tasks scheduled from follow-on schedule check
[2026-02-07T05:42:38.337+0000] {local_task_job_runner.py:222} INFO - ::endgroup::
[2026-02-07T06:00:32.841+0000] {local_task_job_runner.py:120} INFO - ::group::Pre task execution logs
[2026-02-07T06:00:33.346+0000] {taskinstance.py:2076} INFO - Dependencies all met for dep_context=non-requeueable deps ti=<TaskInstance: product_price_pipeline.clean_data scheduled__2026-02-05T21:00:00+00:00 [queued]>
[2026-02-07T06:00:33.383+0000] {taskinstance.py:2076} INFO - Dependencies all met for dep_context=requeueable deps ti=<TaskInstance: product_price_pipeline.clean_data scheduled__2026-02-05T21:00:00+00:00 [queued]>
[2026-02-07T06:00:33.386+0000] {taskinstance.py:2306} INFO - Starting attempt 1 of 2
[2026-02-07T06:00:33.466+0000] {taskinstance.py:2330} INFO - Executing <Task(BashOperator): clean_data> on 2026-02-05 21:00:00+00:00
[2026-02-07T06:00:33.519+0000] {standard_task_runner.py:90} INFO - Running: ['***', 'tasks', 'run', 'product_price_pipeline', 'clean_data', 'scheduled__2026-02-05T21:00:00+00:00', '--job-id', '67', '--raw', '--subdir', 'DAGS_FOLDER/product_pipeline_dag.py', '--cfg-path', '/tmp/tmpsu2yrjhl']
[2026-02-07T06:00:33.545+0000] {standard_task_runner.py:91} INFO - Job 67: Subtask clean_data
[2026-02-07T06:00:33.545+0000] {logging_mixin.py:188} WARNING - /home/***/.local/lib/python3.12/site-packages/***/task/task_runner/standard_task_runner.py:62 DeprecationWarning: This process (pid=273) is multi-threaded, use of fork() may lead to deadlocks in the child.
[2026-02-07T06:00:33.548+0000] {standard_task_runner.py:64} INFO - Started process 275 to run task
[2026-02-07T06:00:34.055+0000] {task_command.py:426} INFO - Running <TaskInstance: product_price_pipeline.clean_data scheduled__2026-02-05T21:00:00+00:00 [running]> on host 19af76d7baae
[2026-02-07T06:00:34.765+0000] {taskinstance.py:2648} INFO - Exporting env vars: AIRFLOW_CTX_DAG_OWNER='***' AIRFLOW_CTX_DAG_ID='product_price_pipeline' AIRFLOW_CTX_TASK_ID='clean_data' AIRFLOW_CTX_EXECUTION_DATE='2026-02-05T21:00:00+00:00' AIRFLOW_CTX_TRY_NUMBER='1' AIRFLOW_CTX_DAG_RUN_ID='scheduled__2026-02-05T21:00:00+00:00'
[2026-02-07T06:00:34.775+0000] {taskinstance.py:430} INFO - ::endgroup::
[2026-02-07T06:00:35.067+0000] {subprocess.py:63} INFO - Tmp dir root location: /tmp
[2026-02-07T06:00:35.113+0000] {subprocess.py:75} INFO - Running command: ['/usr/bin/bash', '-c', 'python /opt/***/dags/scripts/clean.py']
[2026-02-07T06:00:35.190+0000] {subprocess.py:86} INFO - Output:
[2026-02-07T06:00:37.531+0000] {subprocess.py:93} INFO - python: can't open file '/tmp/***tmpzntjd0_p/scripts/cleaning/clean_mobiles.py': [Errno 2] No such file or directory
[2026-02-07T06:00:37.689+0000] {subprocess.py:93} INFO - python: can't open file '/tmp/***tmpzntjd0_p/scripts/cleaning/clean_laptops.py': [Errno 2] No such file or directory
[2026-02-07T06:00:37.859+0000] {subprocess.py:93} INFO - python: can't open file '/tmp/***tmpzntjd0_p/scripts/cleaning/clean_refrigerators.py': [Errno 2] No such file or directory
[2026-02-07T06:00:37.975+0000] {subprocess.py:93} INFO - python: can't open file '/tmp/***tmpzntjd0_p/scripts/cleaning/clean_tvs.py': [Errno 2] No such file or directory
[2026-02-07T06:00:38.083+0000] {subprocess.py:93} INFO - python: can't open file '/tmp/***tmpzntjd0_p/scripts/cleaning/create_main_table.py': [Errno 2] No such file or directory
[2026-02-07T06:00:38.093+0000] {subprocess.py:93} INFO - Starting cleaning stage...
[2026-02-07T06:00:38.096+0000] {subprocess.py:93} INFO - Cleaning stage completed.
[2026-02-07T06:00:38.104+0000] {subprocess.py:97} INFO - Command exited with return code 0
[2026-02-07T06:00:38.108+0000] {taskinstance.py:441} INFO - ::group::Post task execution logs
[2026-02-07T06:00:38.165+0000] {taskinstance.py:1206} INFO - Marking task as SUCCESS. dag_id=product_price_pipeline, task_id=clean_data, run_id=scheduled__2026-02-05T21:00:00+00:00, execution_date=20260205T210000, start_date=20260207T060033, end_date=20260207T060038
[2026-02-07T06:00:38.229+0000] {local_task_job_runner.py:243} INFO - Task exited with return code 0
[2026-02-07T06:00:38.277+0000] {taskinstance.py:3503} INFO - 1 downstream tasks scheduled from follow-on schedule check
[2026-02-07T06:00:38.282+0000] {local_task_job_runner.py:222} INFO - ::endgroup::
[2026-02-07T06:48:00.031+0000] {local_task_job_runner.py:120} INFO - ::group::Pre task execution logs
[2026-02-07T06:48:00.232+0000] {taskinstance.py:2076} INFO - Dependencies all met for dep_context=non-requeueable deps ti=<TaskInstance: product_price_pipeline.clean_data scheduled__2026-02-05T21:00:00+00:00 [queued]>
[2026-02-07T06:48:00.255+0000] {taskinstance.py:2076} INFO - Dependencies all met for dep_context=requeueable deps ti=<TaskInstance: product_price_pipeline.clean_data scheduled__2026-02-05T21:00:00+00:00 [queued]>
[2026-02-07T06:48:00.257+0000] {taskinstance.py:2306} INFO - Starting attempt 1 of 2
[2026-02-07T06:48:00.293+0000] {taskinstance.py:2330} INFO - Executing <Task(BashOperator): clean_data> on 2026-02-05 21:00:00+00:00
[2026-02-07T06:48:00.321+0000] {standard_task_runner.py:90} INFO - Running: ['***', 'tasks', 'run', 'product_price_pipeline', 'clean_data', 'scheduled__2026-02-05T21:00:00+00:00', '--job-id', '81', '--raw', '--subdir', 'DAGS_FOLDER/product_pipeline_dag.py', '--cfg-path', '/tmp/tmpafzo7c9m']
[2026-02-07T06:48:00.329+0000] {logging_mixin.py:188} WARNING - /home/***/.local/lib/python3.12/site-packages/***/task/task_runner/standard_task_runner.py:62 DeprecationWarning: This process (pid=545) is multi-threaded, use of fork() may lead to deadlocks in the child.
[2026-02-07T06:48:00.331+0000] {standard_task_runner.py:91} INFO - Job 81: Subtask clean_data
[2026-02-07T06:48:00.332+0000] {standard_task_runner.py:64} INFO - Started process 546 to run task
[2026-02-07T06:48:00.594+0000] {task_command.py:426} INFO - Running <TaskInstance: product_price_pipeline.clean_data scheduled__2026-02-05T21:00:00+00:00 [running]> on host 19af76d7baae
[2026-02-07T06:48:00.827+0000] {taskinstance.py:2648} INFO - Exporting env vars: AIRFLOW_CTX_DAG_OWNER='***' AIRFLOW_CTX_DAG_ID='product_price_pipeline' AIRFLOW_CTX_TASK_ID='clean_data' AIRFLOW_CTX_EXECUTION_DATE='2026-02-05T21:00:00+00:00' AIRFLOW_CTX_TRY_NUMBER='1' AIRFLOW_CTX_DAG_RUN_ID='scheduled__2026-02-05T21:00:00+00:00'
[2026-02-07T06:48:00.829+0000] {taskinstance.py:430} INFO - ::endgroup::
[2026-02-07T06:48:00.898+0000] {subprocess.py:63} INFO - Tmp dir root location: /tmp
[2026-02-07T06:48:00.905+0000] {subprocess.py:75} INFO - Running command: ['/usr/bin/bash', '-c', 'python /opt/***/dags/scripts/clean.py']
[2026-02-07T06:48:00.929+0000] {subprocess.py:86} INFO - Output:
[2026-02-07T06:48:01.586+0000] {subprocess.py:93} INFO - python: can't open file '/tmp/***tmpvs5ntyjy/scripts/cleaning/clean_mobiles.py': [Errno 2] No such file or directory
[2026-02-07T06:48:01.704+0000] {subprocess.py:93} INFO - python: can't open file '/tmp/***tmpvs5ntyjy/scripts/cleaning/clean_laptops.py': [Errno 2] No such file or directory
[2026-02-07T06:48:01.838+0000] {subprocess.py:93} INFO - python: can't open file '/tmp/***tmpvs5ntyjy/scripts/cleaning/clean_refrigerators.py': [Errno 2] No such file or directory
[2026-02-07T06:48:01.995+0000] {subprocess.py:93} INFO - python: can't open file '/tmp/***tmpvs5ntyjy/scripts/cleaning/clean_tvs.py': [Errno 2] No such file or directory
[2026-02-07T06:48:02.113+0000] {subprocess.py:93} INFO - python: can't open file '/tmp/***tmpvs5ntyjy/scripts/cleaning/create_main_table.py': [Errno 2] No such file or directory
[2026-02-07T06:48:02.126+0000] {subprocess.py:93} INFO - Starting cleaning stage...
[2026-02-07T06:48:02.129+0000] {subprocess.py:93} INFO - Cleaning stage completed.
[2026-02-07T06:48:02.137+0000] {subprocess.py:97} INFO - Command exited with return code 0
[2026-02-07T06:48:02.142+0000] {taskinstance.py:441} INFO - ::group::Post task execution logs
[2026-02-07T06:48:02.193+0000] {taskinstance.py:1206} INFO - Marking task as SUCCESS. dag_id=product_price_pipeline, task_id=clean_data, run_id=scheduled__2026-02-05T21:00:00+00:00, execution_date=20260205T210000, start_date=20260207T064800, end_date=20260207T064802
[2026-02-07T06:48:02.242+0000] {local_task_job_runner.py:243} INFO - Task exited with return code 0
[2026-02-07T06:48:02.285+0000] {taskinstance.py:3503} INFO - 1 downstream tasks scheduled from follow-on schedule check
[2026-02-07T06:48:02.291+0000] {local_task_job_runner.py:222} INFO - ::endgroup::
