[2026-02-07T05:04:59.000+0000] {local_task_job_runner.py:120} INFO - ::group::Pre task execution logs
[2026-02-07T05:04:59.174+0000] {taskinstance.py:2076} INFO - Dependencies all met for dep_context=non-requeueable deps ti=<TaskInstance: product_price_pipeline.clean_data scheduled__2026-02-05T21:00:00+00:00 [queued]>
[2026-02-07T05:04:59.206+0000] {taskinstance.py:2076} INFO - Dependencies all met for dep_context=requeueable deps ti=<TaskInstance: product_price_pipeline.clean_data scheduled__2026-02-05T21:00:00+00:00 [queued]>
[2026-02-07T05:04:59.222+0000] {taskinstance.py:2306} INFO - Starting attempt 2 of 2
[2026-02-07T05:04:59.267+0000] {taskinstance.py:2330} INFO - Executing <Task(BashOperator): clean_data> on 2026-02-05 21:00:00+00:00
[2026-02-07T05:04:59.302+0000] {standard_task_runner.py:90} INFO - Running: ['***', 'tasks', 'run', 'product_price_pipeline', 'clean_data', 'scheduled__2026-02-05T21:00:00+00:00', '--job-id', '43', '--raw', '--subdir', 'DAGS_FOLDER/product_pipeline_dag.py', '--cfg-path', '/tmp/tmpqrimbw7j']
[2026-02-07T05:04:59.308+0000] {standard_task_runner.py:91} INFO - Job 43: Subtask clean_data
[2026-02-07T05:04:59.309+0000] {logging_mixin.py:188} WARNING - /home/***/.local/lib/python3.12/site-packages/***/task/task_runner/standard_task_runner.py:62 DeprecationWarning: This process (pid=425) is multi-threaded, use of fork() may lead to deadlocks in the child.
[2026-02-07T05:04:59.314+0000] {standard_task_runner.py:64} INFO - Started process 426 to run task
[2026-02-07T05:04:59.523+0000] {task_command.py:426} INFO - Running <TaskInstance: product_price_pipeline.clean_data scheduled__2026-02-05T21:00:00+00:00 [running]> on host 98d950a68588
[2026-02-07T05:04:59.679+0000] {taskinstance.py:2648} INFO - Exporting env vars: AIRFLOW_CTX_DAG_OWNER='***' AIRFLOW_CTX_DAG_ID='product_price_pipeline' AIRFLOW_CTX_TASK_ID='clean_data' AIRFLOW_CTX_EXECUTION_DATE='2026-02-05T21:00:00+00:00' AIRFLOW_CTX_TRY_NUMBER='2' AIRFLOW_CTX_DAG_RUN_ID='scheduled__2026-02-05T21:00:00+00:00'
[2026-02-07T05:04:59.681+0000] {taskinstance.py:430} INFO - ::endgroup::
[2026-02-07T05:04:59.765+0000] {subprocess.py:63} INFO - Tmp dir root location: /tmp
[2026-02-07T05:04:59.787+0000] {subprocess.py:75} INFO - Running command: ['/usr/bin/bash', '-c', 'python /opt/***/scripts/clean.py']
[2026-02-07T05:04:59.821+0000] {subprocess.py:86} INFO - Output:
[2026-02-07T05:05:00.183+0000] {subprocess.py:93} INFO - python: can't open file '/opt/***/scripts/clean.py': [Errno 2] No such file or directory
[2026-02-07T05:05:00.192+0000] {subprocess.py:97} INFO - Command exited with return code 2
[2026-02-07T05:05:00.199+0000] {taskinstance.py:441} INFO - ::group::Post task execution logs
[2026-02-07T05:05:00.233+0000] {taskinstance.py:2905} ERROR - Task failed with exception
Traceback (most recent call last):
  File "/home/airflow/.local/lib/python3.12/site-packages/airflow/models/taskinstance.py", line 465, in _execute_task
    result = _execute_callable(context=context, **execute_callable_kwargs)
             ^^^^^^^^^^^^^^^^^^^^^^^^^^^^^^^^^^^^^^^^^^^^^^^^^^^^^^^^^^^^^
  File "/home/airflow/.local/lib/python3.12/site-packages/airflow/models/taskinstance.py", line 432, in _execute_callable
    return execute_callable(context=context, **execute_callable_kwargs)
           ^^^^^^^^^^^^^^^^^^^^^^^^^^^^^^^^^^^^^^^^^^^^^^^^^^^^^^^^^^^^
  File "/home/airflow/.local/lib/python3.12/site-packages/airflow/models/baseoperator.py", line 401, in wrapper
    return func(self, *args, **kwargs)
           ^^^^^^^^^^^^^^^^^^^^^^^^^^^
  File "/home/airflow/.local/lib/python3.12/site-packages/airflow/operators/bash.py", line 243, in execute
    raise AirflowException(
airflow.exceptions.AirflowException: Bash command failed. The command returned a non-zero exit code 2.
[2026-02-07T05:05:00.256+0000] {taskinstance.py:1206} INFO - Marking task as FAILED. dag_id=product_price_pipeline, task_id=clean_data, run_id=scheduled__2026-02-05T21:00:00+00:00, execution_date=20260205T210000, start_date=20260207T050459, end_date=20260207T050500
[2026-02-07T05:05:00.319+0000] {standard_task_runner.py:110} ERROR - Failed to execute job 43 for task clean_data (Bash command failed. The command returned a non-zero exit code 2.; 426)
[2026-02-07T05:05:00.351+0000] {local_task_job_runner.py:243} INFO - Task exited with return code 1
[2026-02-07T05:05:00.401+0000] {taskinstance.py:3503} INFO - 0 downstream tasks scheduled from follow-on schedule check
[2026-02-07T05:05:00.411+0000] {local_task_job_runner.py:222} INFO - ::endgroup::
[2026-02-07T05:16:31.831+0000] {local_task_job_runner.py:120} INFO - ::group::Pre task execution logs
[2026-02-07T05:16:31.900+0000] {taskinstance.py:2076} INFO - Dependencies all met for dep_context=non-requeueable deps ti=<TaskInstance: product_price_pipeline.clean_data scheduled__2026-02-05T21:00:00+00:00 [queued]>
[2026-02-07T05:16:31.916+0000] {taskinstance.py:2076} INFO - Dependencies all met for dep_context=requeueable deps ti=<TaskInstance: product_price_pipeline.clean_data scheduled__2026-02-05T21:00:00+00:00 [queued]>
[2026-02-07T05:16:31.918+0000] {taskinstance.py:2306} INFO - Starting attempt 2 of 2
[2026-02-07T05:16:31.946+0000] {taskinstance.py:2330} INFO - Executing <Task(BashOperator): clean_data> on 2026-02-05 21:00:00+00:00
[2026-02-07T05:16:31.974+0000] {logging_mixin.py:188} WARNING - /home/***/.local/lib/python3.12/site-packages/***/task/task_runner/standard_task_runner.py:62 DeprecationWarning: This process (pid=550) is multi-threaded, use of fork() may lead to deadlocks in the child.
[2026-02-07T05:16:31.968+0000] {standard_task_runner.py:90} INFO - Running: ['***', 'tasks', 'run', 'product_price_pipeline', 'clean_data', 'scheduled__2026-02-05T21:00:00+00:00', '--job-id', '48', '--raw', '--subdir', 'DAGS_FOLDER/product_pipeline_dag.py', '--cfg-path', '/tmp/tmpxzjhb2a1']
[2026-02-07T05:16:31.976+0000] {standard_task_runner.py:91} INFO - Job 48: Subtask clean_data
[2026-02-07T05:16:31.975+0000] {standard_task_runner.py:64} INFO - Started process 553 to run task
[2026-02-07T05:16:32.126+0000] {task_command.py:426} INFO - Running <TaskInstance: product_price_pipeline.clean_data scheduled__2026-02-05T21:00:00+00:00 [running]> on host 98d950a68588
[2026-02-07T05:16:32.282+0000] {taskinstance.py:2648} INFO - Exporting env vars: AIRFLOW_CTX_DAG_OWNER='***' AIRFLOW_CTX_DAG_ID='product_price_pipeline' AIRFLOW_CTX_TASK_ID='clean_data' AIRFLOW_CTX_EXECUTION_DATE='2026-02-05T21:00:00+00:00' AIRFLOW_CTX_TRY_NUMBER='2' AIRFLOW_CTX_DAG_RUN_ID='scheduled__2026-02-05T21:00:00+00:00'
[2026-02-07T05:16:32.285+0000] {taskinstance.py:430} INFO - ::endgroup::
[2026-02-07T05:16:32.313+0000] {subprocess.py:63} INFO - Tmp dir root location: /tmp
[2026-02-07T05:16:32.316+0000] {subprocess.py:75} INFO - Running command: ['/usr/bin/bash', '-c', 'python /opt/***/scripts/clean.py']
[2026-02-07T05:16:32.340+0000] {subprocess.py:86} INFO - Output:
[2026-02-07T05:16:32.484+0000] {subprocess.py:93} INFO - python: can't open file '/opt/***/scripts/clean.py': [Errno 2] No such file or directory
[2026-02-07T05:16:32.489+0000] {subprocess.py:97} INFO - Command exited with return code 2
[2026-02-07T05:16:32.492+0000] {taskinstance.py:441} INFO - ::group::Post task execution logs
[2026-02-07T05:16:32.510+0000] {taskinstance.py:2905} ERROR - Task failed with exception
Traceback (most recent call last):
  File "/home/airflow/.local/lib/python3.12/site-packages/airflow/models/taskinstance.py", line 465, in _execute_task
    result = _execute_callable(context=context, **execute_callable_kwargs)
             ^^^^^^^^^^^^^^^^^^^^^^^^^^^^^^^^^^^^^^^^^^^^^^^^^^^^^^^^^^^^^
  File "/home/airflow/.local/lib/python3.12/site-packages/airflow/models/taskinstance.py", line 432, in _execute_callable
    return execute_callable(context=context, **execute_callable_kwargs)
           ^^^^^^^^^^^^^^^^^^^^^^^^^^^^^^^^^^^^^^^^^^^^^^^^^^^^^^^^^^^^
  File "/home/airflow/.local/lib/python3.12/site-packages/airflow/models/baseoperator.py", line 401, in wrapper
    return func(self, *args, **kwargs)
           ^^^^^^^^^^^^^^^^^^^^^^^^^^^
  File "/home/airflow/.local/lib/python3.12/site-packages/airflow/operators/bash.py", line 243, in execute
    raise AirflowException(
airflow.exceptions.AirflowException: Bash command failed. The command returned a non-zero exit code 2.
[2026-02-07T05:16:32.517+0000] {taskinstance.py:1206} INFO - Marking task as FAILED. dag_id=product_price_pipeline, task_id=clean_data, run_id=scheduled__2026-02-05T21:00:00+00:00, execution_date=20260205T210000, start_date=20260207T051631, end_date=20260207T051632
[2026-02-07T05:16:32.539+0000] {standard_task_runner.py:110} ERROR - Failed to execute job 48 for task clean_data (Bash command failed. The command returned a non-zero exit code 2.; 553)
[2026-02-07T05:16:32.556+0000] {local_task_job_runner.py:243} INFO - Task exited with return code 1
[2026-02-07T05:16:32.589+0000] {taskinstance.py:3503} INFO - 0 downstream tasks scheduled from follow-on schedule check
[2026-02-07T05:16:32.598+0000] {local_task_job_runner.py:222} INFO - ::endgroup::
[2026-02-07T05:33:11.786+0000] {local_task_job_runner.py:120} INFO - ::group::Pre task execution logs
[2026-02-07T05:33:11.878+0000] {taskinstance.py:2076} INFO - Dependencies all met for dep_context=non-requeueable deps ti=<TaskInstance: product_price_pipeline.clean_data scheduled__2026-02-05T21:00:00+00:00 [queued]>
[2026-02-07T05:33:11.892+0000] {taskinstance.py:2076} INFO - Dependencies all met for dep_context=requeueable deps ti=<TaskInstance: product_price_pipeline.clean_data scheduled__2026-02-05T21:00:00+00:00 [queued]>
[2026-02-07T05:33:11.893+0000] {taskinstance.py:2306} INFO - Starting attempt 2 of 2
[2026-02-07T05:33:11.918+0000] {taskinstance.py:2330} INFO - Executing <Task(BashOperator): clean_data> on 2026-02-05 21:00:00+00:00
[2026-02-07T05:33:11.935+0000] {logging_mixin.py:188} WARNING - /home/***/.local/lib/python3.12/site-packages/***/task/task_runner/standard_task_runner.py:62 DeprecationWarning: This process (pid=305) is multi-threaded, use of fork() may lead to deadlocks in the child.
[2026-02-07T05:33:11.932+0000] {standard_task_runner.py:90} INFO - Running: ['***', 'tasks', 'run', 'product_price_pipeline', 'clean_data', 'scheduled__2026-02-05T21:00:00+00:00', '--job-id', '55', '--raw', '--subdir', 'DAGS_FOLDER/product_pipeline_dag.py', '--cfg-path', '/tmp/tmp8r9xsk55']
[2026-02-07T05:33:11.937+0000] {standard_task_runner.py:64} INFO - Started process 306 to run task
[2026-02-07T05:33:11.937+0000] {standard_task_runner.py:91} INFO - Job 55: Subtask clean_data
[2026-02-07T05:33:12.052+0000] {task_command.py:426} INFO - Running <TaskInstance: product_price_pipeline.clean_data scheduled__2026-02-05T21:00:00+00:00 [running]> on host d9e7bf2ef790
[2026-02-07T05:33:12.169+0000] {taskinstance.py:2648} INFO - Exporting env vars: AIRFLOW_CTX_DAG_OWNER='***' AIRFLOW_CTX_DAG_ID='product_price_pipeline' AIRFLOW_CTX_TASK_ID='clean_data' AIRFLOW_CTX_EXECUTION_DATE='2026-02-05T21:00:00+00:00' AIRFLOW_CTX_TRY_NUMBER='2' AIRFLOW_CTX_DAG_RUN_ID='scheduled__2026-02-05T21:00:00+00:00'
[2026-02-07T05:33:12.172+0000] {taskinstance.py:430} INFO - ::endgroup::
[2026-02-07T05:33:12.215+0000] {subprocess.py:63} INFO - Tmp dir root location: /tmp
[2026-02-07T05:33:12.225+0000] {subprocess.py:75} INFO - Running command: ['/usr/bin/bash', '-c', 'python /opt/***/scripts/clean.py']
[2026-02-07T05:33:12.244+0000] {subprocess.py:86} INFO - Output:
[2026-02-07T05:33:12.554+0000] {subprocess.py:93} INFO - python: can't open file '/opt/***/scripts/clean.py': [Errno 2] No such file or directory
[2026-02-07T05:33:12.559+0000] {subprocess.py:97} INFO - Command exited with return code 2
[2026-02-07T05:33:12.561+0000] {taskinstance.py:441} INFO - ::group::Post task execution logs
[2026-02-07T05:33:12.575+0000] {taskinstance.py:2905} ERROR - Task failed with exception
Traceback (most recent call last):
  File "/home/airflow/.local/lib/python3.12/site-packages/airflow/models/taskinstance.py", line 465, in _execute_task
    result = _execute_callable(context=context, **execute_callable_kwargs)
             ^^^^^^^^^^^^^^^^^^^^^^^^^^^^^^^^^^^^^^^^^^^^^^^^^^^^^^^^^^^^^
  File "/home/airflow/.local/lib/python3.12/site-packages/airflow/models/taskinstance.py", line 432, in _execute_callable
    return execute_callable(context=context, **execute_callable_kwargs)
           ^^^^^^^^^^^^^^^^^^^^^^^^^^^^^^^^^^^^^^^^^^^^^^^^^^^^^^^^^^^^
  File "/home/airflow/.local/lib/python3.12/site-packages/airflow/models/baseoperator.py", line 401, in wrapper
    return func(self, *args, **kwargs)
           ^^^^^^^^^^^^^^^^^^^^^^^^^^^
  File "/home/airflow/.local/lib/python3.12/site-packages/airflow/operators/bash.py", line 243, in execute
    raise AirflowException(
airflow.exceptions.AirflowException: Bash command failed. The command returned a non-zero exit code 2.
[2026-02-07T05:33:12.583+0000] {taskinstance.py:1206} INFO - Marking task as FAILED. dag_id=product_price_pipeline, task_id=clean_data, run_id=scheduled__2026-02-05T21:00:00+00:00, execution_date=20260205T210000, start_date=20260207T053311, end_date=20260207T053312
[2026-02-07T05:33:12.601+0000] {standard_task_runner.py:110} ERROR - Failed to execute job 55 for task clean_data (Bash command failed. The command returned a non-zero exit code 2.; 306)
[2026-02-07T05:33:12.635+0000] {local_task_job_runner.py:243} INFO - Task exited with return code 1
[2026-02-07T05:33:12.665+0000] {taskinstance.py:3503} INFO - 0 downstream tasks scheduled from follow-on schedule check
[2026-02-07T05:33:12.672+0000] {local_task_job_runner.py:222} INFO - ::endgroup::
[2026-02-07T05:47:39.936+0000] {local_task_job_runner.py:120} INFO - ::group::Pre task execution logs
[2026-02-07T05:47:40.091+0000] {taskinstance.py:2076} INFO - Dependencies all met for dep_context=non-requeueable deps ti=<TaskInstance: product_price_pipeline.clean_data scheduled__2026-02-05T21:00:00+00:00 [queued]>
[2026-02-07T05:47:40.112+0000] {taskinstance.py:2076} INFO - Dependencies all met for dep_context=requeueable deps ti=<TaskInstance: product_price_pipeline.clean_data scheduled__2026-02-05T21:00:00+00:00 [queued]>
[2026-02-07T05:47:40.113+0000] {taskinstance.py:2306} INFO - Starting attempt 2 of 2
[2026-02-07T05:47:40.149+0000] {taskinstance.py:2330} INFO - Executing <Task(BashOperator): clean_data> on 2026-02-05 21:00:00+00:00
[2026-02-07T05:47:40.189+0000] {logging_mixin.py:188} WARNING - /home/***/.local/lib/python3.12/site-packages/***/task/task_runner/standard_task_runner.py:62 DeprecationWarning: This process (pid=295) is multi-threaded, use of fork() may lead to deadlocks in the child.
[2026-02-07T05:47:40.178+0000] {standard_task_runner.py:90} INFO - Running: ['***', 'tasks', 'run', 'product_price_pipeline', 'clean_data', 'scheduled__2026-02-05T21:00:00+00:00', '--job-id', '62', '--raw', '--subdir', 'DAGS_FOLDER/product_pipeline_dag.py', '--cfg-path', '/tmp/tmpeq6nfhkf']
[2026-02-07T05:47:40.195+0000] {standard_task_runner.py:64} INFO - Started process 296 to run task
[2026-02-07T05:47:40.196+0000] {standard_task_runner.py:91} INFO - Job 62: Subtask clean_data
[2026-02-07T05:47:40.483+0000] {task_command.py:426} INFO - Running <TaskInstance: product_price_pipeline.clean_data scheduled__2026-02-05T21:00:00+00:00 [running]> on host 547742345c5a
[2026-02-07T05:47:40.667+0000] {taskinstance.py:2648} INFO - Exporting env vars: AIRFLOW_CTX_DAG_OWNER='***' AIRFLOW_CTX_DAG_ID='product_price_pipeline' AIRFLOW_CTX_TASK_ID='clean_data' AIRFLOW_CTX_EXECUTION_DATE='2026-02-05T21:00:00+00:00' AIRFLOW_CTX_TRY_NUMBER='2' AIRFLOW_CTX_DAG_RUN_ID='scheduled__2026-02-05T21:00:00+00:00'
[2026-02-07T05:47:40.669+0000] {taskinstance.py:430} INFO - ::endgroup::
[2026-02-07T05:47:40.721+0000] {subprocess.py:63} INFO - Tmp dir root location: /tmp
[2026-02-07T05:47:40.726+0000] {subprocess.py:75} INFO - Running command: ['/usr/bin/bash', '-c', 'python /opt/***/scripts/clean.py']
[2026-02-07T05:47:40.753+0000] {subprocess.py:86} INFO - Output:
[2026-02-07T05:47:40.974+0000] {subprocess.py:93} INFO - python: can't open file '/opt/***/scripts/clean.py': [Errno 2] No such file or directory
[2026-02-07T05:47:40.980+0000] {subprocess.py:97} INFO - Command exited with return code 2
[2026-02-07T05:47:40.984+0000] {taskinstance.py:441} INFO - ::group::Post task execution logs
[2026-02-07T05:47:41.012+0000] {taskinstance.py:2905} ERROR - Task failed with exception
Traceback (most recent call last):
  File "/home/airflow/.local/lib/python3.12/site-packages/airflow/models/taskinstance.py", line 465, in _execute_task
    result = _execute_callable(context=context, **execute_callable_kwargs)
             ^^^^^^^^^^^^^^^^^^^^^^^^^^^^^^^^^^^^^^^^^^^^^^^^^^^^^^^^^^^^^
  File "/home/airflow/.local/lib/python3.12/site-packages/airflow/models/taskinstance.py", line 432, in _execute_callable
    return execute_callable(context=context, **execute_callable_kwargs)
           ^^^^^^^^^^^^^^^^^^^^^^^^^^^^^^^^^^^^^^^^^^^^^^^^^^^^^^^^^^^^
  File "/home/airflow/.local/lib/python3.12/site-packages/airflow/models/baseoperator.py", line 401, in wrapper
    return func(self, *args, **kwargs)
           ^^^^^^^^^^^^^^^^^^^^^^^^^^^
  File "/home/airflow/.local/lib/python3.12/site-packages/airflow/operators/bash.py", line 243, in execute
    raise AirflowException(
airflow.exceptions.AirflowException: Bash command failed. The command returned a non-zero exit code 2.
[2026-02-07T05:47:41.023+0000] {taskinstance.py:1206} INFO - Marking task as FAILED. dag_id=product_price_pipeline, task_id=clean_data, run_id=scheduled__2026-02-05T21:00:00+00:00, execution_date=20260205T210000, start_date=20260207T054740, end_date=20260207T054741
[2026-02-07T05:47:41.054+0000] {standard_task_runner.py:110} ERROR - Failed to execute job 62 for task clean_data (Bash command failed. The command returned a non-zero exit code 2.; 296)
[2026-02-07T05:47:41.102+0000] {local_task_job_runner.py:243} INFO - Task exited with return code 1
[2026-02-07T05:47:41.170+0000] {taskinstance.py:3503} INFO - 0 downstream tasks scheduled from follow-on schedule check
[2026-02-07T05:47:41.180+0000] {local_task_job_runner.py:222} INFO - ::endgroup::
